Archive member included to satisfy reference by file (symbol)

c:/program files/microchip/xc32/v4.40/bin/bin/../../lib/gcc/pic32c/8.3.1/../../../../pic32c/lib/thumb/v7e-m+fp/hard\libpic32c.a(data_init.o)
                              build/kf_freertos_fpga/debug/_ext/29258880/startup_xc32.o (__pic32c_data_initialization)
c:/program files/microchip/xc32/v4.40/bin/bin/../../lib/gcc/pic32c/8.3.1/../../../../pic32c/lib/thumb/v7e-m+fp/hard\libc-size-musl.a(memcpy.o)
                              build/kf_freertos_fpga/debug/_ext/825500651/plib_i3c_private.o (memcpy)
c:/program files/microchip/xc32/v4.40/bin/bin/../../lib/gcc/pic32c/8.3.1/../../../../pic32c/lib/thumb/v7e-m+fp/hard\libc-size-musl.a(memset.o)
                              build/kf_freertos_fpga/debug/_ext/101992513/drv_i3c.o (memset)
c:/program files/microchip/xc32/v4.40/bin/bin/../../lib/gcc/pic32c/8.3.1/../../../../pic32c/lib/thumb/v7e-m+fp/hard\libg-musl.a(__libc_start_main.o)
                              build/kf_freertos_fpga/debug/_ext/29258880/startup_xc32.o (__libc_init_array)
c:/program files/microchip/xc32/v4.40/bin/bin/../../lib/gcc/pic32c/8.3.1/../../../../pic32c/lib/thumb/v7e-m+fp/hard\libg-musl.a(libc.o)
                              c:/program files/microchip/xc32/v4.40/bin/bin/../../lib/gcc/pic32c/8.3.1/../../../../pic32c/lib/thumb/v7e-m+fp/hard\libg-musl.a(__libc_start_main.o) (__progname_full)
c:/program files/microchip/xc32/v4.40/bin/bin/../../lib/gcc/pic32c/8.3.1/../../../../pic32c/lib/thumb/v7e-m+fp/hard\libg-musl.a(__environ.o)
                              c:/program files/microchip/xc32/v4.40/bin/bin/../../lib/gcc/pic32c/8.3.1/../../../../pic32c/lib/thumb/v7e-m+fp/hard\libg-musl.a(__libc_start_main.o) (__environ)
c:/program files/microchip/xc32/v4.40/bin/bin/../../lib/gcc/pic32c/8.3.1/thumb/v7e-m+fp/hard\libgcc.a(_paritysi2.o)
                              build/kf_freertos_fpga/debug/_ext/825500651/plib_i3c.o (__paritysi2)
c:/program files/microchip/xc32/v4.40/bin/bin/../../lib/gcc/pic32c/8.3.1/../../../../pic32c/lib/thumb/v7e-m+fp/hard\libpic32c.a(pic32_data_init_clear.o)
                              (__dinit_clear_needed)
c:/program files/microchip/xc32/v4.40/bin/bin/../../lib/gcc/pic32c/8.3.1/../../../../pic32c/lib/thumb/v7e-m+fp/hard\libpic32c.a(pic32_data_init_copy.o)
                              (__dinit_copy_needed)
c:/program files/microchip/xc32/v4.40/bin/bin/../../lib/gcc/pic32c/8.3.1/../../../../pic32c/lib/thumb/v7e-m+fp/hard\libpic32c.a(pic32_data_init_decompress.o)
                              (__dinit_decompress_needed)

Microchip PIC32 Memory-Usage Report

ROM Program-Memory Usage
section                    address  length [bytes]      (dec)  Description
-------                 ----------  -------------------------  -----------
.vectors                   0xb0000          0x350         848   
.text                      0xb0350           0x20          32  App's exec code 
.rodata                    0xb0370          0xa58        2648  Read-only const 
.rodata                    0xb0dc8          0x6ac        1708  Read-only const 
.text._drv_i3c_xfers       0xb1474          0x418        1048   
.text.test_xfers_all       0xb188c          0x3c8         968   
.text.DRV_I3C_do_DAA       0xb1c54          0x344         836   
.dinit                     0xb1f98          0x2c0         704   
.rodata                    0xb2258          0x2ac         684  Read-only const 
.text.DRV_I3C_Init         0xb2504          0x268         616   
.text._drv_i3c_isr_targ    0xb276c          0x244         580   
.text._drv_i3c_isr_xfer    0xb29b0          0x238         568   
.text._drv_i3c_CCC         0xb2be8          0x218         536   
.text.xTaskIncrementTic    0xb2e00          0x20c         524   
.text._drv_i3c_isr_targ    0xb300c          0x1fc         508   
.text.DRV_I3C_target_ib    0xb3208          0x1d8         472   
.text.xTaskResumeAll       0xb33e0          0x1d8         472   
.text._drv_i3c_ibi_isr     0xb35b8          0x1b8         440   
.text.i3c_bus_init         0xb3770          0x1b8         440   
.text.xQueueSemaphoreTa    0xb3928          0x190         400   
.text.xTaskRemoveFromEv    0xb3ab8          0x190         400   
.text.mini_vsnprintf       0xb3c48          0x17e         382   
.text.Dummy_App_Func       0xb3dc6            0x2           2   
.text.DRV_I3C_Xfers        0xb3dc8          0x174         372   
.text.uart_protocol_ini    0xb3f3c          0x170         368   
.text.DRV_I3C_attach_de    0xb40ac          0x15c         348   
.text.prvProcessReceive    0xb4208          0x15c         348   
.text.xQueueGenericSend    0xb4364          0x154         340   
.text.xQueueReceive        0xb44b8          0x144         324   
.text.p_uart_line_statu    0xb45fc          0x140         320   
.text.xTaskPriorityInhe    0xb473c          0x13c         316   
.text.i3c_mec5_tgt_wka_    0xb4878          0x138         312   
.text.vTaskPriorityDisi    0xb49b0          0x12c         300   
[...]
Memory Configuration

Name             Origin             Length             Attributes
rom              0x00000000000b0000 0x0000000000050000 xrl
ram              0x0000000000118000 0x000000000000a000 xw !r
*default*        0x0000000000000000 0xffffffffffffffff

Linker script and memory map

LOAD c:/program files/microchip/xc32/v4.40/bin/bin/../../lib/gcc/pic32c/8.3.1/thumb/v7e-m+fp/hard/crti.o
LOAD c:/program files/microchip/xc32/v4.40/bin/bin/../../lib/gcc/pic32c/8.3.1/thumb/v7e-m+fp/hard/crtbegin.o
LOAD build/kf_freertos_fpga/debug/_ext/1420773124/serial.o
LOAD build/kf_freertos_fpga/debug/_ext/1420773124/trace.o
LOAD build/kf_freertos_fpga/debug/_ext/101992513/drv_i3c.o
LOAD build/kf_freertos_fpga/debug/_ext/101992513/drv_i3c_config.o
LOAD build/kf_freertos_fpga/debug/_ext/1886205328/i3c_ccc.o
LOAD build/kf_freertos_fpga/debug/_ext/1886205328/i3c_common.o
LOAD build/kf_freertos_fpga/debug/_ext/785111490/osal_freertos.o
LOAD build/kf_freertos_fpga/debug/_ext/825503660/dma.o
LOAD build/kf_freertos_fpga/debug/_ext/868947740/plib_ec_reg_bank.o
LOAD build/kf_freertos_fpga/debug/_ext/179210842/plib_ecia.o
LOAD build/kf_freertos_fpga/debug/_ext/179282931/plib_gpio.o
LOAD build/kf_freertos_fpga/debug/_ext/825500651/plib_i3c.o
LOAD build/kf_freertos_fpga/debug/_ext/825500651/plib_i3c_private.o
LOAD build/kf_freertos_fpga/debug/_ext/179497222/plib_nvic.o
LOAD build/kf_freertos_fpga/debug/_ext/825492421/plib_pcr.o
LOAD build/kf_freertos_fpga/debug/_ext/1732944825/uart_api.o
LOAD build/kf_freertos_fpga/debug/_ext/1732944825/uart_perphl.o
LOAD build/kf_freertos_fpga/debug/_ext/1435074362/xc32_monitor.o
LOAD build/kf_freertos_fpga/debug/_ext/29258880/exceptions.o
LOAD build/kf_freertos_fpga/debug/_ext/29258880/freertos_hooks.o
LOAD build/kf_freertos_fpga/debug/_ext/29258880/initialization.o
LOAD build/kf_freertos_fpga/debug/_ext/29258880/interrupts.o
LOAD build/kf_freertos_fpga/debug/_ext/29258880/libc_syscalls.o
LOAD build/kf_freertos_fpga/debug/_ext/29258880/startup_xc32.o
LOAD build/kf_freertos_fpga/debug/_ext/29258880/tasks.o
LOAD build/kf_freertos_fpga/debug/_ext/246609638/port.o
LOAD build/kf_freertos_fpga/debug/_ext/1665200909/heap_1.o
LOAD build/kf_freertos_fpga/debug/_ext/404212886/queue.o
LOAD build/kf_freertos_fpga/debug/_ext/404212886/croutine.o
LOAD build/kf_freertos_fpga/debug/_ext/404212886/timers.o
LOAD build/kf_freertos_fpga/debug/_ext/404212886/list.o
LOAD build/kf_freertos_fpga/debug/_ext/404212886/FreeRTOS_tasks.o
LOAD build/kf_freertos_fpga/debug/_ext/404212886/stream_buffer.o
LOAD build/kf_freertos_fpga/debug/_ext/404212886/event_groups.o
LOAD build/kf_freertos_fpga/debug/_ext/1521323865/test_ccc.o
LOAD build/kf_freertos_fpga/debug/_ext/1521323865/test_pvt_xfer.o
LOAD build/kf_freertos_fpga/debug/_ext/1521323865/test_icm42605.o
LOAD build/kf_freertos_fpga/debug/_ext/1521323865/test_ibis.o
LOAD build/kf_freertos_fpga/debug/_ext/1521323865/tgt_test_pvt_xfer.o
LOAD build/kf_freertos_fpga/debug/_ext/1521323865/crc8.o
LOAD build/kf_freertos_fpga/debug/_ext/1521323865/tgt_test_ibis.o
LOAD build/kf_freertos_fpga/debug/_ext/1360937237/task1.o
LOAD build/kf_freertos_fpga/debug/_ext/1360937237/main.o
LOAD build/kf_freertos_fpga/debug/_ext/1360937237/task2.o
LOAD build/kf_freertos_fpga/debug/_ext/1360937237/task3.o
                0x0000000000000001                __MPLAB_BUILD = 0x1
                0x0000000000100000                __rom_end = (ORIGIN (rom) + LENGTH (rom))
                0x0000000000122000                __ram_end = (ORIGIN (ram) + LENGTH (ram))

.vectors        0x00000000000b0000      0x350
                0x00000000000b0000                . = ALIGN (0x4)
                0x00000000000b0000                _sfixed = .
 *(.vectors .vectors.* .vectors_default .vectors_default.*)
 .vectors.exception_table
                0x00000000000b0000      0x350 build/kf_freertos_fpga/debug/_ext/29258880/interrupts.o
                0x00000000000b0000                exception_table
 *(.isr_vector)
 *(.reset*)
 *(.after_vectors)

.text           0x00000000000b0350       0x20
                0x00000000000b0350                . = ALIGN (0x4)
 *(.glue_7t)
 .glue_7t       0x00000000000b0350        0x0 linker stubs
 *(.glue_7)
 .glue_7        0x00000000000b0350        0x0 linker stubs
 *(.gnu.linkonce.r.*)
 *(.ARM.extab* .gnu.linkonce.armextab.*)
                0x00000000000b0350                . = ALIGN (0x4)
 *(.init)
 .init          0x00000000000b0350        0x4 c:/program files/microchip/xc32/v4.40/bin/bin/../../lib/gcc/pic32c/8.3.1/thumb/v7e-m+fp/hard/crti.o
                0x00000000000b0350                _init
 .init          0x00000000000b0354        0x8 c:/program files/microchip/xc32/v4.40/bin/bin/../../lib/gcc/pic32c/8.3.1/thumb/v7e-m+fp/hard/crtn.o
                0x00000000000b035c                . = ALIGN (0x4)
                0x00000000000b035c                __preinit_array_start = .
 *(.preinit_array)
                0x00000000000b035c                __preinit_array_end = .
                0x00000000000b035c                . = ALIGN (0x4)
                0x00000000000b035c                __init_array_start = .
 *(SORT_BY_NAME(.init_array.*))
 *(.init_array)
 .init_array    0x00000000000b035c        0x4 c:/program files/microchip/xc32/v4.40/bin/bin/../../lib/gcc/pic32c/8.3.1/thumb/v7e-m+fp/hard/crtbegin.o
                0x00000000000b0360                __init_array_end = .
                0x00000000000b0360                . = ALIGN (0x4)
 *crtbegin.o(.ctors)
 *(EXCLUDE_FILE(*crtend.o) .ctors)
 *(SORT_BY_NAME(.ctors.*))
 *crtend.o(.ctors)
                0x00000000000b0360                . = ALIGN (0x4)
 *(.fini)
 .fini          0x00000000000b0360        0x4 c:/program files/microchip/xc32/v4.40/bin/bin/../../lib/gcc/pic32c/8.3.1/thumb/v7e-m+fp/hard/crti.o
                0x00000000000b0360                _fini
 .fini          0x00000000000b0364        0x8 c:/program files/microchip/xc32/v4.40/bin/bin/../../lib/gcc/pic32c/8.3.1/thumb/v7e-m+fp/hard/crtn.o
                0x00000000000b036c                . = ALIGN (0x4)
                0x00000000000b036c                __fini_array_start = .
 *(.fini_array)
 .fini_array    0x00000000000b036c        0x4 c:/program files/microchip/xc32/v4.40/bin/bin/../../lib/gcc/pic32c/8.3.1/thumb/v7e-m+fp/hard/crtbegin.o
 *(SORT_BY_NAME(.fini_array.*))
                0x00000000000b0370                __fini_array_end = .
 *crtbegin.o(.dtors)
 *(EXCLUDE_FILE(*crtend.o) .dtors)
 *(SORT_BY_NAME(.dtors.*))
 *crtend.o(.dtors)
                0x00000000000b0370                . = ALIGN (0x4)
                0x00000000000b0370                _efixed = .
                [!provide]                        PROVIDE (__exidx_start = .)

.ARM.exidx
 *(.ARM.exidx* .gnu.linkonce.armexidx.*)
                [!provide]                        PROVIDE (__exidx_end = .)
                0x00000000000b0370                . = ALIGN (0x4)
                0x00000000000b0370                _etext = .

.bss            0x0000000000118000        0x0
                0x0000000000118000                . = ALIGN (0x4)
                0x0000000000118000                __bss_start__ = .
                0x0000000000118000                _sbss = .
                0x0000000000118000                _szero = .
 *(COMMON)
                0x0000000000118000                . = ALIGN (0x4)
                0x0000000000118000                __bss_end__ = .
                0x0000000000118000                _ebss = .
                0x0000000000118000                _ezero = .
                0x0000000000118000                . = ALIGN (0x4)
                0x0000000000118000                _end = .
                0x0000000000121fff                _ram_end_ = ((ORIGIN (ram) + LENGTH (ram)) - 0x1)
                0x0000000000000001                __ICD2RAM = 0x1
                0x0000000000000001                __MPLAB_DEBUG = 0x1
                0x0000000000000001                __DEBUG = 0x1
                0x0000000000000001                __MPLAB_DEBUGGER_ICD4 = 0x1
                0x0000000000000200                _min_heap_size = 0x200
START GROUP
LOAD c:/program files/microchip/xc32/v4.40/bin/bin/../../lib/gcc/pic32c/8.3.1/../../../../pic32c/lib/thumb/v7e-m+fp/hard\libpic32c.a
LOAD c:/program files/microchip/xc32/v4.40/bin/bin/../../lib/gcc/pic32c/8.3.1/../../../../pic32c/lib/thumb/v7e-m+fp/hard\libc-size-musl.a
LOAD c:/program files/microchip/xc32/v4.40/bin/bin/../../lib/gcc/pic32c/8.3.1/../../../../pic32c/lib/thumb/v7e-m+fp/hard\liblmalloc-musl.a
LOAD c:/program files/microchip/xc32/v4.40/bin/bin/../../lib/gcc/pic32c/8.3.1/../../../../pic32c/lib/thumb/v7e-m+fp/hard\libm-fast-emfloat.a
LOAD c:/program files/microchip/xc32/v4.40/bin/bin/../../lib/gcc/pic32c/8.3.1/../../../../pic32c/lib/thumb/v7e-m+fp/hard\libm-musl.a
LOAD c:/program files/microchip/xc32/v4.40/bin/bin/../../lib/gcc/pic32c/8.3.1/../../../../pic32c/lib/thumb/v7e-m+fp/hard\libg-musl.a
LOAD c:/program files/microchip/xc32/v4.40/bin/bin/../../lib/gcc/pic32c/8.3.1/../../../../pic32c/lib/thumb/v7e-m+fp/hard\libc-musl.a
LOAD c:/program files/microchip/xc32/v4.40/bin/bin/../../lib/gcc/pic32c/8.3.1/../../../../pic32c/lib/thumb/v7e-m+fp/hard\libm-fast-emfloat.a
LOAD c:/program files/microchip/xc32/v4.40/bin/bin/../../lib/gcc/pic32c/8.3.1/../../../../pic32c/lib/thumb/v7e-m+fp/hard\libm-musl.a
LOAD c:/program files/microchip/xc32/v4.40/bin/bin/../../lib/gcc/pic32c/8.3.1/thumb/v7e-m+fp/hard\libgcc.a
END GROUP
LOAD c:/program files/microchip/xc32/v4.40/bin/bin/../../lib/gcc/pic32c/8.3.1/thumb/v7e-m+fp/hard/crtend.o
LOAD c:/program files/microchip/xc32/v4.40/bin/bin/../../lib/gcc/pic32c/8.3.1/thumb/v7e-m+fp/hard/crtn.o
OUTPUT(dist/kf_freertos_fpga/debug/kf_freertos_fpga.X.debug.elf elf32-littlearm)
LOAD data_init
LOAD stack

.ARM.attributes
                0x0000000000000000       0x34
 .ARM.attributes
                0x0000000000000000       0x1e c:/program files/microchip/xc32/v4.40/bin/bin/../../lib/gcc/pic32c/8.3.1/thumb/v7e-m+fp/hard/crti.o
 .ARM.attributes
                0x000000000000001e       0x34 c:/program files/microchip/xc32/v4.40/bin/bin/../../lib/gcc/pic32c/8.3.1/thumb/v7e-m+fp/hard/crtbegin.o
 .ARM.attributes
                0x0000000000000052       0x34 build/kf_freertos_fpga/debug/_ext/1420773124/serial.o
 .ARM.attributes
                0x0000000000000086       0x34 build/kf_freertos_fpga/debug/_ext/1420773124/trace.o
 .ARM.attributes
                0x00000000000000ba       0x34 build/kf_freertos_fpga/debug/_ext/101992513/drv_i3c.o
 .ARM.attributes
                0x00000000000000ee       0x34 build/kf_freertos_fpga/debug/_ext/101992513/drv_i3c_config.o
 .ARM.attributes
                0x0000000000000122       0x34 build/kf_freertos_fpga/debug/_ext/1886205328/i3c_ccc.o
 .ARM.attributes
                0x0000000000000156       0x34 build/kf_freertos_fpga/debug/_ext/1886205328/i3c_common.o
 .ARM.attributes
                0x000000000000018a       0x34 build/kf_freertos_fpga/debug/_ext/785111490/osal_freertos.o
 .ARM.attributes
                0x00000000000001be       0x34 build/kf_freertos_fpga/debug/_ext/868947740/plib_ec_reg_bank.o
 .ARM.attributes
                0x00000000000001f2       0x34 build/kf_freertos_fpga/debug/_ext/179210842/plib_ecia.o
 .ARM.attributes
                0x0000000000000226       0x34 build/kf_freertos_fpga/debug/_ext/179282931/plib_gpio.o
 .ARM.attributes
                0x000000000000025a       0x34 build/kf_freertos_fpga/debug/_ext/825500651/plib_i3c.o
 .ARM.attributes
                0x000000000000028e       0x34 build/kf_freertos_fpga/debug/_ext/825500651/plib_i3c_private.o
 .ARM.attributes
                0x00000000000002c2       0x34 build/kf_freertos_fpga/debug/_ext/179497222/plib_nvic.o
 .ARM.attributes
                0x00000000000002f6       0x34 build/kf_freertos_fpga/debug/_ext/825492421/plib_pcr.o
 .ARM.attributes
                0x000000000000032a       0x34 build/kf_freertos_fpga/debug/_ext/1732944825/uart_api.o
 .ARM.attributes
                0x000000000000035e       0x34 build/kf_freertos_fpga/debug/_ext/1732944825/uart_perphl.o
 .ARM.attributes
                0x0000000000000392       0x34 build/kf_freertos_fpga/debug/_ext/29258880/exceptions.o
 .ARM.attributes
                0x00000000000003c6       0x34 build/kf_freertos_fpga/debug/_ext/29258880/freertos_hooks.o
 .ARM.attributes
                0x00000000000003fa       0x34 build/kf_freertos_fpga/debug/_ext/29258880/initialization.o
 .ARM.attributes
                0x000000000000042e       0x34 build/kf_freertos_fpga/debug/_ext/29258880/interrupts.o
 .ARM.attributes
                0x0000000000000462       0x34 build/kf_freertos_fpga/debug/_ext/29258880/startup_xc32.o
 .ARM.attributes
                0x0000000000000496       0x34 build/kf_freertos_fpga/debug/_ext/29258880/tasks.o
 .ARM.attributes
                0x00000000000004ca       0x34 build/kf_freertos_fpga/debug/_ext/246609638/port.o
 .ARM.attributes
                0x00000000000004fe       0x34 build/kf_freertos_fpga/debug/_ext/1665200909/heap_1.o
 .ARM.attributes
                0x0000000000000532       0x34 build/kf_freertos_fpga/debug/_ext/404212886/queue.o
 .ARM.attributes
                0x0000000000000566       0x34 build/kf_freertos_fpga/debug/_ext/404212886/timers.o
 .ARM.attributes
                0x000000000000059a       0x34 build/kf_freertos_fpga/debug/_ext/404212886/list.o
 .ARM.attributes
                0x00000000000005ce       0x34 build/kf_freertos_fpga/debug/_ext/404212886/FreeRTOS_tasks.o
 .ARM.attributes
                0x0000000000000602       0x34 build/kf_freertos_fpga/debug/_ext/1521323865/test_pvt_xfer.o
 .ARM.attributes
                0x0000000000000636       0x34 build/kf_freertos_fpga/debug/_ext/1521323865/tgt_test_pvt_xfer.o
 .ARM.attributes
                0x000000000000066a       0x34 build/kf_freertos_fpga/debug/_ext/1360937237/task1.o
 .ARM.attributes
                0x000000000000069e       0x34 build/kf_freertos_fpga/debug/_ext/1360937237/main.o
 .ARM.attributes
                0x00000000000006d2       0x34 build/kf_freertos_fpga/debug/_ext/1360937237/task2.o
 .ARM.attributes
                0x0000000000000706       0x34 build/kf_freertos_fpga/debug/_ext/1360937237/task3.o
 .ARM.attributes
                0x000000000000073a       0x34 c:/program files/microchip/xc32/v4.40/bin/bin/../../lib/gcc/pic32c/8.3.1/../../../../pic32c/lib/thumb/v7e-m+fp/hard\libpic32c.a(data_init.o)
 .ARM.attributes
                0x000000000000076e       0x36 c:/program files/microchip/xc32/v4.40/bin/bin/../../lib/gcc/pic32c/8.3.1/../../../../pic32c/lib/thumb/v7e-m+fp/hard\libc-size-musl.a(memcpy.o)
 .ARM.attributes
                0x00000000000007a4       0x36 c:/program files/microchip/xc32/v4.40/bin/bin/../../lib/gcc/pic32c/8.3.1/../../../../pic32c/lib/thumb/v7e-m+fp/hard\libc-size-musl.a(memset.o)
 .ARM.attributes
                0x00000000000007da       0x36 c:/program files/microchip/xc32/v4.40/bin/bin/../../lib/gcc/pic32c/8.3.1/../../../../pic32c/lib/thumb/v7e-m+fp/hard\libg-musl.a(__libc_start_main.o)
 .ARM.attributes
                0x0000000000000810       0x34 c:/program files/microchip/xc32/v4.40/bin/bin/../../lib/gcc/pic32c/8.3.1/../../../../pic32c/lib/thumb/v7e-m+fp/hard\libg-musl.a(libc.o)
 .ARM.attributes
                0x0000000000000844       0x34 c:/program files/microchip/xc32/v4.40/bin/bin/../../lib/gcc/pic32c/8.3.1/../../../../pic32c/lib/thumb/v7e-m+fp/hard\libg-musl.a(__environ.o)
 .ARM.attributes
                0x0000000000000878       0x34 c:/program files/microchip/xc32/v4.40/bin/bin/../../lib/gcc/pic32c/8.3.1/thumb/v7e-m+fp/hard\libgcc.a(_paritysi2.o)
 .ARM.attributes
                0x00000000000008ac       0x1e c:/program files/microchip/xc32/v4.40/bin/bin/../../lib/gcc/pic32c/8.3.1/thumb/v7e-m+fp/hard/crtn.o
 .ARM.attributes
                0x00000000000008ca       0x34 c:/program files/microchip/xc32/v4.40/bin/bin/../../lib/gcc/pic32c/8.3.1/../../../../pic32c/lib/thumb/v7e-m+fp/hard\libpic32c.a(pic32_data_init_clear.o)
 .ARM.attributes
                0x00000000000008fe       0x34 c:/program files/microchip/xc32/v4.40/bin/bin/../../lib/gcc/pic32c/8.3.1/../../../../pic32c/lib/thumb/v7e-m+fp/hard\libpic32c.a(pic32_data_init_copy.o)
 .ARM.attributes
                0x0000000000000932       0x34 c:/program files/microchip/xc32/v4.40/bin/bin/../../lib/gcc/pic32c/8.3.1/../../../../pic32c/lib/thumb/v7e-m+fp/hard\libpic32c.a(pic32_data_init_decompress.o)

.comment        0x0000000000000000       0x2b
 .comment       0x0000000000000000       0x2b c:/program files/microchip/xc32/v4.40/bin/bin/../../lib/gcc/pic32c/8.3.1/thumb/v7e-m+fp/hard/crtbegin.o
                                         0x2c (size before relaxing)
 .comment       0x000000000000002b       0x2c build/kf_freertos_fpga/debug/_ext/1420773124/serial.o
 .comment       0x000000000000002b       0x2c build/kf_freertos_fpga/debug/_ext/1420773124/trace.o
 .comment       0x000000000000002b       0x2c build/kf_freertos_fpga/debug/_ext/101992513/drv_i3c.o
 .comment       0x000000000000002b       0x2c build/kf_freertos_fpga/debug/_ext/101992513/drv_i3c_config.o
 .comment       0x000000000000002b       0x2c build/kf_freertos_fpga/debug/_ext/1886205328/i3c_ccc.o
 .comment       0x000000000000002b       0x2c build/kf_freertos_fpga/debug/_ext/1886205328/i3c_common.o
 .comment       0x000000000000002b       0x2c build/kf_freertos_fpga/debug/_ext/785111490/osal_freertos.o
 .comment       0x000000000000002b       0x2c build/kf_freertos_fpga/debug/_ext/868947740/plib_ec_reg_bank.o
 .comment       0x000000000000002b       0x2c build/kf_freertos_fpga/debug/_ext/179210842/plib_ecia.o
 .comment       0x000000000000002b       0x2c build/kf_freertos_fpga/debug/_ext/179282931/plib_gpio.o
 .comment       0x000000000000002b       0x2c build/kf_freertos_fpga/debug/_ext/825500651/plib_i3c.o
 .comment       0x000000000000002b       0x2c build/kf_freertos_fpga/debug/_ext/825500651/plib_i3c_private.o
 .comment       0x000000000000002b       0x2c build/kf_freertos_fpga/debug/_ext/179497222/plib_nvic.o
 .comment       0x000000000000002b       0x2c build/kf_freertos_fpga/debug/_ext/825492421/plib_pcr.o
 .comment       0x000000000000002b       0x2c build/kf_freertos_fpga/debug/_ext/1732944825/uart_api.o
 .comment       0x000000000000002b       0x2c build/kf_freertos_fpga/debug/_ext/1732944825/uart_perphl.o
 .comment       0x000000000000002b       0x2c build/kf_freertos_fpga/debug/_ext/29258880/exceptions.o
 .comment       0x000000000000002b       0x2c build/kf_freertos_fpga/debug/_ext/29258880/freertos_hooks.o
 .comment       0x000000000000002b       0x2c build/kf_freertos_fpga/debug/_ext/29258880/initialization.o
 .comment       0x000000000000002b       0x2c build/kf_freertos_fpga/debug/_ext/29258880/interrupts.o
 .comment       0x000000000000002b       0x2c build/kf_freertos_fpga/debug/_ext/29258880/startup_xc32.o
 .comment       0x000000000000002b       0x2c build/kf_freertos_fpga/debug/_ext/29258880/tasks.o
 .comment       0x000000000000002b       0x2c build/kf_freertos_fpga/debug/_ext/246609638/port.o
 .comment       0x000000000000002b       0x2c build/kf_freertos_fpga/debug/_ext/1665200909/heap_1.o
 .comment       0x000000000000002b       0x2c build/kf_freertos_fpga/debug/_ext/404212886/queue.o
 .comment       0x000000000000002b       0x2c build/kf_freertos_fpga/debug/_ext/404212886/timers.o
 .comment       0x000000000000002b       0x2c build/kf_freertos_fpga/debug/_ext/404212886/list.o
 .comment       0x000000000000002b       0x2c build/kf_freertos_fpga/debug/_ext/404212886/FreeRTOS_tasks.o
 .comment       0x000000000000002b       0x2c build/kf_freertos_fpga/debug/_ext/1521323865/test_pvt_xfer.o
 .comment       0x000000000000002b       0x2c build/kf_freertos_fpga/debug/_ext/1521323865/tgt_test_pvt_xfer.o
 .comment       0x000000000000002b       0x2c build/kf_freertos_fpga/debug/_ext/1360937237/task1.o
 .comment       0x000000000000002b       0x2c build/kf_freertos_fpga/debug/_ext/1360937237/main.o
 .comment       0x000000000000002b       0x2c build/kf_freertos_fpga/debug/_ext/1360937237/task2.o
 .comment       0x000000000000002b       0x2c build/kf_freertos_fpga/debug/_ext/1360937237/task3.o
 .comment       0x000000000000002b       0x2c c:/program files/microchip/xc32/v4.40/bin/bin/../../lib/gcc/pic32c/8.3.1/../../../../pic32c/lib/thumb/v7e-m+fp/hard\libpic32c.a(data_init.o)
 .comment       0x000000000000002b       0x2c c:/program files/microchip/xc32/v4.40/bin/bin/../../lib/gcc/pic32c/8.3.1/../../../../pic32c/lib/thumb/v7e-m+fp/hard\libc-size-musl.a(memcpy.o)
 .comment       0x000000000000002b       0x2c c:/program files/microchip/xc32/v4.40/bin/bin/../../lib/gcc/pic32c/8.3.1/../../../../pic32c/lib/thumb/v7e-m+fp/hard\libc-size-musl.a(memset.o)
 .comment       0x000000000000002b       0x2c c:/program files/microchip/xc32/v4.40/bin/bin/../../lib/gcc/pic32c/8.3.1/../../../../pic32c/lib/thumb/v7e-m+fp/hard\libg-musl.a(__libc_start_main.o)
 .comment       0x000000000000002b       0x2c c:/program files/microchip/xc32/v4.40/bin/bin/../../lib/gcc/pic32c/8.3.1/../../../../pic32c/lib/thumb/v7e-m+fp/hard\libg-musl.a(libc.o)
 .comment       0x000000000000002b       0x2c c:/program files/microchip/xc32/v4.40/bin/bin/../../lib/gcc/pic32c/8.3.1/../../../../pic32c/lib/thumb/v7e-m+fp/hard\libg-musl.a(__environ.o)
 .comment       0x000000000000002b       0x2c c:/program files/microchip/xc32/v4.40/bin/bin/../../lib/gcc/pic32c/8.3.1/thumb/v7e-m+fp/hard\libgcc.a(_paritysi2.o)
 .comment       0x000000000000002b       0x2c c:/program files/microchip/xc32/v4.40/bin/bin/../../lib/gcc/pic32c/8.3.1/../../../../pic32c/lib/thumb/v7e-m+fp/hard\libpic32c.a(pic32_data_init_clear.o)
 .comment       0x000000000000002b       0x2c c:/program files/microchip/xc32/v4.40/bin/bin/../../lib/gcc/pic32c/8.3.1/../../../../pic32c/lib/thumb/v7e-m+fp/hard\libpic32c.a(pic32_data_init_copy.o)
 .comment       0x000000000000002b       0x2c c:/program files/microchip/xc32/v4.40/bin/bin/../../lib/gcc/pic32c/8.3.1/../../../../pic32c/lib/thumb/v7e-m+fp/hard\libpic32c.a(pic32_data_init_decompress.o)

.debug_info     0x0000000000000000    0x1d5c6
 .debug_info    0x0000000000000000      0x17b build/kf_freertos_fpga/debug/_ext/1420773124/serial.o
 .debug_info    0x000000000000017b      0x39a build/kf_freertos_fpga/debug/_ext/1420773124/trace.o
 .debug_info    0x0000000000000515     0x3999 build/kf_freertos_fpga/debug/_ext/101992513/drv_i3c.o
 .debug_info    0x0000000000003eae     0x1b65 build/kf_freertos_fpga/debug/_ext/101992513/drv_i3c_config.o
 .debug_info    0x0000000000005a13     0x1a27 build/kf_freertos_fpga/debug/_ext/1886205328/i3c_ccc.o
 .debug_info    0x000000000000743a     0x1c63 build/kf_freertos_fpga/debug/_ext/1886205328/i3c_common.o
 .debug_info    0x000000000000909d      0x50c build/kf_freertos_fpga/debug/_ext/785111490/osal_freertos.o
 .debug_info    0x00000000000095a9      0x6d5 build/kf_freertos_fpga/debug/_ext/868947740/plib_ec_reg_bank.o
 .debug_info    0x0000000000009c7e     0x15be build/kf_freertos_fpga/debug/_ext/179210842/plib_ecia.o
 .debug_info    0x000000000000b23c     0x11a7 build/kf_freertos_fpga/debug/_ext/179282931/plib_gpio.o
 .debug_info    0x000000000000c3e3     0x1ead build/kf_freertos_fpga/debug/_ext/825500651/plib_i3c.o
 .debug_info    0x000000000000e290     0x252b build/kf_freertos_fpga/debug/_ext/825500651/plib_i3c_private.o
 .debug_info    0x00000000000107bb      0x850 build/kf_freertos_fpga/debug/_ext/179497222/plib_nvic.o
 .debug_info    0x000000000001100b      0xcad build/kf_freertos_fpga/debug/_ext/825492421/plib_pcr.o
 .debug_info    0x0000000000011cb8      0x33e build/kf_freertos_fpga/debug/_ext/1732944825/uart_api.o
 .debug_info    0x0000000000011ff6      0xb2f build/kf_freertos_fpga/debug/_ext/1732944825/uart_perphl.o
 .debug_info    0x0000000000012b25      0x11c build/kf_freertos_fpga/debug/_ext/29258880/exceptions.o
 .debug_info    0x0000000000012c41      0x1e9 build/kf_freertos_fpga/debug/_ext/29258880/freertos_hooks.o
 .debug_info    0x0000000000012e2a      0x177 build/kf_freertos_fpga/debug/_ext/29258880/initialization.o
 .debug_info    0x0000000000012fa1      0xe64 build/kf_freertos_fpga/debug/_ext/29258880/interrupts.o
 .debug_info    0x0000000000013e05      0x3ba build/kf_freertos_fpga/debug/_ext/29258880/startup_xc32.o
 .debug_info    0x00000000000141bf      0x19e build/kf_freertos_fpga/debug/_ext/29258880/tasks.o
 .debug_info    0x000000000001435d      0x347 build/kf_freertos_fpga/debug/_ext/246609638/port.o
 .debug_info    0x00000000000146a4      0x1a4 build/kf_freertos_fpga/debug/_ext/1665200909/heap_1.o
 .debug_info    0x0000000000014848     0x10bc build/kf_freertos_fpga/debug/_ext/404212886/queue.o
 .debug_info    0x0000000000015904      0xb0a build/kf_freertos_fpga/debug/_ext/404212886/timers.o
 .debug_info    0x000000000001640e      0x2f5 build/kf_freertos_fpga/debug/_ext/404212886/list.o
 .debug_info    0x0000000000016703     0x1c2b build/kf_freertos_fpga/debug/_ext/404212886/FreeRTOS_tasks.o
 .debug_info    0x000000000001832e     0x18b3 build/kf_freertos_fpga/debug/_ext/1521323865/test_pvt_xfer.o
 .debug_info    0x0000000000019be1     0x1010 build/kf_freertos_fpga/debug/_ext/1521323865/tgt_test_pvt_xfer.o
 .debug_info    0x000000000001abf1     0x114c build/kf_freertos_fpga/debug/_ext/1360937237/task1.o
 .debug_info    0x000000000001bd3d       0xa7 build/kf_freertos_fpga/debug/_ext/1360937237/main.o
 .debug_info    0x000000000001bde4      0x8f5 build/kf_freertos_fpga/debug/_ext/1360937237/task2.o
 .debug_info    0x000000000001c6d9      0x553 build/kf_freertos_fpga/debug/_ext/1360937237/task3.o
 .debug_info    0x000000000001cc2c       0x54 c:/program files/microchip/xc32/v4.40/bin/bin/../../lib/gcc/pic32c/8.3.1/../../../../pic32c/lib/thumb/v7e-m+fp/hard\libpic32c.a(data_init.o)
 .debug_info    0x000000000001cc80       0xf3 c:/program files/microchip/xc32/v4.40/bin/bin/../../lib/gcc/pic32c/8.3.1/../../../../pic32c/lib/thumb/v7e-m+fp/hard\libc-size-musl.a(memcpy.o)
 .debug_info    0x000000000001cd73       0xbb c:/program files/microchip/xc32/v4.40/bin/bin/../../lib/gcc/pic32c/8.3.1/../../../../pic32c/lib/thumb/v7e-m+fp/hard\libc-size-musl.a(memset.o)
 .debug_info    0x000000000001ce2e      0x2fb c:/program files/microchip/xc32/v4.40/bin/bin/../../lib/gcc/pic32c/8.3.1/../../../../pic32c/lib/thumb/v7e-m+fp/hard\libg-musl.a(__libc_start_main.o)
 .debug_info    0x000000000001d129      0x276 c:/program files/microchip/xc32/v4.40/bin/bin/../../lib/gcc/pic32c/8.3.1/../../../../pic32c/lib/thumb/v7e-m+fp/hard\libg-musl.a(libc.o)
 .debug_info    0x000000000001d39f       0x97 c:/program files/microchip/xc32/v4.40/bin/bin/../../lib/gcc/pic32c/8.3.1/../../../../pic32c/lib/thumb/v7e-m+fp/hard\libg-musl.a(__environ.o)
 .debug_info    0x000000000001d436       0xd1 c:/program files/microchip/xc32/v4.40/bin/bin/../../lib/gcc/pic32c/8.3.1/thumb/v7e-m+fp/hard\libgcc.a(_paritysi2.o)
 .debug_info    0x000000000001d507       0x3f c:/program files/microchip/xc32/v4.40/bin/bin/../../lib/gcc/pic32c/8.3.1/../../../../pic32c/lib/thumb/v7e-m+fp/hard\libpic32c.a(pic32_data_init_clear.o)
 .debug_info    0x000000000001d546       0x40 c:/program files/microchip/xc32/v4.40/bin/bin/../../lib/gcc/pic32c/8.3.1/../../../../pic32c/lib/thumb/v7e-m+fp/hard\libpic32c.a(pic32_data_init_copy.o)
 .debug_info    0x000000000001d586       0x40 c:/program files/microchip/xc32/v4.40/bin/bin/../../lib/gcc/pic32c/8.3.1/../../../../pic32c/lib/thumb/v7e-m+fp/hard\libpic32c.a(pic32_data_init_decompress.o)

.debug_abbrev   0x0000000000000000     0x403e
 .debug_abbrev  0x0000000000000000       0xa0 build/kf_freertos_fpga/debug/_ext/1420773124/serial.o
 .debug_abbrev  0x00000000000000a0      0x172 build/kf_freertos_fpga/debug/_ext/1420773124/trace.o
 .debug_abbrev  0x0000000000000212      0x429 build/kf_freertos_fpga/debug/_ext/101992513/drv_i3c.o
 .debug_abbrev  0x000000000000063b      0x23a build/kf_freertos_fpga/debug/_ext/101992513/drv_i3c_config.o
 .debug_abbrev  0x0000000000000875      0x297 build/kf_freertos_fpga/debug/_ext/1886205328/i3c_ccc.o
 .debug_abbrev  0x0000000000000b0c      0x360 build/kf_freertos_fpga/debug/_ext/1886205328/i3c_common.o
 .debug_abbrev  0x0000000000000e6c      0x169 build/kf_freertos_fpga/debug/_ext/785111490/osal_freertos.o
 .debug_abbrev  0x0000000000000fd5      0x11b build/kf_freertos_fpga/debug/_ext/868947740/plib_ec_reg_bank.o
 .debug_abbrev  0x00000000000010f0      0x1e9 build/kf_freertos_fpga/debug/_ext/179210842/plib_ecia.o
 .debug_abbrev  0x00000000000012d9      0x1cf build/kf_freertos_fpga/debug/_ext/179282931/plib_gpio.o
 .debug_abbrev  0x00000000000014a8      0x261 build/kf_freertos_fpga/debug/_ext/825500651/plib_i3c.o
 .debug_abbrev  0x0000000000001709      0x22a build/kf_freertos_fpga/debug/_ext/825500651/plib_i3c_private.o
 .debug_abbrev  0x0000000000001933      0x1f9 build/kf_freertos_fpga/debug/_ext/179497222/plib_nvic.o
 .debug_abbrev  0x0000000000001b2c      0x15f build/kf_freertos_fpga/debug/_ext/825492421/plib_pcr.o
 .debug_abbrev  0x0000000000001c8b       0xe5 build/kf_freertos_fpga/debug/_ext/1732944825/uart_api.o
 .debug_abbrev  0x0000000000001d70      0x1d2 build/kf_freertos_fpga/debug/_ext/1732944825/uart_perphl.o
 .debug_abbrev  0x0000000000001f42       0x49 build/kf_freertos_fpga/debug/_ext/29258880/exceptions.o
 .debug_abbrev  0x0000000000001f8b      0x121 build/kf_freertos_fpga/debug/_ext/29258880/freertos_hooks.o
 .debug_abbrev  0x00000000000020ac       0xe0 build/kf_freertos_fpga/debug/_ext/29258880/initialization.o
 .debug_abbrev  0x000000000000218c       0xeb build/kf_freertos_fpga/debug/_ext/29258880/interrupts.o
 .debug_abbrev  0x0000000000002277      0x195 build/kf_freertos_fpga/debug/_ext/29258880/startup_xc32.o
 .debug_abbrev  0x000000000000240c       0xe7 build/kf_freertos_fpga/debug/_ext/29258880/tasks.o
 .debug_abbrev  0x00000000000024f3      0x217 build/kf_freertos_fpga/debug/_ext/246609638/port.o
 .debug_abbrev  0x000000000000270a      0x129 build/kf_freertos_fpga/debug/_ext/1665200909/heap_1.o
 .debug_abbrev  0x0000000000002833      0x221 build/kf_freertos_fpga/debug/_ext/404212886/queue.o
 .debug_abbrev  0x0000000000002a54      0x1ff build/kf_freertos_fpga/debug/_ext/404212886/timers.o
 .debug_abbrev  0x0000000000002c53      0x100 build/kf_freertos_fpga/debug/_ext/404212886/list.o
 .debug_abbrev  0x0000000000002d53      0x2ba build/kf_freertos_fpga/debug/_ext/404212886/FreeRTOS_tasks.o
 .debug_abbrev  0x000000000000300d      0x27a build/kf_freertos_fpga/debug/_ext/1521323865/test_pvt_xfer.o
 .debug_abbrev  0x0000000000003287      0x280 build/kf_freertos_fpga/debug/_ext/1521323865/tgt_test_pvt_xfer.o
 .debug_abbrev  0x0000000000003507      0x2d7 build/kf_freertos_fpga/debug/_ext/1360937237/task1.o
 .debug_abbrev  0x00000000000037de       0x48 build/kf_freertos_fpga/debug/_ext/1360937237/main.o
 .debug_abbrev  0x0000000000003826      0x205 build/kf_freertos_fpga/debug/_ext/1360937237/task2.o
 .debug_abbrev  0x0000000000003a2b      0x116 build/kf_freertos_fpga/debug/_ext/1360937237/task3.o
 .debug_abbrev  0x0000000000003b41       0x44 c:/program files/microchip/xc32/v4.40/bin/bin/../../lib/gcc/pic32c/8.3.1/../../../../pic32c/lib/thumb/v7e-m+fp/hard\libpic32c.a(data_init.o)
 .debug_abbrev  0x0000000000003b85       0xbb c:/program files/microchip/xc32/v4.40/bin/bin/../../lib/gcc/pic32c/8.3.1/../../../../pic32c/lib/thumb/v7e-m+fp/hard\libc-size-musl.a(memcpy.o)
 .debug_abbrev  0x0000000000003c40       0xa2 c:/program files/microchip/xc32/v4.40/bin/bin/../../lib/gcc/pic32c/8.3.1/../../../../pic32c/lib/thumb/v7e-m+fp/hard\libc-size-musl.a(memset.o)
 .debug_abbrev  0x0000000000003ce2      0x133 c:/program files/microchip/xc32/v4.40/bin/bin/../../lib/gcc/pic32c/8.3.1/../../../../pic32c/lib/thumb/v7e-m+fp/hard\libg-musl.a(__libc_start_main.o)
 .debug_abbrev  0x0000000000003e15       0xd4 c:/program files/microchip/xc32/v4.40/bin/bin/../../lib/gcc/pic32c/8.3.1/../../../../pic32c/lib/thumb/v7e-m+fp/hard\libg-musl.a(libc.o)
 .debug_abbrev  0x0000000000003ee9       0x62 c:/program files/microchip/xc32/v4.40/bin/bin/../../lib/gcc/pic32c/8.3.1/../../../../pic32c/lib/thumb/v7e-m+fp/hard\libg-musl.a(__environ.o)
 .debug_abbrev  0x0000000000003f4b       0x69 c:/program files/microchip/xc32/v4.40/bin/bin/../../lib/gcc/pic32c/8.3.1/thumb/v7e-m+fp/hard\libgcc.a(_paritysi2.o)
 .debug_abbrev  0x0000000000003fb4       0x2e c:/program files/microchip/xc32/v4.40/bin/bin/../../lib/gcc/pic32c/8.3.1/../../../../pic32c/lib/thumb/v7e-m+fp/hard\libpic32c.a(pic32_data_init_clear.o)
 .debug_abbrev  0x0000000000003fe2       0x2e c:/program files/microchip/xc32/v4.40/bin/bin/../../lib/gcc/pic32c/8.3.1/../../../../pic32c/lib/thumb/v7e-m+fp/hard\libpic32c.a(pic32_data_init_copy.o)
 .debug_abbrev  0x0000000000004010       0x2e c:/program files/microchip/xc32/v4.40/bin/bin/../../lib/gcc/pic32c/8.3.1/../../../../pic32c/lib/thumb/v7e-m+fp/hard\libpic32c.a(pic32_data_init_decompress.o)

.debug_loc      0x0000000000000000     0xc16b
 .debug_loc     0x0000000000000000       0x94 build/kf_freertos_fpga/debug/_ext/1420773124/serial.o
 .debug_loc     0x0000000000000094      0x249 build/kf_freertos_fpga/debug/_ext/1420773124/trace.o
 .debug_loc     0x00000000000002dd     0x106f build/kf_freertos_fpga/debug/_ext/101992513/drv_i3c.o
 .debug_loc     0x000000000000134c       0xd4 build/kf_freertos_fpga/debug/_ext/101992513/drv_i3c_config.o
 .debug_loc     0x0000000000001420      0x6e8 build/kf_freertos_fpga/debug/_ext/1886205328/i3c_ccc.o
 .debug_loc     0x0000000000001b08      0xbba build/kf_freertos_fpga/debug/_ext/1886205328/i3c_common.o
 .debug_loc     0x00000000000026c2      0x4a4 build/kf_freertos_fpga/debug/_ext/785111490/osal_freertos.o
 .debug_loc     0x0000000000002b66      0x8e0 build/kf_freertos_fpga/debug/_ext/868947740/plib_ec_reg_bank.o
 .debug_loc     0x0000000000003446      0x504 build/kf_freertos_fpga/debug/_ext/179210842/plib_ecia.o
 .debug_loc     0x000000000000394a      0xb44 build/kf_freertos_fpga/debug/_ext/179282931/plib_gpio.o
 .debug_loc     0x000000000000448e      0xda8 build/kf_freertos_fpga/debug/_ext/825500651/plib_i3c.o
 .debug_loc     0x0000000000005236     0x24e2 build/kf_freertos_fpga/debug/_ext/825500651/plib_i3c_private.o
 .debug_loc     0x0000000000007718      0x23c build/kf_freertos_fpga/debug/_ext/179497222/plib_nvic.o
 .debug_loc     0x0000000000007954      0x924 build/kf_freertos_fpga/debug/_ext/825492421/plib_pcr.o
 .debug_loc     0x0000000000008278      0x1ec build/kf_freertos_fpga/debug/_ext/1732944825/uart_api.o
 .debug_loc     0x0000000000008464      0x69c build/kf_freertos_fpga/debug/_ext/1732944825/uart_perphl.o
 .debug_loc     0x0000000000008b00      0x108 build/kf_freertos_fpga/debug/_ext/29258880/exceptions.o
 .debug_loc     0x0000000000008c08      0x148 build/kf_freertos_fpga/debug/_ext/29258880/freertos_hooks.o
 .debug_loc     0x0000000000008d50       0x50 build/kf_freertos_fpga/debug/_ext/29258880/initialization.o
 .debug_loc     0x0000000000008da0       0x2c build/kf_freertos_fpga/debug/_ext/29258880/interrupts.o
 .debug_loc     0x0000000000008dcc       0x7c build/kf_freertos_fpga/debug/_ext/29258880/startup_xc32.o
 .debug_loc     0x0000000000008e48       0xec build/kf_freertos_fpga/debug/_ext/29258880/tasks.o
 .debug_loc     0x0000000000008f34      0x274 build/kf_freertos_fpga/debug/_ext/246609638/port.o
 .debug_loc     0x00000000000091a8      0x134 build/kf_freertos_fpga/debug/_ext/1665200909/heap_1.o
 .debug_loc     0x00000000000092dc      0x8a0 build/kf_freertos_fpga/debug/_ext/404212886/queue.o
 .debug_loc     0x0000000000009b7c      0x718 build/kf_freertos_fpga/debug/_ext/404212886/timers.o
 .debug_loc     0x000000000000a294      0x1cc build/kf_freertos_fpga/debug/_ext/404212886/list.o
 .debug_loc     0x000000000000a460     0x108c build/kf_freertos_fpga/debug/_ext/404212886/FreeRTOS_tasks.o
 .debug_loc     0x000000000000b4ec      0x282 build/kf_freertos_fpga/debug/_ext/1521323865/test_pvt_xfer.o
 .debug_loc     0x000000000000b76e      0x320 build/kf_freertos_fpga/debug/_ext/1521323865/tgt_test_pvt_xfer.o
 .debug_loc     0x000000000000ba8e      0x2a0 build/kf_freertos_fpga/debug/_ext/1360937237/task1.o
 .debug_loc     0x000000000000bd2e       0x2c build/kf_freertos_fpga/debug/_ext/1360937237/main.o
 .debug_loc     0x000000000000bd5a      0x110 build/kf_freertos_fpga/debug/_ext/1360937237/task2.o
 .debug_loc     0x000000000000be6a       0x70 build/kf_freertos_fpga/debug/_ext/1360937237/task3.o
 .debug_loc     0x000000000000beda       0x14 c:/program files/microchip/xc32/v4.40/bin/bin/../../lib/gcc/pic32c/8.3.1/../../../../pic32c/lib/thumb/v7e-m+fp/hard\libpic32c.a(data_init.o)
 .debug_loc     0x000000000000beee      0x10b c:/program files/microchip/xc32/v4.40/bin/bin/../../lib/gcc/pic32c/8.3.1/../../../../pic32c/lib/thumb/v7e-m+fp/hard\libc-size-musl.a(memcpy.o)
 .debug_loc     0x000000000000bff9       0x7d c:/program files/microchip/xc32/v4.40/bin/bin/../../lib/gcc/pic32c/8.3.1/../../../../pic32c/lib/thumb/v7e-m+fp/hard\libc-size-musl.a(memset.o)
 .debug_loc     0x000000000000c076       0x51 c:/program files/microchip/xc32/v4.40/bin/bin/../../lib/gcc/pic32c/8.3.1/../../../../pic32c/lib/thumb/v7e-m+fp/hard\libg-musl.a(__libc_start_main.o)
 .debug_loc     0x000000000000c0c7       0x7c c:/program files/microchip/xc32/v4.40/bin/bin/../../lib/gcc/pic32c/8.3.1/thumb/v7e-m+fp/hard\libgcc.a(_paritysi2.o)
 .debug_loc     0x000000000000c143       0x14 c:/program files/microchip/xc32/v4.40/bin/bin/../../lib/gcc/pic32c/8.3.1/../../../../pic32c/lib/thumb/v7e-m+fp/hard\libpic32c.a(pic32_data_init_copy.o)
 .debug_loc     0x000000000000c157       0x14 c:/program files/microchip/xc32/v4.40/bin/bin/../../lib/gcc/pic32c/8.3.1/../../../../pic32c/lib/thumb/v7e-m+fp/hard\libpic32c.a(pic32_data_init_decompress.o)

.debug_aranges  0x0000000000000000     0x1738
 .debug_aranges
                0x0000000000000000       0x28 build/kf_freertos_fpga/debug/_ext/1420773124/serial.o
 .debug_aranges
                0x0000000000000028       0x50 build/kf_freertos_fpga/debug/_ext/1420773124/trace.o
 .debug_aranges
                0x0000000000000078      0x1a8 build/kf_freertos_fpga/debug/_ext/101992513/drv_i3c.o
 .debug_aranges
                0x0000000000000220       0x38 build/kf_freertos_fpga/debug/_ext/101992513/drv_i3c_config.o
 .debug_aranges
                0x0000000000000258       0xc8 build/kf_freertos_fpga/debug/_ext/1886205328/i3c_ccc.o
 .debug_aranges
                0x0000000000000320      0x138 build/kf_freertos_fpga/debug/_ext/1886205328/i3c_common.o
 .debug_aranges
                0x0000000000000458       0x90 build/kf_freertos_fpga/debug/_ext/785111490/osal_freertos.o
 .debug_aranges
                0x00000000000004e8      0x118 build/kf_freertos_fpga/debug/_ext/868947740/plib_ec_reg_bank.o
 .debug_aranges
                0x0000000000000600       0x90 build/kf_freertos_fpga/debug/_ext/179210842/plib_ecia.o
 .debug_aranges
                0x0000000000000690      0x118 build/kf_freertos_fpga/debug/_ext/179282931/plib_gpio.o
 .debug_aranges
                0x00000000000007a8      0x178 build/kf_freertos_fpga/debug/_ext/825500651/plib_i3c.o
 .debug_aranges
                0x0000000000000920      0x350 build/kf_freertos_fpga/debug/_ext/825500651/plib_i3c_private.o
 .debug_aranges
                0x0000000000000c70       0x50 build/kf_freertos_fpga/debug/_ext/179497222/plib_nvic.o
 .debug_aranges
                0x0000000000000cc0       0xf0 build/kf_freertos_fpga/debug/_ext/825492421/plib_pcr.o
 .debug_aranges
                0x0000000000000db0       0x48 build/kf_freertos_fpga/debug/_ext/1732944825/uart_api.o
 .debug_aranges
                0x0000000000000df8       0xc0 build/kf_freertos_fpga/debug/_ext/1732944825/uart_perphl.o
 .debug_aranges
                0x0000000000000eb8       0x48 build/kf_freertos_fpga/debug/_ext/29258880/exceptions.o
 .debug_aranges
                0x0000000000000f00       0x40 build/kf_freertos_fpga/debug/_ext/29258880/freertos_hooks.o
 .debug_aranges
                0x0000000000000f40       0x20 build/kf_freertos_fpga/debug/_ext/29258880/initialization.o
 .debug_aranges
                0x0000000000000f60       0x28 build/kf_freertos_fpga/debug/_ext/29258880/interrupts.o
 .debug_aranges
                0x0000000000000f88       0x30 build/kf_freertos_fpga/debug/_ext/29258880/startup_xc32.o
 .debug_aranges
                0x0000000000000fb8       0x38 build/kf_freertos_fpga/debug/_ext/29258880/tasks.o
 .debug_aranges
                0x0000000000000ff0       0x78 build/kf_freertos_fpga/debug/_ext/246609638/port.o
 .debug_aranges
                0x0000000000001068       0x38 build/kf_freertos_fpga/debug/_ext/1665200909/heap_1.o
 .debug_aranges
                0x00000000000010a0       0xf0 build/kf_freertos_fpga/debug/_ext/404212886/queue.o
 .debug_aranges
                0x0000000000001190       0xd0 build/kf_freertos_fpga/debug/_ext/404212886/timers.o
 .debug_aranges
                0x0000000000001260       0x40 build/kf_freertos_fpga/debug/_ext/404212886/list.o
 .debug_aranges
                0x00000000000012a0      0x1b8 build/kf_freertos_fpga/debug/_ext/404212886/FreeRTOS_tasks.o
 .debug_aranges
                0x0000000000001458       0x58 build/kf_freertos_fpga/debug/_ext/1521323865/test_pvt_xfer.o
 .debug_aranges
                0x00000000000014b0       0x68 build/kf_freertos_fpga/debug/_ext/1521323865/tgt_test_pvt_xfer.o
 .debug_aranges
                0x0000000000001518       0x60 build/kf_freertos_fpga/debug/_ext/1360937237/task1.o
 .debug_aranges
                0x0000000000001578       0x20 build/kf_freertos_fpga/debug/_ext/1360937237/main.o
 .debug_aranges
                0x0000000000001598       0x38 build/kf_freertos_fpga/debug/_ext/1360937237/task2.o
 .debug_aranges
                0x00000000000015d0       0x28 build/kf_freertos_fpga/debug/_ext/1360937237/task3.o
 .debug_aranges
                0x00000000000015f8       0x28 c:/program files/microchip/xc32/v4.40/bin/bin/../../lib/gcc/pic32c/8.3.1/../../../../pic32c/lib/thumb/v7e-m+fp/hard\libpic32c.a(data_init.o)
 .debug_aranges
                0x0000000000001620       0x20 c:/program files/microchip/xc32/v4.40/bin/bin/../../lib/gcc/pic32c/8.3.1/../../../../pic32c/lib/thumb/v7e-m+fp/hard\libc-size-musl.a(memcpy.o)
 .debug_aranges
                0x0000000000001640       0x20 c:/program files/microchip/xc32/v4.40/bin/bin/../../lib/gcc/pic32c/8.3.1/../../../../pic32c/lib/thumb/v7e-m+fp/hard\libc-size-musl.a(memset.o)
 .debug_aranges
                0x0000000000001660       0x28 c:/program files/microchip/xc32/v4.40/bin/bin/../../lib/gcc/pic32c/8.3.1/../../../../pic32c/lib/thumb/v7e-m+fp/hard\libg-musl.a(__libc_start_main.o)
 .debug_aranges
                0x0000000000001688       0x18 c:/program files/microchip/xc32/v4.40/bin/bin/../../lib/gcc/pic32c/8.3.1/../../../../pic32c/lib/thumb/v7e-m+fp/hard\libg-musl.a(libc.o)
 .debug_aranges
                0x00000000000016a0       0x18 c:/program files/microchip/xc32/v4.40/bin/bin/../../lib/gcc/pic32c/8.3.1/../../../../pic32c/lib/thumb/v7e-m+fp/hard\libg-musl.a(__environ.o)
 .debug_aranges
                0x00000000000016b8       0x20 c:/program files/microchip/xc32/v4.40/bin/bin/../../lib/gcc/pic32c/8.3.1/thumb/v7e-m+fp/hard\libgcc.a(_paritysi2.o)
 .debug_aranges
                0x00000000000016d8       0x20 c:/program files/microchip/xc32/v4.40/bin/bin/../../lib/gcc/pic32c/8.3.1/../../../../pic32c/lib/thumb/v7e-m+fp/hard\libpic32c.a(pic32_data_init_clear.o)
 .debug_aranges
                0x00000000000016f8       0x20 c:/program files/microchip/xc32/v4.40/bin/bin/../../lib/gcc/pic32c/8.3.1/../../../../pic32c/lib/thumb/v7e-m+fp/hard\libpic32c.a(pic32_data_init_copy.o)
 .debug_aranges
                0x0000000000001718       0x20 c:/program files/microchip/xc32/v4.40/bin/bin/../../lib/gcc/pic32c/8.3.1/../../../../pic32c/lib/thumb/v7e-m+fp/hard\libpic32c.a(pic32_data_init_decompress.o)

.debug_ranges   0x0000000000000000     0x1498
 .debug_ranges  0x0000000000000000       0x18 build/kf_freertos_fpga/debug/_ext/1420773124/serial.o
 .debug_ranges  0x0000000000000018       0x58 build/kf_freertos_fpga/debug/_ext/1420773124/trace.o
 .debug_ranges  0x0000000000000070      0x198 build/kf_freertos_fpga/debug/_ext/101992513/drv_i3c.o
 .debug_ranges  0x0000000000000208       0x28 build/kf_freertos_fpga/debug/_ext/101992513/drv_i3c_config.o
 .debug_ranges  0x0000000000000230       0xb8 build/kf_freertos_fpga/debug/_ext/1886205328/i3c_ccc.o
 .debug_ranges  0x00000000000002e8      0x128 build/kf_freertos_fpga/debug/_ext/1886205328/i3c_common.o
 .debug_ranges  0x0000000000000410       0x80 build/kf_freertos_fpga/debug/_ext/785111490/osal_freertos.o
 .debug_ranges  0x0000000000000490      0x108 build/kf_freertos_fpga/debug/_ext/868947740/plib_ec_reg_bank.o
 .debug_ranges  0x0000000000000598       0x80 build/kf_freertos_fpga/debug/_ext/179210842/plib_ecia.o
 .debug_ranges  0x0000000000000618      0x108 build/kf_freertos_fpga/debug/_ext/179282931/plib_gpio.o
 .debug_ranges  0x0000000000000720      0x168 build/kf_freertos_fpga/debug/_ext/825500651/plib_i3c.o
 .debug_ranges  0x0000000000000888      0x340 build/kf_freertos_fpga/debug/_ext/825500651/plib_i3c_private.o
 .debug_ranges  0x0000000000000bc8       0x40 build/kf_freertos_fpga/debug/_ext/179497222/plib_nvic.o
 .debug_ranges  0x0000000000000c08       0xe0 build/kf_freertos_fpga/debug/_ext/825492421/plib_pcr.o
 .debug_ranges  0x0000000000000ce8       0x38 build/kf_freertos_fpga/debug/_ext/1732944825/uart_api.o
 .debug_ranges  0x0000000000000d20       0xb0 build/kf_freertos_fpga/debug/_ext/1732944825/uart_perphl.o
 .debug_ranges  0x0000000000000dd0       0x38 build/kf_freertos_fpga/debug/_ext/29258880/exceptions.o
 .debug_ranges  0x0000000000000e08       0x30 build/kf_freertos_fpga/debug/_ext/29258880/freertos_hooks.o
 .debug_ranges  0x0000000000000e38       0x10 build/kf_freertos_fpga/debug/_ext/29258880/initialization.o
 .debug_ranges  0x0000000000000e48       0x18 build/kf_freertos_fpga/debug/_ext/29258880/interrupts.o
 .debug_ranges  0x0000000000000e60       0x20 build/kf_freertos_fpga/debug/_ext/29258880/startup_xc32.o
 .debug_ranges  0x0000000000000e80       0x28 build/kf_freertos_fpga/debug/_ext/29258880/tasks.o
 .debug_ranges  0x0000000000000ea8       0x68 build/kf_freertos_fpga/debug/_ext/246609638/port.o
 .debug_ranges  0x0000000000000f10       0x28 build/kf_freertos_fpga/debug/_ext/1665200909/heap_1.o
 .debug_ranges  0x0000000000000f38       0xe0 build/kf_freertos_fpga/debug/_ext/404212886/queue.o
 .debug_ranges  0x0000000000001018       0xc0 build/kf_freertos_fpga/debug/_ext/404212886/timers.o
 .debug_ranges  0x00000000000010d8       0x30 build/kf_freertos_fpga/debug/_ext/404212886/list.o
 .debug_ranges  0x0000000000001108      0x1a8 build/kf_freertos_fpga/debug/_ext/404212886/FreeRTOS_tasks.o
 .debug_ranges  0x00000000000012b0       0x48 build/kf_freertos_fpga/debug/_ext/1521323865/test_pvt_xfer.o
 .debug_ranges  0x00000000000012f8       0x58 build/kf_freertos_fpga/debug/_ext/1521323865/tgt_test_pvt_xfer.o
 .debug_ranges  0x0000000000001350       0x50 build/kf_freertos_fpga/debug/_ext/1360937237/task1.o
 .debug_ranges  0x00000000000013a0       0x10 build/kf_freertos_fpga/debug/_ext/1360937237/main.o
 .debug_ranges  0x00000000000013b0       0x28 build/kf_freertos_fpga/debug/_ext/1360937237/task2.o
 .debug_ranges  0x00000000000013d8       0x18 build/kf_freertos_fpga/debug/_ext/1360937237/task3.o
 .debug_ranges  0x00000000000013f0       0x18 c:/program files/microchip/xc32/v4.40/bin/bin/../../lib/gcc/pic32c/8.3.1/../../../../pic32c/lib/thumb/v7e-m+fp/hard\libpic32c.a(data_init.o)
 .debug_ranges  0x0000000000001408       0x10 c:/program files/microchip/xc32/v4.40/bin/bin/../../lib/gcc/pic32c/8.3.1/../../../../pic32c/lib/thumb/v7e-m+fp/hard\libc-size-musl.a(memcpy.o)
 .debug_ranges  0x0000000000001418       0x10 c:/program files/microchip/xc32/v4.40/bin/bin/../../lib/gcc/pic32c/8.3.1/../../../../pic32c/lib/thumb/v7e-m+fp/hard\libc-size-musl.a(memset.o)
 .debug_ranges  0x0000000000001428       0x40 c:/program files/microchip/xc32/v4.40/bin/bin/../../lib/gcc/pic32c/8.3.1/../../../../pic32c/lib/thumb/v7e-m+fp/hard\libg-musl.a(__libc_start_main.o)
 .debug_ranges  0x0000000000001468       0x10 c:/program files/microchip/xc32/v4.40/bin/bin/../../lib/gcc/pic32c/8.3.1/../../../../pic32c/lib/thumb/v7e-m+fp/hard\libpic32c.a(pic32_data_init_clear.o)
 .debug_ranges  0x0000000000001478       0x10 c:/program files/microchip/xc32/v4.40/bin/bin/../../lib/gcc/pic32c/8.3.1/../../../../pic32c/lib/thumb/v7e-m+fp/hard\libpic32c.a(pic32_data_init_copy.o)
 .debug_ranges  0x0000000000001488       0x10 c:/program files/microchip/xc32/v4.40/bin/bin/../../lib/gcc/pic32c/8.3.1/../../../../pic32c/lib/thumb/v7e-m+fp/hard\libpic32c.a(pic32_data_init_decompress.o)

.debug_line     0x0000000000000000     0xb148
 .debug_line    0x0000000000000000      0x10e build/kf_freertos_fpga/debug/_ext/1420773124/serial.o
 .debug_line    0x000000000000010e      0x28c build/kf_freertos_fpga/debug/_ext/1420773124/trace.o
 .debug_line    0x000000000000039a     0x16e3 build/kf_freertos_fpga/debug/_ext/101992513/drv_i3c.o
 .debug_line    0x0000000000001a7d      0x3c3 build/kf_freertos_fpga/debug/_ext/101992513/drv_i3c_config.o
 .debug_line    0x0000000000001e40      0x814 build/kf_freertos_fpga/debug/_ext/1886205328/i3c_ccc.o
 .debug_line    0x0000000000002654      0xa82 build/kf_freertos_fpga/debug/_ext/1886205328/i3c_common.o
 .debug_line    0x00000000000030d6      0x388 build/kf_freertos_fpga/debug/_ext/785111490/osal_freertos.o
 .debug_line    0x000000000000345e      0x396 build/kf_freertos_fpga/debug/_ext/868947740/plib_ec_reg_bank.o
 .debug_line    0x00000000000037f4      0x3b2 build/kf_freertos_fpga/debug/_ext/179210842/plib_ecia.o
 .debug_line    0x0000000000003ba6      0x5bf build/kf_freertos_fpga/debug/_ext/179282931/plib_gpio.o
 .debug_line    0x0000000000004165      0x82d build/kf_freertos_fpga/debug/_ext/825500651/plib_i3c.o
 .debug_line    0x0000000000004992      0xfbb build/kf_freertos_fpga/debug/_ext/825500651/plib_i3c_private.o
 .debug_line    0x000000000000594d      0x296 build/kf_freertos_fpga/debug/_ext/179497222/plib_nvic.o
 .debug_line    0x0000000000005be3      0x44f build/kf_freertos_fpga/debug/_ext/825492421/plib_pcr.o
 .debug_line    0x0000000000006032      0x1dc build/kf_freertos_fpga/debug/_ext/1732944825/uart_api.o
 .debug_line    0x000000000000620e      0x5fb build/kf_freertos_fpga/debug/_ext/1732944825/uart_perphl.o
 .debug_line    0x0000000000006809       0xdb build/kf_freertos_fpga/debug/_ext/29258880/exceptions.o
 .debug_line    0x00000000000068e4      0x1ba build/kf_freertos_fpga/debug/_ext/29258880/freertos_hooks.o
 .debug_line    0x0000000000006a9e      0x12a build/kf_freertos_fpga/debug/_ext/29258880/initialization.o
 .debug_line    0x0000000000006bc8       0xda build/kf_freertos_fpga/debug/_ext/29258880/interrupts.o
 .debug_line    0x0000000000006ca2      0x171 build/kf_freertos_fpga/debug/_ext/29258880/startup_xc32.o
 .debug_line    0x0000000000006e13      0x13a build/kf_freertos_fpga/debug/_ext/29258880/tasks.o
 .debug_line    0x0000000000006f4d      0x2e1 build/kf_freertos_fpga/debug/_ext/246609638/port.o
 .debug_line    0x000000000000722e      0x156 build/kf_freertos_fpga/debug/_ext/1665200909/heap_1.o
 .debug_line    0x0000000000007384      0x9c8 build/kf_freertos_fpga/debug/_ext/404212886/queue.o
 .debug_line    0x0000000000007d4c      0x5b1 build/kf_freertos_fpga/debug/_ext/404212886/timers.o
 .debug_line    0x00000000000082fd      0x232 build/kf_freertos_fpga/debug/_ext/404212886/list.o
 .debug_line    0x000000000000852f      0xf50 build/kf_freertos_fpga/debug/_ext/404212886/FreeRTOS_tasks.o
 .debug_line    0x000000000000947f      0x4f7 build/kf_freertos_fpga/debug/_ext/1521323865/test_pvt_xfer.o
 .debug_line    0x0000000000009976      0x35e build/kf_freertos_fpga/debug/_ext/1521323865/tgt_test_pvt_xfer.o
 .debug_line    0x0000000000009cd4      0x5c7 build/kf_freertos_fpga/debug/_ext/1360937237/task1.o
 .debug_line    0x000000000000a29b       0x45 build/kf_freertos_fpga/debug/_ext/1360937237/main.o
 .debug_line    0x000000000000a2e0      0x3d1 build/kf_freertos_fpga/debug/_ext/1360937237/task2.o
 .debug_line    0x000000000000a6b1      0x13b build/kf_freertos_fpga/debug/_ext/1360937237/task3.o
 .debug_line    0x000000000000a7ec       0xe9 c:/program files/microchip/xc32/v4.40/bin/bin/../../lib/gcc/pic32c/8.3.1/../../../../pic32c/lib/thumb/v7e-m+fp/hard\libpic32c.a(data_init.o)
 .debug_line    0x000000000000a8d5       0xf9 c:/program files/microchip/xc32/v4.40/bin/bin/../../lib/gcc/pic32c/8.3.1/../../../../pic32c/lib/thumb/v7e-m+fp/hard\libc-size-musl.a(memcpy.o)
 .debug_line    0x000000000000a9ce       0xe3 c:/program files/microchip/xc32/v4.40/bin/bin/../../lib/gcc/pic32c/8.3.1/../../../../pic32c/lib/thumb/v7e-m+fp/hard\libc-size-musl.a(memset.o)
 .debug_line    0x000000000000aab1      0x1c7 c:/program files/microchip/xc32/v4.40/bin/bin/../../lib/gcc/pic32c/8.3.1/../../../../pic32c/lib/thumb/v7e-m+fp/hard\libg-musl.a(__libc_start_main.o)
 .debug_line    0x000000000000ac78       0xb5 c:/program files/microchip/xc32/v4.40/bin/bin/../../lib/gcc/pic32c/8.3.1/../../../../pic32c/lib/thumb/v7e-m+fp/hard\libg-musl.a(libc.o)
 .debug_line    0x000000000000ad2d       0xfb c:/program files/microchip/xc32/v4.40/bin/bin/../../lib/gcc/pic32c/8.3.1/../../../../pic32c/lib/thumb/v7e-m+fp/hard\libg-musl.a(__environ.o)
 .debug_line    0x000000000000ae28       0xbc c:/program files/microchip/xc32/v4.40/bin/bin/../../lib/gcc/pic32c/8.3.1/thumb/v7e-m+fp/hard\libgcc.a(_paritysi2.o)
 .debug_line    0x000000000000aee4       0xb6 c:/program files/microchip/xc32/v4.40/bin/bin/../../lib/gcc/pic32c/8.3.1/../../../../pic32c/lib/thumb/v7e-m+fp/hard\libpic32c.a(pic32_data_init_clear.o)
 .debug_line    0x000000000000af9a       0xbe c:/program files/microchip/xc32/v4.40/bin/bin/../../lib/gcc/pic32c/8.3.1/../../../../pic32c/lib/thumb/v7e-m+fp/hard\libpic32c.a(pic32_data_init_copy.o)
 .debug_line    0x000000000000b058       0xf0 c:/program files/microchip/xc32/v4.40/bin/bin/../../lib/gcc/pic32c/8.3.1/../../../../pic32c/lib/thumb/v7e-m+fp/hard\libpic32c.a(pic32_data_init_decompress.o)

.debug_str      0x0000000000000000    0x1aafc
 .debug_str     0x0000000000000000      0x417 build/kf_freertos_fpga/debug/_ext/1420773124/serial.o
 .debug_str     0x0000000000000417      0x37f build/kf_freertos_fpga/debug/_ext/1420773124/trace.o
 .debug_str     0x0000000000000796     0x2353 build/kf_freertos_fpga/debug/_ext/101992513/drv_i3c.o
 .debug_str     0x0000000000002ae9     0x1556 build/kf_freertos_fpga/debug/_ext/101992513/drv_i3c_config.o
 .debug_str     0x000000000000403f      0xfaf build/kf_freertos_fpga/debug/_ext/1886205328/i3c_ccc.o
 .debug_str     0x0000000000004fee      0xf44 build/kf_freertos_fpga/debug/_ext/1886205328/i3c_common.o
 .debug_str     0x0000000000005f32      0x58c build/kf_freertos_fpga/debug/_ext/785111490/osal_freertos.o
 .debug_str     0x00000000000064be      0x9fc build/kf_freertos_fpga/debug/_ext/868947740/plib_ec_reg_bank.o
 .debug_str     0x0000000000006eba     0x2300 build/kf_freertos_fpga/debug/_ext/179210842/plib_ecia.o
 .debug_str     0x00000000000091ba     0x120f build/kf_freertos_fpga/debug/_ext/179282931/plib_gpio.o
 .debug_str     0x000000000000a3c9     0x2453 build/kf_freertos_fpga/debug/_ext/825500651/plib_i3c.o
 .debug_str     0x000000000000c81c     0x1769 build/kf_freertos_fpga/debug/_ext/825500651/plib_i3c_private.o
 .debug_str     0x000000000000df85      0x908 build/kf_freertos_fpga/debug/_ext/179497222/plib_nvic.o
 .debug_str     0x000000000000e88d     0x119a build/kf_freertos_fpga/debug/_ext/825492421/plib_pcr.o
 .debug_str     0x000000000000fa27      0x4da build/kf_freertos_fpga/debug/_ext/1732944825/uart_api.o
 .debug_str     0x000000000000ff01      0x806 build/kf_freertos_fpga/debug/_ext/1732944825/uart_perphl.o
 .debug_str     0x0000000000010707      0x341 build/kf_freertos_fpga/debug/_ext/29258880/exceptions.o
 .debug_str     0x0000000000010a48      0x3a0 build/kf_freertos_fpga/debug/_ext/29258880/freertos_hooks.o
 .debug_str     0x0000000000010de8      0x31d build/kf_freertos_fpga/debug/_ext/29258880/initialization.o
 .debug_str     0x0000000000011105     0x10b2 build/kf_freertos_fpga/debug/_ext/29258880/interrupts.o
 .debug_str     0x00000000000121b7      0x3ad build/kf_freertos_fpga/debug/_ext/29258880/startup_xc32.o
 .debug_str     0x0000000000012564      0x35f build/kf_freertos_fpga/debug/_ext/29258880/tasks.o
 .debug_str     0x00000000000128c3      0x483 build/kf_freertos_fpga/debug/_ext/246609638/port.o
 .debug_str     0x0000000000012d46      0x386 build/kf_freertos_fpga/debug/_ext/1665200909/heap_1.o
 .debug_str     0x00000000000130cc      0x971 build/kf_freertos_fpga/debug/_ext/404212886/queue.o
 .debug_str     0x0000000000013a3d      0x872 build/kf_freertos_fpga/debug/_ext/404212886/timers.o
 .debug_str     0x00000000000142af      0x406 build/kf_freertos_fpga/debug/_ext/404212886/list.o
 .debug_str     0x00000000000146b5      0xfda build/kf_freertos_fpga/debug/_ext/404212886/FreeRTOS_tasks.o
 .debug_str     0x000000000001568f     0x1092 build/kf_freertos_fpga/debug/_ext/1521323865/test_pvt_xfer.o
 .debug_str     0x0000000000016721      0xa15 build/kf_freertos_fpga/debug/_ext/1521323865/tgt_test_pvt_xfer.o
 .debug_str     0x0000000000017136      0xf1d build/kf_freertos_fpga/debug/_ext/1360937237/task1.o
 .debug_str     0x0000000000018053      0x2ad build/kf_freertos_fpga/debug/_ext/1360937237/main.o
 .debug_str     0x0000000000018300      0x875 build/kf_freertos_fpga/debug/_ext/1360937237/task2.o
 .debug_str     0x0000000000018b75      0x5c1 build/kf_freertos_fpga/debug/_ext/1360937237/task3.o
 .debug_str     0x0000000000019136      0x27d c:/program files/microchip/xc32/v4.40/bin/bin/../../lib/gcc/pic32c/8.3.1/../../../../pic32c/lib/thumb/v7e-m+fp/hard\libpic32c.a(data_init.o)
 .debug_str     0x00000000000193b3      0x22f c:/program files/microchip/xc32/v4.40/bin/bin/../../lib/gcc/pic32c/8.3.1/../../../../pic32c/lib/thumb/v7e-m+fp/hard\libc-size-musl.a(memcpy.o)
 .debug_str     0x00000000000195e2      0x21b c:/program files/microchip/xc32/v4.40/bin/bin/../../lib/gcc/pic32c/8.3.1/../../../../pic32c/lib/thumb/v7e-m+fp/hard\libc-size-musl.a(memset.o)
 .debug_str     0x00000000000197fd      0x3d4 c:/program files/microchip/xc32/v4.40/bin/bin/../../lib/gcc/pic32c/8.3.1/../../../../pic32c/lib/thumb/v7e-m+fp/hard\libg-musl.a(__libc_start_main.o)
 .debug_str     0x0000000000019bd1      0x33f c:/program files/microchip/xc32/v4.40/bin/bin/../../lib/gcc/pic32c/8.3.1/../../../../pic32c/lib/thumb/v7e-m+fp/hard\libg-musl.a(libc.o)
 .debug_str     0x0000000000019f10      0x23f c:/program files/microchip/xc32/v4.40/bin/bin/../../lib/gcc/pic32c/8.3.1/../../../../pic32c/lib/thumb/v7e-m+fp/hard\libg-musl.a(__environ.o)
 .debug_str     0x000000000001a14f      0x270 c:/program files/microchip/xc32/v4.40/bin/bin/../../lib/gcc/pic32c/8.3.1/thumb/v7e-m+fp/hard\libgcc.a(_paritysi2.o)
 .debug_str     0x000000000001a3bf      0x267 c:/program files/microchip/xc32/v4.40/bin/bin/../../lib/gcc/pic32c/8.3.1/../../../../pic32c/lib/thumb/v7e-m+fp/hard\libpic32c.a(pic32_data_init_clear.o)
 .debug_str     0x000000000001a626      0x265 c:/program files/microchip/xc32/v4.40/bin/bin/../../lib/gcc/pic32c/8.3.1/../../../../pic32c/lib/thumb/v7e-m+fp/hard\libpic32c.a(pic32_data_init_copy.o)
 .debug_str     0x000000000001a88b      0x271 c:/program files/microchip/xc32/v4.40/bin/bin/../../lib/gcc/pic32c/8.3.1/../../../../pic32c/lib/thumb/v7e-m+fp/hard\libpic32c.a(pic32_data_init_decompress.o)

.debug_frame    0x0000000000000000     0x5a10
 .debug_frame   0x0000000000000000       0x58 build/kf_freertos_fpga/debug/_ext/1420773124/serial.o
 .debug_frame   0x0000000000000058      0x128 build/kf_freertos_fpga/debug/_ext/1420773124/trace.o
 .debug_frame   0x0000000000000180      0x7a0 build/kf_freertos_fpga/debug/_ext/101992513/drv_i3c.o
 .debug_frame   0x0000000000000920       0x88 build/kf_freertos_fpga/debug/_ext/101992513/drv_i3c_config.o
 .debug_frame   0x00000000000009a8      0x328 build/kf_freertos_fpga/debug/_ext/1886205328/i3c_ccc.o
 .debug_frame   0x0000000000000cd0      0x554 build/kf_freertos_fpga/debug/_ext/1886205328/i3c_common.o
 .debug_frame   0x0000000000001224      0x228 build/kf_freertos_fpga/debug/_ext/785111490/osal_freertos.o
 .debug_frame   0x000000000000144c      0x430 build/kf_freertos_fpga/debug/_ext/868947740/plib_ec_reg_bank.o
 .debug_frame   0x000000000000187c      0x24c build/kf_freertos_fpga/debug/_ext/179210842/plib_ecia.o
 .debug_frame   0x0000000000001ac8      0x500 build/kf_freertos_fpga/debug/_ext/179282931/plib_gpio.o
 .debug_frame   0x0000000000001fc8      0x640 build/kf_freertos_fpga/debug/_ext/825500651/plib_i3c.o
 .debug_frame   0x0000000000002608     0x102c build/kf_freertos_fpga/debug/_ext/825500651/plib_i3c_private.o
 .debug_frame   0x0000000000003634      0x114 build/kf_freertos_fpga/debug/_ext/179497222/plib_nvic.o
 .debug_frame   0x0000000000003748      0x418 build/kf_freertos_fpga/debug/_ext/825492421/plib_pcr.o
 .debug_frame   0x0000000000003b60       0xf4 build/kf_freertos_fpga/debug/_ext/1732944825/uart_api.o
 .debug_frame   0x0000000000003c54      0x308 build/kf_freertos_fpga/debug/_ext/1732944825/uart_perphl.o
 .debug_frame   0x0000000000003f5c       0xa0 build/kf_freertos_fpga/debug/_ext/29258880/exceptions.o
 .debug_frame   0x0000000000003ffc       0xac build/kf_freertos_fpga/debug/_ext/29258880/freertos_hooks.o
 .debug_frame   0x00000000000040a8       0x34 build/kf_freertos_fpga/debug/_ext/29258880/initialization.o
 .debug_frame   0x00000000000040dc       0x3c build/kf_freertos_fpga/debug/_ext/29258880/interrupts.o
 .debug_frame   0x0000000000004118       0x60 build/kf_freertos_fpga/debug/_ext/29258880/startup_xc32.o
 .debug_frame   0x0000000000004178       0x94 build/kf_freertos_fpga/debug/_ext/29258880/tasks.o
 .debug_frame   0x000000000000420c      0x170 build/kf_freertos_fpga/debug/_ext/246609638/port.o
 .debug_frame   0x000000000000437c       0x9c build/kf_freertos_fpga/debug/_ext/1665200909/heap_1.o
 .debug_frame   0x0000000000004418      0x3ec build/kf_freertos_fpga/debug/_ext/404212886/queue.o
 .debug_frame   0x0000000000004804      0x34c build/kf_freertos_fpga/debug/_ext/404212886/timers.o
 .debug_frame   0x0000000000004b50       0xd8 build/kf_freertos_fpga/debug/_ext/404212886/list.o
 .debug_frame   0x0000000000004c28      0x77c build/kf_freertos_fpga/debug/_ext/404212886/FreeRTOS_tasks.o
 .debug_frame   0x00000000000053a4      0x13c build/kf_freertos_fpga/debug/_ext/1521323865/test_pvt_xfer.o
 .debug_frame   0x00000000000054e0      0x178 build/kf_freertos_fpga/debug/_ext/1521323865/tgt_test_pvt_xfer.o
 .debug_frame   0x0000000000005658      0x150 build/kf_freertos_fpga/debug/_ext/1360937237/task1.o
 .debug_frame   0x00000000000057a8       0x2c build/kf_freertos_fpga/debug/_ext/1360937237/main.o
 .debug_frame   0x00000000000057d4       0x94 build/kf_freertos_fpga/debug/_ext/1360937237/task2.o
 .debug_frame   0x0000000000005868       0x4c build/kf_freertos_fpga/debug/_ext/1360937237/task3.o
 .debug_frame   0x00000000000058b4       0x3c c:/program files/microchip/xc32/v4.40/bin/bin/../../lib/gcc/pic32c/8.3.1/../../../../pic32c/lib/thumb/v7e-m+fp/hard\libpic32c.a(data_init.o)
 .debug_frame   0x00000000000058f0       0x2c c:/program files/microchip/xc32/v4.40/bin/bin/../../lib/gcc/pic32c/8.3.1/../../../../pic32c/lib/thumb/v7e-m+fp/hard\libc-size-musl.a(memcpy.o)
 .debug_frame   0x000000000000591c       0x20 c:/program files/microchip/xc32/v4.40/bin/bin/../../lib/gcc/pic32c/8.3.1/../../../../pic32c/lib/thumb/v7e-m+fp/hard\libc-size-musl.a(memset.o)
 .debug_frame   0x000000000000593c       0x3c c:/program files/microchip/xc32/v4.40/bin/bin/../../lib/gcc/pic32c/8.3.1/../../../../pic32c/lib/thumb/v7e-m+fp/hard\libg-musl.a(__libc_start_main.o)
 .debug_frame   0x0000000000005978       0x20 c:/program files/microchip/xc32/v4.40/bin/bin/../../lib/gcc/pic32c/8.3.1/thumb/v7e-m+fp/hard\libgcc.a(_paritysi2.o)
 .debug_frame   0x0000000000005998       0x20 c:/program files/microchip/xc32/v4.40/bin/bin/../../lib/gcc/pic32c/8.3.1/../../../../pic32c/lib/thumb/v7e-m+fp/hard\libpic32c.a(pic32_data_init_clear.o)
 .debug_frame   0x00000000000059b8       0x28 c:/program files/microchip/xc32/v4.40/bin/bin/../../lib/gcc/pic32c/8.3.1/../../../../pic32c/lib/thumb/v7e-m+fp/hard\libpic32c.a(pic32_data_init_copy.o)
 .debug_frame   0x00000000000059e0       0x30 c:/program files/microchip/xc32/v4.40/bin/bin/../../lib/gcc/pic32c/8.3.1/../../../../pic32c/lib/thumb/v7e-m+fp/hard\libpic32c.a(pic32_data_init_decompress.o)

.note.GNU-stack
                0x0000000000000000        0x0
 .note.GNU-stack
                0x0000000000000000        0x0 c:/program files/microchip/xc32/v4.40/bin/bin/../../lib/gcc/pic32c/8.3.1/../../../../pic32c/lib/thumb/v7e-m+fp/hard\libc-size-musl.a(memcpy.o)
 .note.GNU-stack
                0x0000000000000000        0x0 c:/program files/microchip/xc32/v4.40/bin/bin/../../lib/gcc/pic32c/8.3.1/../../../../pic32c/lib/thumb/v7e-m+fp/hard\libc-size-musl.a(memset.o)
 .note.GNU-stack
                0x0000000000000000        0x0 c:/program files/microchip/xc32/v4.40/bin/bin/../../lib/gcc/pic32c/8.3.1/../../../../pic32c/lib/thumb/v7e-m+fp/hard\libg-musl.a(__libc_start_main.o)
 .note.GNU-stack
                0x0000000000000000        0x0 c:/program files/microchip/xc32/v4.40/bin/bin/../../lib/gcc/pic32c/8.3.1/../../../../pic32c/lib/thumb/v7e-m+fp/hard\libg-musl.a(libc.o)
 .note.GNU-stack
                0x0000000000000000        0x0 c:/program files/microchip/xc32/v4.40/bin/bin/../../lib/gcc/pic32c/8.3.1/../../../../pic32c/lib/thumb/v7e-m+fp/hard\libg-musl.a(__environ.o)

.stack          0x000000000011be80      0x100
 .stack         0x000000000011be80      0x100 stack

.bss.ucHeap%1   0x0000000000118000     0x2800
 .bss.ucHeap    0x0000000000118000     0x2800 build/kf_freertos_fpga/debug/_ext/1665200909/heap_1.o

.bss.pending_xfer_ctxt%2
                0x000000000011a800      0x188
 .bss.pending_xfer_ctxt
                0x000000000011a800      0x188 build/kf_freertos_fpga/debug/_ext/101992513/drv_i3c.o
                0x000000000011a800                pending_xfer_ctxt

.bss.pxReadyTasksLists%3
                0x000000000011a988       0x64
 .bss.pxReadyTasksLists
                0x000000000011a988       0x64 build/kf_freertos_fpga/debug/_ext/404212886/FreeRTOS_tasks.o

.bss%4          0x000000000011a9ec       0x50
 .bss           0x000000000011a9ec       0x50 c:/program files/microchip/xc32/v4.40/bin/bin/../../lib/gcc/pic32c/8.3.1/../../../../pic32c/lib/thumb/v7e-m+fp/hard\libg-musl.a(libc.o)
                0x000000000011a9ec                __progname_full
                0x000000000011a9ec                program_invocation_name
                0x000000000011a9f0                program_invocation_short_name
                0x000000000011a9f0                __progname
                0x000000000011a9f4                __sysinfo
                0x000000000011a9f8                __hwcap
                0x000000000011a9fc                __libc

.bss%5          0x000000000011aa3c       0x1c
 .bss           0x000000000011aa3c       0x1c c:/program files/microchip/xc32/v4.40/bin/bin/../../lib/gcc/pic32c/8.3.1/thumb/v7e-m+fp/hard/crtbegin.o

.bss.I3C0_DEV%6
                0x000000000011aa58       0x14
 .bss.I3C0_DEV  0x000000000011aa58       0x14 build/kf_freertos_fpga/debug/_ext/101992513/drv_i3c_config.o
                0x000000000011aa58                I3C0_DEV

.bss.I3C1_DEV%7
                0x000000000011aa6c       0x14
 .bss.I3C1_DEV  0x000000000011aa6c       0x14 build/kf_freertos_fpga/debug/_ext/101992513/drv_i3c_config.o
                0x000000000011aa6c                I3C1_DEV

.bss.xActiveTimerList1%8
                0x000000000011aa80       0x14
 .bss.xActiveTimerList1
                0x000000000011aa80       0x14 build/kf_freertos_fpga/debug/_ext/404212886/timers.o

.bss.xActiveTimerList2%9
                0x000000000011aa94       0x14
 .bss.xActiveTimerList2
                0x000000000011aa94       0x14 build/kf_freertos_fpga/debug/_ext/404212886/timers.o

.bss.xDelayedTaskList1%10
                0x000000000011aaa8       0x14
 .bss.xDelayedTaskList1
                0x000000000011aaa8       0x14 build/kf_freertos_fpga/debug/_ext/404212886/FreeRTOS_tasks.o

.bss.xDelayedTaskList2%11
                0x000000000011aabc       0x14
 .bss.xDelayedTaskList2
                0x000000000011aabc       0x14 build/kf_freertos_fpga/debug/_ext/404212886/FreeRTOS_tasks.o

.bss.xPendingReadyList%12
                0x000000000011aad0       0x14
 .bss.xPendingReadyList
                0x000000000011aad0       0x14 build/kf_freertos_fpga/debug/_ext/404212886/FreeRTOS_tasks.o

.bss.xTasksWaitingTermination%13
                0x000000000011aae4       0x14
 .bss.xTasksWaitingTermination
                0x000000000011aae4       0x14 build/kf_freertos_fpga/debug/_ext/404212886/FreeRTOS_tasks.o

.bss.xSuspendedTaskList%14
                0x000000000011aaf8       0x14
 .bss.xSuspendedTaskList
                0x000000000011aaf8       0x14 build/kf_freertos_fpga/debug/_ext/404212886/FreeRTOS_tasks.o

.bss.I3CObj%15  0x000000000011ab0c       0x10
 .bss.I3CObj    0x000000000011ab0c       0x10 build/kf_freertos_fpga/debug/_ext/825500651/plib_i3c.o

.bss.tgt0_cfg%16
                0x000000000011ab1c        0xc
 .bss.tgt0_cfg  0x000000000011ab1c        0xc build/kf_freertos_fpga/debug/_ext/1521323865/tgt_test_pvt_xfer.o
                0x000000000011ab1c                tgt0_cfg

.bss.rx_buff%17
                0x000000000011ab28        0xa
 .bss.rx_buff   0x000000000011ab28        0xa build/kf_freertos_fpga/debug/_ext/1521323865/tgt_test_pvt_xfer.o
                0x000000000011ab28                rx_buff

.bss.task1Context%18
                0x000000000011ab34        0x8
 .bss.task1Context
                0x000000000011ab34        0x8 build/kf_freertos_fpga/debug/_ext/1360937237/task1.o
                0x000000000011ab34                task1Context

.bss.task2Data%19
                0x000000000011ab3c        0x8
 .bss.task2Data
                0x000000000011ab3c        0x8 build/kf_freertos_fpga/debug/_ext/1360937237/task2.o
                0x000000000011ab3c                task2Data

.bss.task2Context%20
                0x000000000011ab44        0x8
 .bss.task2Context
                0x000000000011ab44        0x8 build/kf_freertos_fpga/debug/_ext/1360937237/task2.o
                0x000000000011ab44                task2Context

.bss.targets_ibi_enable_sts%21
                0x000000000011ab4c        0x4
 .bss.targets_ibi_enable_sts
                0x000000000011ab4c        0x4 build/kf_freertos_fpga/debug/_ext/825500651/plib_i3c.o

.bss.i3c0Dev%22
                0x000000000011ab50        0x4
 .bss.i3c0Dev   0x000000000011ab50        0x4 build/kf_freertos_fpga/debug/_ext/29258880/initialization.o
                0x000000000011ab50                i3c0Dev

.bss.i3c1Dev%23
                0x000000000011ab54        0x4
 .bss.i3c1Dev   0x000000000011ab54        0x4 build/kf_freertos_fpga/debug/_ext/29258880/initialization.o
                0x000000000011ab54                i3c1Dev

.bss.xTASK1_Tasks%24
                0x000000000011ab58        0x4
 .bss.xTASK1_Tasks
                0x000000000011ab58        0x4 build/kf_freertos_fpga/debug/_ext/29258880/tasks.o
                0x000000000011ab58                xTASK1_Tasks

.bss.xTASK2_Tasks%25
                0x000000000011ab5c        0x4
 .bss.xTASK2_Tasks
                0x000000000011ab5c        0x4 build/kf_freertos_fpga/debug/_ext/29258880/tasks.o
                0x000000000011ab5c                xTASK2_Tasks

.bss.xTASK3_Tasks%26
                0x000000000011ab60        0x4
 .bss.xTASK3_Tasks
                0x000000000011ab60        0x4 build/kf_freertos_fpga/debug/_ext/29258880/tasks.o
                0x000000000011ab60                xTASK3_Tasks

.bss.xNextFreeByte%27
                0x000000000011ab64        0x4
 .bss.xNextFreeByte
                0x000000000011ab64        0x4 build/kf_freertos_fpga/debug/_ext/1665200909/heap_1.o

.bss.pucAlignedHeap.6162%28
                0x000000000011ab68        0x4
 .bss.pucAlignedHeap.6162
                0x000000000011ab68        0x4 build/kf_freertos_fpga/debug/_ext/1665200909/heap_1.o

.bss.pxCurrentTimerList%29
                0x000000000011ab6c        0x4
 .bss.pxCurrentTimerList
                0x000000000011ab6c        0x4 build/kf_freertos_fpga/debug/_ext/404212886/timers.o

.bss.pxOverflowTimerList%30
                0x000000000011ab70        0x4
 .bss.pxOverflowTimerList
                0x000000000011ab70        0x4 build/kf_freertos_fpga/debug/_ext/404212886/timers.o

.bss.xTimerQueue%31
                0x000000000011ab74        0x4
 .bss.xTimerQueue
                0x000000000011ab74        0x4 build/kf_freertos_fpga/debug/_ext/404212886/timers.o

.bss.xTimerTaskHandle%32
                0x000000000011ab78        0x4
 .bss.xTimerTaskHandle
                0x000000000011ab78        0x4 build/kf_freertos_fpga/debug/_ext/404212886/timers.o

.bss.xLastTime.6473%33
                0x000000000011ab7c        0x4
 .bss.xLastTime.6473
                0x000000000011ab7c        0x4 build/kf_freertos_fpga/debug/_ext/404212886/timers.o

.bss.pxCurrentTCB%34
                0x000000000011ab80        0x4
 .bss.pxCurrentTCB
                0x000000000011ab80        0x4 build/kf_freertos_fpga/debug/_ext/404212886/FreeRTOS_tasks.o
                0x000000000011ab80                pxCurrentTCB

.bss.pxDelayedTaskList%35
                0x000000000011ab84        0x4
 .bss.pxDelayedTaskList
                0x000000000011ab84        0x4 build/kf_freertos_fpga/debug/_ext/404212886/FreeRTOS_tasks.o

.bss.pxOverflowDelayedTaskList%36
                0x000000000011ab88        0x4
 .bss.pxOverflowDelayedTaskList
                0x000000000011ab88        0x4 build/kf_freertos_fpga/debug/_ext/404212886/FreeRTOS_tasks.o

.bss.uxDeletedTasksWaitingCleanUp%37
                0x000000000011ab8c        0x4
 .bss.uxDeletedTasksWaitingCleanUp
                0x000000000011ab8c        0x4 build/kf_freertos_fpga/debug/_ext/404212886/FreeRTOS_tasks.o

.bss.uxCurrentNumberOfTasks%38
                0x000000000011ab90        0x4
 .bss.uxCurrentNumberOfTasks
                0x000000000011ab90        0x4 build/kf_freertos_fpga/debug/_ext/404212886/FreeRTOS_tasks.o

.bss.xTickCount%39
                0x000000000011ab94        0x4
 .bss.xTickCount
                0x000000000011ab94        0x4 build/kf_freertos_fpga/debug/_ext/404212886/FreeRTOS_tasks.o

.bss.uxTopReadyPriority%40
                0x000000000011ab98        0x4
 .bss.uxTopReadyPriority
                0x000000000011ab98        0x4 build/kf_freertos_fpga/debug/_ext/404212886/FreeRTOS_tasks.o

.bss.xSchedulerRunning%41
                0x000000000011ab9c        0x4
 .bss.xSchedulerRunning
                0x000000000011ab9c        0x4 build/kf_freertos_fpga/debug/_ext/404212886/FreeRTOS_tasks.o

.bss.xPendedTicks%42
                0x000000000011aba0        0x4
 .bss.xPendedTicks
                0x000000000011aba0        0x4 build/kf_freertos_fpga/debug/_ext/404212886/FreeRTOS_tasks.o

.bss.xYieldPending%43
                0x000000000011aba4        0x4
 .bss.xYieldPending
                0x000000000011aba4        0x4 build/kf_freertos_fpga/debug/_ext/404212886/FreeRTOS_tasks.o

.bss.xNumOfOverflows%44
                0x000000000011aba8        0x4
 .bss.xNumOfOverflows
                0x000000000011aba8        0x4 build/kf_freertos_fpga/debug/_ext/404212886/FreeRTOS_tasks.o

.bss.uxTaskNumber%45
                0x000000000011abac        0x4
 .bss.uxTaskNumber
                0x000000000011abac        0x4 build/kf_freertos_fpga/debug/_ext/404212886/FreeRTOS_tasks.o

.bss.xNextTaskUnblockTime%46
                0x000000000011abb0        0x4
 .bss.xNextTaskUnblockTime
                0x000000000011abb0        0x4 build/kf_freertos_fpga/debug/_ext/404212886/FreeRTOS_tasks.o

.bss.xIdleTaskHandle%47
                0x000000000011abb4        0x4
 .bss.xIdleTaskHandle
                0x000000000011abb4        0x4 build/kf_freertos_fpga/debug/_ext/404212886/FreeRTOS_tasks.o

.bss.uxSchedulerSuspended%48
                0x000000000011abb8        0x4
 .bss.uxSchedulerSuspended
                0x000000000011abb8        0x4 build/kf_freertos_fpga/debug/_ext/404212886/FreeRTOS_tasks.o

.bss.uartMutexLock%49
                0x000000000011abbc        0x4
 .bss.uartMutexLock
                0x000000000011abbc        0x4 build/kf_freertos_fpga/debug/_ext/1360937237/task1.o
                0x000000000011abbc                uartMutexLock

.bss%50         0x000000000011abc0        0x4
 .bss           0x000000000011abc0        0x4 c:/program files/microchip/xc32/v4.40/bin/bin/../../lib/gcc/pic32c/8.3.1/../../../../pic32c/lib/thumb/v7e-m+fp/hard\libpic32c.a(data_init.o)

.bss%51         0x000000000011abc4        0x4
 .bss           0x000000000011abc4        0x4 c:/program files/microchip/xc32/v4.40/bin/bin/../../lib/gcc/pic32c/8.3.1/../../../../pic32c/lib/thumb/v7e-m+fp/hard\libg-musl.a(__environ.o)
                0x000000000011abc4                __environ
                0x000000000011abc4                environ
                0x000000000011abc4                ___environ
                0x000000000011abc4                _environ

.bss.task3Data%52
                0x000000000011abc8        0x1
 .bss.task3Data
                0x000000000011abc8        0x1 build/kf_freertos_fpga/debug/_ext/1360937237/task3.o
                0x000000000011abc8                task3Data

.bss.tid%53     0x000000000011ab32        0x1
 .bss.tid       0x000000000011ab32        0x1 build/kf_freertos_fpga/debug/_ext/825500651/plib_i3c.o

.data.I3C0_DATA%54
                0x000000000011abd0      0x7e8
 .data.I3C0_DATA
                0x000000000011abd0      0x7e8 build/kf_freertos_fpga/debug/_ext/101992513/drv_i3c_config.o
                0x000000000011abd0                I3C0_DATA

.data.I3C1_DATA%55
                0x000000000011b3b8      0x7e8
 .data.I3C1_DATA
                0x000000000011b3b8      0x7e8 build/kf_freertos_fpga/debug/_ext/101992513/drv_i3c_config.o
                0x000000000011b3b8                I3C1_DATA

.data.i3c0_device_list%56
                0x000000000011bba0       0x38
 .data.i3c0_device_list
                0x000000000011bba0       0x38 build/kf_freertos_fpga/debug/_ext/101992513/drv_i3c_config.o
                0x000000000011bba0                i3c0_device_list

.data.I3C0_CFG%57
                0x000000000011bbd8       0x20
 .data.I3C0_CFG
                0x000000000011bbd8       0x20 build/kf_freertos_fpga/debug/_ext/101992513/drv_i3c_config.o
                0x000000000011bbd8                I3C0_CFG

.data.I3C1_CFG%58
                0x000000000011bbf8       0x20
 .data.I3C1_CFG
                0x000000000011bbf8       0x20 build/kf_freertos_fpga/debug/_ext/101992513/drv_i3c_config.o
                0x000000000011bbf8                I3C1_CFG

.data.i3c_tgt%59
                0x000000000011bc18       0x20
 .data.i3c_tgt  0x000000000011bc18       0x20 build/kf_freertos_fpga/debug/_ext/101992513/drv_i3c_config.o
                0x000000000011bc18                i3c_tgt

.data.tgt0_cbs%60
                0x000000000011bc38       0x18
 .data.tgt0_cbs
                0x000000000011bc38       0x18 build/kf_freertos_fpga/debug/_ext/1521323865/tgt_test_pvt_xfer.o
                0x000000000011bc38                tgt0_cbs

.data.tx_buff%61
                0x000000000011bc50        0xa
 .data.tx_buff  0x000000000011bc50        0xa build/kf_freertos_fpga/debug/_ext/1521323865/tgt_test_pvt_xfer.o
                0x000000000011bc50                tx_buff

.data.uxCriticalNesting%62
                0x000000000011abcc        0x4
 .data.uxCriticalNesting
                0x000000000011abcc        0x4 build/kf_freertos_fpga/debug/_ext/246609638/port.o

.data.uxTopUsedPriority%63
                0x000000000011bc5c        0x4
 .data.uxTopUsedPriority
                0x000000000011bc5c        0x4 build/kf_freertos_fpga/debug/_ext/404212886/FreeRTOS_tasks.o
                0x000000000011bc5c                uxTopUsedPriority

.eh_frame%z1    0x0000000000000000        0x0
 .eh_frame      0x0000000000000000        0x0 c:/program files/microchip/xc32/v4.40/bin/bin/../../lib/gcc/pic32c/8.3.1/thumb/v7e-m+fp/hard/crtbegin.o

.rodata%64      0x00000000000b0370      0xa58
 .rodata        0x00000000000b0370      0xa58 build/kf_freertos_fpga/debug/_ext/101992513/drv_i3c.o

.rodata%65      0x00000000000b0dc8      0x6ac
 .rodata        0x00000000000b0dc8      0x6ac build/kf_freertos_fpga/debug/_ext/1360937237/task1.o

.text._drv_i3c_xfers%66
                0x00000000000b1474      0x418
 .text._drv_i3c_xfers
                0x00000000000b1474      0x418 build/kf_freertos_fpga/debug/_ext/101992513/drv_i3c.o

.text.test_xfers_all%67
                0x00000000000b188c      0x3c8
 .text.test_xfers_all
                0x00000000000b188c      0x3c8 build/kf_freertos_fpga/debug/_ext/1521323865/test_pvt_xfer.o
                0x00000000000b188c                test_xfers_all

.text.DRV_I3C_do_DAA%68
                0x00000000000b1c54      0x344
 .text.DRV_I3C_do_DAA
                0x00000000000b1c54      0x344 build/kf_freertos_fpga/debug/_ext/101992513/drv_i3c.o
                0x00000000000b1c54                DRV_I3C_do_DAA

.dinit%69       0x00000000000b1f98      0x2c0
 .dinit         0x00000000000b1f98      0x2c0 data_init

.rodata%70      0x00000000000b2258      0x2ac
 .rodata        0x00000000000b2258      0x2ac build/kf_freertos_fpga/debug/_ext/1886205328/i3c_common.o

.text.DRV_I3C_Init%71
                0x00000000000b2504      0x268
 .text.DRV_I3C_Init
                0x00000000000b2504      0x268 build/kf_freertos_fpga/debug/_ext/101992513/drv_i3c.o
                0x00000000000b2504                DRV_I3C_Init

.text._drv_i3c_isr_target%72
                0x00000000000b276c      0x244
 .text._drv_i3c_isr_target
                0x00000000000b276c      0x244 build/kf_freertos_fpga/debug/_ext/101992513/drv_i3c.o

.text._drv_i3c_isr_xfers%73
                0x00000000000b29b0      0x238
 .text._drv_i3c_isr_xfers
                0x00000000000b29b0      0x238 build/kf_freertos_fpga/debug/_ext/101992513/drv_i3c.o

.text._drv_i3c_CCC%74
                0x00000000000b2be8      0x218
 .text._drv_i3c_CCC
                0x00000000000b2be8      0x218 build/kf_freertos_fpga/debug/_ext/101992513/drv_i3c.o

.text.xTaskIncrementTick%75
                0x00000000000b2e00      0x20c
 .text.xTaskIncrementTick
                0x00000000000b2e00      0x20c build/kf_freertos_fpga/debug/_ext/404212886/FreeRTOS_tasks.o
                0x00000000000b2e00                xTaskIncrementTick

.text._drv_i3c_isr_target_xfers%76
                0x00000000000b300c      0x1fc
 .text._drv_i3c_isr_target_xfers
                0x00000000000b300c      0x1fc build/kf_freertos_fpga/debug/_ext/101992513/drv_i3c.o

.text.DRV_I3C_target_ibi_raise%77
                0x00000000000b3208      0x1d8
 .text.DRV_I3C_target_ibi_raise
                0x00000000000b3208      0x1d8 build/kf_freertos_fpga/debug/_ext/101992513/drv_i3c.o
                0x00000000000b3208                DRV_I3C_target_ibi_raise

.text.xTaskResumeAll%78
                0x00000000000b33e0      0x1d8
 .text.xTaskResumeAll
                0x00000000000b33e0      0x1d8 build/kf_freertos_fpga/debug/_ext/404212886/FreeRTOS_tasks.o
                0x00000000000b33e0                xTaskResumeAll

.text._drv_i3c_ibi_isr%79
                0x00000000000b35b8      0x1b8
 .text._drv_i3c_ibi_isr
                0x00000000000b35b8      0x1b8 build/kf_freertos_fpga/debug/_ext/101992513/drv_i3c.o

.text.i3c_bus_init%80
                0x00000000000b3770      0x1b8
 .text.i3c_bus_init
                0x00000000000b3770      0x1b8 build/kf_freertos_fpga/debug/_ext/1886205328/i3c_common.o
                0x00000000000b3770                i3c_bus_init

.text.xQueueSemaphoreTake%81
                0x00000000000b3928      0x190
 .text.xQueueSemaphoreTake
                0x00000000000b3928      0x190 build/kf_freertos_fpga/debug/_ext/404212886/queue.o
                0x00000000000b3928                xQueueSemaphoreTake

.text.xTaskRemoveFromEventList%82
                0x00000000000b3ab8      0x190
 .text.xTaskRemoveFromEventList
                0x00000000000b3ab8      0x190 build/kf_freertos_fpga/debug/_ext/404212886/FreeRTOS_tasks.o
                0x00000000000b3ab8                xTaskRemoveFromEventList

.text.mini_vsnprintf%83
                0x00000000000b3c48      0x17e
 .text.mini_vsnprintf
                0x00000000000b3c48      0x17e build/kf_freertos_fpga/debug/_ext/1420773124/trace.o
                0x00000000000b3c48                mini_vsnprintf

.text.DRV_I3C_Xfers%84
                0x00000000000b3dc8      0x174
 .text.DRV_I3C_Xfers
                0x00000000000b3dc8      0x174 build/kf_freertos_fpga/debug/_ext/101992513/drv_i3c.o
                0x00000000000b3dc8                DRV_I3C_Xfers

.text.uart_protocol_init%85
                0x00000000000b3f3c      0x170
 .text.uart_protocol_init
                0x00000000000b3f3c      0x170 build/kf_freertos_fpga/debug/_ext/1732944825/uart_api.o
                0x00000000000b3f3c                uart_protocol_init

.text.DRV_I3C_attach_device%86
                0x00000000000b40ac      0x15c
 .text.DRV_I3C_attach_device
                0x00000000000b40ac      0x15c build/kf_freertos_fpga/debug/_ext/101992513/drv_i3c.o
                0x00000000000b40ac                DRV_I3C_attach_device

.text.prvProcessReceivedCommands%87
                0x00000000000b4208      0x15c
 .text.prvProcessReceivedCommands
                0x00000000000b4208      0x15c build/kf_freertos_fpga/debug/_ext/404212886/timers.o

.text.xQueueGenericSend%88
                0x00000000000b4364      0x154
 .text.xQueueGenericSend
                0x00000000000b4364      0x154 build/kf_freertos_fpga/debug/_ext/404212886/queue.o
                0x00000000000b4364                xQueueGenericSend

.text.xQueueReceive%89
                0x00000000000b44b8      0x144
 .text.xQueueReceive
                0x00000000000b44b8      0x144 build/kf_freertos_fpga/debug/_ext/404212886/queue.o
                0x00000000000b44b8                xQueueReceive

.text.p_uart_line_status_reg_get%90
                0x00000000000b45fc      0x140
 .text.p_uart_line_status_reg_get
                0x00000000000b45fc      0x140 build/kf_freertos_fpga/debug/_ext/1732944825/uart_perphl.o
                0x00000000000b45fc                p_uart_line_status_reg_get

.text.xTaskPriorityInherit%91
                0x00000000000b473c      0x13c
 .text.xTaskPriorityInherit
                0x00000000000b473c      0x13c build/kf_freertos_fpga/debug/_ext/404212886/FreeRTOS_tasks.o
                0x00000000000b473c                xTaskPriorityInherit

.text.i3c_mec5_tgt_wka_code%92
                0x00000000000b4878      0x138
 .text.i3c_mec5_tgt_wka_code
                0x00000000000b4878      0x138 build/kf_freertos_fpga/debug/_ext/101992513/drv_i3c.o
                0x00000000000b4878                i3c_mec5_tgt_wka_code

.text.vTaskPriorityDisinheritAfterTimeout%93
                0x00000000000b49b0      0x12c
 .text.vTaskPriorityDisinheritAfterTimeout
                0x00000000000b49b0      0x12c build/kf_freertos_fpga/debug/_ext/404212886/FreeRTOS_tasks.o
                0x00000000000b49b0                vTaskPriorityDisinheritAfterTimeout

.text.prvAddNewTaskToReadyList%94
                0x00000000000b4adc      0x124
 .text.prvAddNewTaskToReadyList
                0x00000000000b4adc      0x124 build/kf_freertos_fpga/debug/_ext/404212886/FreeRTOS_tasks.o

.text._drv_ibi_task%95
                0x00000000000b4c00      0x120
 .text._drv_ibi_task
                0x00000000000b4c00      0x120 build/kf_freertos_fpga/debug/_ext/101992513/drv_i3c.o

.text.mini_itoa%96
                0x00000000000b4d20      0x11c
 .text.mini_itoa
                0x00000000000b4d20      0x11c build/kf_freertos_fpga/debug/_ext/1420773124/trace.o

.text.DRV_I3C_IBI_enable%97
                0x00000000000b4e3c      0x110
 .text.DRV_I3C_IBI_enable
                0x00000000000b4e3c      0x110 build/kf_freertos_fpga/debug/_ext/101992513/drv_i3c.o
                0x00000000000b4e3c                DRV_I3C_IBI_enable

.text.DRV_I3C_IBI_disable%98
                0x00000000000b4f4c      0x110
 .text.DRV_I3C_IBI_disable
                0x00000000000b4f4c      0x110 build/kf_freertos_fpga/debug/_ext/101992513/drv_i3c.o
                0x00000000000b4f4c                DRV_I3C_IBI_disable

.text.i3c_bus_setdasa%99
                0x00000000000b505c      0x110
 .text.i3c_bus_setdasa
                0x00000000000b505c      0x110 build/kf_freertos_fpga/debug/_ext/1886205328/i3c_common.o

.text.i3c_addr_slots_init%100
                0x00000000000b516c      0x10e
 .text.i3c_addr_slots_init
                0x00000000000b516c      0x10e build/kf_freertos_fpga/debug/_ext/1886205328/i3c_common.o
                0x00000000000b516c                i3c_addr_slots_init

.text.prvInitialiseNewTask%101
                0x00000000000b527a      0x10c
 .text.prvInitialiseNewTask
                0x00000000000b527a      0x10c build/kf_freertos_fpga/debug/_ext/404212886/FreeRTOS_tasks.o

.text.I3C_DO_Xfer_Prep%102
                0x00000000000b5388      0x108
 .text.I3C_DO_Xfer_Prep
                0x00000000000b5388      0x108 build/kf_freertos_fpga/debug/_ext/825500651/plib_i3c.o
                0x00000000000b5388                I3C_DO_Xfer_Prep

.text._i3c_push_pull_timing_set%103
                0x00000000000b5490      0x104
 .text._i3c_push_pull_timing_set
                0x00000000000b5490      0x104 build/kf_freertos_fpga/debug/_ext/825500651/plib_i3c_private.o
                0x00000000000b5490                _i3c_push_pull_timing_set

.text.xTaskPriorityDisinherit%104
                0x00000000000b5594      0x104
 .text.xTaskPriorityDisinherit
                0x00000000000b5594      0x104 build/kf_freertos_fpga/debug/_ext/404212886/FreeRTOS_tasks.o
                0x00000000000b5594                xTaskPriorityDisinherit

.text.prvAddCurrentTaskToDelayedList%105
                0x00000000000b5698      0x100
 .text.prvAddCurrentTaskToDelayedList
                0x00000000000b5698      0x100 build/kf_freertos_fpga/debug/_ext/404212886/FreeRTOS_tasks.o

.text.GPIO_PropertySet%106
                0x00000000000b5798       0xf4
 .text.GPIO_PropertySet
                0x00000000000b5798       0xf4 build/kf_freertos_fpga/debug/_ext/179282931/plib_gpio.o
                0x00000000000b5798                GPIO_PropertySet

.text.I3C_DO_CCC%107
                0x00000000000b588c       0xec
 .text.I3C_DO_CCC
                0x00000000000b588c       0xec build/kf_freertos_fpga/debug/_ext/825500651/plib_i3c.o
                0x00000000000b588c                I3C_DO_CCC

.text.DRV_I3C_ISR_Callback%108
                0x00000000000b5978       0xea
 .text.DRV_I3C_ISR_Callback
                0x00000000000b5978       0xea build/kf_freertos_fpga/debug/_ext/101992513/drv_i3c.o

.text.xQueueGenericReset%109
                0x00000000000b5a64       0xe8
 .text.xQueueGenericReset
                0x00000000000b5a64       0xe8 build/kf_freertos_fpga/debug/_ext/404212886/queue.o
                0x00000000000b5a64                xQueueGenericReset

.text.i3c_determine_default_addr%110
                0x00000000000b5b4c       0xde
 .text.i3c_determine_default_addr
                0x00000000000b5b4c       0xde build/kf_freertos_fpga/debug/_ext/1886205328/i3c_common.o
                0x00000000000b5b4c                i3c_determine_default_addr

.text._drv_i3c_initiate_hotjoin%111
                0x00000000000b5c2c       0xdc
 .text._drv_i3c_initiate_hotjoin
                0x00000000000b5c2c       0xdc build/kf_freertos_fpga/debug/_ext/101992513/drv_i3c.o

.text.i3c_device_basic_info_get%112
                0x00000000000b5d08       0xd8
 .text.i3c_device_basic_info_get
                0x00000000000b5d08       0xd8 build/kf_freertos_fpga/debug/_ext/1886205328/i3c_common.o
                0x00000000000b5d08                i3c_device_basic_info_get

.text.vTaskSwitchContext%113
                0x00000000000b5de0       0xd8
 .text.vTaskSwitchContext
                0x00000000000b5de0       0xd8 build/kf_freertos_fpga/debug/_ext/404212886/FreeRTOS_tasks.o
                0x00000000000b5de0                vTaskSwitchContext

.text.prvCopyDataToQueue%114
                0x00000000000b5eb8       0xd4
 .text.prvCopyDataToQueue
                0x00000000000b5eb8       0xd4 build/kf_freertos_fpga/debug/_ext/404212886/queue.o

.text.uart_hw_init%115
                0x00000000000b5f8c       0xd0
 .text.uart_hw_init
                0x00000000000b5f8c       0xd0 build/kf_freertos_fpga/debug/_ext/1732944825/uart_api.o
                0x00000000000b5f8c                uart_hw_init

.text.TASK2_Tasks%116
                0x00000000000b605c       0xd0
 .text.TASK2_Tasks
                0x00000000000b605c       0xd0 build/kf_freertos_fpga/debug/_ext/1360937237/task2.o
                0x00000000000b605c                TASK2_Tasks

.text.i3c_ccc_do_setdasa%117
                0x00000000000b612c       0xca
 .text.i3c_ccc_do_setdasa
                0x00000000000b612c       0xca build/kf_freertos_fpga/debug/_ext/1886205328/i3c_ccc.o
                0x00000000000b612c                i3c_ccc_do_setdasa

.text._drv_tgt_rx_task%118
                0x00000000000b61f8       0xc8
 .text._drv_tgt_rx_task
                0x00000000000b61f8       0xc8 build/kf_freertos_fpga/debug/_ext/101992513/drv_i3c.o

.text.p_uart_fifo_control_reg_set%119
                0x00000000000b62c0       0xc8
 .text.p_uart_fifo_control_reg_set
                0x00000000000b62c0       0xc8 build/kf_freertos_fpga/debug/_ext/1732944825/uart_perphl.o
                0x00000000000b62c0                p_uart_fifo_control_reg_set

.text.i3c_attach_i2c_device%120
                0x00000000000b6388       0xc6
 .text.i3c_attach_i2c_device
                0x00000000000b6388       0xc6 build/kf_freertos_fpga/debug/_ext/1886205328/i3c_common.o
                0x00000000000b6388                i3c_attach_i2c_device

.text.DRV_I3C_do_CCC%121
                0x00000000000b6450       0xc4
 .text.DRV_I3C_do_CCC
                0x00000000000b6450       0xc4 build/kf_freertos_fpga/debug/_ext/101992513/drv_i3c.o
                0x00000000000b6450                DRV_I3C_do_CCC

.text._i3c_ibi_data_read%122
                0x00000000000b6514       0xc4
 .text._i3c_ibi_data_read
                0x00000000000b6514       0xc4 build/kf_freertos_fpga/debug/_ext/825500651/plib_i3c_private.o
                0x00000000000b6514                _i3c_ibi_data_read

.text.TASK1_Tasks%123
                0x00000000000b65d8       0xc4
 .text.TASK1_Tasks