Archive member included to satisfy reference by file (symbol)

c:/program files/microchip/xc32/v4.45/bin/bin/../../lib/gcc/pic32c/8.3.1/../../../../pic32c/lib/thumb/v7e-m+fp/hard\libpic32c.a(data_init.o)
                              build/kf_freertos_fpga/production/_ext/29258880/startup_xc32.o (__pic32c_data_initialization)
c:/program files/microchip/xc32/v4.45/bin/bin/../../lib/gcc/pic32c/8.3.1/../../../../pic32c/lib/thumb/v7e-m+fp/hard\libc-size-musl.a(memcpy.o)
                              build/kf_freertos_fpga/production/_ext/825500651/plib_i3c_private.o (memcpy)
c:/program files/microchip/xc32/v4.45/bin/bin/../../lib/gcc/pic32c/8.3.1/../../../../pic32c/lib/thumb/v7e-m+fp/hard\libc-size-musl.a(memset.o)
                              build/kf_freertos_fpga/production/_ext/101992513/drv_i3c.o (memset)
c:/program files/microchip/xc32/v4.45/bin/bin/../../lib/gcc/pic32c/8.3.1/../../../../pic32c/lib/thumb/v7e-m+fp/hard\libc-musl.a(__libc_start_main.o)
                              build/kf_freertos_fpga/production/_ext/29258880/startup_xc32.o (__libc_init_array)
c:/program files/microchip/xc32/v4.45/bin/bin/../../lib/gcc/pic32c/8.3.1/../../../../pic32c/lib/thumb/v7e-m+fp/hard\libc-musl.a(libc.o)
                              c:/program files/microchip/xc32/v4.45/bin/bin/../../lib/gcc/pic32c/8.3.1/../../../../pic32c/lib/thumb/v7e-m+fp/hard\libc-musl.a(__libc_start_main.o) (__progname_full)
c:/program files/microchip/xc32/v4.45/bin/bin/../../lib/gcc/pic32c/8.3.1/../../../../pic32c/lib/thumb/v7e-m+fp/hard\libc-musl.a(vsprintf.o)
                              build/kf_freertos_fpga/production/_ext/346071803/log.o (vsprintf)
c:/program files/microchip/xc32/v4.45/bin/bin/../../lib/gcc/pic32c/8.3.1/../../../../pic32c/lib/thumb/v7e-m+fp/hard\libc-musl.a(__environ.o)
                              c:/program files/microchip/xc32/v4.45/bin/bin/../../lib/gcc/pic32c/8.3.1/../../../../pic32c/lib/thumb/v7e-m+fp/hard\libc-musl.a(__libc_start_main.o) (__environ)
c:/program files/microchip/xc32/v4.45/bin/bin/../../lib/gcc/pic32c/8.3.1/../../../../pic32c/lib/thumb/v7e-m+fp/hard\libc-musl.a(vsnprintf.o)
                              c:/program files/microchip/xc32/v4.45/bin/bin/../../lib/gcc/pic32c/8.3.1/../../../../pic32c/lib/thumb/v7e-m+fp/hard\libc-musl.a(vsprintf.o) (vsnprintf)
c:/program files/microchip/xc32/v4.45/bin/bin/../../lib/gcc/pic32c/8.3.1/../../../../pic32c/lib/thumb/v7e-m+fp/hard\libc-musl.a(__errno_location.o)
                              c:/program files/microchip/xc32/v4.45/bin/bin/../../lib/gcc/pic32c/8.3.1/../../../../pic32c/lib/thumb/v7e-m+fp/hard\libc-musl.a(vsnprintf.o) (__errno_val)
c:/program files/microchip/xc32/v4.45/bin/bin/../../lib/gcc/pic32c/8.3.1/../../../../pic32c/lib/thumb/v7e-m+fp/hard\libc-musl.a(vfprintf.o)
                              c:/program files/microchip/xc32/v4.45/bin/bin/../../lib/gcc/pic32c/8.3.1/../../../../pic32c/lib/thumb/v7e-m+fp/hard\libc-musl.a(vsnprintf.o) (vfprintf)
c:/program files/microchip/xc32/v4.45/bin/bin/../../lib/gcc/pic32c/8.3.1/../../../../pic32c/lib/thumb/v7e-m+fp/hard\libc-musl.a(__io_fmt_needed.o)
                              c:/program files/microchip/xc32/v4.45/bin/bin/../../lib/gcc/pic32c/8.3.1/../../../../pic32c/lib/thumb/v7e-m+fp/hard\libc-musl.a(vfprintf.o) (__io_fmt_needed)
c:/program files/microchip/xc32/v4.45/bin/bin/../../lib/gcc/pic32c/8.3.1/../../../../pic32c/lib/thumb/v7e-m+fp/hard\libc-musl.a(__pop_float.o)
                              c:/program files/microchip/xc32/v4.45/bin/bin/../../lib/gcc/pic32c/8.3.1/../../../../pic32c/lib/thumb/v7e-m+fp/hard\libc-musl.a(__io_fmt_needed.o) (__pop_float_needed)
c:/program files/microchip/xc32/v4.45/bin/bin/../../lib/gcc/pic32c/8.3.1/../../../../pic32c/lib/thumb/v7e-m+fp/hard\libc-musl.a(__pop_int.o)
                              c:/program files/microchip/xc32/v4.45/bin/bin/../../lib/gcc/pic32c/8.3.1/../../../../pic32c/lib/thumb/v7e-m+fp/hard\libc-musl.a(__io_fmt_needed.o) (__pop_int_needed)
c:/program files/microchip/xc32/v4.45/bin/bin/../../lib/gcc/pic32c/8.3.1/../../../../pic32c/lib/thumb/v7e-m+fp/hard\libc-musl.a(__pop_ptr.o)
                              c:/program files/microchip/xc32/v4.45/bin/bin/../../lib/gcc/pic32c/8.3.1/../../../../pic32c/lib/thumb/v7e-m+fp/hard\libc-musl.a(__io_fmt_needed.o) (__pop_ptr_needed)
c:/program files/microchip/xc32/v4.45/bin/bin/../../lib/gcc/pic32c/8.3.1/../../../../pic32c/lib/thumb/v7e-m+fp/hard\libc-musl.a(__printf_core.o)
                              c:/program files/microchip/xc32/v4.45/bin/bin/../../lib/gcc/pic32c/8.3.1/../../../../pic32c/lib/thumb/v7e-m+fp/hard\libc-musl.a(vfprintf.o) (__printf_core)
c:/program files/microchip/xc32/v4.45/bin/bin/../../lib/gcc/pic32c/8.3.1/../../../../pic32c/lib/thumb/v7e-m+fp/hard\libc-musl.a(atoi.o)
                              c:/program files/microchip/xc32/v4.45/bin/bin/../../lib/gcc/pic32c/8.3.1/../../../../pic32c/lib/thumb/v7e-m+fp/hard\libc-musl.a(__printf_core.o) (atoi)
[...]
Memory Configuration

Name             Origin             Length             Attributes
rom              0x00000000000b0000 0x0000000000050000 xrl
ram              0x0000000000118000 0x000000000000a000 xw !r
*default*        0x0000000000000000 0xffffffffffffffff

Linker script and memory map

LOAD c:/program files/microchip/xc32/v4.45/bin/bin/../../lib/gcc/pic32c/8.3.1/thumb/v7e-m+fp/hard/crti.o
LOAD c:/program files/microchip/xc32/v4.45/bin/bin/../../lib/gcc/pic32c/8.3.1/thumb/v7e-m+fp/hard/crtbegin.o
LOAD build/kf_freertos_fpga/production/_ext/1420773124/serial.o
LOAD build/kf_freertos_fpga/production/_ext/1420773124/trace.o
LOAD build/kf_freertos_fpga/production/_ext/101992513/drv_i3c.o
LOAD build/kf_freertos_fpga/production/_ext/101992513/drv_i3c_config.o
LOAD build/kf_freertos_fpga/production/_ext/1886205328/i3c_ccc.o
LOAD build/kf_freertos_fpga/production/_ext/1886205328/i3c_common.o
LOAD build/kf_freertos_fpga/production/_ext/785111490/osal_freertos.o
LOAD build/kf_freertos_fpga/production/_ext/825503660/dma.o
LOAD build/kf_freertos_fpga/production/_ext/868947740/plib_ec_reg_bank.o
LOAD build/kf_freertos_fpga/production/_ext/179210842/plib_ecia.o
LOAD build/kf_freertos_fpga/production/_ext/179282931/plib_gpio.o
LOAD build/kf_freertos_fpga/production/_ext/825500651/plib_i3c.o
LOAD build/kf_freertos_fpga/production/_ext/825500651/plib_i3c_private.o
LOAD build/kf_freertos_fpga/production/_ext/179497222/plib_nvic.o
LOAD build/kf_freertos_fpga/production/_ext/825492421/plib_pcr.o
LOAD build/kf_freertos_fpga/production/_ext/1732944825/uart_api.o
LOAD build/kf_freertos_fpga/production/_ext/1732944825/uart_perphl.o
LOAD build/kf_freertos_fpga/production/_ext/1435074362/xc32_monitor.o
LOAD build/kf_freertos_fpga/production/_ext/29258880/exceptions.o
LOAD build/kf_freertos_fpga/production/_ext/29258880/freertos_hooks.o
LOAD build/kf_freertos_fpga/production/_ext/29258880/initialization.o
LOAD build/kf_freertos_fpga/production/_ext/29258880/interrupts.o
LOAD build/kf_freertos_fpga/production/_ext/29258880/libc_syscalls.o
LOAD build/kf_freertos_fpga/production/_ext/29258880/startup_xc32.o
LOAD build/kf_freertos_fpga/production/_ext/29258880/tasks.o
LOAD build/kf_freertos_fpga/production/_ext/246609638/port.o
LOAD build/kf_freertos_fpga/production/_ext/1665200909/heap_1.o
LOAD build/kf_freertos_fpga/production/_ext/404212886/queue.o
LOAD build/kf_freertos_fpga/production/_ext/404212886/croutine.o
LOAD build/kf_freertos_fpga/production/_ext/404212886/timers.o
LOAD build/kf_freertos_fpga/production/_ext/404212886/list.o
LOAD build/kf_freertos_fpga/production/_ext/404212886/FreeRTOS_tasks.o
LOAD build/kf_freertos_fpga/production/_ext/404212886/stream_buffer.o
LOAD build/kf_freertos_fpga/production/_ext/404212886/event_groups.o
LOAD build/kf_freertos_fpga/production/_ext/1521323865/test_ccc.o
LOAD build/kf_freertos_fpga/production/_ext/1521323865/test_pvt_xfer.o
LOAD build/kf_freertos_fpga/production/_ext/1521323865/test_icm42605.o
LOAD build/kf_freertos_fpga/production/_ext/1521323865/test_ibis.o
LOAD build/kf_freertos_fpga/production/_ext/1521323865/tgt_test_pvt_xfer.o
LOAD build/kf_freertos_fpga/production/_ext/1521323865/crc8.o
LOAD build/kf_freertos_fpga/production/_ext/1521323865/tgt_test_ibis.o
LOAD build/kf_freertos_fpga/production/_ext/1360937237/task1.o
LOAD build/kf_freertos_fpga/production/_ext/1360937237/main.o
LOAD build/kf_freertos_fpga/production/_ext/1360937237/task2.o
LOAD build/kf_freertos_fpga/production/_ext/1360937237/task3.o
LOAD build/kf_freertos_fpga/production/_ext/346071803/log.o
                0x0000000000000001                __MPLAB_BUILD = 0x1
                0x0000000000100000                __rom_end = (ORIGIN (rom) + LENGTH (rom))
                0x0000000000122000                __ram_end = (ORIGIN (ram) + LENGTH (ram))

.vectors        0x00000000000b0000      0x350
                0x00000000000b0000                . = ALIGN (0x4)
                0x00000000000b0000                _sfixed = .
 *(.vectors .vectors.* .vectors_default .vectors_default.*)
 .vectors.exception_table
                0x00000000000b0000      0x350 build/kf_freertos_fpga/production/_ext/29258880/interrupts.o
                0x00000000000b0000                exception_table
 *(.isr_vector)
 *(.reset*)
 *(.after_vectors)

.text           0x00000000000b0350       0x20
                0x00000000000b0350                . = ALIGN (0x4)
 *(.glue_7t)
 .glue_7t       0x00000000000b0350        0x0 linker stubs
 *(.glue_7)
 .glue_7        0x00000000000b0350        0x0 linker stubs
 *(.gnu.linkonce.r.*)
 *(.ARM.extab* .gnu.linkonce.armextab.*)
                0x00000000000b0350                . = ALIGN (0x4)
 *(.init)
 .init          0x00000000000b0350        0x4 c:/program files/microchip/xc32/v4.45/bin/bin/../../lib/gcc/pic32c/8.3.1/thumb/v7e-m+fp/hard/crti.o
                0x00000000000b0350                _init
 .init          0x00000000000b0354        0x8 c:/program files/microchip/xc32/v4.45/bin/bin/../../lib/gcc/pic32c/8.3.1/thumb/v7e-m+fp/hard/crtn.o
                0x00000000000b035c                . = ALIGN (0x4)
                0x00000000000b035c                __preinit_array_start = .
 *(.preinit_array)
                0x00000000000b035c                __preinit_array_end = .
                0x00000000000b035c                . = ALIGN (0x4)
                0x00000000000b035c                __init_array_start = .
 *(SORT_BY_NAME(.init_array.*))
 *(.init_array)
 .init_array    0x00000000000b035c        0x4 c:/program files/microchip/xc32/v4.45/bin/bin/../../lib/gcc/pic32c/8.3.1/thumb/v7e-m+fp/hard/crtbegin.o
                0x00000000000b0360                __init_array_end = .
                0x00000000000b0360                . = ALIGN (0x4)
 *crtbegin.o(.ctors)
 *(EXCLUDE_FILE(*crtend.o) .ctors)
 *(SORT_BY_NAME(.ctors.*))
 *crtend.o(.ctors)
                0x00000000000b0360                . = ALIGN (0x4)
 *(.fini)
 .fini          0x00000000000b0360        0x4 c:/program files/microchip/xc32/v4.45/bin/bin/../../lib/gcc/pic32c/8.3.1/thumb/v7e-m+fp/hard/crti.o
                0x00000000000b0360                _fini
 .fini          0x00000000000b0364        0x8 c:/program files/microchip/xc32/v4.45/bin/bin/../../lib/gcc/pic32c/8.3.1/thumb/v7e-m+fp/hard/crtn.o
                0x00000000000b036c                . = ALIGN (0x4)
                0x00000000000b036c                __fini_array_start = .
 *(.fini_array)
 .fini_array    0x00000000000b036c        0x4 c:/program files/microchip/xc32/v4.45/bin/bin/../../lib/gcc/pic32c/8.3.1/thumb/v7e-m+fp/hard/crtbegin.o
 *(SORT_BY_NAME(.fini_array.*))
                0x00000000000b0370                __fini_array_end = .
 *crtbegin.o(.dtors)
 *(EXCLUDE_FILE(*crtend.o) .dtors)
 *(SORT_BY_NAME(.dtors.*))
 *crtend.o(.dtors)
                0x00000000000b0370                . = ALIGN (0x4)
                0x00000000000b0370                _efixed = .
                [!provide]                        PROVIDE (__exidx_start = .)

.ARM.exidx      0x00000000000b0370        0x8
 *(.ARM.exidx* .gnu.linkonce.armexidx.*)
 .ARM.exidx     0x00000000000b0370        0x8 c:/program files/microchip/xc32/v4.45/bin/bin/../../lib/gcc/pic32c/8.3.1/thumb/v7e-m+fp/hard\libgcc.a(_udivmoddi4.o)
                [!provide]                        PROVIDE (__exidx_end = .)
                0x00000000000b0378                . = ALIGN (0x4)
                0x00000000000b0378                _etext = .

.bss            0x0000000000118000        0x0
                0x0000000000118000                . = ALIGN (0x4)
                0x0000000000118000                __bss_start__ = .
                0x0000000000118000                _sbss = .
                0x0000000000118000                _szero = .
 *(COMMON)
                0x0000000000118000                . = ALIGN (0x4)
                0x0000000000118000                __bss_end__ = .
                0x0000000000118000                _ebss = .
                0x0000000000118000                _ezero = .
                0x0000000000118000                . = ALIGN (0x4)
                0x0000000000118000                _end = .
                0x0000000000121fff                _ram_end_ = ((ORIGIN (ram) + LENGTH (ram)) - 0x1)
                0x0000000000000200                _min_heap_size = 0x200
START GROUP
LOAD c:/program files/microchip/xc32/v4.45/bin/bin/../../lib/gcc/pic32c/8.3.1/../../../../pic32c/lib/thumb/v7e-m+fp/hard\libpic32c.a
LOAD c:/program files/microchip/xc32/v4.45/bin/bin/../../lib/gcc/pic32c/8.3.1/../../../../pic32c/lib/thumb/v7e-m+fp/hard\libc-size-musl.a
LOAD c:/program files/microchip/xc32/v4.45/bin/bin/../../lib/gcc/pic32c/8.3.1/../../../../pic32c/lib/thumb/v7e-m+fp/hard\liblmalloc-musl.a
LOAD c:/program files/microchip/xc32/v4.45/bin/bin/../../lib/gcc/pic32c/8.3.1/../../../../pic32c/lib/thumb/v7e-m+fp/hard\libm-fast-emfloat.a
LOAD c:/program files/microchip/xc32/v4.45/bin/bin/../../lib/gcc/pic32c/8.3.1/../../../../pic32c/lib/thumb/v7e-m+fp/hard\libm-musl.a
LOAD c:/program files/microchip/xc32/v4.45/bin/bin/../../lib/gcc/pic32c/8.3.1/../../../../pic32c/lib/thumb/v7e-m+fp/hard\libc-musl.a
LOAD c:/program files/microchip/xc32/v4.45/bin/bin/../../lib/gcc/pic32c/8.3.1/../../../../pic32c/lib/thumb/v7e-m+fp/hard\libm-fast-emfloat.a
LOAD c:/program files/microchip/xc32/v4.45/bin/bin/../../lib/gcc/pic32c/8.3.1/../../../../pic32c/lib/thumb/v7e-m+fp/hard\libm-musl.a
LOAD c:/program files/microchip/xc32/v4.45/bin/bin/../../lib/gcc/pic32c/8.3.1/thumb/v7e-m+fp/hard\libgcc.a
END GROUP
LOAD c:/program files/microchip/xc32/v4.45/bin/bin/../../lib/gcc/pic32c/8.3.1/thumb/v7e-m+fp/hard/crtend.o
LOAD c:/program files/microchip/xc32/v4.45/bin/bin/../../lib/gcc/pic32c/8.3.1/thumb/v7e-m+fp/hard/crtn.o
OUTPUT(dist/kf_freertos_fpga/production/kf_freertos_fpga.X.production.elf elf32-littlearm)
LOAD data_init
LOAD stack

.ARM.attributes
                0x0000000000000000       0x32
 .ARM.attributes
                0x0000000000000000       0x1e c:/program files/microchip/xc32/v4.45/bin/bin/../../lib/gcc/pic32c/8.3.1/thumb/v7e-m+fp/hard/crti.o
 .ARM.attributes
                0x000000000000001e       0x34 c:/program files/microchip/xc32/v4.45/bin/bin/../../lib/gcc/pic32c/8.3.1/thumb/v7e-m+fp/hard/crtbegin.o
 .ARM.attributes
                0x0000000000000052       0x34 build/kf_freertos_fpga/production/_ext/1420773124/serial.o
 .ARM.attributes
                0x0000000000000086       0x34 build/kf_freertos_fpga/production/_ext/1420773124/trace.o
 .ARM.attributes
                0x00000000000000ba       0x34 build/kf_freertos_fpga/production/_ext/101992513/drv_i3c.o
 .ARM.attributes
                0x00000000000000ee       0x34 build/kf_freertos_fpga/production/_ext/101992513/drv_i3c_config.o
 .ARM.attributes
                0x0000000000000122       0x34 build/kf_freertos_fpga/production/_ext/1886205328/i3c_ccc.o
 .ARM.attributes
                0x0000000000000156       0x34 build/kf_freertos_fpga/production/_ext/1886205328/i3c_common.o
 .ARM.attributes
                0x000000000000018a       0x34 build/kf_freertos_fpga/production/_ext/785111490/osal_freertos.o
 .ARM.attributes
                0x00000000000001be       0x34 build/kf_freertos_fpga/production/_ext/868947740/plib_ec_reg_bank.o
 .ARM.attributes
                0x00000000000001f2       0x34 build/kf_freertos_fpga/production/_ext/179210842/plib_ecia.o
 .ARM.attributes
                0x0000000000000226       0x34 build/kf_freertos_fpga/production/_ext/179282931/plib_gpio.o
 .ARM.attributes
                0x000000000000025a       0x34 build/kf_freertos_fpga/production/_ext/825500651/plib_i3c.o
 .ARM.attributes
                0x000000000000028e       0x34 build/kf_freertos_fpga/production/_ext/825500651/plib_i3c_private.o
 .ARM.attributes
                0x00000000000002c2       0x34 build/kf_freertos_fpga/production/_ext/179497222/plib_nvic.o
 .ARM.attributes
                0x00000000000002f6       0x34 build/kf_freertos_fpga/production/_ext/825492421/plib_pcr.o
 .ARM.attributes
                0x000000000000032a       0x34 build/kf_freertos_fpga/production/_ext/1732944825/uart_api.o
 .ARM.attributes
                0x000000000000035e       0x34 build/kf_freertos_fpga/production/_ext/1732944825/uart_perphl.o
 .ARM.attributes
                0x0000000000000392       0x34 build/kf_freertos_fpga/production/_ext/29258880/exceptions.o
 .ARM.attributes
                0x00000000000003c6       0x34 build/kf_freertos_fpga/production/_ext/29258880/freertos_hooks.o
 .ARM.attributes
                0x00000000000003fa       0x34 build/kf_freertos_fpga/production/_ext/29258880/initialization.o
 .ARM.attributes
                0x000000000000042e       0x34 build/kf_freertos_fpga/production/_ext/29258880/interrupts.o
 .ARM.attributes
                0x0000000000000462       0x34 build/kf_freertos_fpga/production/_ext/29258880/startup_xc32.o
 .ARM.attributes
                0x0000000000000496       0x34 build/kf_freertos_fpga/production/_ext/29258880/tasks.o
 .ARM.attributes
                0x00000000000004ca       0x34 build/kf_freertos_fpga/production/_ext/246609638/port.o
 .ARM.attributes
                0x00000000000004fe       0x34 build/kf_freertos_fpga/production/_ext/1665200909/heap_1.o
 .ARM.attributes
                0x0000000000000532       0x34 build/kf_freertos_fpga/production/_ext/404212886/queue.o
 .ARM.attributes
                0x0000000000000566       0x34 build/kf_freertos_fpga/production/_ext/404212886/timers.o
 .ARM.attributes
                0x000000000000059a       0x34 build/kf_freertos_fpga/production/_ext/404212886/list.o
 .ARM.attributes
                0x00000000000005ce       0x34 build/kf_freertos_fpga/production/_ext/404212886/FreeRTOS_tasks.o
 .ARM.attributes
                0x0000000000000602       0x34 build/kf_freertos_fpga/production/_ext/1521323865/test_pvt_xfer.o
 .ARM.attributes
                0x0000000000000636       0x34 build/kf_freertos_fpga/production/_ext/1521323865/test_ibis.o
 .ARM.attributes
                0x000000000000066a       0x34 build/kf_freertos_fpga/production/_ext/1521323865/tgt_test_pvt_xfer.o
 .ARM.attributes
                0x000000000000069e       0x34 build/kf_freertos_fpga/production/_ext/1360937237/task1.o
 .ARM.attributes
                0x00000000000006d2       0x34 build/kf_freertos_fpga/production/_ext/1360937237/main.o
 .ARM.attributes
                0x0000000000000706       0x34 build/kf_freertos_fpga/production/_ext/1360937237/task2.o
 .ARM.attributes
                0x000000000000073a       0x34 build/kf_freertos_fpga/production/_ext/1360937237/task3.o
 .ARM.attributes
                0x000000000000076e       0x34 build/kf_freertos_fpga/production/_ext/346071803/log.o
 .ARM.attributes
                0x00000000000007a2       0x34 c:/program files/microchip/xc32/v4.45/bin/bin/../../lib/gcc/pic32c/8.3.1/../../../../pic32c/lib/thumb/v7e-m+fp/hard\libpic32c.a(data_init.o)
 .ARM.attributes
                0x00000000000007d6       0x36 c:/program files/microchip/xc32/v4.45/bin/bin/../../lib/gcc/pic32c/8.3.1/../../../../pic32c/lib/thumb/v7e-m+fp/hard\libc-size-musl.a(memcpy.o)
 .ARM.attributes
                0x000000000000080c       0x36 c:/program files/microchip/xc32/v4.45/bin/bin/../../lib/gcc/pic32c/8.3.1/../../../../pic32c/lib/thumb/v7e-m+fp/hard\libc-size-musl.a(memset.o)
 .ARM.attributes
                0x0000000000000842       0x36 c:/program files/microchip/xc32/v4.45/bin/bin/../../lib/gcc/pic32c/8.3.1/../../../../pic32c/lib/thumb/v7e-m+fp/hard\libc-musl.a(__libc_start_main.o)
 .ARM.attributes
                0x0000000000000878       0x34 c:/program files/microchip/xc32/v4.45/bin/bin/../../lib/gcc/pic32c/8.3.1/../../../../pic32c/lib/thumb/v7e-m+fp/hard\libc-musl.a(libc.o)
 .ARM.attributes
                0x00000000000008ac       0x36 c:/program files/microchip/xc32/v4.45/bin/bin/../../lib/gcc/pic32c/8.3.1/../../../../pic32c/lib/thumb/v7e-m+fp/hard\libc-musl.a(vsprintf.o)
 .ARM.attributes
                0x00000000000008e2       0x34 c:/program files/microchip/xc32/v4.45/bin/bin/../../lib/gcc/pic32c/8.3.1/../../../../pic32c/lib/thumb/v7e-m+fp/hard\libc-musl.a(__environ.o)
 .ARM.attributes
                0x0000000000000916       0x36 c:/program files/microchip/xc32/v4.45/bin/bin/../../lib/gcc/pic32c/8.3.1/../../../../pic32c/lib/thumb/v7e-m+fp/hard\libc-musl.a(vsnprintf.o)
 .ARM.attributes
                0x000000000000094c       0x34 c:/program files/microchip/xc32/v4.45/bin/bin/../../lib/gcc/pic32c/8.3.1/../../../../pic32c/lib/thumb/v7e-m+fp/hard\libc-musl.a(__errno_location.o)
 .ARM.attributes
                0x0000000000000980       0x36 c:/program files/microchip/xc32/v4.45/bin/bin/../../lib/gcc/pic32c/8.3.1/../../../../pic32c/lib/thumb/v7e-m+fp/hard\libc-musl.a(vfprintf.o)
 .ARM.attributes
                0x00000000000009b6       0x36 c:/program files/microchip/xc32/v4.45/bin/bin/../../lib/gcc/pic32c/8.3.1/../../../../pic32c/lib/thumb/v7e-m+fp/hard\libc-musl.a(__pop_float.o)
 .ARM.attributes
                0x00000000000009ec       0x36 c:/program files/microchip/xc32/v4.45/bin/bin/../../lib/gcc/pic32c/8.3.1/../../../../pic32c/lib/thumb/v7e-m+fp/hard\libc-musl.a(__pop_int.o)
 .ARM.attributes
                0x0000000000000a22       0x36 c:/program files/microchip/xc32/v4.45/bin/bin/../../lib/gcc/pic32c/8.3.1/../../../../pic32c/lib/thumb/v7e-m+fp/hard\libc-musl.a(__pop_ptr.o)
 .ARM.attributes
                0x0000000000000a58       0x36 c:/program files/microchip/xc32/v4.45/bin/bin/../../lib/gcc/pic32c/8.3.1/../../../../pic32c/lib/thumb/v7e-m+fp/hard\libc-musl.a(__printf_core.o)
 .ARM.attributes
                0x0000000000000a8e       0x36 c:/program files/microchip/xc32/v4.45/bin/bin/../../lib/gcc/pic32c/8.3.1/../../../../pic32c/lib/thumb/v7e-m+fp/hard\libc-musl.a(atoi.o)
 .ARM.attributes
                0x0000000000000ac4       0x36 c:/program files/microchip/xc32/v4.45/bin/bin/../../lib/gcc/pic32c/8.3.1/../../../../pic32c/lib/thumb/v7e-m+fp/hard\libc-musl.a(tolower.o)
 .ARM.attributes
                0x0000000000000afa       0x36 c:/program files/microchip/xc32/v4.45/bin/bin/../../lib/gcc/pic32c/8.3.1/../../../../pic32c/lib/thumb/v7e-m+fp/hard\libc-musl.a(__fmt_a.o)
 .ARM.attributes
                0x0000000000000b30       0x36 c:/program files/microchip/xc32/v4.45/bin/bin/../../lib/gcc/pic32c/8.3.1/../../../../pic32c/lib/thumb/v7e-m+fp/hard\libc-musl.a(__fmt_d.o)
 .ARM.attributes
                0x0000000000000b66       0x36 c:/program files/microchip/xc32/v4.45/bin/bin/../../lib/gcc/pic32c/8.3.1/../../../../pic32c/lib/thumb/v7e-m+fp/hard\libc-musl.a(__fmt_fp.o)
 .ARM.attributes
                0x0000000000000b9c       0x36 c:/program files/microchip/xc32/v4.45/bin/bin/../../lib/gcc/pic32c/8.3.1/../../../../pic32c/lib/thumb/v7e-m+fp/hard\libc-musl.a(__fmt_o.o)
 .ARM.attributes
                0x0000000000000bd2       0x36 c:/program files/microchip/xc32/v4.45/bin/bin/../../lib/gcc/pic32c/8.3.1/../../../../pic32c/lib/thumb/v7e-m+fp/hard\libc-musl.a(__fmt_s.o)
 .ARM.attributes
                0x0000000000000c08       0x36 c:/program files/microchip/xc32/v4.45/bin/bin/../../lib/gcc/pic32c/8.3.1/../../../../pic32c/lib/thumb/v7e-m+fp/hard\libc-musl.a(__fmt_u.o)
 .ARM.attributes
                0x0000000000000c3e       0x36 c:/program files/microchip/xc32/v4.45/bin/bin/../../lib/gcc/pic32c/8.3.1/../../../../pic32c/lib/thumb/v7e-m+fp/hard\libc-musl.a(__fmt_x.o)
 .ARM.attributes
                0x0000000000000c74       0x36 c:/program files/microchip/xc32/v4.45/bin/bin/../../lib/gcc/pic32c/8.3.1/../../../../pic32c/lib/thumb/v7e-m+fp/hard\libc-musl.a(toupper.o)
 .ARM.attributes
                0x0000000000000caa       0x36 c:/program files/microchip/xc32/v4.45/bin/bin/../../lib/gcc/pic32c/8.3.1/../../../../pic32c/lib/thumb/v7e-m+fp/hard\libc-musl.a(__cvt_u.o)
 .ARM.attributes
                0x0000000000000ce0       0x34 c:/program files/microchip/xc32/v4.45/bin/bin/../../lib/gcc/pic32c/8.3.1/../../../../pic32c/lib/thumb/v7e-m+fp/hard\libm-fast-emfloat.a(fma.o)
 .ARM.attributes
                0x0000000000000d14       0x34 c:/program files/microchip/xc32/v4.45/bin/bin/../../lib/gcc/pic32c/8.3.1/../../../../pic32c/lib/thumb/v7e-m+fp/hard\libm-fast-emfloat.a(floor.o)
 .ARM.attributes
                0x0000000000000d48       0x20 c:/program files/microchip/xc32/v4.45/bin/bin/../../lib/gcc/pic32c/8.3.1/../../../../pic32c/lib/thumb/v7e-m+fp/hard\libm-fast-emfloat.a(__aeabi_dadd.o)
 .ARM.attributes
                0x0000000000000d68       0x20 c:/program files/microchip/xc32/v4.45/bin/bin/../../lib/gcc/pic32c/8.3.1/../../../../pic32c/lib/thumb/v7e-m+fp/hard\libm-fast-emfloat.a(__aeabi_dsub.o)
 .ARM.attributes
                0x0000000000000d88       0x20 c:/program files/microchip/xc32/v4.45/bin/bin/../../lib/gcc/pic32c/8.3.1/../../../../pic32c/lib/thumb/v7e-m+fp/hard\libm-fast-emfloat.a(__aeabi_dmul.o)
 .ARM.attributes
                0x0000000000000da8       0x20 c:/program files/microchip/xc32/v4.45/bin/bin/../../lib/gcc/pic32c/8.3.1/../../../../pic32c/lib/thumb/v7e-m+fp/hard\libm-fast-emfloat.a(__aeabi_ddiv.o)
 .ARM.attributes
                0x0000000000000dc8       0x20 c:/program files/microchip/xc32/v4.45/bin/bin/../../lib/gcc/pic32c/8.3.1/../../../../pic32c/lib/thumb/v7e-m+fp/hard\libm-fast-emfloat.a(__aeabi_dcmple.o)
 .ARM.attributes
                0x0000000000000de8       0x20 c:/program files/microchip/xc32/v4.45/bin/bin/../../lib/gcc/pic32c/8.3.1/../../../../pic32c/lib/thumb/v7e-m+fp/hard\libm-fast-emfloat.a(__aeabi_dcmpeq.o)
 .ARM.attributes
                0x0000000000000e08       0x20 c:/program files/microchip/xc32/v4.45/bin/bin/../../lib/gcc/pic32c/8.3.1/../../../../pic32c/lib/thumb/v7e-m+fp/hard\libm-fast-emfloat.a(__aeabi_dcmpgt.o)
 .ARM.attributes
                0x0000000000000e28       0x20 c:/program files/microchip/xc32/v4.45/bin/bin/../../lib/gcc/pic32c/8.3.1/../../../../pic32c/lib/thumb/v7e-m+fp/hard\libm-fast-emfloat.a(__aeabi_dcmplt.o)
 .ARM.attributes
                0x0000000000000e48       0x20 c:/program files/microchip/xc32/v4.45/bin/bin/../../lib/gcc/pic32c/8.3.1/../../../../pic32c/lib/thumb/v7e-m+fp/hard\libm-fast-emfloat.a(__aeabi_d2iz.o)
 .ARM.attributes
                0x0000000000000e68       0x1e c:/program files/microchip/xc32/v4.45/bin/bin/../../lib/gcc/pic32c/8.3.1/thumb/v7e-m+fp/hard\libgcc.a(_aeabi_uldivmod.o)
 .ARM.attributes
                0x0000000000000e86       0x34 c:/program files/microchip/xc32/v4.45/bin/bin/../../lib/gcc/pic32c/8.3.1/thumb/v7e-m+fp/hard\libgcc.a(_paritysi2.o)
 .ARM.attributes
                0x0000000000000eba       0x34 c:/program files/microchip/xc32/v4.45/bin/bin/../../lib/gcc/pic32c/8.3.1/thumb/v7e-m+fp/hard\libgcc.a(_udivmoddi4.o)
 .ARM.attributes
                0x0000000000000eee       0x1e c:/program files/microchip/xc32/v4.45/bin/bin/../../lib/gcc/pic32c/8.3.1/thumb/v7e-m+fp/hard\libgcc.a(_dvmd_tls.o)
 .ARM.attributes
                0x0000000000000f0c       0x36 c:/program files/microchip/xc32/v4.45/bin/bin/../../lib/gcc/pic32c/8.3.1/../../../../pic32c/lib/thumb/v7e-m+fp/hard\libc-size-musl.a(strlen.o)
 .ARM.attributes
                0x0000000000000f42       0x36 c:/program files/microchip/xc32/v4.45/bin/bin/../../lib/gcc/pic32c/8.3.1/../../../../pic32c/lib/thumb/v7e-m+fp/hard\libc-size-musl.a(strcpy.o)
 .ARM.attributes
                0x0000000000000f78       0x36 c:/program files/microchip/xc32/v4.45/bin/bin/../../lib/gcc/pic32c/8.3.1/../../../../pic32c/lib/thumb/v7e-m+fp/hard\libc-size-musl.a(stpcpy.o)
 .ARM.attributes
                0x0000000000000fae       0x1e c:/program files/microchip/xc32/v4.45/bin/bin/../../lib/gcc/pic32c/8.3.1/thumb/v7e-m+fp/hard/crtn.o
 .ARM.attributes
                0x0000000000000fcc       0x34 c:/program files/microchip/xc32/v4.45/bin/bin/../../lib/gcc/pic32c/8.3.1/../../../../pic32c/lib/thumb/v7e-m+fp/hard\libpic32c.a(pic32_data_init_clear.o)
 .ARM.attributes
                0x0000000000001000       0x34 c:/program files/microchip/xc32/v4.45/bin/bin/../../lib/gcc/pic32c/8.3.1/../../../../pic32c/lib/thumb/v7e-m+fp/hard\libpic32c.a(pic32_data_init_copy.o)
 .ARM.attributes
                0x0000000000001034       0x34 c:/program files/microchip/xc32/v4.45/bin/bin/../../lib/gcc/pic32c/8.3.1/../../../../pic32c/lib/thumb/v7e-m+fp/hard\libpic32c.a(pic32_data_init_decompress.o)

.comment        0x0000000000000000       0x2b
 .comment       0x0000000000000000       0x2b c:/program files/microchip/xc32/v4.45/bin/bin/../../lib/gcc/pic32c/8.3.1/thumb/v7e-m+fp/hard/crtbegin.o
                                         0x2c (size before relaxing)
 .comment       0x000000000000002b       0x2c build/kf_freertos_fpga/production/_ext/1420773124/serial.o
 .comment       0x000000000000002b       0x2c build/kf_freertos_fpga/production/_ext/1420773124/trace.o
 .comment       0x000000000000002b       0x2c build/kf_freertos_fpga/production/_ext/101992513/drv_i3c.o
 .comment       0x000000000000002b       0x2c build/kf_freertos_fpga/production/_ext/101992513/drv_i3c_config.o
 .comment       0x000000000000002b       0x2c build/kf_freertos_fpga/production/_ext/1886205328/i3c_ccc.o
 .comment       0x000000000000002b       0x2c build/kf_freertos_fpga/production/_ext/1886205328/i3c_common.o
 .comment       0x000000000000002b       0x2c build/kf_freertos_fpga/production/_ext/785111490/osal_freertos.o
 .comment       0x000000000000002b       0x2c build/kf_freertos_fpga/production/_ext/868947740/plib_ec_reg_bank.o
 .comment       0x000000000000002b       0x2c build/kf_freertos_fpga/production/_ext/179210842/plib_ecia.o
 .comment       0x000000000000002b       0x2c build/kf_freertos_fpga/production/_ext/179282931/plib_gpio.o
 .comment       0x000000000000002b       0x2c build/kf_freertos_fpga/production/_ext/825500651/plib_i3c.o
 .comment       0x000000000000002b       0x2c build/kf_freertos_fpga/production/_ext/825500651/plib_i3c_private.o
 .comment       0x000000000000002b       0x2c build/kf_freertos_fpga/production/_ext/179497222/plib_nvic.o
 .comment       0x000000000000002b       0x2c build/kf_freertos_fpga/production/_ext/825492421/plib_pcr.o
 .comment       0x000000000000002b       0x2c build/kf_freertos_fpga/production/_ext/1732944825/uart_api.o
 .comment       0x000000000000002b       0x2c build/kf_freertos_fpga/production/_ext/1732944825/uart_perphl.o
 .comment       0x000000000000002b       0x2c build/kf_freertos_fpga/production/_ext/29258880/exceptions.o
 .comment       0x000000000000002b       0x2c build/kf_freertos_fpga/production/_ext/29258880/freertos_hooks.o
 .comment       0x000000000000002b       0x2c build/kf_freertos_fpga/production/_ext/29258880/initialization.o
 .comment       0x000000000000002b       0x2c build/kf_freertos_fpga/production/_ext/29258880/interrupts.o
 .comment       0x000000000000002b       0x2c build/kf_freertos_fpga/production/_ext/29258880/startup_xc32.o
 .comment       0x000000000000002b       0x2c build/kf_freertos_fpga/production/_ext/29258880/tasks.o
 .comment       0x000000000000002b       0x2c build/kf_freertos_fpga/production/_ext/246609638/port.o
 .comment       0x000000000000002b       0x2c build/kf_freertos_fpga/production/_ext/1665200909/heap_1.o
 .comment       0x000000000000002b       0x2c build/kf_freertos_fpga/production/_ext/404212886/queue.o
 .comment       0x000000000000002b       0x2c build/kf_freertos_fpga/production/_ext/404212886/timers.o
 .comment       0x000000000000002b       0x2c build/kf_freertos_fpga/production/_ext/404212886/list.o
 .comment       0x000000000000002b       0x2c build/kf_freertos_fpga/production/_ext/404212886/FreeRTOS_tasks.o
 .comment       0x000000000000002b       0x2c build/kf_freertos_fpga/production/_ext/1521323865/test_pvt_xfer.o
 .comment       0x000000000000002b       0x2c build/kf_freertos_fpga/production/_ext/1521323865/test_ibis.o
 .comment       0x000000000000002b       0x2c build/kf_freertos_fpga/production/_ext/1521323865/tgt_test_pvt_xfer.o
 .comment       0x000000000000002b       0x2c build/kf_freertos_fpga/production/_ext/1360937237/task1.o
 .comment       0x000000000000002b       0x2c build/kf_freertos_fpga/production/_ext/1360937237/main.o
 .comment       0x000000000000002b       0x2c build/kf_freertos_fpga/production/_ext/1360937237/task2.o
 .comment       0x000000000000002b       0x2c build/kf_freertos_fpga/production/_ext/1360937237/task3.o
 .comment       0x000000000000002b       0x2c build/kf_freertos_fpga/production/_ext/346071803/log.o
 .comment       0x000000000000002b       0x2c c:/program files/microchip/xc32/v4.45/bin/bin/../../lib/gcc/pic32c/8.3.1/../../../../pic32c/lib/thumb/v7e-m+fp/hard\libpic32c.a(data_init.o)
 .comment       0x000000000000002b       0x2c c:/program files/microchip/xc32/v4.45/bin/bin/../../lib/gcc/pic32c/8.3.1/../../../../pic32c/lib/thumb/v7e-m+fp/hard\libc-size-musl.a(memcpy.o)
 .comment       0x000000000000002b       0x2c c:/program files/microchip/xc32/v4.45/bin/bin/../../lib/gcc/pic32c/8.3.1/../../../../pic32c/lib/thumb/v7e-m+fp/hard\libc-size-musl.a(memset.o)
 .comment       0x000000000000002b       0x2c c:/program files/microchip/xc32/v4.45/bin/bin/../../lib/gcc/pic32c/8.3.1/../../../../pic32c/lib/thumb/v7e-m+fp/hard\libc-musl.a(__libc_start_main.o)
 .comment       0x000000000000002b       0x2c c:/program files/microchip/xc32/v4.45/bin/bin/../../lib/gcc/pic32c/8.3.1/../../../../pic32c/lib/thumb/v7e-m+fp/hard\libc-musl.a(libc.o)
 .comment       0x000000000000002b       0x2c c:/program files/microchip/xc32/v4.45/bin/bin/../../lib/gcc/pic32c/8.3.1/../../../../pic32c/lib/thumb/v7e-m+fp/hard\libc-musl.a(vsprintf.o)
 .comment       0x000000000000002b       0x2c c:/program files/microchip/xc32/v4.45/bin/bin/../../lib/gcc/pic32c/8.3.1/../../../../pic32c/lib/thumb/v7e-m+fp/hard\libc-musl.a(__environ.o)
 .comment       0x000000000000002b       0x2c c:/program files/microchip/xc32/v4.45/bin/bin/../../lib/gcc/pic32c/8.3.1/../../../../pic32c/lib/thumb/v7e-m+fp/hard\libc-musl.a(vsnprintf.o)
 .comment       0x000000000000002b       0x2c c:/program files/microchip/xc32/v4.45/bin/bin/../../lib/gcc/pic32c/8.3.1/../../../../pic32c/lib/thumb/v7e-m+fp/hard\libc-musl.a(__errno_location.o)
 .comment       0x000000000000002b       0x2c c:/program files/microchip/xc32/v4.45/bin/bin/../../lib/gcc/pic32c/8.3.1/../../../../pic32c/lib/thumb/v7e-m+fp/hard\libc-musl.a(vfprintf.o)
 .comment       0x000000000000002b       0x2c c:/program files/microchip/xc32/v4.45/bin/bin/../../lib/gcc/pic32c/8.3.1/../../../../pic32c/lib/thumb/v7e-m+fp/hard\libc-musl.a(__pop_float.o)
 .comment       0x000000000000002b       0x2c c:/program files/microchip/xc32/v4.45/bin/bin/../../lib/gcc/pic32c/8.3.1/../../../../pic32c/lib/thumb/v7e-m+fp/hard\libc-musl.a(__pop_int.o)
 .comment       0x000000000000002b       0x2c c:/program files/microchip/xc32/v4.45/bin/bin/../../lib/gcc/pic32c/8.3.1/../../../../pic32c/lib/thumb/v7e-m+fp/hard\libc-musl.a(__pop_ptr.o)
 .comment       0x000000000000002b       0x2c c:/program files/microchip/xc32/v4.45/bin/bin/../../lib/gcc/pic32c/8.3.1/../../../../pic32c/lib/thumb/v7e-m+fp/hard\libc-musl.a(__printf_core.o)
 .comment       0x000000000000002b       0x2c c:/program files/microchip/xc32/v4.45/bin/bin/../../lib/gcc/pic32c/8.3.1/../../../../pic32c/lib/thumb/v7e-m+fp/hard\libc-musl.a(atoi.o)
 .comment       0x000000000000002b       0x2c c:/program files/microchip/xc32/v4.45/bin/bin/../../lib/gcc/pic32c/8.3.1/../../../../pic32c/lib/thumb/v7e-m+fp/hard\libc-musl.a(tolower.o)
 .comment       0x000000000000002b       0x2c c:/program files/microchip/xc32/v4.45/bin/bin/../../lib/gcc/pic32c/8.3.1/../../../../pic32c/lib/thumb/v7e-m+fp/hard\libc-musl.a(__fmt_a.o)
 .comment       0x000000000000002b       0x2c c:/program files/microchip/xc32/v4.45/bin/bin/../../lib/gcc/pic32c/8.3.1/../../../../pic32c/lib/thumb/v7e-m+fp/hard\libc-musl.a(__fmt_d.o)
 .comment       0x000000000000002b       0x2c c:/program files/microchip/xc32/v4.45/bin/bin/../../lib/gcc/pic32c/8.3.1/../../../../pic32c/lib/thumb/v7e-m+fp/hard\libc-musl.a(__fmt_fp.o)
 .comment       0x000000000000002b       0x2c c:/program files/microchip/xc32/v4.45/bin/bin/../../lib/gcc/pic32c/8.3.1/../../../../pic32c/lib/thumb/v7e-m+fp/hard\libc-musl.a(__fmt_o.o)
 .comment       0x000000000000002b       0x2c c:/program files/microchip/xc32/v4.45/bin/bin/../../lib/gcc/pic32c/8.3.1/../../../../pic32c/lib/thumb/v7e-m+fp/hard\libc-musl.a(__fmt_s.o)
 .comment       0x000000000000002b       0x2c c:/program files/microchip/xc32/v4.45/bin/bin/../../lib/gcc/pic32c/8.3.1/../../../../pic32c/lib/thumb/v7e-m+fp/hard\libc-musl.a(__fmt_u.o)
 .comment       0x000000000000002b       0x2c c:/program files/microchip/xc32/v4.45/bin/bin/../../lib/gcc/pic32c/8.3.1/../../../../pic32c/lib/thumb/v7e-m+fp/hard\libc-musl.a(__fmt_x.o)
 .comment       0x000000000000002b       0x2c c:/program files/microchip/xc32/v4.45/bin/bin/../../lib/gcc/pic32c/8.3.1/../../../../pic32c/lib/thumb/v7e-m+fp/hard\libc-musl.a(toupper.o)
 .comment       0x000000000000002b       0x2c c:/program files/microchip/xc32/v4.45/bin/bin/../../lib/gcc/pic32c/8.3.1/../../../../pic32c/lib/thumb/v7e-m+fp/hard\libc-musl.a(__cvt_u.o)
 .comment       0x000000000000002b       0x2c c:/program files/microchip/xc32/v4.45/bin/bin/../../lib/gcc/pic32c/8.3.1/../../../../pic32c/lib/thumb/v7e-m+fp/hard\libm-fast-emfloat.a(fma.o)
 .comment       0x000000000000002b       0x2c c:/program files/microchip/xc32/v4.45/bin/bin/../../lib/gcc/pic32c/8.3.1/../../../../pic32c/lib/thumb/v7e-m+fp/hard\libm-fast-emfloat.a(floor.o)
 .comment       0x000000000000002b       0x2c c:/program files/microchip/xc32/v4.45/bin/bin/../../lib/gcc/pic32c/8.3.1/thumb/v7e-m+fp/hard\libgcc.a(_paritysi2.o)
 .comment       0x000000000000002b       0x2c c:/program files/microchip/xc32/v4.45/bin/bin/../../lib/gcc/pic32c/8.3.1/thumb/v7e-m+fp/hard\libgcc.a(_udivmoddi4.o)
 .comment       0x000000000000002b       0x2c c:/program files/microchip/xc32/v4.45/bin/bin/../../lib/gcc/pic32c/8.3.1/../../../../pic32c/lib/thumb/v7e-m+fp/hard\libc-size-musl.a(strlen.o)
 .comment       0x000000000000002b       0x2c c:/program files/microchip/xc32/v4.45/bin/bin/../../lib/gcc/pic32c/8.3.1/../../../../pic32c/lib/thumb/v7e-m+fp/hard\libc-size-musl.a(strcpy.o)
 .comment       0x000000000000002b       0x2c c:/program files/microchip/xc32/v4.45/bin/bin/../../lib/gcc/pic32c/8.3.1/../../../../pic32c/lib/thumb/v7e-m+fp/hard\libc-size-musl.a(stpcpy.o)
 .comment       0x000000000000002b       0x2c c:/program files/microchip/xc32/v4.45/bin/bin/../../lib/gcc/pic32c/8.3.1/../../../../pic32c/lib/thumb/v7e-m+fp/hard\libpic32c.a(pic32_data_init_clear.o)
 .comment       0x000000000000002b       0x2c c:/program files/microchip/xc32/v4.45/bin/bin/../../lib/gcc/pic32c/8.3.1/../../../../pic32c/lib/thumb/v7e-m+fp/hard\libpic32c.a(pic32_data_init_copy.o)
 .comment       0x000000000000002b       0x2c c:/program files/microchip/xc32/v4.45/bin/bin/../../lib/gcc/pic32c/8.3.1/../../../../pic32c/lib/thumb/v7e-m+fp/hard\libpic32c.a(pic32_data_init_decompress.o)

.debug_info     0x0000000000000000    0x23066
 .debug_info    0x0000000000000000      0x17b build/kf_freertos_fpga/production/_ext/1420773124/serial.o
 .debug_info    0x000000000000017b      0x39a build/kf_freertos_fpga/production/_ext/1420773124/trace.o
 .debug_info    0x0000000000000515     0x3999 build/kf_freertos_fpga/production/_ext/101992513/drv_i3c.o
 .debug_info    0x0000000000003eae     0x1b65 build/kf_freertos_fpga/production/_ext/101992513/drv_i3c_config.o
 .debug_info    0x0000000000005a13     0x1a27 build/kf_freertos_fpga/production/_ext/1886205328/i3c_ccc.o
 .debug_info    0x000000000000743a     0x1c63 build/kf_freertos_fpga/production/_ext/1886205328/i3c_common.o
 .debug_info    0x000000000000909d      0x50c build/kf_freertos_fpga/production/_ext/785111490/osal_freertos.o
 .debug_info    0x00000000000095a9      0x6d5 build/kf_freertos_fpga/production/_ext/868947740/plib_ec_reg_bank.o
 .debug_info    0x0000000000009c7e     0x15be build/kf_freertos_fpga/production/_ext/179210842/plib_ecia.o
 .debug_info    0x000000000000b23c     0x11a7 build/kf_freertos_fpga/production/_ext/179282931/plib_gpio.o
 .debug_info    0x000000000000c3e3     0x1ead build/kf_freertos_fpga/production/_ext/825500651/plib_i3c.o
 .debug_info    0x000000000000e290     0x252b build/kf_freertos_fpga/production/_ext/825500651/plib_i3c_private.o
 .debug_info    0x00000000000107bb      0x850 build/kf_freertos_fpga/production/_ext/179497222/plib_nvic.o
 .debug_info    0x000000000001100b      0xcad build/kf_freertos_fpga/production/_ext/825492421/plib_pcr.o
 .debug_info    0x0000000000011cb8      0x33e build/kf_freertos_fpga/production/_ext/1732944825/uart_api.o
 .debug_info    0x0000000000011ff6      0xb2f build/kf_freertos_fpga/production/_ext/1732944825/uart_perphl.o
 .debug_info    0x0000000000012b25      0x11c build/kf_freertos_fpga/production/_ext/29258880/exceptions.o
 .debug_info    0x0000000000012c41      0x1e9 build/kf_freertos_fpga/production/_ext/29258880/freertos_hooks.o
 .debug_info    0x0000000000012e2a      0x177 build/kf_freertos_fpga/production/_ext/29258880/initialization.o
 .debug_info    0x0000000000012fa1      0xe64 build/kf_freertos_fpga/production/_ext/29258880/interrupts.o
 .debug_info    0x0000000000013e05      0x3ba build/kf_freertos_fpga/production/_ext/29258880/startup_xc32.o
 .debug_info    0x00000000000141bf      0x19e build/kf_freertos_fpga/production/_ext/29258880/tasks.o
 .debug_info    0x000000000001435d      0x347 build/kf_freertos_fpga/production/_ext/246609638/port.o
 .debug_info    0x00000000000146a4      0x1a4 build/kf_freertos_fpga/production/_ext/1665200909/heap_1.o
 .debug_info    0x0000000000014848     0x10bc build/kf_freertos_fpga/production/_ext/404212886/queue.o
 .debug_info    0x0000000000015904      0xb0a build/kf_freertos_fpga/production/_ext/404212886/timers.o
 .debug_info    0x000000000001640e      0x2f5 build/kf_freertos_fpga/production/_ext/404212886/list.o
 .debug_info    0x0000000000016703     0x1c2b build/kf_freertos_fpga/production/_ext/404212886/FreeRTOS_tasks.o
 .debug_info    0x000000000001832e     0x18ed build/kf_freertos_fpga/production/_ext/1521323865/test_pvt_xfer.o
 .debug_info    0x0000000000019c1b     0x15cc build/kf_freertos_fpga/production/_ext/1521323865/test_ibis.o
 .debug_info    0x000000000001b1e7     0x1009 build/kf_freertos_fpga/production/_ext/1521323865/tgt_test_pvt_xfer.o
 .debug_info    0x000000000001c1f0     0x1191 build/kf_freertos_fpga/production/_ext/1360937237/task1.o
 .debug_info    0x000000000001d381      0x107 build/kf_freertos_fpga/production/_ext/1360937237/main.o
 .debug_info    0x000000000001d488      0x92e build/kf_freertos_fpga/production/_ext/1360937237/task2.o
 .debug_info    0x000000000001ddb6      0x553 build/kf_freertos_fpga/production/_ext/1360937237/task3.o
 .debug_info    0x000000000001e309      0x2dd build/kf_freertos_fpga/production/_ext/346071803/log.o
 .debug_info    0x000000000001e5e6       0x54 c:/program files/microchip/xc32/v4.45/bin/bin/../../lib/gcc/pic32c/8.3.1/../../../../pic32c/lib/thumb/v7e-m+fp/hard\libpic32c.a(data_init.o)
 .debug_info    0x000000000001e63a       0xf3 c:/program files/microchip/xc32/v4.45/bin/bin/../../lib/gcc/pic32c/8.3.1/../../../../pic32c/lib/thumb/v7e-m+fp/hard\libc-size-musl.a(memcpy.o)
 .debug_info    0x000000000001e72d       0xbb c:/program files/microchip/xc32/v4.45/bin/bin/../../lib/gcc/pic32c/8.3.1/../../../../pic32c/lib/thumb/v7e-m+fp/hard\libc-size-musl.a(memset.o)
 .debug_info    0x000000000001e7e8      0x2fb c:/program files/microchip/xc32/v4.45/bin/bin/../../lib/gcc/pic32c/8.3.1/../../../../pic32c/lib/thumb/v7e-m+fp/hard\libc-musl.a(__libc_start_main.o)
 .debug_info    0x000000000001eae3      0x276 c:/program files/microchip/xc32/v4.45/bin/bin/../../lib/gcc/pic32c/8.3.1/../../../../pic32c/lib/thumb/v7e-m+fp/hard\libc-musl.a(libc.o)
 .debug_info    0x000000000001ed59      0x10e c:/program files/microchip/xc32/v4.45/bin/bin/../../lib/gcc/pic32c/8.3.1/../../../../pic32c/lib/thumb/v7e-m+fp/hard\libc-musl.a(vsprintf.o)
 .debug_info    0x000000000001ee67       0x97 c:/program files/microchip/xc32/v4.45/bin/bin/../../lib/gcc/pic32c/8.3.1/../../../../pic32c/lib/thumb/v7e-m+fp/hard\libc-musl.a(__environ.o)
 .debug_info    0x000000000001eefe      0x43a c:/program files/microchip/xc32/v4.45/bin/bin/../../lib/gcc/pic32c/8.3.1/../../../../pic32c/lib/thumb/v7e-m+fp/hard\libc-musl.a(vsnprintf.o)
 .debug_info    0x000000000001f338       0x5b c:/program files/microchip/xc32/v4.45/bin/bin/../../lib/gcc/pic32c/8.3.1/../../../../pic32c/lib/thumb/v7e-m+fp/hard\libc-musl.a(__errno_location.o)
 .debug_info    0x000000000001f393      0x406 c:/program files/microchip/xc32/v4.45/bin/bin/../../lib/gcc/pic32c/8.3.1/../../../../pic32c/lib/thumb/v7e-m+fp/hard\libc-musl.a(vfprintf.o)
 .debug_info    0x000000000001f799      0x162 c:/program files/microchip/xc32/v4.45/bin/bin/../../lib/gcc/pic32c/8.3.1/../../../../pic32c/lib/thumb/v7e-m+fp/hard\libc-musl.a(__pop_float.o)
 .debug_info    0x000000000001f8fb      0x183 c:/program files/microchip/xc32/v4.45/bin/bin/../../lib/gcc/pic32c/8.3.1/../../../../pic32c/lib/thumb/v7e-m+fp/hard\libc-musl.a(__pop_int.o)
 .debug_info    0x000000000001fa7e      0x187 c:/program files/microchip/xc32/v4.45/bin/bin/../../lib/gcc/pic32c/8.3.1/../../../../pic32c/lib/thumb/v7e-m+fp/hard\libc-musl.a(__pop_ptr.o)
 .debug_info    0x000000000001fc05      0xa5d c:/program files/microchip/xc32/v4.45/bin/bin/../../lib/gcc/pic32c/8.3.1/../../../../pic32c/lib/thumb/v7e-m+fp/hard\libc-musl.a(__printf_core.o)
 .debug_info    0x0000000000020662       0xf4 c:/program files/microchip/xc32/v4.45/bin/bin/../../lib/gcc/pic32c/8.3.1/../../../../pic32c/lib/thumb/v7e-m+fp/hard\libc-musl.a(atoi.o)
 .debug_info    0x0000000000020756      0x12b c:/program files/microchip/xc32/v4.45/bin/bin/../../lib/gcc/pic32c/8.3.1/../../../../pic32c/lib/thumb/v7e-m+fp/hard\libc-musl.a(tolower.o)
 .debug_info    0x0000000000020881      0x646 c:/program files/microchip/xc32/v4.45/bin/bin/../../lib/gcc/pic32c/8.3.1/../../../../pic32c/lib/thumb/v7e-m+fp/hard\libc-musl.a(__fmt_a.o)
 .debug_info    0x0000000000020ec7      0x330 c:/program files/microchip/xc32/v4.45/bin/bin/../../lib/gcc/pic32c/8.3.1/../../../../pic32c/lib/thumb/v7e-m+fp/hard\libc-musl.a(__fmt_d.o)
 .debug_info    0x00000000000211f7      0x673 c:/program files/microchip/xc32/v4.45/bin/bin/../../lib/gcc/pic32c/8.3.1/../../../../pic32c/lib/thumb/v7e-m+fp/hard\libc-musl.a(__fmt_fp.o)
 .debug_info    0x000000000002186a      0x301 c:/program files/microchip/xc32/v4.45/bin/bin/../../lib/gcc/pic32c/8.3.1/../../../../pic32c/lib/thumb/v7e-m+fp/hard\libc-musl.a(__fmt_o.o)
 .debug_info    0x0000000000021b6b      0x2b2 c:/program files/microchip/xc32/v4.45/bin/bin/../../lib/gcc/pic32c/8.3.1/../../../../pic32c/lib/thumb/v7e-m+fp/hard\libc-musl.a(__fmt_s.o)
 .debug_info    0x0000000000021e1d      0x301 c:/program files/microchip/xc32/v4.45/bin/bin/../../lib/gcc/pic32c/8.3.1/../../../../pic32c/lib/thumb/v7e-m+fp/hard\libc-musl.a(__fmt_u.o)
 .debug_info    0x000000000002211e      0x331 c:/program files/microchip/xc32/v4.45/bin/bin/../../lib/gcc/pic32c/8.3.1/../../../../pic32c/lib/thumb/v7e-m+fp/hard\libc-musl.a(__fmt_x.o)
 .debug_info    0x000000000002244f      0x12b c:/program files/microchip/xc32/v4.45/bin/bin/../../lib/gcc/pic32c/8.3.1/../../../../pic32c/lib/thumb/v7e-m+fp/hard\libc-musl.a(toupper.o)
 .debug_info    0x000000000002257a      0x1d9 c:/program files/microchip/xc32/v4.45/bin/bin/../../lib/gcc/pic32c/8.3.1/../../../../pic32c/lib/thumb/v7e-m+fp/hard\libc-musl.a(__cvt_u.o)
 .debug_info    0x0000000000022753       0x26 c:/program files/microchip/xc32/v4.45/bin/bin/../../lib/gcc/pic32c/8.3.1/thumb/v7e-m+fp/hard\libgcc.a(_aeabi_uldivmod.o)
 .debug_info    0x0000000000022779       0xd1 c:/program files/microchip/xc32/v4.45/bin/bin/../../lib/gcc/pic32c/8.3.1/thumb/v7e-m+fp/hard\libgcc.a(_paritysi2.o)
 .debug_info    0x000000000002284a      0x52a c:/program files/microchip/xc32/v4.45/bin/bin/../../lib/gcc/pic32c/8.3.1/thumb/v7e-m+fp/hard\libgcc.a(_udivmoddi4.o)
 .debug_info    0x0000000000022d74       0x26 c:/program files/microchip/xc32/v4.45/bin/bin/../../lib/gcc/pic32c/8.3.1/thumb/v7e-m+fp/hard\libgcc.a(_dvmd_tls.o)
 .debug_info    0x0000000000022d9a       0xa4 c:/program files/microchip/xc32/v4.45/bin/bin/../../lib/gcc/pic32c/8.3.1/../../../../pic32c/lib/thumb/v7e-m+fp/hard\libc-size-musl.a(strlen.o)
 .debug_info    0x0000000000022e3e       0xbd c:/program files/microchip/xc32/v4.45/bin/bin/../../lib/gcc/pic32c/8.3.1/../../../../pic32c/lib/thumb/v7e-m+fp/hard\libc-size-musl.a(strcpy.o)
 .debug_info    0x0000000000022efb       0xac c:/program files/microchip/xc32/v4.45/bin/bin/../../lib/gcc/pic32c/8.3.1/../../../../pic32c/lib/thumb/v7e-m+fp/hard\libc-size-musl.a(stpcpy.o)
 .debug_info    0x0000000000022fa7       0x3f c:/program files/microchip/xc32/v4.45/bin/bin/../../lib/gcc/pic32c/8.3.1/../../../../pic32c/lib/thumb/v7e-m+fp/hard\libpic32c.a(pic32_data_init_clear.o)
 .debug_info    0x0000000000022fe6       0x40 c:/program files/microchip/xc32/v4.45/bin/bin/../../lib/gcc/pic32c/8.3.1/../../../../pic32c/lib/thumb/v7e-m+fp/hard\libpic32c.a(pic32_data_init_copy.o)
 .debug_info    0x0000000000023026       0x40 c:/program files/microchip/xc32/v4.45/bin/bin/../../lib/gcc/pic32c/8.3.1/../../../../pic32c/lib/thumb/v7e-m+fp/hard\libpic32c.a(pic32_data_init_decompress.o)

.debug_abbrev   0x0000000000000000     0x6009
 .debug_abbrev  0x0000000000000000       0xa0 build/kf_freertos_fpga/production/_ext/1420773124/serial.o
 .debug_abbrev  0x00000000000000a0      0x172 build/kf_freertos_fpga/production/_ext/1420773124/trace.o
 .debug_abbrev  0x0000000000000212      0x429 build/kf_freertos_fpga/production/_ext/101992513/drv_i3c.o
 .debug_abbrev  0x000000000000063b      0x23a build/kf_freertos_fpga/production/_ext/101992513/drv_i3c_config.o
 .debug_abbrev  0x0000000000000875      0x297 build/kf_freertos_fpga/production/_ext/1886205328/i3c_ccc.o
 .debug_abbrev  0x0000000000000b0c      0x360 build/kf_freertos_fpga/production/_ext/1886205328/i3c_common.o
 .debug_abbrev  0x0000000000000e6c      0x169 build/kf_freertos_fpga/production/_ext/785111490/osal_freertos.o
 .debug_abbrev  0x0000000000000fd5      0x11b build/kf_freertos_fpga/production/_ext/868947740/plib_ec_reg_bank.o
 .debug_abbrev  0x00000000000010f0      0x1e9 build/kf_freertos_fpga/production/_ext/179210842/plib_ecia.o
 .debug_abbrev  0x00000000000012d9      0x1cf build/kf_freertos_fpga/production/_ext/179282931/plib_gpio.o
 .debug_abbrev  0x00000000000014a8      0x261 build/kf_freertos_fpga/production/_ext/825500651/plib_i3c.o
 .debug_abbrev  0x0000000000001709      0x22a build/kf_freertos_fpga/production/_ext/825500651/plib_i3c_private.o
 .debug_abbrev  0x0000000000001933      0x1f9 build/kf_freertos_fpga/production/_ext/179497222/plib_nvic.o
 .debug_abbrev  0x0000000000001b2c      0x15f build/kf_freertos_fpga/production/_ext/825492421/plib_pcr.o
 .debug_abbrev  0x0000000000001c8b       0xe5 build/kf_freertos_fpga/production/_ext/1732944825/uart_api.o
 .debug_abbrev  0x0000000000001d70      0x1d2 build/kf_freertos_fpga/production/_ext/1732944825/uart_perphl.o
 .debug_abbrev  0x0000000000001f42       0x49 build/kf_freertos_fpga/production/_ext/29258880/exceptions.o
 .debug_abbrev  0x0000000000001f8b      0x121 build/kf_freertos_fpga/production/_ext/29258880/freertos_hooks.o
 .debug_abbrev  0x00000000000020ac       0xe0 build/kf_freertos_fpga/production/_ext/29258880/initialization.o
 .debug_abbrev  0x000000000000218c       0xeb build/kf_freertos_fpga/production/_ext/29258880/interrupts.o
 .debug_abbrev  0x0000000000002277      0x195 build/kf_freertos_fpga/production/_ext/29258880/startup_xc32.o
 .debug_abbrev  0x000000000000240c       0xe7 build/kf_freertos_fpga/production/_ext/29258880/tasks.o
 .debug_abbrev  0x00000000000024f3      0x217 build/kf_freertos_fpga/production/_ext/246609638/port.o
 .debug_abbrev  0x000000000000270a      0x129 build/kf_freertos_fpga/production/_ext/1665200909/heap_1.o
 .debug_abbrev  0x0000000000002833      0x221 build/kf_freertos_fpga/production/_ext/404212886/queue.o
 .debug_abbrev  0x0000000000002a54      0x1ff build/kf_freertos_fpga/production/_ext/404212886/timers.o
 .debug_abbrev  0x0000000000002c53      0x100 build/kf_freertos_fpga/production/_ext/404212886/list.o
 .debug_abbrev  0x0000000000002d53      0x2ba build/kf_freertos_fpga/production/_ext/404212886/FreeRTOS_tasks.o
 .debug_abbrev  0x000000000000300d      0x296 build/kf_freertos_fpga/production/_ext/1521323865/test_pvt_xfer.o
 .debug_abbrev  0x00000000000032a3      0x292 build/kf_freertos_fpga/production/_ext/1521323865/test_ibis.o
 .debug_abbrev  0x0000000000003535      0x277 build/kf_freertos_fpga/production/_ext/1521323865/tgt_test_pvt_xfer.o
 .debug_abbrev  0x00000000000037ac      0x2d7 build/kf_freertos_fpga/production/_ext/1360937237/task1.o
 .debug_abbrev  0x0000000000003a83       0x8d build/kf_freertos_fpga/production/_ext/1360937237/main.o
 .debug_abbrev  0x0000000000003b10      0x205 build/kf_freertos_fpga/production/_ext/1360937237/task2.o
 .debug_abbrev  0x0000000000003d15      0x116 build/kf_freertos_fpga/production/_ext/1360937237/task3.o
 .debug_abbrev  0x0000000000003e2b      0x1b7 build/kf_freertos_fpga/production/_ext/346071803/log.o
 .debug_abbrev  0x0000000000003fe2       0x44 c:/program files/microchip/xc32/v4.45/bin/bin/../../lib/gcc/pic32c/8.3.1/../../../../pic32c/lib/thumb/v7e-m+fp/hard\libpic32c.a(data_init.o)
 .debug_abbrev  0x0000000000004026       0xbb c:/program files/microchip/xc32/v4.45/bin/bin/../../lib/gcc/pic32c/8.3.1/../../../../pic32c/lib/thumb/v7e-m+fp/hard\libc-size-musl.a(memcpy.o)
 .debug_abbrev  0x00000000000040e1       0xa2 c:/program files/microchip/xc32/v4.45/bin/bin/../../lib/gcc/pic32c/8.3.1/../../../../pic32c/lib/thumb/v7e-m+fp/hard\libc-size-musl.a(memset.o)
 .debug_abbrev  0x0000000000004183      0x133 c:/program files/microchip/xc32/v4.45/bin/bin/../../lib/gcc/pic32c/8.3.1/../../../../pic32c/lib/thumb/v7e-m+fp/hard\libc-musl.a(__libc_start_main.o)
 .debug_abbrev  0x00000000000042b6       0xd4 c:/program files/microchip/xc32/v4.45/bin/bin/../../lib/gcc/pic32c/8.3.1/../../../../pic32c/lib/thumb/v7e-m+fp/hard\libc-musl.a(libc.o)
 .debug_abbrev  0x000000000000438a       0xce c:/program files/microchip/xc32/v4.45/bin/bin/../../lib/gcc/pic32c/8.3.1/../../../../pic32c/lib/thumb/v7e-m+fp/hard\libc-musl.a(vsprintf.o)
 .debug_abbrev  0x0000000000004458       0x62 c:/program files/microchip/xc32/v4.45/bin/bin/../../lib/gcc/pic32c/8.3.1/../../../../pic32c/lib/thumb/v7e-m+fp/hard\libc-musl.a(__environ.o)
 .debug_abbrev  0x00000000000044ba      0x195 c:/program files/microchip/xc32/v4.45/bin/bin/../../lib/gcc/pic32c/8.3.1/../../../../pic32c/lib/thumb/v7e-m+fp/hard\libc-musl.a(vsnprintf.o)
 .debug_abbrev  0x000000000000464f       0x39 c:/program files/microchip/xc32/v4.45/bin/bin/../../lib/gcc/pic32c/8.3.1/../../../../pic32c/lib/thumb/v7e-m+fp/hard\libc-musl.a(__errno_location.o)
 .debug_abbrev  0x0000000000004688      0x189 c:/program files/microchip/xc32/v4.45/bin/bin/../../lib/gcc/pic32c/8.3.1/../../../../pic32c/lib/thumb/v7e-m+fp/hard\libc-musl.a(vfprintf.o)
 .debug_abbrev  0x0000000000004811       0xdc c:/program files/microchip/xc32/v4.45/bin/bin/../../lib/gcc/pic32c/8.3.1/../../../../pic32c/lib/thumb/v7e-m+fp/hard\libc-musl.a(__pop_float.o)
 .debug_abbrev  0x00000000000048ed       0xdc c:/program files/microchip/xc32/v4.45/bin/bin/../../lib/gcc/pic32c/8.3.1/../../../../pic32c/lib/thumb/v7e-m+fp/hard\libc-musl.a(__pop_int.o)
 .debug_abbrev  0x00000000000049c9       0xed c:/program files/microchip/xc32/v4.45/bin/bin/../../lib/gcc/pic32c/8.3.1/../../../../pic32c/lib/thumb/v7e-m+fp/hard\libc-musl.a(__pop_ptr.o)
 .debug_abbrev  0x0000000000004ab6      0x332 c:/program files/microchip/xc32/v4.45/bin/bin/../../lib/gcc/pic32c/8.3.1/../../../../pic32c/lib/thumb/v7e-m+fp/hard\libc-musl.a(__printf_core.o)
 .debug_abbrev  0x0000000000004de8       0xc6 c:/program files/microchip/xc32/v4.45/bin/bin/../../lib/gcc/pic32c/8.3.1/../../../../pic32c/lib/thumb/v7e-m+fp/hard\libc-musl.a(atoi.o)
 .debug_abbrev  0x0000000000004eae      0x108 c:/program files/microchip/xc32/v4.45/bin/bin/../../lib/gcc/pic32c/8.3.1/../../../../pic32c/lib/thumb/v7e-m+fp/hard\libc-musl.a(tolower.o)
 .debug_abbrev  0x0000000000004fb6      0x1d5 c:/program files/microchip/xc32/v4.45/bin/bin/../../lib/gcc/pic32c/8.3.1/../../../../pic32c/lib/thumb/v7e-m+fp/hard\libc-musl.a(__fmt_a.o)
 .debug_abbrev  0x000000000000518b      0x161 c:/program files/microchip/xc32/v4.45/bin/bin/../../lib/gcc/pic32c/8.3.1/../../../../pic32c/lib/thumb/v7e-m+fp/hard\libc-musl.a(__fmt_d.o)
 .debug_abbrev  0x00000000000052ec      0x1f4 c:/program files/microchip/xc32/v4.45/bin/bin/../../lib/gcc/pic32c/8.3.1/../../../../pic32c/lib/thumb/v7e-m+fp/hard\libc-musl.a(__fmt_fp.o)
 .debug_abbrev  0x00000000000054e0      0x161 c:/program files/microchip/xc32/v4.45/bin/bin/../../lib/gcc/pic32c/8.3.1/../../../../pic32c/lib/thumb/v7e-m+fp/hard\libc-musl.a(__fmt_o.o)
 .debug_abbrev  0x0000000000005641      0x14c c:/program files/microchip/xc32/v4.45/bin/bin/../../lib/gcc/pic32c/8.3.1/../../../../pic32c/lib/thumb/v7e-m+fp/hard\libc-musl.a(__fmt_s.o)
 .debug_abbrev  0x000000000000578d      0x161 c:/program files/microchip/xc32/v4.45/bin/bin/../../lib/gcc/pic32c/8.3.1/../../../../pic32c/lib/thumb/v7e-m+fp/hard\libc-musl.a(__fmt_u.o)
 .debug_abbrev  0x00000000000058ee      0x150 c:/program files/microchip/xc32/v4.45/bin/bin/../../lib/gcc/pic32c/8.3.1/../../../../pic32c/lib/thumb/v7e-m+fp/hard\libc-musl.a(__fmt_x.o)
 .debug_abbrev  0x0000000000005a3e      0x108 c:/program files/microchip/xc32/v4.45/bin/bin/../../lib/gcc/pic32c/8.3.1/../../../../pic32c/lib/thumb/v7e-m+fp/hard\libc-musl.a(toupper.o)
 .debug_abbrev  0x0000000000005b46       0xe5 c:/program files/microchip/xc32/v4.45/bin/bin/../../lib/gcc/pic32c/8.3.1/../../../../pic32c/lib/thumb/v7e-m+fp/hard\libc-musl.a(__cvt_u.o)
 .debug_abbrev  0x0000000000005c2b       0x14 c:/program files/microchip/xc32/v4.45/bin/bin/../../lib/gcc/pic32c/8.3.1/thumb/v7e-m+fp/hard\libgcc.a(_aeabi_uldivmod.o)
 .debug_abbrev  0x0000000000005c3f       0x69 c:/program files/microchip/xc32/v4.45/bin/bin/../../lib/gcc/pic32c/8.3.1/thumb/v7e-m+fp/hard\libgcc.a(_paritysi2.o)
 .debug_abbrev  0x0000000000005ca8      0x122 c:/program files/microchip/xc32/v4.45/bin/bin/../../lib/gcc/pic32c/8.3.1/thumb/v7e-m+fp/hard\libgcc.a(_udivmoddi4.o)
 .debug_abbrev  0x0000000000005dca       0x14 c:/program files/microchip/xc32/v4.45/bin/bin/../../lib/gcc/pic32c/8.3.1/thumb/v7e-m+fp/hard\libgcc.a(_dvmd_tls.o)
 .debug_abbrev  0x0000000000005dde       0x91 c:/program files/microchip/xc32/v4.45/bin/bin/../../lib/gcc/pic32c/8.3.1/../../../../pic32c/lib/thumb/v7e-m+fp/hard\libc-size-musl.a(strlen.o)
 .debug_abbrev  0x0000000000005e6f       0xa2 c:/program files/microchip/xc32/v4.45/bin/bin/../../lib/gcc/pic32c/8.3.1/../../../../pic32c/lib/thumb/v7e-m+fp/hard\libc-size-musl.a(strcpy.o)
 .debug_abbrev  0x0000000000005f11       0x6e c:/program files/microchip/xc32/v4.45/bin/bin/../../lib/gcc/pic32c/8.3.1/../../../../pic32c/lib/thumb/v7e-m+fp/hard\libc-size-musl.a(stpcpy.o)
 .debug_abbrev  0x0000000000005f7f       0x2e c:/program files/microchip/xc32/v4.45/bin/bin/../../lib/gcc/pic32c/8.3.1/../../../../pic32c/lib/thumb/v7e-m+fp/hard\libpic32c.a(pic32_data_init_clear.o)
 .debug_abbrev  0x0000000000005fad       0x2e c:/program files/microchip/xc32/v4.45/bin/bin/../../lib/gcc/pic32c/8.3.1/../../../../pic32c/lib/thumb/v7e-m+fp/hard\libpic32c.a(pic32_data_init_copy.o)
 .debug_abbrev  0x0000000000005fdb       0x2e c:/program files/microchip/xc32/v4.45/bin/bin/../../lib/gcc/pic32c/8.3.1/../../../../pic32c/lib/thumb/v7e-m+fp/hard\libpic32c.a(pic32_data_init_decompress.o)

.debug_loc      0x0000000000000000    0x10229
 .debug_loc     0x0000000000000000       0x94 build/kf_freertos_fpga/production/_ext/1420773124/serial.o
 .debug_loc     0x0000000000000094      0x249 build/kf_freertos_fpga/production/_ext/1420773124/trace.o
 .debug_loc     0x00000000000002dd     0x106f build/kf_freertos_fpga/production/_ext/101992513/drv_i3c.o
 .debug_loc     0x000000000000134c       0xd4 build/kf_freertos_fpga/production/_ext/101992513/drv_i3c_config.o
 .debug_loc     0x0000000000001420      0x6e8 build/kf_freertos_fpga/production/_ext/1886205328/i3c_ccc.o
 .debug_loc     0x0000000000001b08      0xbba build/kf_freertos_fpga/production/_ext/1886205328/i3c_common.o
 .debug_loc     0x00000000000026c2      0x4a4 build/kf_freertos_fpga/production/_ext/785111490/osal_freertos.o
 .debug_loc     0x0000000000002b66      0x8e0 build/kf_freertos_fpga/production/_ext/868947740/plib_ec_reg_bank.o
 .debug_loc     0x0000000000003446      0x504 build/kf_freertos_fpga/production/_ext/179210842/plib_ecia.o
 .debug_loc     0x000000000000394a      0xb44 build/kf_freertos_fpga/production/_ext/179282931/plib_gpio.o
 .debug_loc     0x000000000000448e      0xda8 build/kf_freertos_fpga/production/_ext/825500651/plib_i3c.o
 .debug_loc     0x0000000000005236     0x24e2 build/kf_freertos_fpga/production/_ext/825500651/plib_i3c_private.o
 .debug_loc     0x0000000000007718      0x23c build/kf_freertos_fpga/production/_ext/179497222/plib_nvic.o
 .debug_loc     0x0000000000007954      0x924 build/kf_freertos_fpga/production/_ext/825492421/plib_pcr.o
 .debug_loc     0x0000000000008278      0x1ec build/kf_freertos_fpga/production/_ext/1732944825/uart_api.o
 .debug_loc     0x0000000000008464      0x69c build/kf_freertos_fpga/production/_ext/1732944825/uart_perphl.o
 .debug_loc     0x0000000000008b00      0x108 build/kf_freertos_fpga/production/_ext/29258880/exceptions.o
 .debug_loc     0x0000000000008c08      0x148 build/kf_freertos_fpga/production/_ext/29258880/freertos_hooks.o
 .debug_loc     0x0000000000008d50       0x50 build/kf_freertos_fpga/production/_ext/29258880/initialization.o
 .debug_loc     0x0000000000008da0       0x2c build/kf_freertos_fpga/production/_ext/29258880/interrupts.o
 .debug_loc     0x0000000000008dcc       0x7c build/kf_freertos_fpga/production/_ext/29258880/startup_xc32.o
 .debug_loc     0x0000000000008e48       0xec build/kf_freertos_fpga/production/_ext/29258880/tasks.o
 .debug_loc     0x0000000000008f34      0x274 build/kf_freertos_fpga/production/_ext/246609638/port.o
 .debug_loc     0x00000000000091a8      0x134 build/kf_freertos_fpga/production/_ext/1665200909/heap_1.o
 .debug_loc     0x00000000000092dc      0x8a0 build/kf_freertos_fpga/production/_ext/404212886/queue.o
 .debug_loc     0x0000000000009b7c      0x718 build/kf_freertos_fpga/production/_ext/404212886/timers.o
 .debug_loc     0x000000000000a294      0x1cc build/kf_freertos_fpga/production/_ext/404212886/list.o
 .debug_loc     0x000000000000a460     0x108c build/kf_freertos_fpga/production/_ext/404212886/FreeRTOS_tasks.o
 .debug_loc     0x000000000000b4ec      0x282 build/kf_freertos_fpga/production/_ext/1521323865/test_pvt_xfer.o
 .debug_loc     0x000000000000b76e      0x140 build/kf_freertos_fpga/production/_ext/1521323865/test_ibis.o
 .debug_loc     0x000000000000b8ae      0x320 build/kf_freertos_fpga/production/_ext/1521323865/tgt_test_pvt_xfer.o
 .debug_loc     0x000000000000bbce      0x2a0 build/kf_freertos_fpga/production/_ext/1360937237/task1.o
 .debug_loc     0x000000000000be6e       0x64 build/kf_freertos_fpga/production/_ext/1360937237/main.o
 .debug_loc     0x000000000000bed2      0x110 build/kf_freertos_fpga/production/_ext/1360937237/task2.o
 .debug_loc     0x000000000000bfe2       0x70 build/kf_freertos_fpga/production/_ext/1360937237/task3.o
 .debug_loc     0x000000000000c052      0x1f8 build/kf_freertos_fpga/production/_ext/346071803/log.o
 .debug_loc     0x000000000000c24a       0x14 c:/program files/microchip/xc32/v4.45/bin/bin/../../lib/gcc/pic32c/8.3.1/../../../../pic32c/lib/thumb/v7e-m+fp/hard\libpic32c.a(data_init.o)
 .debug_loc     0x000000000000c25e      0x10b c:/program files/microchip/xc32/v4.45/bin/bin/../../lib/gcc/pic32c/8.3.1/../../../../pic32c/lib/thumb/v7e-m+fp/hard\libc-size-musl.a(memcpy.o)
 .debug_loc     0x000000000000c369       0x7d c:/program files/microchip/xc32/v4.45/bin/bin/../../lib/gcc/pic32c/8.3.1/../../../../pic32c/lib/thumb/v7e-m+fp/hard\libc-size-musl.a(memset.o)
 .debug_loc     0x000000000000c3e6       0x51 c:/program files/microchip/xc32/v4.45/bin/bin/../../lib/gcc/pic32c/8.3.1/../../../../pic32c/lib/thumb/v7e-m+fp/hard\libc-musl.a(__libc_start_main.o)
 .debug_loc     0x000000000000c437       0x6c c:/program files/microchip/xc32/v4.45/bin/bin/../../lib/gcc/pic32c/8.3.1/../../../../pic32c/lib/thumb/v7e-m+fp/hard\libc-musl.a(vsprintf.o)
 .debug_loc     0x000000000000c4a3       0xeb c:/program files/microchip/xc32/v4.45/bin/bin/../../lib/gcc/pic32c/8.3.1/../../../../pic32c/lib/thumb/v7e-m+fp/hard\libc-musl.a(vsnprintf.o)
 .debug_loc     0x000000000000c58e       0x88 c:/program files/microchip/xc32/v4.45/bin/bin/../../lib/gcc/pic32c/8.3.1/../../../../pic32c/lib/thumb/v7e-m+fp/hard\libc-musl.a(vfprintf.o)
 .debug_loc     0x000000000000c616       0xa6 c:/program files/microchip/xc32/v4.45/bin/bin/../../lib/gcc/pic32c/8.3.1/../../../../pic32c/lib/thumb/v7e-m+fp/hard\libc-musl.a(__pop_float.o)
 .debug_loc     0x000000000000c6bc      0x2f5 c:/program files/microchip/xc32/v4.45/bin/bin/../../lib/gcc/pic32c/8.3.1/../../../../pic32c/lib/thumb/v7e-m+fp/hard\libc-musl.a(__pop_int.o)
 .debug_loc     0x000000000000c9b1      0x1db c:/program files/microchip/xc32/v4.45/bin/bin/../../lib/gcc/pic32c/8.3.1/../../../../pic32c/lib/thumb/v7e-m+fp/hard\libc-musl.a(__pop_ptr.o)
 .debug_loc     0x000000000000cb8c      0x5e9 c:/program files/microchip/xc32/v4.45/bin/bin/../../lib/gcc/pic32c/8.3.1/../../../../pic32c/lib/thumb/v7e-m+fp/hard\libc-musl.a(__printf_core.o)
 .debug_loc     0x000000000000d175       0xd8 c:/program files/microchip/xc32/v4.45/bin/bin/../../lib/gcc/pic32c/8.3.1/../../../../pic32c/lib/thumb/v7e-m+fp/hard\libc-musl.a(atoi.o)
 .debug_loc     0x000000000000d24d       0x4a c:/program files/microchip/xc32/v4.45/bin/bin/../../lib/gcc/pic32c/8.3.1/../../../../pic32c/lib/thumb/v7e-m+fp/hard\libc-musl.a(tolower.o)
 .debug_loc     0x000000000000d297      0xb29 c:/program files/microchip/xc32/v4.45/bin/bin/../../lib/gcc/pic32c/8.3.1/../../../../pic32c/lib/thumb/v7e-m+fp/hard\libc-musl.a(__fmt_a.o)
 .debug_loc     0x000000000000ddc0      0x1ef c:/program files/microchip/xc32/v4.45/bin/bin/../../lib/gcc/pic32c/8.3.1/../../../../pic32c/lib/thumb/v7e-m+fp/hard\libc-musl.a(__fmt_d.o)
 .debug_loc     0x000000000000dfaf      0xa5d c:/program files/microchip/xc32/v4.45/bin/bin/../../lib/gcc/pic32c/8.3.1/../../../../pic32c/lib/thumb/v7e-m+fp/hard\libc-musl.a(__fmt_fp.o)
 .debug_loc     0x000000000000ea0c      0x10a c:/program files/microchip/xc32/v4.45/bin/bin/../../lib/gcc/pic32c/8.3.1/../../../../pic32c/lib/thumb/v7e-m+fp/hard\libc-musl.a(__fmt_o.o)
 .debug_loc     0x000000000000eb16      0x157 c:/program files/microchip/xc32/v4.45/bin/bin/../../lib/gcc/pic32c/8.3.1/../../../../pic32c/lib/thumb/v7e-m+fp/hard\libc-musl.a(__fmt_s.o)
 .debug_loc     0x000000000000ec6d      0x10a c:/program files/microchip/xc32/v4.45/bin/bin/../../lib/gcc/pic32c/8.3.1/../../../../pic32c/lib/thumb/v7e-m+fp/hard\libc-musl.a(__fmt_u.o)
 .debug_loc     0x000000000000ed77      0x26d c:/program files/microchip/xc32/v4.45/bin/bin/../../lib/gcc/pic32c/8.3.1/../../../../pic32c/lib/thumb/v7e-m+fp/hard\libc-musl.a(__fmt_x.o)
 .debug_loc     0x000000000000efe4       0x4a c:/program files/microchip/xc32/v4.45/bin/bin/../../lib/gcc/pic32c/8.3.1/../../../../pic32c/lib/thumb/v7e-m+fp/hard\libc-musl.a(toupper.o)
 .debug_loc     0x000000000000f02e      0x197 c:/program files/microchip/xc32/v4.45/bin/bin/../../lib/gcc/pic32c/8.3.1/../../../../pic32c/lib/thumb/v7e-m+fp/hard\libc-musl.a(__cvt_u.o)
 .debug_loc     0x000000000000f1c5       0x7c c:/program files/microchip/xc32/v4.45/bin/bin/../../lib/gcc/pic32c/8.3.1/thumb/v7e-m+fp/hard\libgcc.a(_paritysi2.o)
 .debug_loc     0x000000000000f241      0xe69 c:/program files/microchip/xc32/v4.45/bin/bin/../../lib/gcc/pic32c/8.3.1/thumb/v7e-m+fp/hard\libgcc.a(_udivmoddi4.o)
 .debug_loc     0x00000000000100aa       0x90 c:/program files/microchip/xc32/v4.45/bin/bin/../../lib/gcc/pic32c/8.3.1/../../../../pic32c/lib/thumb/v7e-m+fp/hard\libc-size-musl.a(strlen.o)
 .debug_loc     0x000000000001013a       0x67 c:/program files/microchip/xc32/v4.45/bin/bin/../../lib/gcc/pic32c/8.3.1/../../../../pic32c/lib/thumb/v7e-m+fp/hard\libc-size-musl.a(strcpy.o)
 .debug_loc     0x00000000000101a1       0x60 c:/program files/microchip/xc32/v4.45/bin/bin/../../lib/gcc/pic32c/8.3.1/../../../../pic32c/lib/thumb/v7e-m+fp/hard\libc-size-musl.a(stpcpy.o)
 .debug_loc     0x0000000000010201       0x14 c:/program files/microchip/xc32/v4.45/bin/bin/../../lib/gcc/pic32c/8.3.1/../../../../pic32c/lib/thumb/v7e-m+fp/hard\libpic32c.a(pic32_data_init_copy.o)
 .debug_loc     0x0000000000010215       0x14 c:/program files/microchip/xc32/v4.45/bin/bin/../../lib/gcc/pic32c/8.3.1/../../../../pic32c/lib/thumb/v7e-m+fp/hard\libpic32c.a(pic32_data_init_decompress.o)

.debug_aranges  0x0000000000000000     0x1b20
 .debug_aranges
                0x0000000000000000       0x28 build/kf_freertos_fpga/production/_ext/1420773124/serial.o
 .debug_aranges
                0x0000000000000028       0x50 build/kf_freertos_fpga/production/_ext/1420773124/trace.o
 .debug_aranges
                0x0000000000000078      0x1a8 build/kf_freertos_fpga/production/_ext/101992513/drv_i3c.o
 .debug_aranges
                0x0000000000000220       0x38 build/kf_freertos_fpga/production/_ext/101992513/drv_i3c_config.o
 .debug_aranges
                0x0000000000000258       0xc8 build/kf_freertos_fpga/production/_ext/1886205328/i3c_ccc.o
 .debug_aranges
                0x0000000000000320      0x138 build/kf_freertos_fpga/production/_ext/1886205328/i3c_common.o
 .debug_aranges
                0x0000000000000458       0x90 build/kf_freertos_fpga/production/_ext/785111490/osal_freertos.o
 .debug_aranges
                0x00000000000004e8      0x118 build/kf_freertos_fpga/production/_ext/868947740/plib_ec_reg_bank.o
 .debug_aranges
                0x0000000000000600       0x90 build/kf_freertos_fpga/production/_ext/179210842/plib_ecia.o
 .debug_aranges
                0x0000000000000690      0x118 build/kf_freertos_fpga/production/_ext/179282931/plib_gpio.o
 .debug_aranges
                0x00000000000007a8      0x178 build/kf_freertos_fpga/production/_ext/825500651/plib_i3c.o
 .debug_aranges
                0x0000000000000920      0x350 build/kf_freertos_fpga/production/_ext/825500651/plib_i3c_private.o
 .debug_aranges
                0x0000000000000c70       0x50 build/kf_freertos_fpga/production/_ext/179497222/plib_nvic.o
 .debug_aranges
                0x0000000000000cc0       0xf0 build/kf_freertos_fpga/production/_ext/825492421/plib_pcr.o
 .debug_aranges
                0x0000000000000db0       0x48 build/kf_freertos_fpga/production/_ext/1732944825/uart_api.o
 .debug_aranges
                0x0000000000000df8       0xc0 build/kf_freertos_fpga/production/_ext/1732944825/uart_perphl.o
 .debug_aranges
                0x0000000000000eb8       0x48 build/kf_freertos_fpga/production/_ext/29258880/exceptions.o
 .debug_aranges
                0x0000000000000f00       0x40 build/kf_freertos_fpga/production/_ext/29258880/freertos_hooks.o
 .debug_aranges
                0x0000000000000f40       0x20 build/kf_freertos_fpga/production/_ext/29258880/initialization.o
 .debug_aranges
                0x0000000000000f60       0x28 build/kf_freertos_fpga/production/_ext/29258880/interrupts.o
 .debug_aranges
                0x0000000000000f88       0x30 build/kf_freertos_fpga/production/_ext/29258880/startup_xc32.o
 .debug_aranges
                0x0000000000000fb8       0x38 build/kf_freertos_fpga/production/_ext/29258880/tasks.o
 .debug_aranges
                0x0000000000000ff0       0x78 build/kf_freertos_fpga/production/_ext/246609638/port.o
 .debug_aranges
                0x0000000000001068       0x38 build/kf_freertos_fpga/production/_ext/1665200909/heap_1.o
 .debug_aranges
                0x00000000000010a0       0xf0 build/kf_freertos_fpga/production/_ext/404212886/queue.o
 .debug_aranges
                0x0000000000001190       0xd0 build/kf_freertos_fpga/production/_ext/404212886/timers.o
 .debug_aranges
                0x0000000000001260       0x40 build/kf_freertos_fpga/production/_ext/404212886/list.o
 .debug_aranges
                0x00000000000012a0      0x1b8 build/kf_freertos_fpga/production/_ext/404212886/FreeRTOS_tasks.o
 .debug_aranges
                0x0000000000001458       0x58 build/kf_freertos_fpga/production/_ext/1521323865/test_pvt_xfer.o
 .debug_aranges
                0x00000000000014b0       0x38 build/kf_freertos_fpga/production/_ext/1521323865/test_ibis.o
 .debug_aranges
                0x00000000000014e8       0x68 build/kf_freertos_fpga/production/_ext/1521323865/tgt_test_pvt_xfer.o
 .debug_aranges
                0x0000000000001550       0x60 build/kf_freertos_fpga/production/_ext/1360937237/task1.o
 .debug_aranges
                0x00000000000015b0       0x28 build/kf_freertos_fpga/production/_ext/1360937237/main.o
 .debug_aranges
                0x00000000000015d8       0x38 build/kf_freertos_fpga/production/_ext/1360937237/task2.o
 .debug_aranges
                0x0000000000001610       0x28 build/kf_freertos_fpga/production/_ext/1360937237/task3.o
 .debug_aranges
                0x0000000000001638       0x48 build/kf_freertos_fpga/production/_ext/346071803/log.o
 .debug_aranges
                0x0000000000001680       0x28 c:/program files/microchip/xc32/v4.45/bin/bin/../../lib/gcc/pic32c/8.3.1/../../../../pic32c/lib/thumb/v7e-m+fp/hard\libpic32c.a(data_init.o)
 .debug_aranges
                0x00000000000016a8       0x20 c:/program files/microchip/xc32/v4.45/bin/bin/../../lib/gcc/pic32c/8.3.1/../../../../pic32c/lib/thumb/v7e-m+fp/hard\libc-size-musl.a(memcpy.o)
 .debug_aranges
                0x00000000000016c8       0x20 c:/program files/microchip/xc32/v4.45/bin/bin/../../lib/gcc/pic32c/8.3.1/../../../../pic32c/lib/thumb/v7e-m+fp/hard\libc-size-musl.a(memset.o)
 .debug_aranges
                0x00000000000016e8       0x28 c:/program files/microchip/xc32/v4.45/bin/bin/../../lib/gcc/pic32c/8.3.1/../../../../pic32c/lib/thumb/v7e-m+fp/hard\libc-musl.a(__libc_start_main.o)
 .debug_aranges
                0x0000000000001710       0x18 c:/program files/microchip/xc32/v4.45/bin/bin/../../lib/gcc/pic32c/8.3.1/../../../../pic32c/lib/thumb/v7e-m+fp/hard\libc-musl.a(libc.o)
 .debug_aranges
                0x0000000000001728       0x20 c:/program files/microchip/xc32/v4.45/bin/bin/../../lib/gcc/pic32c/8.3.1/../../../../pic32c/lib/thumb/v7e-m+fp/hard\libc-musl.a(vsprintf.o)
 .debug_aranges
                0x0000000000001748       0x18 c:/program files/microchip/xc32/v4.45/bin/bin/../../lib/gcc/pic32c/8.3.1/../../../../pic32c/lib/thumb/v7e-m+fp/hard\libc-musl.a(__environ.o)
 .debug_aranges
                0x0000000000001760       0x20 c:/program files/microchip/xc32/v4.45/bin/bin/../../lib/gcc/pic32c/8.3.1/../../../../pic32c/lib/thumb/v7e-m+fp/hard\libc-musl.a(vsnprintf.o)
 .debug_aranges
                0x0000000000001780       0x18 c:/program files/microchip/xc32/v4.45/bin/bin/../../lib/gcc/pic32c/8.3.1/../../../../pic32c/lib/thumb/v7e-m+fp/hard\libc-musl.a(__errno_location.o)
 .debug_aranges
                0x0000000000001798       0x28 c:/program files/microchip/xc32/v4.45/bin/bin/../../lib/gcc/pic32c/8.3.1/../../../../pic32c/lib/thumb/v7e-m+fp/hard\libc-musl.a(vfprintf.o)
 .debug_aranges
                0x00000000000017c0       0x20 c:/program files/microchip/xc32/v4.45/bin/bin/../../lib/gcc/pic32c/8.3.1/../../../../pic32c/lib/thumb/v7e-m+fp/hard\libc-musl.a(__pop_float.o)
 .debug_aranges
                0x00000000000017e0       0x20 c:/program files/microchip/xc32/v4.45/bin/bin/../../lib/gcc/pic32c/8.3.1/../../../../pic32c/lib/thumb/v7e-m+fp/hard\libc-musl.a(__pop_int.o)
 .debug_aranges
                0x0000000000001800       0x20 c:/program files/microchip/xc32/v4.45/bin/bin/../../lib/gcc/pic32c/8.3.1/../../../../pic32c/lib/thumb/v7e-m+fp/hard\libc-musl.a(__pop_ptr.o)
 .debug_aranges
                0x0000000000001820       0x50 c:/program files/microchip/xc32/v4.45/bin/bin/../../lib/gcc/pic32c/8.3.1/../../../../pic32c/lib/thumb/v7e-m+fp/hard\libc-musl.a(__printf_core.o)
 .debug_aranges
                0x0000000000001870       0x20 c:/program files/microchip/xc32/v4.45/bin/bin/../../lib/gcc/pic32c/8.3.1/../../../../pic32c/lib/thumb/v7e-m+fp/hard\libc-musl.a(atoi.o)
 .debug_aranges
                0x0000000000001890       0x28 c:/program files/microchip/xc32/v4.45/bin/bin/../../lib/gcc/pic32c/8.3.1/../../../../pic32c/lib/thumb/v7e-m+fp/hard\libc-musl.a(tolower.o)
 .debug_aranges
                0x00000000000018b8       0x20 c:/program files/microchip/xc32/v4.45/bin/bin/../../lib/gcc/pic32c/8.3.1/../../../../pic32c/lib/thumb/v7e-m+fp/hard\libc-musl.a(__fmt_a.o)
 .debug_aranges
                0x00000000000018d8       0x20 c:/program files/microchip/xc32/v4.45/bin/bin/../../lib/gcc/pic32c/8.3.1/../../../../pic32c/lib/thumb/v7e-m+fp/hard\libc-musl.a(__fmt_d.o)
 .debug_aranges
                0x00000000000018f8       0x20 c:/program files/microchip/xc32/v4.45/bin/bin/../../lib/gcc/pic32c/8.3.1/../../../../pic32c/lib/thumb/v7e-m+fp/hard\libc-musl.a(__fmt_fp.o)
 .debug_aranges
                0x0000000000001918       0x20 c:/program files/microchip/xc32/v4.45/bin/bin/../../lib/gcc/pic32c/8.3.1/../../../../pic32c/lib/thumb/v7e-m+fp/hard\libc-musl.a(__fmt_o.o)
 .debug_aranges
                0x0000000000001938       0x20 c:/program files/microchip/xc32/v4.45/bin/bin/../../lib/gcc/pic32c/8.3.1/../../../../pic32c/lib/thumb/v7e-m+fp/hard\libc-musl.a(__fmt_s.o)
 .debug_aranges
                0x0000000000001958       0x20 c:/program files/microchip/xc32/v4.45/bin/bin/../../lib/gcc/pic32c/8.3.1/../../../../pic32c/lib/thumb/v7e-m+fp/hard\libc-musl.a(__fmt_u.o)
 .debug_aranges
                0x0000000000001978       0x20 c:/program files/microchip/xc32/v4.45/bin/bin/../../lib/gcc/pic32c/8.3.1/../../../../pic32c/lib/thumb/v7e-m+fp/hard\libc-musl.a(__fmt_x.o)
 .debug_aranges
                0x0000000000001998       0x28 c:/program files/microchip/xc32/v4.45/bin/bin/../../lib/gcc/pic32c/8.3.1/../../../../pic32c/lib/thumb/v7e-m+fp/hard\libc-musl.a(toupper.o)
 .debug_aranges
                0x00000000000019c0       0x20 c:/program files/microchip/xc32/v4.45/bin/bin/../../lib/gcc/pic32c/8.3.1/../../../../pic32c/lib/thumb/v7e-m+fp/hard\libc-musl.a(__cvt_u.o)
 .debug_aranges
                0x00000000000019e0       0x20 c:/program files/microchip/xc32/v4.45/bin/bin/../../lib/gcc/pic32c/8.3.1/thumb/v7e-m+fp/hard\libgcc.a(_aeabi_uldivmod.o)
 .debug_aranges
                0x0000000000001a00       0x20 c:/program files/microchip/xc32/v4.45/bin/bin/../../lib/gcc/pic32c/8.3.1/thumb/v7e-m+fp/hard\libgcc.a(_paritysi2.o)
 .debug_aranges
                0x0000000000001a20       0x20 c:/program files/microchip/xc32/v4.45/bin/bin/../../lib/gcc/pic32c/8.3.1/thumb/v7e-m+fp/hard\libgcc.a(_udivmoddi4.o)
 .debug_aranges
                0x0000000000001a40       0x20 c:/program files/microchip/xc32/v4.45/bin/bin/../../lib/gcc/pic32c/8.3.1/thumb/v7e-m+fp/hard\libgcc.a(_dvmd_tls.o)
 .debug_aranges
                0x0000000000001a60       0x20 c:/program files/microchip/xc32/v4.45/bin/bin/../../lib/gcc/pic32c/8.3.1/../../../../pic32c/lib/thumb/v7e-m+fp/hard\libc-size-musl.a(strlen.o)
 .debug_aranges
                0x0000000000001a80       0x20 c:/program files/microchip/xc32/v4.45/bin/bin/../../lib/gcc/pic32c/8.3.1/../../../../pic32c/lib/thumb/v7e-m+fp/hard\libc-size-musl.a(strcpy.o)
 .debug_aranges
                0x0000000000001aa0       0x20 c:/program files/microchip/xc32/v4.45/bin/bin/../../lib/gcc/pic32c/8.3.1/../../../../pic32c/lib/thumb/v7e-m+fp/hard\libc-size-musl.a(stpcpy.o)
 .debug_aranges
                0x0000000000001ac0       0x20 c:/program files/microchip/xc32/v4.45/bin/bin/../../lib/gcc/pic32c/8.3.1/../../../../pic32c/lib/thumb/v7e-m+fp/hard\libpic32c.a(pic32_data_init_clear.o)
 .debug_aranges
                0x0000000000001ae0       0x20 c:/program files/microchip/xc32/v4.45/bin/bin/../../lib/gcc/pic32c/8.3.1/../../../../pic32c/lib/thumb/v7e-m+fp/hard\libpic32c.a(pic32_data_init_copy.o)
 .debug_aranges
                0x0000000000001b00       0x20 c:/program files/microchip/xc32/v4.45/bin/bin/../../lib/gcc/pic32c/8.3.1/../../../../pic32c/lib/thumb/v7e-m+fp/hard\libpic32c.a(pic32_data_init_decompress.o)

.debug_ranges   0x0000000000000000     0x1760
 .debug_ranges  0x0000000000000000       0x18 build/kf_freertos_fpga/production/_ext/1420773124/serial.o
 .debug_ranges  0x0000000000000018       0x58 build/kf_freertos_fpga/production/_ext/1420773124/trace.o
 .debug_ranges  0x0000000000000070      0x198 build/kf_freertos_fpga/production/_ext/101992513/drv_i3c.o
 .debug_ranges  0x0000000000000208       0x28 build/kf_freertos_fpga/production/_ext/101992513/drv_i3c_config.o
 .debug_ranges  0x0000000000000230       0xb8 build/kf_freertos_fpga/production/_ext/1886205328/i3c_ccc.o
 .debug_ranges  0x00000000000002e8      0x128 build/kf_freertos_fpga/production/_ext/1886205328/i3c_common.o
 .debug_ranges  0x0000000000000410       0x80 build/kf_freertos_fpga/production/_ext/785111490/osal_freertos.o
 .debug_ranges  0x0000000000000490      0x108 build/kf_freertos_fpga/production/_ext/868947740/plib_ec_reg_bank.o
 .debug_ranges  0x0000000000000598       0x80 build/kf_freertos_fpga/production/_ext/179210842/plib_ecia.o
 .debug_ranges  0x0000000000000618      0x108 build/kf_freertos_fpga/production/_ext/179282931/plib_gpio.o
 .debug_ranges  0x0000000000000720      0x168 build/kf_freertos_fpga/production/_ext/825500651/plib_i3c.o
 .debug_ranges  0x0000000000000888      0x340 build/kf_freertos_fpga/production/_ext/825500651/plib_i3c_private.o
 .debug_ranges  0x0000000000000bc8       0x40 build/kf_freertos_fpga/production/_ext/179497222/plib_nvic.o
 .debug_ranges  0x0000000000000c08       0xe0 build/kf_freertos_fpga/production/_ext/825492421/plib_pcr.o
 .debug_ranges  0x0000000000000ce8       0x38 build/kf_freertos_fpga/production/_ext/1732944825/uart_api.o
 .debug_ranges  0x0000000000000d20       0xb0 build/kf_freertos_fpga/production/_ext/1732944825/uart_perphl.o
 .debug_ranges  0x0000000000000dd0       0x38 build/kf_freertos_fpga/production/_ext/29258880/exceptions.o
 .debug_ranges  0x0000000000000e08       0x30 build/kf_freertos_fpga/production/_ext/29258880/freertos_hooks.o
 .debug_ranges  0x0000000000000e38       0x10 build/kf_freertos_fpga/production/_ext/29258880/initialization.o
 .debug_ranges  0x0000000000000e48       0x18 build/kf_freertos_fpga/production/_ext/29258880/interrupts.o
 .debug_ranges  0x0000000000000e60       0x20 build/kf_freertos_fpga/production/_ext/29258880/startup_xc32.o
 .debug_ranges  0x0000000000000e80       0x28 build/kf_freertos_fpga/production/_ext/29258880/tasks.o
 .debug_ranges  0x0000000000000ea8       0x68 build/kf_freertos_fpga/production/_ext/246609638/port.o
 .debug_ranges  0x0000000000000f10       0x28 build/kf_freertos_fpga/production/_ext/1665200909/heap_1.o
 .debug_ranges  0x0000000000000f38       0xe0 build/kf_freertos_fpga/production/_ext/404212886/queue.o
 .debug_ranges  0x0000000000001018       0xc0 build/kf_freertos_fpga/production/_ext/404212886/timers.o
 .debug_ranges  0x00000000000010d8       0x30 build/kf_freertos_fpga/production/_ext/404212886/list.o
 .debug_ranges  0x0000000000001108      0x1a8 build/kf_freertos_fpga/production/_ext/404212886/FreeRTOS_tasks.o
 .debug_ranges  0x00000000000012b0       0x48 build/kf_freertos_fpga/production/_ext/1521323865/test_pvt_xfer.o
 .debug_ranges  0x00000000000012f8       0x28 build/kf_freertos_fpga/production/_ext/1521323865/test_ibis.o
 .debug_ranges  0x0000000000001320       0x58 build/kf_freertos_fpga/production/_ext/1521323865/tgt_test_pvt_xfer.o
 .debug_ranges  0x0000000000001378       0x50 build/kf_freertos_fpga/production/_ext/1360937237/task1.o
 .debug_ranges  0x00000000000013c8       0x18 build/kf_freertos_fpga/production/_ext/1360937237/main.o
 .debug_ranges  0x00000000000013e0       0x28 build/kf_freertos_fpga/production/_ext/1360937237/task2.o
 .debug_ranges  0x0000000000001408       0x18 build/kf_freertos_fpga/production/_ext/1360937237/task3.o
 .debug_ranges  0x0000000000001420       0x38 build/kf_freertos_fpga/production/_ext/346071803/log.o
 .debug_ranges  0x0000000000001458       0x18 c:/program files/microchip/xc32/v4.45/bin/bin/../../lib/gcc/pic32c/8.3.1/../../../../pic32c/lib/thumb/v7e-m+fp/hard\libpic32c.a(data_init.o)
 .debug_ranges  0x0000000000001470       0x10 c:/program files/microchip/xc32/v4.45/bin/bin/../../lib/gcc/pic32c/8.3.1/../../../../pic32c/lib/thumb/v7e-m+fp/hard\libc-size-musl.a(memcpy.o)
 .debug_ranges  0x0000000000001480       0x10 c:/program files/microchip/xc32/v4.45/bin/bin/../../lib/gcc/pic32c/8.3.1/../../../../pic32c/lib/thumb/v7e-m+fp/hard\libc-size-musl.a(memset.o)
 .debug_ranges  0x0000000000001490       0x40 c:/program files/microchip/xc32/v4.45/bin/bin/../../lib/gcc/pic32c/8.3.1/../../../../pic32c/lib/thumb/v7e-m+fp/hard\libc-musl.a(__libc_start_main.o)
 .debug_ranges  0x00000000000014d0       0x10 c:/program files/microchip/xc32/v4.45/bin/bin/../../lib/gcc/pic32c/8.3.1/../../../../pic32c/lib/thumb/v7e-m+fp/hard\libc-musl.a(vsprintf.o)
 .debug_ranges  0x00000000000014e0       0x10 c:/program files/microchip/xc32/v4.45/bin/bin/../../lib/gcc/pic32c/8.3.1/../../../../pic32c/lib/thumb/v7e-m+fp/hard\libc-musl.a(vsnprintf.o)
 .debug_ranges  0x00000000000014f0       0x18 c:/program files/microchip/xc32/v4.45/bin/bin/../../lib/gcc/pic32c/8.3.1/../../../../pic32c/lib/thumb/v7e-m+fp/hard\libc-musl.a(vfprintf.o)
 .debug_ranges  0x0000000000001508       0x10 c:/program files/microchip/xc32/v4.45/bin/bin/../../lib/gcc/pic32c/8.3.1/../../../../pic32c/lib/thumb/v7e-m+fp/hard\libc-musl.a(__pop_float.o)
 .debug_ranges  0x0000000000001518       0x10 c:/program files/microchip/xc32/v4.45/bin/bin/../../lib/gcc/pic32c/8.3.1/../../../../pic32c/lib/thumb/v7e-m+fp/hard\libc-musl.a(__pop_int.o)
 .debug_ranges  0x0000000000001528       0x10 c:/program files/microchip/xc32/v4.45/bin/bin/../../lib/gcc/pic32c/8.3.1/../../../../pic32c/lib/thumb/v7e-m+fp/hard\libc-musl.a(__pop_ptr.o)
 .debug_ranges  0x0000000000001538       0x58 c:/program files/microchip/xc32/v4.45/bin/bin/../../lib/gcc/pic32c/8.3.1/../../../../pic32c/lib/thumb/v7e-m+fp/hard\libc-musl.a(__printf_core.o)
 .debug_ranges  0x0000000000001590       0x10 c:/program files/microchip/xc32/v4.45/bin/bin/../../lib/gcc/pic32c/8.3.1/../../../../pic32c/lib/thumb/v7e-m+fp/hard\libc-musl.a(atoi.o)
 .debug_ranges  0x00000000000015a0       0x18 c:/program files/microchip/xc32/v4.45/bin/bin/../../lib/gcc/pic32c/8.3.1/../../../../pic32c/lib/thumb/v7e-m+fp/hard\libc-musl.a(tolower.o)
 .debug_ranges  0x00000000000015b8       0x10 c:/program files/microchip/xc32/v4.45/bin/bin/../../lib/gcc/pic32c/8.3.1/../../../../pic32c/lib/thumb/v7e-m+fp/hard\libc-musl.a(__fmt_a.o)
 .debug_ranges  0x00000000000015c8       0x10 c:/program files/microchip/xc32/v4.45/bin/bin/../../lib/gcc/pic32c/8.3.1/../../../../pic32c/lib/thumb/v7e-m+fp/hard\libc-musl.a(__fmt_d.o)
 .debug_ranges  0x00000000000015d8       0x10 c:/program files/microchip/xc32/v4.45/bin/bin/../../lib/gcc/pic32c/8.3.1/../../../../pic32c/lib/thumb/v7e-m+fp/hard\libc-musl.a(__fmt_fp.o)
 .debug_ranges  0x00000000000015e8       0x10 c:/program files/microchip/xc32/v4.45/bin/bin/../../lib/gcc/pic32c/8.3.1/../../../../pic32c/lib/thumb/v7e-m+fp/hard\libc-musl.a(__fmt_o.o)
 .debug_ranges  0x00000000000015f8       0x10 c:/program files/microchip/xc32/v4.45/bin/bin/../../lib/gcc/pic32c/8.3.1/../../../../pic32c/lib/thumb/v7e-m+fp/hard\libc-musl.a(__fmt_s.o)
 .debug_ranges  0x0000000000001608       0x10 c:/program files/microchip/xc32/v4.45/bin/bin/../../lib/gcc/pic32c/8.3.1/../../../../pic32c/lib/thumb/v7e-m+fp/hard\libc-musl.a(__fmt_u.o)
 .debug_ranges  0x0000000000001618       0x10 c:/program files/microchip/xc32/v4.45/bin/bin/../../lib/gcc/pic32c/8.3.1/../../../../pic32c/lib/thumb/v7e-m+fp/hard\libc-musl.a(__fmt_x.o)
 .debug_ranges  0x0000000000001628       0x18 c:/program files/microchip/xc32/v4.45/bin/bin/../../lib/gcc/pic32c/8.3.1/../../../../pic32c/lib/thumb/v7e-m+fp/hard\libc-musl.a(toupper.o)
 .debug_ranges  0x0000000000001640       0x10 c:/program files/microchip/xc32/v4.45/bin/bin/../../lib/gcc/pic32c/8.3.1/../../../../pic32c/lib/thumb/v7e-m+fp/hard\libc-musl.a(__cvt_u.o)
 .debug_ranges  0x0000000000001650       0xb0 c:/program files/microchip/xc32/v4.45/bin/bin/../../lib/gcc/pic32c/8.3.1/thumb/v7e-m+fp/hard\libgcc.a(_udivmoddi4.o)
 .debug_ranges  0x0000000000001700       0x10 c:/program files/microchip/xc32/v4.45/bin/bin/../../lib/gcc/pic32c/8.3.1/../../../../pic32c/lib/thumb/v7e-m+fp/hard\libc-size-musl.a(strlen.o)
 .debug_ranges  0x0000000000001710       0x10 c:/program files/microchip/xc32/v4.45/bin/bin/../../lib/gcc/pic32c/8.3.1/../../../../pic32c/lib/thumb/v7e-m+fp/hard\libc-size-musl.a(strcpy.o)
 .debug_ranges  0x0000000000001720       0x10 c:/program files/microchip/xc32/v4.45/bin/bin/../../lib/gcc/pic32c/8.3.1/../../../../pic32c/lib/thumb/v7e-m+fp/hard\libc-size-musl.a(stpcpy.o)
 .debug_ranges  0x0000000000001730       0x10 c:/program files/microchip/xc32/v4.45/bin/bin/../../lib/gcc/pic32c/8.3.1/../../../../pic32c/lib/thumb/v7e-m+fp/hard\libpic32c.a(pic32_data_init_clear.o)
 .debug_ranges  0x0000000000001740       0x10 c:/program files/microchip/xc32/v4.45/bin/bin/../../lib/gcc/pic32c/8.3.1/../../../../pic32c/lib/thumb/v7e-m+fp/hard\libpic32c.a(pic32_data_init_copy.o)
 .debug_ranges  0x0000000000001750       0x10 c:/program files/microchip/xc32/v4.45/bin/bin/../../lib/gcc/pic32c/8.3.1/../../../../pic32c/lib/thumb/v7e-m+fp/hard\libpic32c.a(pic32_data_init_decompress.o)

.debug_line     0x0000000000000000     0xeade
 .debug_line    0x0000000000000000      0x10e build/kf_freertos_fpga/production/_ext/1420773124/serial.o
 .debug_line    0x000000000000010e      0x28c build/kf_freertos_fpga/production/_ext/1420773124/trace.o
 .debug_line    0x000000000000039a     0x16e3 build/kf_freertos_fpga/production/_ext/101992513/drv_i3c.o
 .debug_line    0x0000000000001a7d      0x3c3 build/kf_freertos_fpga/production/_ext/101992513/drv_i3c_config.o
 .debug_line    0x0000000000001e40      0x814 build/kf_freertos_fpga/production/_ext/1886205328/i3c_ccc.o
 .debug_line    0x0000000000002654      0xa82 build/kf_freertos_fpga/production/_ext/1886205328/i3c_common.o
 .debug_line    0x00000000000030d6      0x388 build/kf_freertos_fpga/production/_ext/785111490/osal_freertos.o
 .debug_line    0x000000000000345e      0x396 build/kf_freertos_fpga/production/_ext/868947740/plib_ec_reg_bank.o
 .debug_line    0x00000000000037f4      0x3b2 build/kf_freertos_fpga/production/_ext/179210842/plib_ecia.o
 .debug_line    0x0000000000003ba6      0x5bf build/kf_freertos_fpga/production/_ext/179282931/plib_gpio.o
 .debug_line    0x0000000000004165      0x82d build/kf_freertos_fpga/production/_ext/825500651/plib_i3c.o
 .debug_line    0x0000000000004992      0xfbb build/kf_freertos_fpga/production/_ext/825500651/plib_i3c_private.o
 .debug_line    0x000000000000594d      0x296 build/kf_freertos_fpga/production/_ext/179497222/plib_nvic.o
 .debug_line    0x0000000000005be3      0x44f build/kf_freertos_fpga/production/_ext/825492421/plib_pcr.o
 .debug_line    0x0000000000006032      0x1dc build/kf_freertos_fpga/production/_ext/1732944825/uart_api.o
 .debug_line    0x000000000000620e      0x5fb build/kf_freertos_fpga/production/_ext/1732944825/uart_perphl.o
 .debug_line    0x0000000000006809       0xc9 build/kf_freertos_fpga/production/_ext/29258880/exceptions.o
 .debug_line    0x00000000000068d2      0x1ba build/kf_freertos_fpga/production/_ext/29258880/freertos_hooks.o
 .debug_line    0x0000000000006a8c      0x12a build/kf_freertos_fpga/production/_ext/29258880/initialization.o
 .debug_line    0x0000000000006bb6       0xd8 build/kf_freertos_fpga/production/_ext/29258880/interrupts.o
 .debug_line    0x0000000000006c8e      0x16e build/kf_freertos_fpga/production/_ext/29258880/startup_xc32.o
 .debug_line    0x0000000000006dfc      0x13a build/kf_freertos_fpga/production/_ext/29258880/tasks.o
 .debug_line    0x0000000000006f36      0x2e1 build/kf_freertos_fpga/production/_ext/246609638/port.o
 .debug_line    0x0000000000007217      0x156 build/kf_freertos_fpga/production/_ext/1665200909/heap_1.o
 .debug_line    0x000000000000736d      0x9c8 build/kf_freertos_fpga/production/_ext/404212886/queue.o
 .debug_line    0x0000000000007d35      0x5b1 build/kf_freertos_fpga/production/_ext/404212886/timers.o
 .debug_line    0x00000000000082e6      0x232 build/kf_freertos_fpga/production/_ext/404212886/list.o
 .debug_line    0x0000000000008518      0xf50 build/kf_freertos_fpga/production/_ext/404212886/FreeRTOS_tasks.o
 .debug_line    0x0000000000009468      0x512 build/kf_freertos_fpga/production/_ext/1521323865/test_pvt_xfer.o
 .debug_line    0x000000000000997a      0x3a8 build/kf_freertos_fpga/production/_ext/1521323865/test_ibis.o
 .debug_line    0x0000000000009d22      0x34c build/kf_freertos_fpga/production/_ext/1521323865/tgt_test_pvt_xfer.o
 .debug_line    0x000000000000a06e      0x5f3 build/kf_freertos_fpga/production/_ext/1360937237/task1.o
 .debug_line    0x000000000000a661       0xcb build/kf_freertos_fpga/production/_ext/1360937237/main.o
 .debug_line    0x000000000000a72c      0x3f2 build/kf_freertos_fpga/production/_ext/1360937237/task2.o
 .debug_line    0x000000000000ab1e      0x13b build/kf_freertos_fpga/production/_ext/1360937237/task3.o
 .debug_line    0x000000000000ac59      0x152 build/kf_freertos_fpga/production/_ext/346071803/log.o
 .debug_line    0x000000000000adab       0x92 c:/program files/microchip/xc32/v4.45/bin/bin/../../lib/gcc/pic32c/8.3.1/../../../../pic32c/lib/thumb/v7e-m+fp/hard\libpic32c.a(data_init.o)
 .debug_line    0x000000000000ae3d       0xf9 c:/program files/microchip/xc32/v4.45/bin/bin/../../lib/gcc/pic32c/8.3.1/../../../../pic32c/lib/thumb/v7e-m+fp/hard\libc-size-musl.a(memcpy.o)
 .debug_line    0x000000000000af36       0xe3 c:/program files/microchip/xc32/v4.45/bin/bin/../../lib/gcc/pic32c/8.3.1/../../../../pic32c/lib/thumb/v7e-m+fp/hard\libc-size-musl.a(memset.o)
 .debug_line    0x000000000000b019      0x1c7 c:/program files/microchip/xc32/v4.45/bin/bin/../../lib/gcc/pic32c/8.3.1/../../../../pic32c/lib/thumb/v7e-m+fp/hard\libc-musl.a(__libc_start_main.o)
 .debug_line    0x000000000000b1e0       0xb5 c:/program files/microchip/xc32/v4.45/bin/bin/../../lib/gcc/pic32c/8.3.1/../../../../pic32c/lib/thumb/v7e-m+fp/hard\libc-musl.a(libc.o)
 .debug_line    0x000000000000b295      0x140 c:/program files/microchip/xc32/v4.45/bin/bin/../../lib/gcc/pic32c/8.3.1/../../../../pic32c/lib/thumb/v7e-m+fp/hard\libc-musl.a(vsprintf.o)
 .debug_line    0x000000000000b3d5       0xfb c:/program files/microchip/xc32/v4.45/bin/bin/../../lib/gcc/pic32c/8.3.1/../../../../pic32c/lib/thumb/v7e-m+fp/hard\libc-musl.a(__environ.o)
 .debug_line    0x000000000000b4d0      0x22d c:/program files/microchip/xc32/v4.45/bin/bin/../../lib/gcc/pic32c/8.3.1/../../../../pic32c/lib/thumb/v7e-m+fp/hard\libc-musl.a(vsnprintf.o)
 .debug_line    0x000000000000b6fd       0x9a c:/program files/microchip/xc32/v4.45/bin/bin/../../lib/gcc/pic32c/8.3.1/../../../../pic32c/lib/thumb/v7e-m+fp/hard\libc-musl.a(__errno_location.o)
 .debug_line    0x000000000000b797      0x1e6 c:/program files/microchip/xc32/v4.45/bin/bin/../../lib/gcc/pic32c/8.3.1/../../../../pic32c/lib/thumb/v7e-m+fp/hard\libc-musl.a(vfprintf.o)
 .debug_line    0x000000000000b97d      0x165 c:/program files/microchip/xc32/v4.45/bin/bin/../../lib/gcc/pic32c/8.3.1/../../../../pic32c/lib/thumb/v7e-m+fp/hard\libc-musl.a(__pop_float.o)
 .debug_line    0x000000000000bae2      0x200 c:/program files/microchip/xc32/v4.45/bin/bin/../../lib/gcc/pic32c/8.3.1/../../../../pic32c/lib/thumb/v7e-m+fp/hard\libc-musl.a(__pop_int.o)
 .debug_line    0x000000000000bce2      0x1e0 c:/program files/microchip/xc32/v4.45/bin/bin/../../lib/gcc/pic32c/8.3.1/../../../../pic32c/lib/thumb/v7e-m+fp/hard\libc-musl.a(__pop_ptr.o)
 .debug_line    0x000000000000bec2      0x692 c:/program files/microchip/xc32/v4.45/bin/bin/../../lib/gcc/pic32c/8.3.1/../../../../pic32c/lib/thumb/v7e-m+fp/hard\libc-musl.a(__printf_core.o)
 .debug_line    0x000000000000c554      0x167 c:/program files/microchip/xc32/v4.45/bin/bin/../../lib/gcc/pic32c/8.3.1/../../../../pic32c/lib/thumb/v7e-m+fp/hard\libc-musl.a(atoi.o)
 .debug_line    0x000000000000c6bb      0x157 c:/program files/microchip/xc32/v4.45/bin/bin/../../lib/gcc/pic32c/8.3.1/../../../../pic32c/lib/thumb/v7e-m+fp/hard\libc-musl.a(tolower.o)
 .debug_line    0x000000000000c812      0x630 c:/program files/microchip/xc32/v4.45/bin/bin/../../lib/gcc/pic32c/8.3.1/../../../../pic32c/lib/thumb/v7e-m+fp/hard\libc-musl.a(__fmt_a.o)
 .debug_line    0x000000000000ce42      0x1ff c:/program files/microchip/xc32/v4.45/bin/bin/../../lib/gcc/pic32c/8.3.1/../../../../pic32c/lib/thumb/v7e-m+fp/hard\libc-musl.a(__fmt_d.o)
 .debug_line    0x000000000000d041      0x66b c:/program files/microchip/xc32/v4.45/bin/bin/../../lib/gcc/pic32c/8.3.1/../../../../pic32c/lib/thumb/v7e-m+fp/hard\libc-musl.a(__fmt_fp.o)
 .debug_line    0x000000000000d6ac      0x1a9 c:/program files/microchip/xc32/v4.45/bin/bin/../../lib/gcc/pic32c/8.3.1/../../../../pic32c/lib/thumb/v7e-m+fp/hard\libc-musl.a(__fmt_o.o)
 .debug_line    0x000000000000d855      0x1eb c:/program files/microchip/xc32/v4.45/bin/bin/../../lib/gcc/pic32c/8.3.1/../../../../pic32c/lib/thumb/v7e-m+fp/hard\libc-musl.a(__fmt_s.o)
 .debug_line    0x000000000000da40      0x188 c:/program files/microchip/xc32/v4.45/bin/bin/../../lib/gcc/pic32c/8.3.1/../../../../pic32c/lib/thumb/v7e-m+fp/hard\libc-musl.a(__fmt_u.o)
 .debug_line    0x000000000000dbc8      0x2ca c:/program files/microchip/xc32/v4.45/bin/bin/../../lib/gcc/pic32c/8.3.1/../../../../pic32c/lib/thumb/v7e-m+fp/hard\libc-musl.a(__fmt_x.o)
 .debug_line    0x000000000000de92      0x157 c:/program files/microchip/xc32/v4.45/bin/bin/../../lib/gcc/pic32c/8.3.1/../../../../pic32c/lib/thumb/v7e-m+fp/hard\libc-musl.a(toupper.o)
 .debug_line    0x000000000000dfe9      0x1cb c:/program files/microchip/xc32/v4.45/bin/bin/../../lib/gcc/pic32c/8.3.1/../../../../pic32c/lib/thumb/v7e-m+fp/hard\libc-musl.a(__cvt_u.o)
 .debug_line    0x000000000000e1b4       0x91 c:/program files/microchip/xc32/v4.45/bin/bin/../../lib/gcc/pic32c/8.3.1/thumb/v7e-m+fp/hard\libgcc.a(_aeabi_uldivmod.o)
 .debug_line    0x000000000000e245       0xbc c:/program files/microchip/xc32/v4.45/bin/bin/../../lib/gcc/pic32c/8.3.1/thumb/v7e-m+fp/hard\libgcc.a(_paritysi2.o)