Archive member included to satisfy reference by file (symbol)

c:/program files/microchip/xc32/v4.45/bin/bin/../../lib/gcc/pic32c/8.3.1/../../../../pic32c/lib/thumb/v7e-m+fp/hard\libpic32c.a(data_init.o)
                              build/kf_freertos_fpga/production/_ext/29258880/startup_xc32.o (__pic32c_data_initialization)
c:/program files/microchip/xc32/v4.45/bin/bin/../../lib/gcc/pic32c/8.3.1/../../../../pic32c/lib/thumb/v7e-m+fp/hard\libc-size-musl.a(memcpy.o)
                              build/kf_freertos_fpga/production/_ext/825500651/plib_i3c_private.o (memcpy)
c:/program files/microchip/xc32/v4.45/bin/bin/../../lib/gcc/pic32c/8.3.1/../../../../pic32c/lib/thumb/v7e-m+fp/hard\libc-size-musl.a(memset.o)
                              build/kf_freertos_fpga/production/_ext/101992513/drv_i3c.o (memset)
c:/program files/microchip/xc32/v4.45/bin/bin/../../lib/gcc/pic32c/8.3.1/../../../../pic32c/lib/thumb/v7e-m+fp/hard\libc-musl.a(__libc_start_main.o)
                              build/kf_freertos_fpga/production/_ext/29258880/startup_xc32.o (__libc_init_array)
c:/program files/microchip/xc32/v4.45/bin/bin/../../lib/gcc/pic32c/8.3.1/../../../../pic32c/lib/thumb/v7e-m+fp/hard\libc-musl.a(libc.o)
                              c:/program files/microchip/xc32/v4.45/bin/bin/../../lib/gcc/pic32c/8.3.1/../../../../pic32c/lib/thumb/v7e-m+fp/hard\libc-musl.a(__libc_start_main.o) (__progname_full)
c:/program files/microchip/xc32/v4.45/bin/bin/../../lib/gcc/pic32c/8.3.1/../../../../pic32c/lib/thumb/v7e-m+fp/hard\libc-musl.a(__environ.o)
                              c:/program files/microchip/xc32/v4.45/bin/bin/../../lib/gcc/pic32c/8.3.1/../../../../pic32c/lib/thumb/v7e-m+fp/hard\libc-musl.a(__libc_start_main.o) (__environ)
c:/program files/microchip/xc32/v4.45/bin/bin/../../lib/gcc/pic32c/8.3.1/thumb/v7e-m+fp/hard\libgcc.a(_paritysi2.o)
                              build/kf_freertos_fpga/production/_ext/825500651/plib_i3c.o (__paritysi2)
c:/program files/microchip/xc32/v4.45/bin/bin/../../lib/gcc/pic32c/8.3.1/../../../../pic32c/lib/thumb/v7e-m+fp/hard\libpic32c.a(pic32_data_init_clear.o)
                              (__dinit_clear_needed)
c:/program files/microchip/xc32/v4.45/bin/bin/../../lib/gcc/pic32c/8.3.1/../../../../pic32c/lib/thumb/v7e-m+fp/hard\libpic32c.a(pic32_data_init_copy.o)
                              (__dinit_copy_needed)
c:/program files/microchip/xc32/v4.45/bin/bin/../../lib/gcc/pic32c/8.3.1/../../../../pic32c/lib/thumb/v7e-m+fp/hard\libpic32c.a(pic32_data_init_decompress.o)
                              (__dinit_decompress_needed)

Microchip PIC32 Memory-Usage Report

ROM Program-Memory Usage
section                    address  length [bytes]      (dec)  Description
-------                 ----------  -------------------------  -----------
.vectors                   0xb0000          0x350         848   
.text                      0xb0350           0x20          32  App's exec code 
.rodata                    0xb0370          0xa30        2608  Read-only const 
.rodata                    0xb0da0          0x6dc        1756  Read-only const 
.text._drv_i3c_xfers       0xb147c          0x514        1300   
.text.test_xfers_all       0xb1990          0x444        1092   
.text.DRV_I3C_do_DAA       0xb1dd4          0x344         836   
.dinit                     0xb2118          0x2e0         736   
.rodata                    0xb23f8          0x2ac         684  Read-only const 
.text.DRV_I3C_Init         0xb26a4          0x284         644   
.text._drv_i3c_isr_targ    0xb2928          0x244         580   
.text._drv_i3c_isr_xfer    0xb2b6c          0x238         568   
.text._drv_i3c_CCC         0xb2da4          0x218         536   
.text.xTaskIncrementTic    0xb2fbc          0x20c         524   
.text._drv_i3c_isr_targ    0xb31c8          0x1e0         480   
.text.DRV_I3C_target_ib    0xb33a8          0x1d8         472   
.text.xTaskResumeAll       0xb3580          0x1d8         472   
.text._drv_i3c_ibi_isr     0xb3758          0x1b8         440   
.text.i3c_bus_init         0xb3910          0x1b8         440   
.text.xQueueSemaphoreTa    0xb3ac8          0x190         400   
.text.xTaskRemoveFromEv    0xb3c58          0x190         400   
.text.mini_vsnprintf       0xb3de8          0x17e         382   
.text.Dummy_Handler        0xb3f66            0x2           2   
.text.uart_protocol_ini    0xb3f68          0x170         368   
.text.DRV_I3C_attach_de    0xb40d8          0x15c         348   
.text.prvProcessReceive    0xb4234          0x15c         348   
.text.xQueueGenericSend    0xb4390          0x154         340   
.text.xQueueReceive        0xb44e4          0x144         324   
.text.p_uart_line_statu    0xb4628          0x140         320   
.text.xTaskPriorityInhe    0xb4768          0x13c         316   
.text.i3c_mec5_tgt_wka_    0xb48a4          0x138         312   
.text.vTaskPriorityDisi    0xb49dc          0x12c         300   
[...]
Memory Configuration

Name             Origin             Length             Attributes
rom              0x00000000000b0000 0x0000000000050000 xrl
ram              0x0000000000118000 0x000000000000a000 xw !r
*default*        0x0000000000000000 0xffffffffffffffff

Linker script and memory map

LOAD c:/program files/microchip/xc32/v4.45/bin/bin/../../lib/gcc/pic32c/8.3.1/thumb/v7e-m+fp/hard/crti.o
LOAD c:/program files/microchip/xc32/v4.45/bin/bin/../../lib/gcc/pic32c/8.3.1/thumb/v7e-m+fp/hard/crtbegin.o
LOAD build/kf_freertos_fpga/production/_ext/1420773124/serial.o
LOAD build/kf_freertos_fpga/production/_ext/1420773124/trace.o
LOAD build/kf_freertos_fpga/production/_ext/101992513/drv_i3c.o
LOAD build/kf_freertos_fpga/production/_ext/101992513/drv_i3c_config.o
LOAD build/kf_freertos_fpga/production/_ext/1886205328/i3c_ccc.o
LOAD build/kf_freertos_fpga/production/_ext/1886205328/i3c_common.o
LOAD build/kf_freertos_fpga/production/_ext/785111490/osal_freertos.o
LOAD build/kf_freertos_fpga/production/_ext/825503660/dma.o
LOAD build/kf_freertos_fpga/production/_ext/868947740/plib_ec_reg_bank.o
LOAD build/kf_freertos_fpga/production/_ext/179210842/plib_ecia.o
LOAD build/kf_freertos_fpga/production/_ext/179282931/plib_gpio.o
LOAD build/kf_freertos_fpga/production/_ext/825500651/plib_i3c.o
LOAD build/kf_freertos_fpga/production/_ext/825500651/plib_i3c_private.o
LOAD build/kf_freertos_fpga/production/_ext/179497222/plib_nvic.o
LOAD build/kf_freertos_fpga/production/_ext/825492421/plib_pcr.o
LOAD build/kf_freertos_fpga/production/_ext/1732944825/uart_api.o
LOAD build/kf_freertos_fpga/production/_ext/1732944825/uart_perphl.o
LOAD build/kf_freertos_fpga/production/_ext/1435074362/xc32_monitor.o
LOAD build/kf_freertos_fpga/production/_ext/29258880/exceptions.o
LOAD build/kf_freertos_fpga/production/_ext/29258880/freertos_hooks.o
LOAD build/kf_freertos_fpga/production/_ext/29258880/initialization.o
LOAD build/kf_freertos_fpga/production/_ext/29258880/interrupts.o
LOAD build/kf_freertos_fpga/production/_ext/29258880/libc_syscalls.o
LOAD build/kf_freertos_fpga/production/_ext/29258880/startup_xc32.o
LOAD build/kf_freertos_fpga/production/_ext/29258880/tasks.o
LOAD build/kf_freertos_fpga/production/_ext/246609638/port.o
LOAD build/kf_freertos_fpga/production/_ext/1665200909/heap_1.o
LOAD build/kf_freertos_fpga/production/_ext/404212886/queue.o
LOAD build/kf_freertos_fpga/production/_ext/404212886/croutine.o
LOAD build/kf_freertos_fpga/production/_ext/404212886/timers.o
LOAD build/kf_freertos_fpga/production/_ext/404212886/list.o
LOAD build/kf_freertos_fpga/production/_ext/404212886/FreeRTOS_tasks.o
LOAD build/kf_freertos_fpga/production/_ext/404212886/stream_buffer.o
LOAD build/kf_freertos_fpga/production/_ext/404212886/event_groups.o
LOAD build/kf_freertos_fpga/production/_ext/1521323865/test_ccc.o
LOAD build/kf_freertos_fpga/production/_ext/1521323865/test_pvt_xfer.o
LOAD build/kf_freertos_fpga/production/_ext/1521323865/test_icm42605.o
LOAD build/kf_freertos_fpga/production/_ext/1521323865/test_ibis.o
LOAD build/kf_freertos_fpga/production/_ext/1521323865/tgt_test_pvt_xfer.o
LOAD build/kf_freertos_fpga/production/_ext/1521323865/crc8.o
LOAD build/kf_freertos_fpga/production/_ext/1521323865/tgt_test_ibis.o
LOAD build/kf_freertos_fpga/production/_ext/1360937237/task1.o
LOAD build/kf_freertos_fpga/production/_ext/1360937237/main.o
LOAD build/kf_freertos_fpga/production/_ext/1360937237/task2.o
LOAD build/kf_freertos_fpga/production/_ext/1360937237/task3.o
                0x0000000000000001                __MPLAB_BUILD = 0x1
                0x0000000000100000                __rom_end = (ORIGIN (rom) + LENGTH (rom))
                0x0000000000122000                __ram_end = (ORIGIN (ram) + LENGTH (ram))

.vectors        0x00000000000b0000      0x350
                0x00000000000b0000                . = ALIGN (0x4)
                0x00000000000b0000                _sfixed = .
 *(.vectors .vectors.* .vectors_default .vectors_default.*)
 .vectors.exception_table
                0x00000000000b0000      0x350 build/kf_freertos_fpga/production/_ext/29258880/interrupts.o
                0x00000000000b0000                exception_table
 *(.isr_vector)
 *(.reset*)
 *(.after_vectors)

.text           0x00000000000b0350       0x20
                0x00000000000b0350                . = ALIGN (0x4)
 *(.glue_7t)
 .glue_7t       0x00000000000b0350        0x0 linker stubs
 *(.glue_7)
 .glue_7        0x00000000000b0350        0x0 linker stubs
 *(.gnu.linkonce.r.*)
 *(.ARM.extab* .gnu.linkonce.armextab.*)
                0x00000000000b0350                . = ALIGN (0x4)
 *(.init)
 .init          0x00000000000b0350        0x4 c:/program files/microchip/xc32/v4.45/bin/bin/../../lib/gcc/pic32c/8.3.1/thumb/v7e-m+fp/hard/crti.o
                0x00000000000b0350                _init
 .init          0x00000000000b0354        0x8 c:/program files/microchip/xc32/v4.45/bin/bin/../../lib/gcc/pic32c/8.3.1/thumb/v7e-m+fp/hard/crtn.o
                0x00000000000b035c                . = ALIGN (0x4)
                0x00000000000b035c                __preinit_array_start = .
 *(.preinit_array)
                0x00000000000b035c                __preinit_array_end = .
                0x00000000000b035c                . = ALIGN (0x4)
                0x00000000000b035c                __init_array_start = .
 *(SORT_BY_NAME(.init_array.*))
 *(.init_array)
 .init_array    0x00000000000b035c        0x4 c:/program files/microchip/xc32/v4.45/bin/bin/../../lib/gcc/pic32c/8.3.1/thumb/v7e-m+fp/hard/crtbegin.o
                0x00000000000b0360                __init_array_end = .
                0x00000000000b0360                . = ALIGN (0x4)
 *crtbegin.o(.ctors)
 *(EXCLUDE_FILE(*crtend.o) .ctors)
 *(SORT_BY_NAME(.ctors.*))
 *crtend.o(.ctors)
                0x00000000000b0360                . = ALIGN (0x4)
 *(.fini)
 .fini          0x00000000000b0360        0x4 c:/program files/microchip/xc32/v4.45/bin/bin/../../lib/gcc/pic32c/8.3.1/thumb/v7e-m+fp/hard/crti.o
                0x00000000000b0360                _fini
 .fini          0x00000000000b0364        0x8 c:/program files/microchip/xc32/v4.45/bin/bin/../../lib/gcc/pic32c/8.3.1/thumb/v7e-m+fp/hard/crtn.o
                0x00000000000b036c                . = ALIGN (0x4)
                0x00000000000b036c                __fini_array_start = .
 *(.fini_array)
 .fini_array    0x00000000000b036c        0x4 c:/program files/microchip/xc32/v4.45/bin/bin/../../lib/gcc/pic32c/8.3.1/thumb/v7e-m+fp/hard/crtbegin.o
 *(SORT_BY_NAME(.fini_array.*))
                0x00000000000b0370                __fini_array_end = .
 *crtbegin.o(.dtors)
 *(EXCLUDE_FILE(*crtend.o) .dtors)
 *(SORT_BY_NAME(.dtors.*))
 *crtend.o(.dtors)
                0x00000000000b0370                . = ALIGN (0x4)
                0x00000000000b0370                _efixed = .
                [!provide]                        PROVIDE (__exidx_start = .)

.ARM.exidx
 *(.ARM.exidx* .gnu.linkonce.armexidx.*)
                [!provide]                        PROVIDE (__exidx_end = .)
                0x00000000000b0370                . = ALIGN (0x4)
                0x00000000000b0370                _etext = .

.bss            0x0000000000118000        0x0
                0x0000000000118000                . = ALIGN (0x4)
                0x0000000000118000                __bss_start__ = .
                0x0000000000118000                _sbss = .
                0x0000000000118000                _szero = .
 *(COMMON)
                0x0000000000118000                . = ALIGN (0x4)
                0x0000000000118000                __bss_end__ = .
                0x0000000000118000                _ebss = .
                0x0000000000118000                _ezero = .
                0x0000000000118000                . = ALIGN (0x4)
                0x0000000000118000                _end = .
                0x0000000000121fff                _ram_end_ = ((ORIGIN (ram) + LENGTH (ram)) - 0x1)
                0x0000000000000200                _min_heap_size = 0x200
START GROUP
LOAD c:/program files/microchip/xc32/v4.45/bin/bin/../../lib/gcc/pic32c/8.3.1/../../../../pic32c/lib/thumb/v7e-m+fp/hard\libpic32c.a
LOAD c:/program files/microchip/xc32/v4.45/bin/bin/../../lib/gcc/pic32c/8.3.1/../../../../pic32c/lib/thumb/v7e-m+fp/hard\libc-size-musl.a
LOAD c:/program files/microchip/xc32/v4.45/bin/bin/../../lib/gcc/pic32c/8.3.1/../../../../pic32c/lib/thumb/v7e-m+fp/hard\liblmalloc-musl.a
LOAD c:/program files/microchip/xc32/v4.45/bin/bin/../../lib/gcc/pic32c/8.3.1/../../../../pic32c/lib/thumb/v7e-m+fp/hard\libm-fast-emfloat.a
LOAD c:/program files/microchip/xc32/v4.45/bin/bin/../../lib/gcc/pic32c/8.3.1/../../../../pic32c/lib/thumb/v7e-m+fp/hard\libm-musl.a
LOAD c:/program files/microchip/xc32/v4.45/bin/bin/../../lib/gcc/pic32c/8.3.1/../../../../pic32c/lib/thumb/v7e-m+fp/hard\libc-musl.a
LOAD c:/program files/microchip/xc32/v4.45/bin/bin/../../lib/gcc/pic32c/8.3.1/../../../../pic32c/lib/thumb/v7e-m+fp/hard\libm-fast-emfloat.a
LOAD c:/program files/microchip/xc32/v4.45/bin/bin/../../lib/gcc/pic32c/8.3.1/../../../../pic32c/lib/thumb/v7e-m+fp/hard\libm-musl.a
LOAD c:/program files/microchip/xc32/v4.45/bin/bin/../../lib/gcc/pic32c/8.3.1/thumb/v7e-m+fp/hard\libgcc.a
END GROUP
LOAD c:/program files/microchip/xc32/v4.45/bin/bin/../../lib/gcc/pic32c/8.3.1/thumb/v7e-m+fp/hard/crtend.o
LOAD c:/program files/microchip/xc32/v4.45/bin/bin/../../lib/gcc/pic32c/8.3.1/thumb/v7e-m+fp/hard/crtn.o
OUTPUT(dist/kf_freertos_fpga/production/kf_freertos_fpga.X.production.elf elf32-littlearm)
LOAD data_init
LOAD stack

.ARM.attributes
                0x0000000000000000       0x34
 .ARM.attributes
                0x0000000000000000       0x1e c:/program files/microchip/xc32/v4.45/bin/bin/../../lib/gcc/pic32c/8.3.1/thumb/v7e-m+fp/hard/crti.o
 .ARM.attributes
                0x000000000000001e       0x34 c:/program files/microchip/xc32/v4.45/bin/bin/../../lib/gcc/pic32c/8.3.1/thumb/v7e-m+fp/hard/crtbegin.o
 .ARM.attributes
                0x0000000000000052       0x34 build/kf_freertos_fpga/production/_ext/1420773124/serial.o
 .ARM.attributes
                0x0000000000000086       0x34 build/kf_freertos_fpga/production/_ext/1420773124/trace.o
 .ARM.attributes
                0x00000000000000ba       0x34 build/kf_freertos_fpga/production/_ext/101992513/drv_i3c.o
 .ARM.attributes
                0x00000000000000ee       0x34 build/kf_freertos_fpga/production/_ext/101992513/drv_i3c_config.o
 .ARM.attributes
                0x0000000000000122       0x34 build/kf_freertos_fpga/production/_ext/1886205328/i3c_ccc.o
 .ARM.attributes
                0x0000000000000156       0x34 build/kf_freertos_fpga/production/_ext/1886205328/i3c_common.o
 .ARM.attributes
                0x000000000000018a       0x34 build/kf_freertos_fpga/production/_ext/785111490/osal_freertos.o
 .ARM.attributes
                0x00000000000001be       0x34 build/kf_freertos_fpga/production/_ext/825503660/dma.o
 .ARM.attributes
                0x00000000000001f2       0x34 build/kf_freertos_fpga/production/_ext/868947740/plib_ec_reg_bank.o
 .ARM.attributes
                0x0000000000000226       0x34 build/kf_freertos_fpga/production/_ext/179210842/plib_ecia.o
 .ARM.attributes
                0x000000000000025a       0x34 build/kf_freertos_fpga/production/_ext/179282931/plib_gpio.o
 .ARM.attributes
                0x000000000000028e       0x34 build/kf_freertos_fpga/production/_ext/825500651/plib_i3c.o
 .ARM.attributes
                0x00000000000002c2       0x34 build/kf_freertos_fpga/production/_ext/825500651/plib_i3c_private.o
 .ARM.attributes
                0x00000000000002f6       0x34 build/kf_freertos_fpga/production/_ext/179497222/plib_nvic.o
 .ARM.attributes
                0x000000000000032a       0x34 build/kf_freertos_fpga/production/_ext/825492421/plib_pcr.o
 .ARM.attributes
                0x000000000000035e       0x34 build/kf_freertos_fpga/production/_ext/1732944825/uart_api.o
 .ARM.attributes
                0x0000000000000392       0x34 build/kf_freertos_fpga/production/_ext/1732944825/uart_perphl.o
 .ARM.attributes
                0x00000000000003c6       0x34 build/kf_freertos_fpga/production/_ext/29258880/exceptions.o
 .ARM.attributes
                0x00000000000003fa       0x34 build/kf_freertos_fpga/production/_ext/29258880/freertos_hooks.o
 .ARM.attributes
                0x000000000000042e       0x34 build/kf_freertos_fpga/production/_ext/29258880/initialization.o
 .ARM.attributes
                0x0000000000000462       0x34 build/kf_freertos_fpga/production/_ext/29258880/interrupts.o
 .ARM.attributes
                0x0000000000000496       0x34 build/kf_freertos_fpga/production/_ext/29258880/startup_xc32.o
 .ARM.attributes
                0x00000000000004ca       0x34 build/kf_freertos_fpga/production/_ext/29258880/tasks.o
 .ARM.attributes
                0x00000000000004fe       0x34 build/kf_freertos_fpga/production/_ext/246609638/port.o
 .ARM.attributes
                0x0000000000000532       0x34 build/kf_freertos_fpga/production/_ext/1665200909/heap_1.o
 .ARM.attributes
                0x0000000000000566       0x34 build/kf_freertos_fpga/production/_ext/404212886/queue.o
 .ARM.attributes
                0x000000000000059a       0x34 build/kf_freertos_fpga/production/_ext/404212886/timers.o
 .ARM.attributes
                0x00000000000005ce       0x34 build/kf_freertos_fpga/production/_ext/404212886/list.o
 .ARM.attributes
                0x0000000000000602       0x34 build/kf_freertos_fpga/production/_ext/404212886/FreeRTOS_tasks.o
 .ARM.attributes
                0x0000000000000636       0x34 build/kf_freertos_fpga/production/_ext/1521323865/test_pvt_xfer.o
 .ARM.attributes
                0x000000000000066a       0x34 build/kf_freertos_fpga/production/_ext/1521323865/tgt_test_pvt_xfer.o
 .ARM.attributes
                0x000000000000069e       0x34 build/kf_freertos_fpga/production/_ext/1360937237/task1.o
 .ARM.attributes
                0x00000000000006d2       0x34 build/kf_freertos_fpga/production/_ext/1360937237/main.o
 .ARM.attributes
                0x0000000000000706       0x34 build/kf_freertos_fpga/production/_ext/1360937237/task2.o
 .ARM.attributes
                0x000000000000073a       0x34 build/kf_freertos_fpga/production/_ext/1360937237/task3.o
 .ARM.attributes
                0x000000000000076e       0x34 c:/program files/microchip/xc32/v4.45/bin/bin/../../lib/gcc/pic32c/8.3.1/../../../../pic32c/lib/thumb/v7e-m+fp/hard\libpic32c.a(data_init.o)
 .ARM.attributes
                0x00000000000007a2       0x36 c:/program files/microchip/xc32/v4.45/bin/bin/../../lib/gcc/pic32c/8.3.1/../../../../pic32c/lib/thumb/v7e-m+fp/hard\libc-size-musl.a(memcpy.o)
 .ARM.attributes
                0x00000000000007d8       0x36 c:/program files/microchip/xc32/v4.45/bin/bin/../../lib/gcc/pic32c/8.3.1/../../../../pic32c/lib/thumb/v7e-m+fp/hard\libc-size-musl.a(memset.o)
 .ARM.attributes
                0x000000000000080e       0x36 c:/program files/microchip/xc32/v4.45/bin/bin/../../lib/gcc/pic32c/8.3.1/../../../../pic32c/lib/thumb/v7e-m+fp/hard\libc-musl.a(__libc_start_main.o)
 .ARM.attributes
                0x0000000000000844       0x34 c:/program files/microchip/xc32/v4.45/bin/bin/../../lib/gcc/pic32c/8.3.1/../../../../pic32c/lib/thumb/v7e-m+fp/hard\libc-musl.a(libc.o)
 .ARM.attributes
                0x0000000000000878       0x34 c:/program files/microchip/xc32/v4.45/bin/bin/../../lib/gcc/pic32c/8.3.1/../../../../pic32c/lib/thumb/v7e-m+fp/hard\libc-musl.a(__environ.o)
 .ARM.attributes
                0x00000000000008ac       0x34 c:/program files/microchip/xc32/v4.45/bin/bin/../../lib/gcc/pic32c/8.3.1/thumb/v7e-m+fp/hard\libgcc.a(_paritysi2.o)
 .ARM.attributes
                0x00000000000008e0       0x1e c:/program files/microchip/xc32/v4.45/bin/bin/../../lib/gcc/pic32c/8.3.1/thumb/v7e-m+fp/hard/crtn.o
 .ARM.attributes
                0x00000000000008fe       0x34 c:/program files/microchip/xc32/v4.45/bin/bin/../../lib/gcc/pic32c/8.3.1/../../../../pic32c/lib/thumb/v7e-m+fp/hard\libpic32c.a(pic32_data_init_clear.o)
 .ARM.attributes
                0x0000000000000932       0x34 c:/program files/microchip/xc32/v4.45/bin/bin/../../lib/gcc/pic32c/8.3.1/../../../../pic32c/lib/thumb/v7e-m+fp/hard\libpic32c.a(pic32_data_init_copy.o)
 .ARM.attributes
                0x0000000000000966       0x34 c:/program files/microchip/xc32/v4.45/bin/bin/../../lib/gcc/pic32c/8.3.1/../../../../pic32c/lib/thumb/v7e-m+fp/hard\libpic32c.a(pic32_data_init_decompress.o)

.comment        0x0000000000000000       0x2b
 .comment       0x0000000000000000       0x2b c:/program files/microchip/xc32/v4.45/bin/bin/../../lib/gcc/pic32c/8.3.1/thumb/v7e-m+fp/hard/crtbegin.o
                                         0x2c (size before relaxing)
 .comment       0x000000000000002b       0x2c build/kf_freertos_fpga/production/_ext/1420773124/serial.o
 .comment       0x000000000000002b       0x2c build/kf_freertos_fpga/production/_ext/1420773124/trace.o
 .comment       0x000000000000002b       0x2c build/kf_freertos_fpga/production/_ext/101992513/drv_i3c.o
 .comment       0x000000000000002b       0x2c build/kf_freertos_fpga/production/_ext/101992513/drv_i3c_config.o
 .comment       0x000000000000002b       0x2c build/kf_freertos_fpga/production/_ext/1886205328/i3c_ccc.o
 .comment       0x000000000000002b       0x2c build/kf_freertos_fpga/production/_ext/1886205328/i3c_common.o
 .comment       0x000000000000002b       0x2c build/kf_freertos_fpga/production/_ext/785111490/osal_freertos.o
 .comment       0x000000000000002b       0x2c build/kf_freertos_fpga/production/_ext/825503660/dma.o
 .comment       0x000000000000002b       0x2c build/kf_freertos_fpga/production/_ext/868947740/plib_ec_reg_bank.o
 .comment       0x000000000000002b       0x2c build/kf_freertos_fpga/production/_ext/179210842/plib_ecia.o
 .comment       0x000000000000002b       0x2c build/kf_freertos_fpga/production/_ext/179282931/plib_gpio.o
 .comment       0x000000000000002b       0x2c build/kf_freertos_fpga/production/_ext/825500651/plib_i3c.o
 .comment       0x000000000000002b       0x2c build/kf_freertos_fpga/production/_ext/825500651/plib_i3c_private.o
 .comment       0x000000000000002b       0x2c build/kf_freertos_fpga/production/_ext/179497222/plib_nvic.o
 .comment       0x000000000000002b       0x2c build/kf_freertos_fpga/production/_ext/825492421/plib_pcr.o
 .comment       0x000000000000002b       0x2c build/kf_freertos_fpga/production/_ext/1732944825/uart_api.o
 .comment       0x000000000000002b       0x2c build/kf_freertos_fpga/production/_ext/1732944825/uart_perphl.o
 .comment       0x000000000000002b       0x2c build/kf_freertos_fpga/production/_ext/29258880/exceptions.o
 .comment       0x000000000000002b       0x2c build/kf_freertos_fpga/production/_ext/29258880/freertos_hooks.o
 .comment       0x000000000000002b       0x2c build/kf_freertos_fpga/production/_ext/29258880/initialization.o
 .comment       0x000000000000002b       0x2c build/kf_freertos_fpga/production/_ext/29258880/interrupts.o
 .comment       0x000000000000002b       0x2c build/kf_freertos_fpga/production/_ext/29258880/startup_xc32.o
 .comment       0x000000000000002b       0x2c build/kf_freertos_fpga/production/_ext/29258880/tasks.o
 .comment       0x000000000000002b       0x2c build/kf_freertos_fpga/production/_ext/246609638/port.o
 .comment       0x000000000000002b       0x2c build/kf_freertos_fpga/production/_ext/1665200909/heap_1.o
 .comment       0x000000000000002b       0x2c build/kf_freertos_fpga/production/_ext/404212886/queue.o
 .comment       0x000000000000002b       0x2c build/kf_freertos_fpga/production/_ext/404212886/timers.o
 .comment       0x000000000000002b       0x2c build/kf_freertos_fpga/production/_ext/404212886/list.o
 .comment       0x000000000000002b       0x2c build/kf_freertos_fpga/production/_ext/404212886/FreeRTOS_tasks.o
 .comment       0x000000000000002b       0x2c build/kf_freertos_fpga/production/_ext/1521323865/test_pvt_xfer.o
 .comment       0x000000000000002b       0x2c build/kf_freertos_fpga/production/_ext/1521323865/tgt_test_pvt_xfer.o
 .comment       0x000000000000002b       0x2c build/kf_freertos_fpga/production/_ext/1360937237/task1.o
 .comment       0x000000000000002b       0x2c build/kf_freertos_fpga/production/_ext/1360937237/main.o
 .comment       0x000000000000002b       0x2c build/kf_freertos_fpga/production/_ext/1360937237/task2.o
 .comment       0x000000000000002b       0x2c build/kf_freertos_fpga/production/_ext/1360937237/task3.o
 .comment       0x000000000000002b       0x2c c:/program files/microchip/xc32/v4.45/bin/bin/../../lib/gcc/pic32c/8.3.1/../../../../pic32c/lib/thumb/v7e-m+fp/hard\libpic32c.a(data_init.o)
 .comment       0x000000000000002b       0x2c c:/program files/microchip/xc32/v4.45/bin/bin/../../lib/gcc/pic32c/8.3.1/../../../../pic32c/lib/thumb/v7e-m+fp/hard\libc-size-musl.a(memcpy.o)
 .comment       0x000000000000002b       0x2c c:/program files/microchip/xc32/v4.45/bin/bin/../../lib/gcc/pic32c/8.3.1/../../../../pic32c/lib/thumb/v7e-m+fp/hard\libc-size-musl.a(memset.o)
 .comment       0x000000000000002b       0x2c c:/program files/microchip/xc32/v4.45/bin/bin/../../lib/gcc/pic32c/8.3.1/../../../../pic32c/lib/thumb/v7e-m+fp/hard\libc-musl.a(__libc_start_main.o)
 .comment       0x000000000000002b       0x2c c:/program files/microchip/xc32/v4.45/bin/bin/../../lib/gcc/pic32c/8.3.1/../../../../pic32c/lib/thumb/v7e-m+fp/hard\libc-musl.a(libc.o)
 .comment       0x000000000000002b       0x2c c:/program files/microchip/xc32/v4.45/bin/bin/../../lib/gcc/pic32c/8.3.1/../../../../pic32c/lib/thumb/v7e-m+fp/hard\libc-musl.a(__environ.o)
 .comment       0x000000000000002b       0x2c c:/program files/microchip/xc32/v4.45/bin/bin/../../lib/gcc/pic32c/8.3.1/thumb/v7e-m+fp/hard\libgcc.a(_paritysi2.o)
 .comment       0x000000000000002b       0x2c c:/program files/microchip/xc32/v4.45/bin/bin/../../lib/gcc/pic32c/8.3.1/../../../../pic32c/lib/thumb/v7e-m+fp/hard\libpic32c.a(pic32_data_init_clear.o)
 .comment       0x000000000000002b       0x2c c:/program files/microchip/xc32/v4.45/bin/bin/../../lib/gcc/pic32c/8.3.1/../../../../pic32c/lib/thumb/v7e-m+fp/hard\libpic32c.a(pic32_data_init_copy.o)
 .comment       0x000000000000002b       0x2c c:/program files/microchip/xc32/v4.45/bin/bin/../../lib/gcc/pic32c/8.3.1/../../../../pic32c/lib/thumb/v7e-m+fp/hard\libpic32c.a(pic32_data_init_decompress.o)

.debug_info     0x0000000000000000    0x1ded1
 .debug_info    0x0000000000000000      0x17b build/kf_freertos_fpga/production/_ext/1420773124/serial.o
 .debug_info    0x000000000000017b      0x39a build/kf_freertos_fpga/production/_ext/1420773124/trace.o
 .debug_info    0x0000000000000515     0x3b19 build/kf_freertos_fpga/production/_ext/101992513/drv_i3c.o
 .debug_info    0x000000000000402e     0x1b65 build/kf_freertos_fpga/production/_ext/101992513/drv_i3c_config.o
 .debug_info    0x0000000000005b93     0x1a27 build/kf_freertos_fpga/production/_ext/1886205328/i3c_ccc.o
 .debug_info    0x00000000000075ba     0x1c63 build/kf_freertos_fpga/production/_ext/1886205328/i3c_common.o
 .debug_info    0x000000000000921d      0x50c build/kf_freertos_fpga/production/_ext/785111490/osal_freertos.o
 .debug_info    0x0000000000009729      0x734 build/kf_freertos_fpga/production/_ext/825503660/dma.o
 .debug_info    0x0000000000009e5d      0x6d5 build/kf_freertos_fpga/production/_ext/868947740/plib_ec_reg_bank.o
 .debug_info    0x000000000000a532     0x15be build/kf_freertos_fpga/production/_ext/179210842/plib_ecia.o
 .debug_info    0x000000000000baf0     0x11a7 build/kf_freertos_fpga/production/_ext/179282931/plib_gpio.o
 .debug_info    0x000000000000cc97     0x1ead build/kf_freertos_fpga/production/_ext/825500651/plib_i3c.o
 .debug_info    0x000000000000eb44     0x252b build/kf_freertos_fpga/production/_ext/825500651/plib_i3c_private.o
 .debug_info    0x000000000001106f      0x850 build/kf_freertos_fpga/production/_ext/179497222/plib_nvic.o
 .debug_info    0x00000000000118bf      0xcad build/kf_freertos_fpga/production/_ext/825492421/plib_pcr.o
 .debug_info    0x000000000001256c      0x33e build/kf_freertos_fpga/production/_ext/1732944825/uart_api.o
 .debug_info    0x00000000000128aa      0xb2f build/kf_freertos_fpga/production/_ext/1732944825/uart_perphl.o
 .debug_info    0x00000000000133d9      0x11c build/kf_freertos_fpga/production/_ext/29258880/exceptions.o
 .debug_info    0x00000000000134f5      0x1e9 build/kf_freertos_fpga/production/_ext/29258880/freertos_hooks.o
 .debug_info    0x00000000000136de      0x177 build/kf_freertos_fpga/production/_ext/29258880/initialization.o
 .debug_info    0x0000000000013855      0xe64 build/kf_freertos_fpga/production/_ext/29258880/interrupts.o
 .debug_info    0x00000000000146b9      0x3ba build/kf_freertos_fpga/production/_ext/29258880/startup_xc32.o
 .debug_info    0x0000000000014a73      0x19e build/kf_freertos_fpga/production/_ext/29258880/tasks.o
 .debug_info    0x0000000000014c11      0x347 build/kf_freertos_fpga/production/_ext/246609638/port.o
 .debug_info    0x0000000000014f58      0x1a4 build/kf_freertos_fpga/production/_ext/1665200909/heap_1.o
 .debug_info    0x00000000000150fc     0x10bc build/kf_freertos_fpga/production/_ext/404212886/queue.o
 .debug_info    0x00000000000161b8      0xb0a build/kf_freertos_fpga/production/_ext/404212886/timers.o
 .debug_info    0x0000000000016cc2      0x2f5 build/kf_freertos_fpga/production/_ext/404212886/list.o
 .debug_info    0x0000000000016fb7     0x1c2b build/kf_freertos_fpga/production/_ext/404212886/FreeRTOS_tasks.o
 .debug_info    0x0000000000018be2     0x18ee build/kf_freertos_fpga/production/_ext/1521323865/test_pvt_xfer.o
 .debug_info    0x000000000001a4d0     0x1020 build/kf_freertos_fpga/production/_ext/1521323865/tgt_test_pvt_xfer.o
 .debug_info    0x000000000001b4f0     0x1158 build/kf_freertos_fpga/production/_ext/1360937237/task1.o
 .debug_info    0x000000000001c648       0xa7 build/kf_freertos_fpga/production/_ext/1360937237/main.o
 .debug_info    0x000000000001c6ef      0x8f5 build/kf_freertos_fpga/production/_ext/1360937237/task2.o
 .debug_info    0x000000000001cfe4      0x553 build/kf_freertos_fpga/production/_ext/1360937237/task3.o
 .debug_info    0x000000000001d537       0x54 c:/program files/microchip/xc32/v4.45/bin/bin/../../lib/gcc/pic32c/8.3.1/../../../../pic32c/lib/thumb/v7e-m+fp/hard\libpic32c.a(data_init.o)
 .debug_info    0x000000000001d58b       0xf3 c:/program files/microchip/xc32/v4.45/bin/bin/../../lib/gcc/pic32c/8.3.1/../../../../pic32c/lib/thumb/v7e-m+fp/hard\libc-size-musl.a(memcpy.o)
 .debug_info    0x000000000001d67e       0xbb c:/program files/microchip/xc32/v4.45/bin/bin/../../lib/gcc/pic32c/8.3.1/../../../../pic32c/lib/thumb/v7e-m+fp/hard\libc-size-musl.a(memset.o)
 .debug_info    0x000000000001d739      0x2fb c:/program files/microchip/xc32/v4.45/bin/bin/../../lib/gcc/pic32c/8.3.1/../../../../pic32c/lib/thumb/v7e-m+fp/hard\libc-musl.a(__libc_start_main.o)
 .debug_info    0x000000000001da34      0x276 c:/program files/microchip/xc32/v4.45/bin/bin/../../lib/gcc/pic32c/8.3.1/../../../../pic32c/lib/thumb/v7e-m+fp/hard\libc-musl.a(libc.o)
 .debug_info    0x000000000001dcaa       0x97 c:/program files/microchip/xc32/v4.45/bin/bin/../../lib/gcc/pic32c/8.3.1/../../../../pic32c/lib/thumb/v7e-m+fp/hard\libc-musl.a(__environ.o)
 .debug_info    0x000000000001dd41       0xd1 c:/program files/microchip/xc32/v4.45/bin/bin/../../lib/gcc/pic32c/8.3.1/thumb/v7e-m+fp/hard\libgcc.a(_paritysi2.o)
 .debug_info    0x000000000001de12       0x3f c:/program files/microchip/xc32/v4.45/bin/bin/../../lib/gcc/pic32c/8.3.1/../../../../pic32c/lib/thumb/v7e-m+fp/hard\libpic32c.a(pic32_data_init_clear.o)
 .debug_info    0x000000000001de51       0x40 c:/program files/microchip/xc32/v4.45/bin/bin/../../lib/gcc/pic32c/8.3.1/../../../../pic32c/lib/thumb/v7e-m+fp/hard\libpic32c.a(pic32_data_init_copy.o)
 .debug_info    0x000000000001de91       0x40 c:/program files/microchip/xc32/v4.45/bin/bin/../../lib/gcc/pic32c/8.3.1/../../../../pic32c/lib/thumb/v7e-m+fp/hard\libpic32c.a(pic32_data_init_decompress.o)

.debug_abbrev   0x0000000000000000     0x4254
 .debug_abbrev  0x0000000000000000       0xa0 build/kf_freertos_fpga/production/_ext/1420773124/serial.o
 .debug_abbrev  0x00000000000000a0      0x172 build/kf_freertos_fpga/production/_ext/1420773124/trace.o
 .debug_abbrev  0x0000000000000212      0x429 build/kf_freertos_fpga/production/_ext/101992513/drv_i3c.o
 .debug_abbrev  0x000000000000063b      0x23a build/kf_freertos_fpga/production/_ext/101992513/drv_i3c_config.o
 .debug_abbrev  0x0000000000000875      0x297 build/kf_freertos_fpga/production/_ext/1886205328/i3c_ccc.o
 .debug_abbrev  0x0000000000000b0c      0x360 build/kf_freertos_fpga/production/_ext/1886205328/i3c_common.o
 .debug_abbrev  0x0000000000000e6c      0x169 build/kf_freertos_fpga/production/_ext/785111490/osal_freertos.o
 .debug_abbrev  0x0000000000000fd5      0x1fa build/kf_freertos_fpga/production/_ext/825503660/dma.o
 .debug_abbrev  0x00000000000011cf      0x11b build/kf_freertos_fpga/production/_ext/868947740/plib_ec_reg_bank.o
 .debug_abbrev  0x00000000000012ea      0x1e9 build/kf_freertos_fpga/production/_ext/179210842/plib_ecia.o
 .debug_abbrev  0x00000000000014d3      0x1cf build/kf_freertos_fpga/production/_ext/179282931/plib_gpio.o
 .debug_abbrev  0x00000000000016a2      0x261 build/kf_freertos_fpga/production/_ext/825500651/plib_i3c.o
 .debug_abbrev  0x0000000000001903      0x22a build/kf_freertos_fpga/production/_ext/825500651/plib_i3c_private.o
 .debug_abbrev  0x0000000000001b2d      0x1f9 build/kf_freertos_fpga/production/_ext/179497222/plib_nvic.o
 .debug_abbrev  0x0000000000001d26      0x15f build/kf_freertos_fpga/production/_ext/825492421/plib_pcr.o
 .debug_abbrev  0x0000000000001e85       0xe5 build/kf_freertos_fpga/production/_ext/1732944825/uart_api.o
 .debug_abbrev  0x0000000000001f6a      0x1d2 build/kf_freertos_fpga/production/_ext/1732944825/uart_perphl.o
 .debug_abbrev  0x000000000000213c       0x49 build/kf_freertos_fpga/production/_ext/29258880/exceptions.o
 .debug_abbrev  0x0000000000002185      0x121 build/kf_freertos_fpga/production/_ext/29258880/freertos_hooks.o
 .debug_abbrev  0x00000000000022a6       0xe0 build/kf_freertos_fpga/production/_ext/29258880/initialization.o
 .debug_abbrev  0x0000000000002386       0xeb build/kf_freertos_fpga/production/_ext/29258880/interrupts.o
 .debug_abbrev  0x0000000000002471      0x195 build/kf_freertos_fpga/production/_ext/29258880/startup_xc32.o
 .debug_abbrev  0x0000000000002606       0xe7 build/kf_freertos_fpga/production/_ext/29258880/tasks.o
 .debug_abbrev  0x00000000000026ed      0x217 build/kf_freertos_fpga/production/_ext/246609638/port.o
 .debug_abbrev  0x0000000000002904      0x129 build/kf_freertos_fpga/production/_ext/1665200909/heap_1.o
 .debug_abbrev  0x0000000000002a2d      0x221 build/kf_freertos_fpga/production/_ext/404212886/queue.o
 .debug_abbrev  0x0000000000002c4e      0x1ff build/kf_freertos_fpga/production/_ext/404212886/timers.o
 .debug_abbrev  0x0000000000002e4d      0x100 build/kf_freertos_fpga/production/_ext/404212886/list.o
 .debug_abbrev  0x0000000000002f4d      0x2ba build/kf_freertos_fpga/production/_ext/404212886/FreeRTOS_tasks.o
 .debug_abbrev  0x0000000000003207      0x296 build/kf_freertos_fpga/production/_ext/1521323865/test_pvt_xfer.o
 .debug_abbrev  0x000000000000349d      0x280 build/kf_freertos_fpga/production/_ext/1521323865/tgt_test_pvt_xfer.o
 .debug_abbrev  0x000000000000371d      0x2d7 build/kf_freertos_fpga/production/_ext/1360937237/task1.o
 .debug_abbrev  0x00000000000039f4       0x48 build/kf_freertos_fpga/production/_ext/1360937237/main.o
 .debug_abbrev  0x0000000000003a3c      0x205 build/kf_freertos_fpga/production/_ext/1360937237/task2.o
 .debug_abbrev  0x0000000000003c41      0x116 build/kf_freertos_fpga/production/_ext/1360937237/task3.o
 .debug_abbrev  0x0000000000003d57       0x44 c:/program files/microchip/xc32/v4.45/bin/bin/../../lib/gcc/pic32c/8.3.1/../../../../pic32c/lib/thumb/v7e-m+fp/hard\libpic32c.a(data_init.o)
 .debug_abbrev  0x0000000000003d9b       0xbb c:/program files/microchip/xc32/v4.45/bin/bin/../../lib/gcc/pic32c/8.3.1/../../../../pic32c/lib/thumb/v7e-m+fp/hard\libc-size-musl.a(memcpy.o)
 .debug_abbrev  0x0000000000003e56       0xa2 c:/program files/microchip/xc32/v4.45/bin/bin/../../lib/gcc/pic32c/8.3.1/../../../../pic32c/lib/thumb/v7e-m+fp/hard\libc-size-musl.a(memset.o)
 .debug_abbrev  0x0000000000003ef8      0x133 c:/program files/microchip/xc32/v4.45/bin/bin/../../lib/gcc/pic32c/8.3.1/../../../../pic32c/lib/thumb/v7e-m+fp/hard\libc-musl.a(__libc_start_main.o)
 .debug_abbrev  0x000000000000402b       0xd4 c:/program files/microchip/xc32/v4.45/bin/bin/../../lib/gcc/pic32c/8.3.1/../../../../pic32c/lib/thumb/v7e-m+fp/hard\libc-musl.a(libc.o)
 .debug_abbrev  0x00000000000040ff       0x62 c:/program files/microchip/xc32/v4.45/bin/bin/../../lib/gcc/pic32c/8.3.1/../../../../pic32c/lib/thumb/v7e-m+fp/hard\libc-musl.a(__environ.o)
 .debug_abbrev  0x0000000000004161       0x69 c:/program files/microchip/xc32/v4.45/bin/bin/../../lib/gcc/pic32c/8.3.1/thumb/v7e-m+fp/hard\libgcc.a(_paritysi2.o)
 .debug_abbrev  0x00000000000041ca       0x2e c:/program files/microchip/xc32/v4.45/bin/bin/../../lib/gcc/pic32c/8.3.1/../../../../pic32c/lib/thumb/v7e-m+fp/hard\libpic32c.a(pic32_data_init_clear.o)
 .debug_abbrev  0x00000000000041f8       0x2e c:/program files/microchip/xc32/v4.45/bin/bin/../../lib/gcc/pic32c/8.3.1/../../../../pic32c/lib/thumb/v7e-m+fp/hard\libpic32c.a(pic32_data_init_copy.o)
 .debug_abbrev  0x0000000000004226       0x2e c:/program files/microchip/xc32/v4.45/bin/bin/../../lib/gcc/pic32c/8.3.1/../../../../pic32c/lib/thumb/v7e-m+fp/hard\libpic32c.a(pic32_data_init_decompress.o)

.debug_loc      0x0000000000000000     0xc67a
 .debug_loc     0x0000000000000000       0x94 build/kf_freertos_fpga/production/_ext/1420773124/serial.o
 .debug_loc     0x0000000000000094      0x249 build/kf_freertos_fpga/production/_ext/1420773124/trace.o
 .debug_loc     0x00000000000002dd     0x110e build/kf_freertos_fpga/production/_ext/101992513/drv_i3c.o
 .debug_loc     0x00000000000013eb       0xd4 build/kf_freertos_fpga/production/_ext/101992513/drv_i3c_config.o
 .debug_loc     0x00000000000014bf      0x6e8 build/kf_freertos_fpga/production/_ext/1886205328/i3c_ccc.o
 .debug_loc     0x0000000000001ba7      0xbba build/kf_freertos_fpga/production/_ext/1886205328/i3c_common.o
 .debug_loc     0x0000000000002761      0x4a4 build/kf_freertos_fpga/production/_ext/785111490/osal_freertos.o
 .debug_loc     0x0000000000002c05      0x470 build/kf_freertos_fpga/production/_ext/825503660/dma.o
 .debug_loc     0x0000000000003075      0x8e0 build/kf_freertos_fpga/production/_ext/868947740/plib_ec_reg_bank.o
 .debug_loc     0x0000000000003955      0x504 build/kf_freertos_fpga/production/_ext/179210842/plib_ecia.o
 .debug_loc     0x0000000000003e59      0xb44 build/kf_freertos_fpga/production/_ext/179282931/plib_gpio.o
 .debug_loc     0x000000000000499d      0xda8 build/kf_freertos_fpga/production/_ext/825500651/plib_i3c.o
 .debug_loc     0x0000000000005745     0x24e2 build/kf_freertos_fpga/production/_ext/825500651/plib_i3c_private.o
 .debug_loc     0x0000000000007c27      0x23c build/kf_freertos_fpga/production/_ext/179497222/plib_nvic.o
 .debug_loc     0x0000000000007e63      0x924 build/kf_freertos_fpga/production/_ext/825492421/plib_pcr.o
 .debug_loc     0x0000000000008787      0x1ec build/kf_freertos_fpga/production/_ext/1732944825/uart_api.o
 .debug_loc     0x0000000000008973      0x69c build/kf_freertos_fpga/production/_ext/1732944825/uart_perphl.o
 .debug_loc     0x000000000000900f      0x108 build/kf_freertos_fpga/production/_ext/29258880/exceptions.o
 .debug_loc     0x0000000000009117      0x148 build/kf_freertos_fpga/production/_ext/29258880/freertos_hooks.o
 .debug_loc     0x000000000000925f       0x50 build/kf_freertos_fpga/production/_ext/29258880/initialization.o
 .debug_loc     0x00000000000092af       0x2c build/kf_freertos_fpga/production/_ext/29258880/interrupts.o
 .debug_loc     0x00000000000092db       0x7c build/kf_freertos_fpga/production/_ext/29258880/startup_xc32.o
 .debug_loc     0x0000000000009357       0xec build/kf_freertos_fpga/production/_ext/29258880/tasks.o
 .debug_loc     0x0000000000009443      0x274 build/kf_freertos_fpga/production/_ext/246609638/port.o
 .debug_loc     0x00000000000096b7      0x134 build/kf_freertos_fpga/production/_ext/1665200909/heap_1.o
 .debug_loc     0x00000000000097eb      0x8a0 build/kf_freertos_fpga/production/_ext/404212886/queue.o
 .debug_loc     0x000000000000a08b      0x718 build/kf_freertos_fpga/production/_ext/404212886/timers.o
 .debug_loc     0x000000000000a7a3      0x1cc build/kf_freertos_fpga/production/_ext/404212886/list.o
 .debug_loc     0x000000000000a96f     0x108c build/kf_freertos_fpga/production/_ext/404212886/FreeRTOS_tasks.o
 .debug_loc     0x000000000000b9fb      0x282 build/kf_freertos_fpga/production/_ext/1521323865/test_pvt_xfer.o
 .debug_loc     0x000000000000bc7d      0x320 build/kf_freertos_fpga/production/_ext/1521323865/tgt_test_pvt_xfer.o
 .debug_loc     0x000000000000bf9d      0x2a0 build/kf_freertos_fpga/production/_ext/1360937237/task1.o
 .debug_loc     0x000000000000c23d       0x2c build/kf_freertos_fpga/production/_ext/1360937237/main.o
 .debug_loc     0x000000000000c269      0x110 build/kf_freertos_fpga/production/_ext/1360937237/task2.o
 .debug_loc     0x000000000000c379       0x70 build/kf_freertos_fpga/production/_ext/1360937237/task3.o
 .debug_loc     0x000000000000c3e9       0x14 c:/program files/microchip/xc32/v4.45/bin/bin/../../lib/gcc/pic32c/8.3.1/../../../../pic32c/lib/thumb/v7e-m+fp/hard\libpic32c.a(data_init.o)
 .debug_loc     0x000000000000c3fd      0x10b c:/program files/microchip/xc32/v4.45/bin/bin/../../lib/gcc/pic32c/8.3.1/../../../../pic32c/lib/thumb/v7e-m+fp/hard\libc-size-musl.a(memcpy.o)
 .debug_loc     0x000000000000c508       0x7d c:/program files/microchip/xc32/v4.45/bin/bin/../../lib/gcc/pic32c/8.3.1/../../../../pic32c/lib/thumb/v7e-m+fp/hard\libc-size-musl.a(memset.o)
 .debug_loc     0x000000000000c585       0x51 c:/program files/microchip/xc32/v4.45/bin/bin/../../lib/gcc/pic32c/8.3.1/../../../../pic32c/lib/thumb/v7e-m+fp/hard\libc-musl.a(__libc_start_main.o)
 .debug_loc     0x000000000000c5d6       0x7c c:/program files/microchip/xc32/v4.45/bin/bin/../../lib/gcc/pic32c/8.3.1/thumb/v7e-m+fp/hard\libgcc.a(_paritysi2.o)
 .debug_loc     0x000000000000c652       0x14 c:/program files/microchip/xc32/v4.45/bin/bin/../../lib/gcc/pic32c/8.3.1/../../../../pic32c/lib/thumb/v7e-m+fp/hard\libpic32c.a(pic32_data_init_copy.o)
 .debug_loc     0x000000000000c666       0x14 c:/program files/microchip/xc32/v4.45/bin/bin/../../lib/gcc/pic32c/8.3.1/../../../../pic32c/lib/thumb/v7e-m+fp/hard\libpic32c.a(pic32_data_init_decompress.o)

.debug_aranges  0x0000000000000000     0x17c8
 .debug_aranges
                0x0000000000000000       0x28 build/kf_freertos_fpga/production/_ext/1420773124/serial.o
 .debug_aranges
                0x0000000000000028       0x50 build/kf_freertos_fpga/production/_ext/1420773124/trace.o
 .debug_aranges
                0x0000000000000078      0x1b8 build/kf_freertos_fpga/production/_ext/101992513/drv_i3c.o
 .debug_aranges
                0x0000000000000230       0x38 build/kf_freertos_fpga/production/_ext/101992513/drv_i3c_config.o
 .debug_aranges
                0x0000000000000268       0xc8 build/kf_freertos_fpga/production/_ext/1886205328/i3c_ccc.o
 .debug_aranges
                0x0000000000000330      0x138 build/kf_freertos_fpga/production/_ext/1886205328/i3c_common.o
 .debug_aranges
                0x0000000000000468       0x90 build/kf_freertos_fpga/production/_ext/785111490/osal_freertos.o
 .debug_aranges
                0x00000000000004f8       0x80 build/kf_freertos_fpga/production/_ext/825503660/dma.o
 .debug_aranges
                0x0000000000000578      0x118 build/kf_freertos_fpga/production/_ext/868947740/plib_ec_reg_bank.o
 .debug_aranges
                0x0000000000000690       0x90 build/kf_freertos_fpga/production/_ext/179210842/plib_ecia.o
 .debug_aranges
                0x0000000000000720      0x118 build/kf_freertos_fpga/production/_ext/179282931/plib_gpio.o
 .debug_aranges
                0x0000000000000838      0x178 build/kf_freertos_fpga/production/_ext/825500651/plib_i3c.o
 .debug_aranges
                0x00000000000009b0      0x350 build/kf_freertos_fpga/production/_ext/825500651/plib_i3c_private.o
 .debug_aranges
                0x0000000000000d00       0x50 build/kf_freertos_fpga/production/_ext/179497222/plib_nvic.o
 .debug_aranges
                0x0000000000000d50       0xf0 build/kf_freertos_fpga/production/_ext/825492421/plib_pcr.o
 .debug_aranges
                0x0000000000000e40       0x48 build/kf_freertos_fpga/production/_ext/1732944825/uart_api.o
 .debug_aranges
                0x0000000000000e88       0xc0 build/kf_freertos_fpga/production/_ext/1732944825/uart_perphl.o
 .debug_aranges
                0x0000000000000f48       0x48 build/kf_freertos_fpga/production/_ext/29258880/exceptions.o
 .debug_aranges
                0x0000000000000f90       0x40 build/kf_freertos_fpga/production/_ext/29258880/freertos_hooks.o
 .debug_aranges
                0x0000000000000fd0       0x20 build/kf_freertos_fpga/production/_ext/29258880/initialization.o
 .debug_aranges
                0x0000000000000ff0       0x28 build/kf_freertos_fpga/production/_ext/29258880/interrupts.o
 .debug_aranges
                0x0000000000001018       0x30 build/kf_freertos_fpga/production/_ext/29258880/startup_xc32.o
 .debug_aranges
                0x0000000000001048       0x38 build/kf_freertos_fpga/production/_ext/29258880/tasks.o
 .debug_aranges
                0x0000000000001080       0x78 build/kf_freertos_fpga/production/_ext/246609638/port.o
 .debug_aranges
                0x00000000000010f8       0x38 build/kf_freertos_fpga/production/_ext/1665200909/heap_1.o
 .debug_aranges
                0x0000000000001130       0xf0 build/kf_freertos_fpga/production/_ext/404212886/queue.o
 .debug_aranges
                0x0000000000001220       0xd0 build/kf_freertos_fpga/production/_ext/404212886/timers.o
 .debug_aranges
                0x00000000000012f0       0x40 build/kf_freertos_fpga/production/_ext/404212886/list.o
 .debug_aranges
                0x0000000000001330      0x1b8 build/kf_freertos_fpga/production/_ext/404212886/FreeRTOS_tasks.o
 .debug_aranges
                0x00000000000014e8       0x58 build/kf_freertos_fpga/production/_ext/1521323865/test_pvt_xfer.o
 .debug_aranges
                0x0000000000001540       0x68 build/kf_freertos_fpga/production/_ext/1521323865/tgt_test_pvt_xfer.o
 .debug_aranges
                0x00000000000015a8       0x60 build/kf_freertos_fpga/production/_ext/1360937237/task1.o
 .debug_aranges
                0x0000000000001608       0x20 build/kf_freertos_fpga/production/_ext/1360937237/main.o
 .debug_aranges
                0x0000000000001628       0x38 build/kf_freertos_fpga/production/_ext/1360937237/task2.o
 .debug_aranges
                0x0000000000001660       0x28 build/kf_freertos_fpga/production/_ext/1360937237/task3.o
 .debug_aranges
                0x0000000000001688       0x28 c:/program files/microchip/xc32/v4.45/bin/bin/../../lib/gcc/pic32c/8.3.1/../../../../pic32c/lib/thumb/v7e-m+fp/hard\libpic32c.a(data_init.o)
 .debug_aranges
                0x00000000000016b0       0x20 c:/program files/microchip/xc32/v4.45/bin/bin/../../lib/gcc/pic32c/8.3.1/../../../../pic32c/lib/thumb/v7e-m+fp/hard\libc-size-musl.a(memcpy.o)
 .debug_aranges
                0x00000000000016d0       0x20 c:/program files/microchip/xc32/v4.45/bin/bin/../../lib/gcc/pic32c/8.3.1/../../../../pic32c/lib/thumb/v7e-m+fp/hard\libc-size-musl.a(memset.o)
 .debug_aranges
                0x00000000000016f0       0x28 c:/program files/microchip/xc32/v4.45/bin/bin/../../lib/gcc/pic32c/8.3.1/../../../../pic32c/lib/thumb/v7e-m+fp/hard\libc-musl.a(__libc_start_main.o)
 .debug_aranges
                0x0000000000001718       0x18 c:/program files/microchip/xc32/v4.45/bin/bin/../../lib/gcc/pic32c/8.3.1/../../../../pic32c/lib/thumb/v7e-m+fp/hard\libc-musl.a(libc.o)
 .debug_aranges
                0x0000000000001730       0x18 c:/program files/microchip/xc32/v4.45/bin/bin/../../lib/gcc/pic32c/8.3.1/../../../../pic32c/lib/thumb/v7e-m+fp/hard\libc-musl.a(__environ.o)
 .debug_aranges
                0x0000000000001748       0x20 c:/program files/microchip/xc32/v4.45/bin/bin/../../lib/gcc/pic32c/8.3.1/thumb/v7e-m+fp/hard\libgcc.a(_paritysi2.o)
 .debug_aranges
                0x0000000000001768       0x20 c:/program files/microchip/xc32/v4.45/bin/bin/../../lib/gcc/pic32c/8.3.1/../../../../pic32c/lib/thumb/v7e-m+fp/hard\libpic32c.a(pic32_data_init_clear.o)
 .debug_aranges
                0x0000000000001788       0x20 c:/program files/microchip/xc32/v4.45/bin/bin/../../lib/gcc/pic32c/8.3.1/../../../../pic32c/lib/thumb/v7e-m+fp/hard\libpic32c.a(pic32_data_init_copy.o)
 .debug_aranges
                0x00000000000017a8       0x20 c:/program files/microchip/xc32/v4.45/bin/bin/../../lib/gcc/pic32c/8.3.1/../../../../pic32c/lib/thumb/v7e-m+fp/hard\libpic32c.a(pic32_data_init_decompress.o)

.debug_ranges   0x0000000000000000     0x1518
 .debug_ranges  0x0000000000000000       0x18 build/kf_freertos_fpga/production/_ext/1420773124/serial.o
 .debug_ranges  0x0000000000000018       0x58 build/kf_freertos_fpga/production/_ext/1420773124/trace.o
 .debug_ranges  0x0000000000000070      0x1a8 build/kf_freertos_fpga/production/_ext/101992513/drv_i3c.o
 .debug_ranges  0x0000000000000218       0x28 build/kf_freertos_fpga/production/_ext/101992513/drv_i3c_config.o
 .debug_ranges  0x0000000000000240       0xb8 build/kf_freertos_fpga/production/_ext/1886205328/i3c_ccc.o
 .debug_ranges  0x00000000000002f8      0x128 build/kf_freertos_fpga/production/_ext/1886205328/i3c_common.o
 .debug_ranges  0x0000000000000420       0x80 build/kf_freertos_fpga/production/_ext/785111490/osal_freertos.o
 .debug_ranges  0x00000000000004a0       0x70 build/kf_freertos_fpga/production/_ext/825503660/dma.o
 .debug_ranges  0x0000000000000510      0x108 build/kf_freertos_fpga/production/_ext/868947740/plib_ec_reg_bank.o
 .debug_ranges  0x0000000000000618       0x80 build/kf_freertos_fpga/production/_ext/179210842/plib_ecia.o
 .debug_ranges  0x0000000000000698      0x108 build/kf_freertos_fpga/production/_ext/179282931/plib_gpio.o
 .debug_ranges  0x00000000000007a0      0x168 build/kf_freertos_fpga/production/_ext/825500651/plib_i3c.o
 .debug_ranges  0x0000000000000908      0x340 build/kf_freertos_fpga/production/_ext/825500651/plib_i3c_private.o
 .debug_ranges  0x0000000000000c48       0x40 build/kf_freertos_fpga/production/_ext/179497222/plib_nvic.o
 .debug_ranges  0x0000000000000c88       0xe0 build/kf_freertos_fpga/production/_ext/825492421/plib_pcr.o
 .debug_ranges  0x0000000000000d68       0x38 build/kf_freertos_fpga/production/_ext/1732944825/uart_api.o
 .debug_ranges  0x0000000000000da0       0xb0 build/kf_freertos_fpga/production/_ext/1732944825/uart_perphl.o
 .debug_ranges  0x0000000000000e50       0x38 build/kf_freertos_fpga/production/_ext/29258880/exceptions.o
 .debug_ranges  0x0000000000000e88       0x30 build/kf_freertos_fpga/production/_ext/29258880/freertos_hooks.o
 .debug_ranges  0x0000000000000eb8       0x10 build/kf_freertos_fpga/production/_ext/29258880/initialization.o
 .debug_ranges  0x0000000000000ec8       0x18 build/kf_freertos_fpga/production/_ext/29258880/interrupts.o
 .debug_ranges  0x0000000000000ee0       0x20 build/kf_freertos_fpga/production/_ext/29258880/startup_xc32.o
 .debug_ranges  0x0000000000000f00       0x28 build/kf_freertos_fpga/production/_ext/29258880/tasks.o
 .debug_ranges  0x0000000000000f28       0x68 build/kf_freertos_fpga/production/_ext/246609638/port.o
 .debug_ranges  0x0000000000000f90       0x28 build/kf_freertos_fpga/production/_ext/1665200909/heap_1.o
 .debug_ranges  0x0000000000000fb8       0xe0 build/kf_freertos_fpga/production/_ext/404212886/queue.o
 .debug_ranges  0x0000000000001098       0xc0 build/kf_freertos_fpga/production/_ext/404212886/timers.o
 .debug_ranges  0x0000000000001158       0x30 build/kf_freertos_fpga/production/_ext/404212886/list.o
 .debug_ranges  0x0000000000001188      0x1a8 build/kf_freertos_fpga/production/_ext/404212886/FreeRTOS_tasks.o
 .debug_ranges  0x0000000000001330       0x48 build/kf_freertos_fpga/production/_ext/1521323865/test_pvt_xfer.o
 .debug_ranges  0x0000000000001378       0x58 build/kf_freertos_fpga/production/_ext/1521323865/tgt_test_pvt_xfer.o
 .debug_ranges  0x00000000000013d0       0x50 build/kf_freertos_fpga/production/_ext/1360937237/task1.o
 .debug_ranges  0x0000000000001420       0x10 build/kf_freertos_fpga/production/_ext/1360937237/main.o
 .debug_ranges  0x0000000000001430       0x28 build/kf_freertos_fpga/production/_ext/1360937237/task2.o
 .debug_ranges  0x0000000000001458       0x18 build/kf_freertos_fpga/production/_ext/1360937237/task3.o
 .debug_ranges  0x0000000000001470       0x18 c:/program files/microchip/xc32/v4.45/bin/bin/../../lib/gcc/pic32c/8.3.1/../../../../pic32c/lib/thumb/v7e-m+fp/hard\libpic32c.a(data_init.o)
 .debug_ranges  0x0000000000001488       0x10 c:/program files/microchip/xc32/v4.45/bin/bin/../../lib/gcc/pic32c/8.3.1/../../../../pic32c/lib/thumb/v7e-m+fp/hard\libc-size-musl.a(memcpy.o)
 .debug_ranges  0x0000000000001498       0x10 c:/program files/microchip/xc32/v4.45/bin/bin/../../lib/gcc/pic32c/8.3.1/../../../../pic32c/lib/thumb/v7e-m+fp/hard\libc-size-musl.a(memset.o)
 .debug_ranges  0x00000000000014a8       0x40 c:/program files/microchip/xc32/v4.45/bin/bin/../../lib/gcc/pic32c/8.3.1/../../../../pic32c/lib/thumb/v7e-m+fp/hard\libc-musl.a(__libc_start_main.o)
 .debug_ranges  0x00000000000014e8       0x10 c:/program files/microchip/xc32/v4.45/bin/bin/../../lib/gcc/pic32c/8.3.1/../../../../pic32c/lib/thumb/v7e-m+fp/hard\libpic32c.a(pic32_data_init_clear.o)
 .debug_ranges  0x00000000000014f8       0x10 c:/program files/microchip/xc32/v4.45/bin/bin/../../lib/gcc/pic32c/8.3.1/../../../../pic32c/lib/thumb/v7e-m+fp/hard\libpic32c.a(pic32_data_init_copy.o)
 .debug_ranges  0x0000000000001508       0x10 c:/program files/microchip/xc32/v4.45/bin/bin/../../lib/gcc/pic32c/8.3.1/../../../../pic32c/lib/thumb/v7e-m+fp/hard\libpic32c.a(pic32_data_init_decompress.o)

.debug_line     0x0000000000000000     0xb35d
 .debug_line    0x0000000000000000      0x10e build/kf_freertos_fpga/production/_ext/1420773124/serial.o
 .debug_line    0x000000000000010e      0x28c build/kf_freertos_fpga/production/_ext/1420773124/trace.o
 .debug_line    0x000000000000039a     0x174d build/kf_freertos_fpga/production/_ext/101992513/drv_i3c.o
 .debug_line    0x0000000000001ae7      0x3c3 build/kf_freertos_fpga/production/_ext/101992513/drv_i3c_config.o
 .debug_line    0x0000000000001eaa      0x814 build/kf_freertos_fpga/production/_ext/1886205328/i3c_ccc.o
 .debug_line    0x00000000000026be      0xa82 build/kf_freertos_fpga/production/_ext/1886205328/i3c_common.o
 .debug_line    0x0000000000003140      0x388 build/kf_freertos_fpga/production/_ext/785111490/osal_freertos.o
 .debug_line    0x00000000000034c8      0x2c8 build/kf_freertos_fpga/production/_ext/825503660/dma.o
 .debug_line    0x0000000000003790      0x396 build/kf_freertos_fpga/production/_ext/868947740/plib_ec_reg_bank.o
 .debug_line    0x0000000000003b26      0x3b2 build/kf_freertos_fpga/production/_ext/179210842/plib_ecia.o
 .debug_line    0x0000000000003ed8      0x5bf build/kf_freertos_fpga/production/_ext/179282931/plib_gpio.o
 .debug_line    0x0000000000004497      0x826 build/kf_freertos_fpga/production/_ext/825500651/plib_i3c.o
 .debug_line    0x0000000000004cbd      0xfbb build/kf_freertos_fpga/production/_ext/825500651/plib_i3c_private.o
 .debug_line    0x0000000000005c78      0x296 build/kf_freertos_fpga/production/_ext/179497222/plib_nvic.o
 .debug_line    0x0000000000005f0e      0x44f build/kf_freertos_fpga/production/_ext/825492421/plib_pcr.o
 .debug_line    0x000000000000635d      0x1dc build/kf_freertos_fpga/production/_ext/1732944825/uart_api.o
 .debug_line    0x0000000000006539      0x5fb build/kf_freertos_fpga/production/_ext/1732944825/uart_perphl.o
 .debug_line    0x0000000000006b34       0xc9 build/kf_freertos_fpga/production/_ext/29258880/exceptions.o
 .debug_line    0x0000000000006bfd      0x1ba build/kf_freertos_fpga/production/_ext/29258880/freertos_hooks.o
 .debug_line    0x0000000000006db7      0x12a build/kf_freertos_fpga/production/_ext/29258880/initialization.o
 .debug_line    0x0000000000006ee1       0xd8 build/kf_freertos_fpga/production/_ext/29258880/interrupts.o
 .debug_line    0x0000000000006fb9      0x16e build/kf_freertos_fpga/production/_ext/29258880/startup_xc32.o
 .debug_line    0x0000000000007127      0x13a build/kf_freertos_fpga/production/_ext/29258880/tasks.o
 .debug_line    0x0000000000007261      0x2e1 build/kf_freertos_fpga/production/_ext/246609638/port.o
 .debug_line    0x0000000000007542      0x156 build/kf_freertos_fpga/production/_ext/1665200909/heap_1.o
 .debug_line    0x0000000000007698      0x9c8 build/kf_freertos_fpga/production/_ext/404212886/queue.o
 .debug_line    0x0000000000008060      0x5b1 build/kf_freertos_fpga/production/_ext/404212886/timers.o
 .debug_line    0x0000000000008611      0x232 build/kf_freertos_fpga/production/_ext/404212886/list.o
 .debug_line    0x0000000000008843      0xf50 build/kf_freertos_fpga/production/_ext/404212886/FreeRTOS_tasks.o
 .debug_line    0x0000000000009793      0x512 build/kf_freertos_fpga/production/_ext/1521323865/test_pvt_xfer.o
 .debug_line    0x0000000000009ca5      0x35d build/kf_freertos_fpga/production/_ext/1521323865/tgt_test_pvt_xfer.o
 .debug_line    0x000000000000a002      0x5d0 build/kf_freertos_fpga/production/_ext/1360937237/task1.o
 .debug_line    0x000000000000a5d2       0x45 build/kf_freertos_fpga/production/_ext/1360937237/main.o
 .debug_line    0x000000000000a617      0x3d2 build/kf_freertos_fpga/production/_ext/1360937237/task2.o
 .debug_line    0x000000000000a9e9      0x13b build/kf_freertos_fpga/production/_ext/1360937237/task3.o
 .debug_line    0x000000000000ab24       0x92 c:/program files/microchip/xc32/v4.45/bin/bin/../../lib/gcc/pic32c/8.3.1/../../../../pic32c/lib/thumb/v7e-m+fp/hard\libpic32c.a(data_init.o)
 .debug_line    0x000000000000abb6       0xf9 c:/program files/microchip/xc32/v4.45/bin/bin/../../lib/gcc/pic32c/8.3.1/../../../../pic32c/lib/thumb/v7e-m+fp/hard\libc-size-musl.a(memcpy.o)
 .debug_line    0x000000000000acaf       0xe3 c:/program files/microchip/xc32/v4.45/bin/bin/../../lib/gcc/pic32c/8.3.1/../../../../pic32c/lib/thumb/v7e-m+fp/hard\libc-size-musl.a(memset.o)
 .debug_line    0x000000000000ad92      0x1c7 c:/program files/microchip/xc32/v4.45/bin/bin/../../lib/gcc/pic32c/8.3.1/../../../../pic32c/lib/thumb/v7e-m+fp/hard\libc-musl.a(__libc_start_main.o)
 .debug_line    0x000000000000af59       0xb5 c:/program files/microchip/xc32/v4.45/bin/bin/../../lib/gcc/pic32c/8.3.1/../../../../pic32c/lib/thumb/v7e-m+fp/hard\libc-musl.a(libc.o)
 .debug_line    0x000000000000b00e       0xfb c:/program files/microchip/xc32/v4.45/bin/bin/../../lib/gcc/pic32c/8.3.1/../../../../pic32c/lib/thumb/v7e-m+fp/hard\libc-musl.a(__environ.o)
 .debug_line    0x000000000000b109       0xbc c:/program files/microchip/xc32/v4.45/bin/bin/../../lib/gcc/pic32c/8.3.1/thumb/v7e-m+fp/hard\libgcc.a(_paritysi2.o)
 .debug_line    0x000000000000b1c5       0x72 c:/program files/microchip/xc32/v4.45/bin/bin/../../lib/gcc/pic32c/8.3.1/../../../../pic32c/lib/thumb/v7e-m+fp/hard\libpic32c.a(pic32_data_init_clear.o)
 .debug_line    0x000000000000b237       0x7a c:/program files/microchip/xc32/v4.45/bin/bin/../../lib/gcc/pic32c/8.3.1/../../../../pic32c/lib/thumb/v7e-m+fp/hard\libpic32c.a(pic32_data_init_copy.o)
 .debug_line    0x000000000000b2b1       0xac c:/program files/microchip/xc32/v4.45/bin/bin/../../lib/gcc/pic32c/8.3.1/../../../../pic32c/lib/thumb/v7e-m+fp/hard\libpic32c.a(pic32_data_init_decompress.o)

.debug_str      0x0000000000000000    0x1a3a0
 .debug_str     0x0000000000000000      0x3af build/kf_freertos_fpga/production/_ext/1420773124/serial.o
 .debug_str     0x00000000000003af      0x317 build/kf_freertos_fpga/production/_ext/1420773124/trace.o
 .debug_str     0x00000000000006c6     0x2349 build/kf_freertos_fpga/production/_ext/101992513/drv_i3c.o
 .debug_str     0x0000000000002a0f     0x14ee build/kf_freertos_fpga/production/_ext/101992513/drv_i3c_config.o
 .debug_str     0x0000000000003efd      0xf47 build/kf_freertos_fpga/production/_ext/1886205328/i3c_ccc.o
 .debug_str     0x0000000000004e44      0xedc build/kf_freertos_fpga/production/_ext/1886205328/i3c_common.o
 .debug_str     0x0000000000005d20      0x524 build/kf_freertos_fpga/production/_ext/785111490/osal_freertos.o
 .debug_str     0x0000000000006244      0x824 build/kf_freertos_fpga/production/_ext/825503660/dma.o
 .debug_str     0x0000000000006a68      0x994 build/kf_freertos_fpga/production/_ext/868947740/plib_ec_reg_bank.o
 .debug_str     0x00000000000073fc     0x2298 build/kf_freertos_fpga/production/_ext/179210842/plib_ecia.o
 .debug_str     0x0000000000009694     0x11a7 build/kf_freertos_fpga/production/_ext/179282931/plib_gpio.o
 .debug_str     0x000000000000a83b     0x23eb build/kf_freertos_fpga/production/_ext/825500651/plib_i3c.o
 .debug_str     0x000000000000cc26     0x1701 build/kf_freertos_fpga/production/_ext/825500651/plib_i3c_private.o
 .debug_str     0x000000000000e327      0x8a0 build/kf_freertos_fpga/production/_ext/179497222/plib_nvic.o
 .debug_str     0x000000000000ebc7     0x1132 build/kf_freertos_fpga/production/_ext/825492421/plib_pcr.o
 .debug_str     0x000000000000fcf9      0x472 build/kf_freertos_fpga/production/_ext/1732944825/uart_api.o
 .debug_str     0x000000000001016b      0x79e build/kf_freertos_fpga/production/_ext/1732944825/uart_perphl.o
 .debug_str     0x0000000000010909      0x2d9 build/kf_freertos_fpga/production/_ext/29258880/exceptions.o
 .debug_str     0x0000000000010be2      0x338 build/kf_freertos_fpga/production/_ext/29258880/freertos_hooks.o
 .debug_str     0x0000000000010f1a      0x2b5 build/kf_freertos_fpga/production/_ext/29258880/initialization.o
 .debug_str     0x00000000000111cf     0x104a build/kf_freertos_fpga/production/_ext/29258880/interrupts.o
 .debug_str     0x0000000000012219      0x345 build/kf_freertos_fpga/production/_ext/29258880/startup_xc32.o
 .debug_str     0x000000000001255e      0x2f7 build/kf_freertos_fpga/production/_ext/29258880/tasks.o
 .debug_str     0x0000000000012855      0x41b build/kf_freertos_fpga/production/_ext/246609638/port.o
 .debug_str     0x0000000000012c70      0x31e build/kf_freertos_fpga/production/_ext/1665200909/heap_1.o
 .debug_str     0x0000000000012f8e      0x909 build/kf_freertos_fpga/production/_ext/404212886/queue.o
 .debug_str     0x0000000000013897      0x80a build/kf_freertos_fpga/production/_ext/404212886/timers.o
 .debug_str     0x00000000000140a1      0x39e build/kf_freertos_fpga/production/_ext/404212886/list.o
 .debug_str     0x000000000001443f      0xf72 build/kf_freertos_fpga/production/_ext/404212886/FreeRTOS_tasks.o
 .debug_str     0x00000000000153b1     0x1031 build/kf_freertos_fpga/production/_ext/1521323865/test_pvt_xfer.o
 .debug_str     0x00000000000163e2      0x9ad build/kf_freertos_fpga/production/_ext/1521323865/tgt_test_pvt_xfer.o
 .debug_str     0x0000000000016d8f      0xec0 build/kf_freertos_fpga/production/_ext/1360937237/task1.o
 .debug_str     0x0000000000017c4f      0x245 build/kf_freertos_fpga/production/_ext/1360937237/main.o
 .debug_str     0x0000000000017e94      0x80d build/kf_freertos_fpga/production/_ext/1360937237/task2.o
 .debug_str     0x00000000000186a1      0x559 build/kf_freertos_fpga/production/_ext/1360937237/task3.o
 .debug_str     0x0000000000018bfa      0x1f5 c:/program files/microchip/xc32/v4.45/bin/bin/../../lib/gcc/pic32c/8.3.1/../../../../pic32c/lib/thumb/v7e-m+fp/hard\libpic32c.a(data_init.o)
 .debug_str     0x0000000000018def      0x22f c:/program files/microchip/xc32/v4.45/bin/bin/../../lib/gcc/pic32c/8.3.1/../../../../pic32c/lib/thumb/v7e-m+fp/hard\libc-size-musl.a(memcpy.o)
 .debug_str     0x000000000001901e      0x21b c:/program files/microchip/xc32/v4.45/bin/bin/../../lib/gcc/pic32c/8.3.1/../../../../pic32c/lib/thumb/v7e-m+fp/hard\libc-size-musl.a(memset.o)
 .debug_str     0x0000000000019239      0x3d4 c:/program files/microchip/xc32/v4.45/bin/bin/../../lib/gcc/pic32c/8.3.1/../../../../pic32c/lib/thumb/v7e-m+fp/hard\libc-musl.a(__libc_start_main.o)
 .debug_str     0x000000000001960d      0x33f c:/program files/microchip/xc32/v4.45/bin/bin/../../lib/gcc/pic32c/8.3.1/../../../../pic32c/lib/thumb/v7e-m+fp/hard\libc-musl.a(libc.o)
 .debug_str     0x000000000001994c      0x23f c:/program files/microchip/xc32/v4.45/bin/bin/../../lib/gcc/pic32c/8.3.1/../../../../pic32c/lib/thumb/v7e-m+fp/hard\libc-musl.a(__environ.o)
 .debug_str     0x0000000000019b8b      0x270 c:/program files/microchip/xc32/v4.45/bin/bin/../../lib/gcc/pic32c/8.3.1/thumb/v7e-m+fp/hard\libgcc.a(_paritysi2.o)
 .debug_str     0x0000000000019dfb      0x1df c:/program files/microchip/xc32/v4.45/bin/bin/../../lib/gcc/pic32c/8.3.1/../../../../pic32c/lib/thumb/v7e-m+fp/hard\libpic32c.a(pic32_data_init_clear.o)
 .debug_str     0x0000000000019fda      0x1dd c:/program files/microchip/xc32/v4.45/bin/bin/../../lib/gcc/pic32c/8.3.1/../../../../pic32c/lib/thumb/v7e-m+fp/hard\libpic32c.a(pic32_data_init_copy.o)
 .debug_str     0x000000000001a1b7      0x1e9 c:/program files/microchip/xc32/v4.45/bin/bin/../../lib/gcc/pic32c/8.3.1/../../../../pic32c/lib/thumb/v7e-m+fp/hard\libpic32c.a(pic32_data_init_decompress.o)

.debug_frame    0x0000000000000000     0x5c64
 .debug_frame   0x0000000000000000       0x58 build/kf_freertos_fpga/production/_ext/1420773124/serial.o
 .debug_frame   0x0000000000000058      0x128 build/kf_freertos_fpga/production/_ext/1420773124/trace.o
 .debug_frame   0x0000000000000180      0x7f0 build/kf_freertos_fpga/production/_ext/101992513/drv_i3c.o
 .debug_frame   0x0000000000000970       0x88 build/kf_freertos_fpga/production/_ext/101992513/drv_i3c_config.o
 .debug_frame   0x00000000000009f8      0x328 build/kf_freertos_fpga/production/_ext/1886205328/i3c_ccc.o
 .debug_frame   0x0000000000000d20      0x554 build/kf_freertos_fpga/production/_ext/1886205328/i3c_common.o
 .debug_frame   0x0000000000001274      0x228 build/kf_freertos_fpga/production/_ext/785111490/osal_freertos.o
 .debug_frame   0x000000000000149c      0x204 build/kf_freertos_fpga/production/_ext/825503660/dma.o
 .debug_frame   0x00000000000016a0      0x430 build/kf_freertos_fpga/production/_ext/868947740/plib_ec_reg_bank.o
 .debug_frame   0x0000000000001ad0      0x24c build/kf_freertos_fpga/production/_ext/179210842/plib_ecia.o
 .debug_frame   0x0000000000001d1c      0x500 build/kf_freertos_fpga/production/_ext/179282931/plib_gpio.o
 .debug_frame   0x000000000000221c      0x640 build/kf_freertos_fpga/production/_ext/825500651/plib_i3c.o
 .debug_frame   0x000000000000285c     0x102c build/kf_freertos_fpga/production/_ext/825500651/plib_i3c_private.o
 .debug_frame   0x0000000000003888      0x114 build/kf_freertos_fpga/production/_ext/179497222/plib_nvic.o
 .debug_frame   0x000000000000399c      0x418 build/kf_freertos_fpga/production/_ext/825492421/plib_pcr.o
 .debug_frame   0x0000000000003db4       0xf4 build/kf_freertos_fpga/production/_ext/1732944825/uart_api.o
 .debug_frame   0x0000000000003ea8      0x308 build/kf_freertos_fpga/production/_ext/1732944825/uart_perphl.o
 .debug_frame   0x00000000000041b0       0xa0 build/kf_freertos_fpga/production/_ext/29258880/exceptions.o
 .debug_frame   0x0000000000004250       0xac build/kf_freertos_fpga/production/_ext/29258880/freertos_hooks.o
 .debug_frame   0x00000000000042fc       0x34 build/kf_freertos_fpga/production/_ext/29258880/initialization.o
 .debug_frame   0x0000000000004330       0x3c build/kf_freertos_fpga/production/_ext/29258880/interrupts.o
 .debug_frame   0x000000000000436c       0x60 build/kf_freertos_fpga/production/_ext/29258880/startup_xc32.o
 .debug_frame   0x00000000000043cc       0x94 build/kf_freertos_fpga/production/_ext/29258880/tasks.o
 .debug_frame   0x0000000000004460      0x170 build/kf_freertos_fpga/production/_ext/246609638/port.o
 .debug_frame   0x00000000000045d0       0x9c build/kf_freertos_fpga/production/_ext/1665200909/heap_1.o
 .debug_frame   0x000000000000466c      0x3ec build/kf_freertos_fpga/production/_ext/404212886/queue.o
 .debug_frame   0x0000000000004a58      0x34c build/kf_freertos_fpga/production/_ext/404212886/timers.o
 .debug_frame   0x0000000000004da4       0xd8 build/kf_freertos_fpga/production/_ext/404212886/list.o
 .debug_frame   0x0000000000004e7c      0x77c build/kf_freertos_fpga/production/_ext/404212886/FreeRTOS_tasks.o
 .debug_frame   0x00000000000055f8      0x13c build/kf_freertos_fpga/production/_ext/1521323865/test_pvt_xfer.o
 .debug_frame   0x0000000000005734      0x178 build/kf_freertos_fpga/production/_ext/1521323865/tgt_test_pvt_xfer.o
 .debug_frame   0x00000000000058ac      0x150 build/kf_freertos_fpga/production/_ext/1360937237/task1.o
 .debug_frame   0x00000000000059fc       0x2c build/kf_freertos_fpga/production/_ext/1360937237/main.o
 .debug_frame   0x0000000000005a28       0x94 build/kf_freertos_fpga/production/_ext/1360937237/task2.o
 .debug_frame   0x0000000000005abc       0x4c build/kf_freertos_fpga/production/_ext/1360937237/task3.o
 .debug_frame   0x0000000000005b08       0x3c c:/program files/microchip/xc32/v4.45/bin/bin/../../lib/gcc/pic32c/8.3.1/../../../../pic32c/lib/thumb/v7e-m+fp/hard\libpic32c.a(data_init.o)
 .debug_frame   0x0000000000005b44       0x2c c:/program files/microchip/xc32/v4.45/bin/bin/../../lib/gcc/pic32c/8.3.1/../../../../pic32c/lib/thumb/v7e-m+fp/hard\libc-size-musl.a(memcpy.o)
 .debug_frame   0x0000000000005b70       0x20 c:/program files/microchip/xc32/v4.45/bin/bin/../../lib/gcc/pic32c/8.3.1/../../../../pic32c/lib/thumb/v7e-m+fp/hard\libc-size-musl.a(memset.o)
 .debug_frame   0x0000000000005b90       0x3c c:/program files/microchip/xc32/v4.45/bin/bin/../../lib/gcc/pic32c/8.3.1/../../../../pic32c/lib/thumb/v7e-m+fp/hard\libc-musl.a(__libc_start_main.o)
 .debug_frame   0x0000000000005bcc       0x20 c:/program files/microchip/xc32/v4.45/bin/bin/../../lib/gcc/pic32c/8.3.1/thumb/v7e-m+fp/hard\libgcc.a(_paritysi2.o)
 .debug_frame   0x0000000000005bec       0x20 c:/program files/microchip/xc32/v4.45/bin/bin/../../lib/gcc/pic32c/8.3.1/../../../../pic32c/lib/thumb/v7e-m+fp/hard\libpic32c.a(pic32_data_init_clear.o)
 .debug_frame   0x0000000000005c0c       0x28 c:/program files/microchip/xc32/v4.45/bin/bin/../../lib/gcc/pic32c/8.3.1/../../../../pic32c/lib/thumb/v7e-m+fp/hard\libpic32c.a(pic32_data_init_copy.o)
 .debug_frame   0x0000000000005c34       0x30 c:/program files/microchip/xc32/v4.45/bin/bin/../../lib/gcc/pic32c/8.3.1/../../../../pic32c/lib/thumb/v7e-m+fp/hard\libpic32c.a(pic32_data_init_decompress.o)

.note.GNU-stack
                0x0000000000000000        0x0
 .note.GNU-stack
                0x0000000000000000        0x0 c:/program files/microchip/xc32/v4.45/bin/bin/../../lib/gcc/pic32c/8.3.1/../../../../pic32c/lib/thumb/v7e-m+fp/hard\libc-size-musl.a(memcpy.o)
 .note.GNU-stack
                0x0000000000000000        0x0 c:/program files/microchip/xc32/v4.45/bin/bin/../../lib/gcc/pic32c/8.3.1/../../../../pic32c/lib/thumb/v7e-m+fp/hard\libc-size-musl.a(memset.o)
 .note.GNU-stack
                0x0000000000000000        0x0 c:/program files/microchip/xc32/v4.45/bin/bin/../../lib/gcc/pic32c/8.3.1/../../../../pic32c/lib/thumb/v7e-m+fp/hard\libc-musl.a(__libc_start_main.o)
 .note.GNU-stack
                0x0000000000000000        0x0 c:/program files/microchip/xc32/v4.45/bin/bin/../../lib/gcc/pic32c/8.3.1/../../../../pic32c/lib/thumb/v7e-m+fp/hard\libc-musl.a(libc.o)
 .note.GNU-stack
                0x0000000000000000        0x0 c:/program files/microchip/xc32/v4.45/bin/bin/../../lib/gcc/pic32c/8.3.1/../../../../pic32c/lib/thumb/v7e-m+fp/hard\libc-musl.a(__environ.o)

.stack          0x000000000011ce88      0x100
 .stack         0x000000000011ce88      0x100 stack

.bss.ucHeap%1   0x0000000000118000     0x2800
 .bss.ucHeap    0x0000000000118000     0x2800 build/kf_freertos_fpga/production/_ext/1665200909/heap_1.o

.bss.tx_max%2   0x000000000011a800     0x1000
 .bss.tx_max    0x000000000011a800     0x1000 build/kf_freertos_fpga/production/_ext/1521323865/test_pvt_xfer.o
                0x000000000011a800                tx_max

.bss.pending_xfer_ctxt%3
                0x000000000011b800      0x188
 .bss.pending_xfer_ctxt
                0x000000000011b800      0x188 build/kf_freertos_fpga/production/_ext/101992513/drv_i3c.o
                0x000000000011b800                pending_xfer_ctxt

.bss.pxReadyTasksLists%4
                0x000000000011b988       0x64
 .bss.pxReadyTasksLists
                0x000000000011b988       0x64 build/kf_freertos_fpga/production/_ext/404212886/FreeRTOS_tasks.o

.bss%5          0x000000000011b9ec       0x50
 .bss           0x000000000011b9ec       0x50 c:/program files/microchip/xc32/v4.45/bin/bin/../../lib/gcc/pic32c/8.3.1/../../../../pic32c/lib/thumb/v7e-m+fp/hard\libc-musl.a(libc.o)
                0x000000000011b9ec                __progname_full
                0x000000000011b9ec                program_invocation_name
                0x000000000011b9f0                program_invocation_short_name
                0x000000000011b9f0                __progname
                0x000000000011b9f4                __sysinfo
                0x000000000011b9f8                __hwcap
                0x000000000011b9fc                __libc

.bss%6          0x000000000011ba3c       0x1c
 .bss           0x000000000011ba3c       0x1c c:/program files/microchip/xc32/v4.45/bin/bin/../../lib/gcc/pic32c/8.3.1/thumb/v7e-m+fp/hard/crtbegin.o

.bss.I3C0_DEV%7
                0x000000000011ba58       0x14
 .bss.I3C0_DEV  0x000000000011ba58       0x14 build/kf_freertos_fpga/production/_ext/101992513/drv_i3c_config.o
                0x000000000011ba58                I3C0_DEV

.bss.I3C1_DEV%8
                0x000000000011ba6c       0x14
 .bss.I3C1_DEV  0x000000000011ba6c       0x14 build/kf_freertos_fpga/production/_ext/101992513/drv_i3c_config.o
                0x000000000011ba6c                I3C1_DEV

.bss.xActiveTimerList1%9
                0x000000000011ba80       0x14
 .bss.xActiveTimerList1
                0x000000000011ba80       0x14 build/kf_freertos_fpga/production/_ext/404212886/timers.o

.bss.xActiveTimerList2%10
                0x000000000011ba94       0x14
 .bss.xActiveTimerList2
                0x000000000011ba94       0x14 build/kf_freertos_fpga/production/_ext/404212886/timers.o

.bss.xDelayedTaskList1%11
                0x000000000011baa8       0x14
 .bss.xDelayedTaskList1
                0x000000000011baa8       0x14 build/kf_freertos_fpga/production/_ext/404212886/FreeRTOS_tasks.o

.bss.xDelayedTaskList2%12
                0x000000000011babc       0x14
 .bss.xDelayedTaskList2
                0x000000000011babc       0x14 build/kf_freertos_fpga/production/_ext/404212886/FreeRTOS_tasks.o

.bss.xPendingReadyList%13
                0x000000000011bad0       0x14
 .bss.xPendingReadyList
                0x000000000011bad0       0x14 build/kf_freertos_fpga/production/_ext/404212886/FreeRTOS_tasks.o

.bss.xTasksWaitingTermination%14
                0x000000000011bae4       0x14
 .bss.xTasksWaitingTermination
                0x000000000011bae4       0x14 build/kf_freertos_fpga/production/_ext/404212886/FreeRTOS_tasks.o

.bss.xSuspendedTaskList%15
                0x000000000011baf8       0x14
 .bss.xSuspendedTaskList
                0x000000000011baf8       0x14 build/kf_freertos_fpga/production/_ext/404212886/FreeRTOS_tasks.o

.bss.I3CObj%16  0x000000000011bb0c       0x10
 .bss.I3CObj    0x000000000011bb0c       0x10 build/kf_freertos_fpga/production/_ext/825500651/plib_i3c.o

.bss.tgt0_cfg%17
                0x000000000011bb1c        0xc
 .bss.tgt0_cfg  0x000000000011bb1c        0xc build/kf_freertos_fpga/production/_ext/1521323865/tgt_test_pvt_xfer.o
                0x000000000011bb1c                tgt0_cfg

.bss.rx_buff%18
                0x000000000011bb28        0xa
 .bss.rx_buff   0x000000000011bb28        0xa build/kf_freertos_fpga/production/_ext/1521323865/tgt_test_pvt_xfer.o
                0x000000000011bb28                rx_buff

.bss.task1Context%19
                0x000000000011bb34        0x8
 .bss.task1Context
                0x000000000011bb34        0x8 build/kf_freertos_fpga/production/_ext/1360937237/task1.o
                0x000000000011bb34                task1Context

.bss.task2Data%20
                0x000000000011bb3c        0x8
 .bss.task2Data
                0x000000000011bb3c        0x8 build/kf_freertos_fpga/production/_ext/1360937237/task2.o
                0x000000000011bb3c                task2Data

.bss.task2Context%21
                0x000000000011bb44        0x8
 .bss.task2Context
                0x000000000011bb44        0x8 build/kf_freertos_fpga/production/_ext/1360937237/task2.o
                0x000000000011bb44                task2Context

.bss.targets_ibi_enable_sts%22
                0x000000000011bb4c        0x4
 .bss.targets_ibi_enable_sts
                0x000000000011bb4c        0x4 build/kf_freertos_fpga/production/_ext/825500651/plib_i3c.o

.bss.i3c0Dev%23
                0x000000000011bb50        0x4
 .bss.i3c0Dev   0x000000000011bb50        0x4 build/kf_freertos_fpga/production/_ext/29258880/initialization.o
                0x000000000011bb50                i3c0Dev

.bss.i3c1Dev%24
                0x000000000011bb54        0x4
 .bss.i3c1Dev   0x000000000011bb54        0x4 build/kf_freertos_fpga/production/_ext/29258880/initialization.o
                0x000000000011bb54                i3c1Dev

.bss.xTASK1_Tasks%25
                0x000000000011bb58        0x4
 .bss.xTASK1_Tasks
                0x000000000011bb58        0x4 build/kf_freertos_fpga/production/_ext/29258880/tasks.o
                0x000000000011bb58                xTASK1_Tasks

.bss.xTASK2_Tasks%26
                0x000000000011bb5c        0x4
 .bss.xTASK2_Tasks
                0x000000000011bb5c        0x4 build/kf_freertos_fpga/production/_ext/29258880/tasks.o
                0x000000000011bb5c                xTASK2_Tasks

.bss.xTASK3_Tasks%27
                0x000000000011bb60        0x4
 .bss.xTASK3_Tasks
                0x000000000011bb60        0x4 build/kf_freertos_fpga/production/_ext/29258880/tasks.o
                0x000000000011bb60                xTASK3_Tasks

.bss.xNextFreeByte%28
                0x000000000011bb64        0x4
 .bss.xNextFreeByte
                0x000000000011bb64        0x4 build/kf_freertos_fpga/production/_ext/1665200909/heap_1.o

.bss.pucAlignedHeap.6162%29
                0x000000000011bb68        0x4
 .bss.pucAlignedHeap.6162
                0x000000000011bb68        0x4 build/kf_freertos_fpga/production/_ext/1665200909/heap_1.o

.bss.pxCurrentTimerList%30
                0x000000000011bb6c        0x4
 .bss.pxCurrentTimerList
                0x000000000011bb6c        0x4 build/kf_freertos_fpga/production/_ext/404212886/timers.o

.bss.pxOverflowTimerList%31
                0x000000000011bb70        0x4
 .bss.pxOverflowTimerList
                0x000000000011bb70        0x4 build/kf_freertos_fpga/production/_ext/404212886/timers.o

.bss.xTimerQueue%32
                0x000000000011bb74        0x4
 .bss.xTimerQueue
                0x000000000011bb74        0x4 build/kf_freertos_fpga/production/_ext/404212886/timers.o

.bss.xTimerTaskHandle%33
                0x000000000011bb78        0x4
 .bss.xTimerTaskHandle
                0x000000000011bb78        0x4 build/kf_freertos_fpga/production/_ext/404212886/timers.o

.bss.xLastTime.6473%34
                0x000000000011bb7c        0x4
 .bss.xLastTime.6473
                0x000000000011bb7c        0x4 build/kf_freertos_fpga/production/_ext/404212886/timers.o

.bss.pxCurrentTCB%35
                0x000000000011bb80        0x4
 .bss.pxCurrentTCB
                0x000000000011bb80        0x4 build/kf_freertos_fpga/production/_ext/404212886/FreeRTOS_tasks.o
                0x000000000011bb80                pxCurrentTCB

.bss.pxDelayedTaskList%36
                0x000000000011bb84        0x4
 .bss.pxDelayedTaskList
                0x000000000011bb84        0x4 build/kf_freertos_fpga/production/_ext/404212886/FreeRTOS_tasks.o

.bss.pxOverflowDelayedTaskList%37
                0x000000000011bb88        0x4
 .bss.pxOverflowDelayedTaskList
                0x000000000011bb88        0x4 build/kf_freertos_fpga/production/_ext/404212886/FreeRTOS_tasks.o

.bss.uxDeletedTasksWaitingCleanUp%38
                0x000000000011bb8c        0x4
 .bss.uxDeletedTasksWaitingCleanUp
                0x000000000011bb8c        0x4 build/kf_freertos_fpga/production/_ext/404212886/FreeRTOS_tasks.o

.bss.uxCurrentNumberOfTasks%39
                0x000000000011bb90        0x4
 .bss.uxCurrentNumberOfTasks
                0x000000000011bb90        0x4 build/kf_freertos_fpga/production/_ext/404212886/FreeRTOS_tasks.o

.bss.xTickCount%40
                0x000000000011bb94        0x4
 .bss.xTickCount
                0x000000000011bb94        0x4 build/kf_freertos_fpga/production/_ext/404212886/FreeRTOS_tasks.o

.bss.uxTopReadyPriority%41
                0x000000000011bb98        0x4
 .bss.uxTopReadyPriority
                0x000000000011bb98        0x4 build/kf_freertos_fpga/production/_ext/404212886/FreeRTOS_tasks.o

.bss.xSchedulerRunning%42
                0x000000000011bb9c        0x4
 .bss.xSchedulerRunning
                0x000000000011bb9c        0x4 build/kf_freertos_fpga/production/_ext/404212886/FreeRTOS_tasks.o

.bss.xPendedTicks%43
                0x000000000011bba0        0x4
 .bss.xPendedTicks
                0x000000000011bba0        0x4 build/kf_freertos_fpga/production/_ext/404212886/FreeRTOS_tasks.o

.bss.xYieldPending%44
                0x000000000011bba4        0x4
 .bss.xYieldPending
                0x000000000011bba4        0x4 build/kf_freertos_fpga/production/_ext/404212886/FreeRTOS_tasks.o

.bss.xNumOfOverflows%45
                0x000000000011bba8        0x4
 .bss.xNumOfOverflows
                0x000000000011bba8        0x4 build/kf_freertos_fpga/production/_ext/404212886/FreeRTOS_tasks.o

.bss.uxTaskNumber%46
                0x000000000011bbac        0x4
 .bss.uxTaskNumber
                0x000000000011bbac        0x4 build/kf_freertos_fpga/production/_ext/404212886/FreeRTOS_tasks.o

.bss.xNextTaskUnblockTime%47
                0x000000000011bbb0        0x4
 .bss.xNextTaskUnblockTime
                0x000000000011bbb0        0x4 build/kf_freertos_fpga/production/_ext/404212886/FreeRTOS_tasks.o

.bss.xIdleTaskHandle%48
                0x000000000011bbb4        0x4
 .bss.xIdleTaskHandle
                0x000000000011bbb4        0x4 build/kf_freertos_fpga/production/_ext/404212886/FreeRTOS_tasks.o

.bss.uxSchedulerSuspended%49
                0x000000000011bbb8        0x4
 .bss.uxSchedulerSuspended
                0x000000000011bbb8        0x4 build/kf_freertos_fpga/production/_ext/404212886/FreeRTOS_tasks.o

.bss.uartMutexLock%50
                0x000000000011bbbc        0x4
 .bss.uartMutexLock
                0x000000000011bbbc        0x4 build/kf_freertos_fpga/production/_ext/1360937237/task1.o
                0x000000000011bbbc                uartMutexLock

.bss%51         0x000000000011bbc0        0x4
 .bss           0x000000000011bbc0        0x4 c:/program files/microchip/xc32/v4.45/bin/bin/../../lib/gcc/pic32c/8.3.1/../../../../pic32c/lib/thumb/v7e-m+fp/hard\libpic32c.a(data_init.o)

.bss%52         0x000000000011bbc4        0x4
 .bss           0x000000000011bbc4        0x4 c:/program files/microchip/xc32/v4.45/bin/bin/../../lib/gcc/pic32c/8.3.1/../../../../pic32c/lib/thumb/v7e-m+fp/hard\libc-musl.a(__environ.o)
                0x000000000011bbc4                __environ
                0x000000000011bbc4                environ
                0x000000000011bbc4                ___environ
                0x000000000011bbc4                _environ

.bss.task3Data%53
                0x000000000011bbc8        0x1
 .bss.task3Data
                0x000000000011bbc8        0x1 build/kf_freertos_fpga/production/_ext/1360937237/task3.o
                0x000000000011bbc8                task3Data

.bss.tid%54     0x000000000011bb32        0x1
 .bss.tid       0x000000000011bb32        0x1 build/kf_freertos_fpga/production/_ext/825500651/plib_i3c.o

.data.I3C0_DATA%55
                0x000000000011bbd0      0x7e8
 .data.I3C0_DATA
                0x000000000011bbd0      0x7e8 build/kf_freertos_fpga/production/_ext/101992513/drv_i3c_config.o
                0x000000000011bbd0                I3C0_DATA

.data.I3C1_DATA%56
                0x000000000011c3b8      0x7e8
 .data.I3C1_DATA
                0x000000000011c3b8      0x7e8 build/kf_freertos_fpga/production/_ext/101992513/drv_i3c_config.o
                0x000000000011c3b8                I3C1_DATA

.data.i3c0_device_list%57
                0x000000000011cba0       0x38
 .data.i3c0_device_list
                0x000000000011cba0       0x38 build/kf_freertos_fpga/production/_ext/101992513/drv_i3c_config.o
                0x000000000011cba0                i3c0_device_list

.data.I3C0_CFG%58
                0x000000000011cbd8       0x20
 .data.I3C0_CFG
                0x000000000011cbd8       0x20 build/kf_freertos_fpga/production/_ext/101992513/drv_i3c_config.o
                0x000000000011cbd8                I3C0_CFG

.data.I3C1_CFG%59
                0x000000000011cbf8       0x20
 .data.I3C1_CFG
                0x000000000011cbf8       0x20 build/kf_freertos_fpga/production/_ext/101992513/drv_i3c_config.o
                0x000000000011cbf8                I3C1_CFG

.data.i3c_tgt%60
                0x000000000011cc18       0x20
 .data.i3c_tgt  0x000000000011cc18       0x20 build/kf_freertos_fpga/production/_ext/101992513/drv_i3c_config.o
                0x000000000011cc18                i3c_tgt

.data.tgt0_cbs%61
                0x000000000011cc38       0x18
 .data.tgt0_cbs
                0x000000000011cc38       0x18 build/kf_freertos_fpga/production/_ext/1521323865/tgt_test_pvt_xfer.o
                0x000000000011cc38                tgt0_cbs

.data.tx_buff%62
                0x000000000011cc50       0x14
 .data.tx_buff  0x000000000011cc50       0x14 build/kf_freertos_fpga/production/_ext/1521323865/tgt_test_pvt_xfer.o
                0x000000000011cc50                tx_buff

.data.uxCriticalNesting%63
                0x000000000011bbcc        0x4
 .data.uxCriticalNesting
                0x000000000011bbcc        0x4 build/kf_freertos_fpga/production/_ext/246609638/port.o

.data.uxTopUsedPriority%64
                0x000000000011cc64        0x4
 .data.uxTopUsedPriority
                0x000000000011cc64        0x4 build/kf_freertos_fpga/production/_ext/404212886/FreeRTOS_tasks.o
                0x000000000011cc64                uxTopUsedPriority

.eh_frame%z1    0x0000000000000000        0x0
 .eh_frame      0x0000000000000000        0x0 c:/program files/microchip/xc32/v4.45/bin/bin/../../lib/gcc/pic32c/8.3.1/thumb/v7e-m+fp/hard/crtbegin.o

.rodata%65      0x00000000000b0370      0xa30
 .rodata        0x00000000000b0370      0xa30 build/kf_freertos_fpga/production/_ext/101992513/drv_i3c.o

.rodata%66      0x00000000000b0da0      0x6dc
 .rodata        0x00000000000b0da0      0x6dc build/kf_freertos_fpga/production/_ext/1360937237/task1.o

.text._drv_i3c_xfers%67
                0x00000000000b147c      0x514
 .text._drv_i3c_xfers
                0x00000000000b147c      0x514 build/kf_freertos_fpga/production/_ext/101992513/drv_i3c.o

.text.test_xfers_all%68
                0x00000000000b1990      0x444
 .text.test_xfers_all
                0x00000000000b1990      0x444 build/kf_freertos_fpga/production/_ext/1521323865/test_pvt_xfer.o
                0x00000000000b1990                test_xfers_all

.text.DRV_I3C_do_DAA%69
                0x00000000000b1dd4      0x344
 .text.DRV_I3C_do_DAA
                0x00000000000b1dd4      0x344 build/kf_freertos_fpga/production/_ext/101992513/drv_i3c.o
                0x00000000000b1dd4                DRV_I3C_do_DAA

.dinit%70       0x00000000000b2118      0x2e0
 .dinit         0x00000000000b2118      0x2e0 data_init

.rodata%71      0x00000000000b23f8      0x2ac
 .rodata        0x00000000000b23f8      0x2ac build/kf_freertos_fpga/production/_ext/1886205328/i3c_common.o

.text.DRV_I3C_Init%72
                0x00000000000b26a4      0x284
 .text.DRV_I3C_Init
                0x00000000000b26a4      0x284 build/kf_freertos_fpga/production/_ext/101992513/drv_i3c.o
                0x00000000000b26a4                DRV_I3C_Init

.text._drv_i3c_isr_target%73
                0x00000000000b2928      0x244
 .text._drv_i3c_isr_target
                0x00000000000b2928      0x244 build/kf_freertos_fpga/production/_ext/101992513/drv_i3c.o

.text._drv_i3c_isr_xfers%74
                0x00000000000b2b6c      0x238
 .text._drv_i3c_isr_xfers
                0x00000000000b2b6c      0x238 build/kf_freertos_fpga/production/_ext/101992513/drv_i3c.o

.text._drv_i3c_CCC%75
                0x00000000000b2da4      0x218
 .text._drv_i3c_CCC
                0x00000000000b2da4      0x218 build/kf_freertos_fpga/production/_ext/101992513/drv_i3c.o

.text.xTaskIncrementTick%76
                0x00000000000b2fbc      0x20c
 .text.xTaskIncrementTick
                0x00000000000b2fbc      0x20c build/kf_freertos_fpga/production/_ext/404212886/FreeRTOS_tasks.o
                0x00000000000b2fbc                xTaskIncrementTick

.text._drv_i3c_isr_target_xfers%77
                0x00000000000b31c8      0x1e0
 .text._drv_i3c_isr_target_xfers
                0x00000000000b31c8      0x1e0 build/kf_freertos_fpga/production/_ext/101992513/drv_i3c.o

.text.DRV_I3C_target_ibi_raise%78
                0x00000000000b33a8      0x1d8
 .text.DRV_I3C_target_ibi_raise
                0x00000000000b33a8      0x1d8 build/kf_freertos_fpga/production/_ext/101992513/drv_i3c.o
                0x00000000000b33a8                DRV_I3C_target_ibi_raise

.text.xTaskResumeAll%79
                0x00000000000b3580      0x1d8
 .text.xTaskResumeAll
                0x00000000000b3580      0x1d8 build/kf_freertos_fpga/production/_ext/404212886/FreeRTOS_tasks.o
                0x00000000000b3580                xTaskResumeAll

.text._drv_i3c_ibi_isr%80
                0x00000000000b3758      0x1b8
 .text._drv_i3c_ibi_isr
                0x00000000000b3758      0x1b8 build/kf_freertos_fpga/production/_ext/101992513/drv_i3c.o

.text.i3c_bus_init%81
                0x00000000000b3910      0x1b8
 .text.i3c_bus_init
                0x00000000000b3910      0x1b8 build/kf_freertos_fpga/production/_ext/1886205328/i3c_common.o
                0x00000000000b3910                i3c_bus_init

.text.xQueueSemaphoreTake%82
                0x00000000000b3ac8      0x190
 .text.xQueueSemaphoreTake
                0x00000000000b3ac8      0x190 build/kf_freertos_fpga/production/_ext/404212886/queue.o
                0x00000000000b3ac8                xQueueSemaphoreTake

.text.xTaskRemoveFromEventList%83
                0x00000000000b3c58      0x190
 .text.xTaskRemoveFromEventList
                0x00000000000b3c58      0x190 build/kf_freertos_fpga/production/_ext/404212886/FreeRTOS_tasks.o
                0x00000000000b3c58                xTaskRemoveFromEventList

.text.mini_vsnprintf%84
                0x00000000000b3de8      0x17e
 .text.mini_vsnprintf
                0x00000000000b3de8      0x17e build/kf_freertos_fpga/production/_ext/1420773124/trace.o
                0x00000000000b3de8                mini_vsnprintf

.text.uart_protocol_init%85
                0x00000000000b3f68      0x170
 .text.uart_protocol_init
                0x00000000000b3f68      0x170 build/kf_freertos_fpga/production/_ext/1732944825/uart_api.o
                0x00000000000b3f68                uart_protocol_init

.text.DRV_I3C_attach_device%86
                0x00000000000b40d8      0x15c
 .text.DRV_I3C_attach_device
                0x00000000000b40d8      0x15c build/kf_freertos_fpga/production/_ext/101992513/drv_i3c.o
                0x00000000000b40d8                DRV_I3C_attach_device

.text.prvProcessReceivedCommands%87
                0x00000000000b4234      0x15c
 .text.prvProcessReceivedCommands
                0x00000000000b4234      0x15c build/kf_freertos_fpga/production/_ext/404212886/timers.o

.text.xQueueGenericSend%88
                0x00000000000b4390      0x154
 .text.xQueueGenericSend
                0x00000000000b4390      0x154 build/kf_freertos_fpga/production/_ext/404212886/queue.o
                0x00000000000b4390                xQueueGenericSend

.text.xQueueReceive%89
                0x00000000000b44e4      0x144
 .text.xQueueReceive
                0x00000000000b44e4      0x144 build/kf_freertos_fpga/production/_ext/404212886/queue.o
                0x00000000000b44e4                xQueueReceive

.text.p_uart_line_status_reg_get%90
                0x00000000000b4628      0x140
 .text.p_uart_line_status_reg_get
                0x00000000000b4628      0x140 build/kf_freertos_fpga/production/_ext/1732944825/uart_perphl.o
                0x00000000000b4628                p_uart_line_status_reg_get

.text.xTaskPriorityInherit%91
                0x00000000000b4768      0x13c
 .text.xTaskPriorityInherit
                0x00000000000b4768      0x13c build/kf_freertos_fpga/production/_ext/404212886/FreeRTOS_tasks.o
                0x00000000000b4768                xTaskPriorityInherit

.text.i3c_mec5_tgt_wka_code%92
                0x00000000000b48a4      0x138
 .text.i3c_mec5_tgt_wka_code
                0x00000000000b48a4      0x138 build/kf_freertos_fpga/production/_ext/101992513/drv_i3c.o
                0x00000000000b48a4                i3c_mec5_tgt_wka_code

.text.vTaskPriorityDisinheritAfterTimeout%93
                0x00000000000b49dc      0x12c
 .text.vTaskPriorityDisinheritAfterTimeout
                0x00000000000b49dc      0x12c build/kf_freertos_fpga/production/_ext/404212886/FreeRTOS_tasks.o
                0x00000000000b49dc                vTaskPriorityDisinheritAfterTimeout

.text.prvAddNewTaskToReadyList%94
                0x00000000000b4b08      0x124
 .text.prvAddNewTaskToReadyList
                0x00000000000b4b08      0x124 build/kf_freertos_fpga/production/_ext/404212886/FreeRTOS_tasks.o

.text._drv_ibi_task%95
                0x00000000000b4c2c      0x120
 .text._drv_ibi_task
                0x00000000000b4c2c      0x120 build/kf_freertos_fpga/production/_ext/101992513/drv_i3c.o

.text.mini_itoa%96
                0x00000000000b4d4c      0x11c
 .text.mini_itoa
                0x00000000000b4d4c      0x11c build/kf_freertos_fpga/production/_ext/1420773124/trace.o

.text.DRV_I3C_IBI_enable%97
                0x00000000000b4e68      0x110
 .text.DRV_I3C_IBI_enable
                0x00000000000b4e68      0x110 build/kf_freertos_fpga/production/_ext/101992513/drv_i3c.o
                0x00000000000b4e68                DRV_I3C_IBI_enable

.text.DRV_I3C_IBI_disable%98
                0x00000000000b4f78      0x110
 .text.DRV_I3C_IBI_disable
                0x00000000000b4f78      0x110 build/kf_freertos_fpga/production/_ext/101992513/drv_i3c.o
                0x00000000000b4f78                DRV_I3C_IBI_disable

.text.i3c_bus_setdasa%99
                0x00000000000b5088      0x110
 .text.i3c_bus_setdasa
                0x00000000000b5088      0x110 build/kf_freertos_fpga/production/_ext/1886205328/i3c_common.o

.text.i3c_addr_slots_init%100
                0x00000000000b5198      0x10e
 .text.i3c_addr_slots_init
                0x00000000000b5198      0x10e build/kf_freertos_fpga/production/_ext/1886205328/i3c_common.o
                0x00000000000b5198                i3c_addr_slots_init

.text.prvInitialiseNewTask%101
                0x00000000000b52a6      0x10c
 .text.prvInitialiseNewTask
                0x00000000000b52a6      0x10c build/kf_freertos_fpga/production/_ext/404212886/FreeRTOS_tasks.o

.text._i3c_push_pull_timing_set%102
                0x00000000000b53b2      0x104
 .text._i3c_push_pull_timing_set
                0x00000000000b53b2      0x104 build/kf_freertos_fpga/production/_ext/825500651/plib_i3c_private.o
                0x00000000000b53b2                _i3c_push_pull_timing_set

.text.xTaskPriorityDisinherit%103
                0x00000000000b54b8      0x104
 .text.xTaskPriorityDisinherit
                0x00000000000b54b8      0x104 build/kf_freertos_fpga/production/_ext/404212886/FreeRTOS_tasks.o
                0x00000000000b54b8                xTaskPriorityDisinherit

.text.prvAddCurrentTaskToDelayedList%104
                0x00000000000b55bc      0x100
 .text.prvAddCurrentTaskToDelayedList
                0x00000000000b55bc      0x100 build/kf_freertos_fpga/production/_ext/404212886/FreeRTOS_tasks.o

.text.TASK1_Tasks%105
                0x00000000000b56bc      0x100
 .text.TASK1_Tasks
                0x00000000000b56bc      0x100 build/kf_freertos_fpga/production/_ext/1360937237/task1.o
                0x00000000000b56bc                TASK1_Tasks

.text.I3C_DO_Xfer_Prep%106
                0x00000000000b57bc       0xf8
 .text.I3C_DO_Xfer_Prep
                0x00000000000b57bc       0xf8 build/kf_freertos_fpga/production/_ext/825500651/plib_i3c.o
                0x00000000000b57bc                I3C_DO_Xfer_Prep

.text.GPIO_PropertySet%107
                0x00000000000b58b4       0xf4
 .text.GPIO_PropertySet
                0x00000000000b58b4       0xf4 build/kf_freertos_fpga/production/_ext/179282931/plib_gpio.o
                0x00000000000b58b4                GPIO_PropertySet

.text.I3C_DO_CCC%108
                0x00000000000b59a8       0xec
 .text.I3C_DO_CCC
                0x00000000000b59a8       0xec build/kf_freertos_fpga/production/_ext/825500651/plib_i3c.o
                0x00000000000b59a8                I3C_DO_CCC

.text.DRV_I3C_ISR_Callback%109
                0x00000000000b5a94       0xea
 .text.DRV_I3C_ISR_Callback
                0x00000000000b5a94       0xea build/kf_freertos_fpga/production/_ext/101992513/drv_i3c.o

.text.xQueueGenericReset%110
                0x00000000000b5b80       0xe8
 .text.xQueueGenericReset
                0x00000000000b5b80       0xe8 build/kf_freertos_fpga/production/_ext/404212886/queue.o
                0x00000000000b5b80                xQueueGenericReset

.rodata%111     0x00000000000b5c68       0xe8
 .rodata        0x00000000000b5c68       0xe8 build/kf_freertos_fpga/production/_ext/1521323865/test_pvt_xfer.o
