Archive member included to satisfy reference by file (symbol)

c:/program files/microchip/xc32/v4.45/bin/bin/../../lib/gcc/pic32c/8.3.1/../../../../pic32c/lib/thumb/v7e-m+fp/hard\libpic32c.a(data_init.o)
                              build/kf_freertos_fpga/production/_ext/29258880/startup_xc32.o (__pic32c_data_initialization)
c:/program files/microchip/xc32/v4.45/bin/bin/../../lib/gcc/pic32c/8.3.1/../../../../pic32c/lib/thumb/v7e-m+fp/hard\libc-size-musl.a(memcpy.o)
                              build/kf_freertos_fpga/production/_ext/825500651/plib_i3c_private.o (memcpy)
c:/program files/microchip/xc32/v4.45/bin/bin/../../lib/gcc/pic32c/8.3.1/../../../../pic32c/lib/thumb/v7e-m+fp/hard\libc-size-musl.a(memset.o)
                              build/kf_freertos_fpga/production/_ext/101992513/drv_i3c.o (memset)
c:/program files/microchip/xc32/v4.45/bin/bin/../../lib/gcc/pic32c/8.3.1/../../../../pic32c/lib/thumb/v7e-m+fp/hard\libc-musl.a(__libc_start_main.o)
                              build/kf_freertos_fpga/production/_ext/29258880/startup_xc32.o (__libc_init_array)
c:/program files/microchip/xc32/v4.45/bin/bin/../../lib/gcc/pic32c/8.3.1/../../../../pic32c/lib/thumb/v7e-m+fp/hard\libc-musl.a(libc.o)
                              c:/program files/microchip/xc32/v4.45/bin/bin/../../lib/gcc/pic32c/8.3.1/../../../../pic32c/lib/thumb/v7e-m+fp/hard\libc-musl.a(__libc_start_main.o) (__progname_full)
c:/program files/microchip/xc32/v4.45/bin/bin/../../lib/gcc/pic32c/8.3.1/../../../../pic32c/lib/thumb/v7e-m+fp/hard\libc-musl.a(vsprintf.o)
                              build/kf_freertos_fpga/production/_ext/346071803/log.o (vsprintf)
c:/program files/microchip/xc32/v4.45/bin/bin/../../lib/gcc/pic32c/8.3.1/../../../../pic32c/lib/thumb/v7e-m+fp/hard\libc-musl.a(__environ.o)
                              c:/program files/microchip/xc32/v4.45/bin/bin/../../lib/gcc/pic32c/8.3.1/../../../../pic32c/lib/thumb/v7e-m+fp/hard\libc-musl.a(__libc_start_main.o) (__environ)
c:/program files/microchip/xc32/v4.45/bin/bin/../../lib/gcc/pic32c/8.3.1/../../../../pic32c/lib/thumb/v7e-m+fp/hard\libc-musl.a(vsnprintf.o)
                              c:/program files/microchip/xc32/v4.45/bin/bin/../../lib/gcc/pic32c/8.3.1/../../../../pic32c/lib/thumb/v7e-m+fp/hard\libc-musl.a(vsprintf.o) (vsnprintf)
c:/program files/microchip/xc32/v4.45/bin/bin/../../lib/gcc/pic32c/8.3.1/../../../../pic32c/lib/thumb/v7e-m+fp/hard\libc-musl.a(__errno_location.o)
                              c:/program files/microchip/xc32/v4.45/bin/bin/../../lib/gcc/pic32c/8.3.1/../../../../pic32c/lib/thumb/v7e-m+fp/hard\libc-musl.a(vsnprintf.o) (__errno_val)
c:/program files/microchip/xc32/v4.45/bin/bin/../../lib/gcc/pic32c/8.3.1/../../../../pic32c/lib/thumb/v7e-m+fp/hard\libc-musl.a(vfprintf.o)
                              c:/program files/microchip/xc32/v4.45/bin/bin/../../lib/gcc/pic32c/8.3.1/../../../../pic32c/lib/thumb/v7e-m+fp/hard\libc-musl.a(vsnprintf.o) (vfprintf)
c:/program files/microchip/xc32/v4.45/bin/bin/../../lib/gcc/pic32c/8.3.1/../../../../pic32c/lib/thumb/v7e-m+fp/hard\libc-musl.a(__io_fmt_needed.o)
                              c:/program files/microchip/xc32/v4.45/bin/bin/../../lib/gcc/pic32c/8.3.1/../../../../pic32c/lib/thumb/v7e-m+fp/hard\libc-musl.a(vfprintf.o) (__io_fmt_needed)
c:/program files/microchip/xc32/v4.45/bin/bin/../../lib/gcc/pic32c/8.3.1/../../../../pic32c/lib/thumb/v7e-m+fp/hard\libc-musl.a(__pop_float.o)
                              c:/program files/microchip/xc32/v4.45/bin/bin/../../lib/gcc/pic32c/8.3.1/../../../../pic32c/lib/thumb/v7e-m+fp/hard\libc-musl.a(__io_fmt_needed.o) (__pop_float_needed)
c:/program files/microchip/xc32/v4.45/bin/bin/../../lib/gcc/pic32c/8.3.1/../../../../pic32c/lib/thumb/v7e-m+fp/hard\libc-musl.a(__pop_int.o)
                              c:/program files/microchip/xc32/v4.45/bin/bin/../../lib/gcc/pic32c/8.3.1/../../../../pic32c/lib/thumb/v7e-m+fp/hard\libc-musl.a(__io_fmt_needed.o) (__pop_int_needed)
c:/program files/microchip/xc32/v4.45/bin/bin/../../lib/gcc/pic32c/8.3.1/../../../../pic32c/lib/thumb/v7e-m+fp/hard\libc-musl.a(__pop_ptr.o)
                              c:/program files/microchip/xc32/v4.45/bin/bin/../../lib/gcc/pic32c/8.3.1/../../../../pic32c/lib/thumb/v7e-m+fp/hard\libc-musl.a(__io_fmt_needed.o) (__pop_ptr_needed)
c:/program files/microchip/xc32/v4.45/bin/bin/../../lib/gcc/pic32c/8.3.1/../../../../pic32c/lib/thumb/v7e-m+fp/hard\libc-musl.a(__printf_core.o)
                              c:/program files/microchip/xc32/v4.45/bin/bin/../../lib/gcc/pic32c/8.3.1/../../../../pic32c/lib/thumb/v7e-m+fp/hard\libc-musl.a(vfprintf.o) (__printf_core)
c:/program files/microchip/xc32/v4.45/bin/bin/../../lib/gcc/pic32c/8.3.1/../../../../pic32c/lib/thumb/v7e-m+fp/hard\libc-musl.a(atoi.o)
                              c:/program files/microchip/xc32/v4.45/bin/bin/../../lib/gcc/pic32c/8.3.1/../../../../pic32c/lib/thumb/v7e-m+fp/hard\libc-musl.a(__printf_core.o) (atoi)
[...]
Memory Configuration

Name             Origin             Length             Attributes
rom              0x00000000000b0000 0x0000000000050000 xrl
ram              0x0000000000118000 0x000000000000a000 xw !r
*default*        0x0000000000000000 0xffffffffffffffff

Linker script and memory map

LOAD c:/program files/microchip/xc32/v4.45/bin/bin/../../lib/gcc/pic32c/8.3.1/thumb/v7e-m+fp/hard/crti.o
LOAD c:/program files/microchip/xc32/v4.45/bin/bin/../../lib/gcc/pic32c/8.3.1/thumb/v7e-m+fp/hard/crtbegin.o
LOAD build/kf_freertos_fpga/production/_ext/1420773124/serial.o
LOAD build/kf_freertos_fpga/production/_ext/1420773124/trace.o
LOAD build/kf_freertos_fpga/production/_ext/101992513/drv_i3c.o
LOAD build/kf_freertos_fpga/production/_ext/101992513/drv_i3c_config.o
LOAD build/kf_freertos_fpga/production/_ext/1886205328/i3c_ccc.o
LOAD build/kf_freertos_fpga/production/_ext/1886205328/i3c_common.o
LOAD build/kf_freertos_fpga/production/_ext/785111490/osal_freertos.o
LOAD build/kf_freertos_fpga/production/_ext/825503660/dma.o
LOAD build/kf_freertos_fpga/production/_ext/868947740/plib_ec_reg_bank.o
LOAD build/kf_freertos_fpga/production/_ext/179210842/plib_ecia.o
LOAD build/kf_freertos_fpga/production/_ext/179282931/plib_gpio.o
LOAD build/kf_freertos_fpga/production/_ext/825500651/plib_i3c.o
LOAD build/kf_freertos_fpga/production/_ext/825500651/plib_i3c_private.o
LOAD build/kf_freertos_fpga/production/_ext/179497222/plib_nvic.o
LOAD build/kf_freertos_fpga/production/_ext/825492421/plib_pcr.o
LOAD build/kf_freertos_fpga/production/_ext/1732944825/uart_api.o
LOAD build/kf_freertos_fpga/production/_ext/1732944825/uart_perphl.o
LOAD build/kf_freertos_fpga/production/_ext/1435074362/xc32_monitor.o
LOAD build/kf_freertos_fpga/production/_ext/29258880/exceptions.o
LOAD build/kf_freertos_fpga/production/_ext/29258880/freertos_hooks.o
LOAD build/kf_freertos_fpga/production/_ext/29258880/initialization.o
LOAD build/kf_freertos_fpga/production/_ext/29258880/interrupts.o
LOAD build/kf_freertos_fpga/production/_ext/29258880/libc_syscalls.o
LOAD build/kf_freertos_fpga/production/_ext/29258880/startup_xc32.o
LOAD build/kf_freertos_fpga/production/_ext/29258880/tasks.o
LOAD build/kf_freertos_fpga/production/_ext/246609638/port.o
LOAD build/kf_freertos_fpga/production/_ext/1665200909/heap_1.o
LOAD build/kf_freertos_fpga/production/_ext/404212886/queue.o
LOAD build/kf_freertos_fpga/production/_ext/404212886/croutine.o
LOAD build/kf_freertos_fpga/production/_ext/404212886/timers.o
LOAD build/kf_freertos_fpga/production/_ext/404212886/list.o
LOAD build/kf_freertos_fpga/production/_ext/404212886/FreeRTOS_tasks.o
LOAD build/kf_freertos_fpga/production/_ext/404212886/stream_buffer.o
LOAD build/kf_freertos_fpga/production/_ext/404212886/event_groups.o
LOAD build/kf_freertos_fpga/production/_ext/346071803/log.o
LOAD build/kf_freertos_fpga/production/_ext/1521323865/test_ccc.o
LOAD build/kf_freertos_fpga/production/_ext/1521323865/test_pvt_xfer.o
LOAD build/kf_freertos_fpga/production/_ext/1521323865/test_icm42605.o
LOAD build/kf_freertos_fpga/production/_ext/1521323865/test_ibis.o
LOAD build/kf_freertos_fpga/production/_ext/1521323865/tgt_test_pvt_xfer.o
LOAD build/kf_freertos_fpga/production/_ext/1521323865/crc8.o
LOAD build/kf_freertos_fpga/production/_ext/1521323865/tgt_test_ibis.o
LOAD build/kf_freertos_fpga/production/_ext/1360937237/task1.o
LOAD build/kf_freertos_fpga/production/_ext/1360937237/main.o
LOAD build/kf_freertos_fpga/production/_ext/1360937237/task2.o
LOAD build/kf_freertos_fpga/production/_ext/1360937237/task3.o
LOAD build/kf_freertos_fpga/production/_ext/1360937237/task4.o
                0x0000000000000001                __MPLAB_BUILD = 0x1
                0x0000000000100000                __rom_end = (ORIGIN (rom) + LENGTH (rom))
                0x0000000000122000                __ram_end = (ORIGIN (ram) + LENGTH (ram))

.vectors        0x00000000000b0000      0x350
                0x00000000000b0000                . = ALIGN (0x4)
                0x00000000000b0000                _sfixed = .
 *(.vectors .vectors.* .vectors_default .vectors_default.*)
 .vectors.exception_table
                0x00000000000b0000      0x350 build/kf_freertos_fpga/production/_ext/29258880/interrupts.o
                0x00000000000b0000                exception_table
 *(.isr_vector)
 *(.reset*)
 *(.after_vectors)

.text           0x00000000000b0350       0x20
                0x00000000000b0350                . = ALIGN (0x4)
 *(.glue_7t)
 .glue_7t       0x00000000000b0350        0x0 linker stubs
 *(.glue_7)
 .glue_7        0x00000000000b0350        0x0 linker stubs
 *(.gnu.linkonce.r.*)
 *(.ARM.extab* .gnu.linkonce.armextab.*)
                0x00000000000b0350                . = ALIGN (0x4)
 *(.init)
 .init          0x00000000000b0350        0x4 c:/program files/microchip/xc32/v4.45/bin/bin/../../lib/gcc/pic32c/8.3.1/thumb/v7e-m+fp/hard/crti.o
                0x00000000000b0350                _init
 .init          0x00000000000b0354        0x8 c:/program files/microchip/xc32/v4.45/bin/bin/../../lib/gcc/pic32c/8.3.1/thumb/v7e-m+fp/hard/crtn.o
                0x00000000000b035c                . = ALIGN (0x4)
                0x00000000000b035c                __preinit_array_start = .
 *(.preinit_array)
                0x00000000000b035c                __preinit_array_end = .
                0x00000000000b035c                . = ALIGN (0x4)
                0x00000000000b035c                __init_array_start = .
 *(SORT_BY_NAME(.init_array.*))
 *(.init_array)
 .init_array    0x00000000000b035c        0x4 c:/program files/microchip/xc32/v4.45/bin/bin/../../lib/gcc/pic32c/8.3.1/thumb/v7e-m+fp/hard/crtbegin.o
                0x00000000000b0360                __init_array_end = .
                0x00000000000b0360                . = ALIGN (0x4)
 *crtbegin.o(.ctors)
 *(EXCLUDE_FILE(*crtend.o) .ctors)
 *(SORT_BY_NAME(.ctors.*))
 *crtend.o(.ctors)
                0x00000000000b0360                . = ALIGN (0x4)
 *(.fini)
 .fini          0x00000000000b0360        0x4 c:/program files/microchip/xc32/v4.45/bin/bin/../../lib/gcc/pic32c/8.3.1/thumb/v7e-m+fp/hard/crti.o
                0x00000000000b0360                _fini
 .fini          0x00000000000b0364        0x8 c:/program files/microchip/xc32/v4.45/bin/bin/../../lib/gcc/pic32c/8.3.1/thumb/v7e-m+fp/hard/crtn.o
                0x00000000000b036c                . = ALIGN (0x4)
                0x00000000000b036c                __fini_array_start = .
 *(.fini_array)
 .fini_array    0x00000000000b036c        0x4 c:/program files/microchip/xc32/v4.45/bin/bin/../../lib/gcc/pic32c/8.3.1/thumb/v7e-m+fp/hard/crtbegin.o
 *(SORT_BY_NAME(.fini_array.*))
                0x00000000000b0370                __fini_array_end = .
 *crtbegin.o(.dtors)
 *(EXCLUDE_FILE(*crtend.o) .dtors)
 *(SORT_BY_NAME(.dtors.*))
 *crtend.o(.dtors)
                0x00000000000b0370                . = ALIGN (0x4)
                0x00000000000b0370                _efixed = .
                [!provide]                        PROVIDE (__exidx_start = .)

.ARM.exidx      0x00000000000b0370        0x8
 *(.ARM.exidx* .gnu.linkonce.armexidx.*)
 .ARM.exidx     0x00000000000b0370        0x8 c:/program files/microchip/xc32/v4.45/bin/bin/../../lib/gcc/pic32c/8.3.1/thumb/v7e-m+fp/hard\libgcc.a(_udivmoddi4.o)
                [!provide]                        PROVIDE (__exidx_end = .)
                0x00000000000b0378                . = ALIGN (0x4)
                0x00000000000b0378                _etext = .

.bss            0x0000000000118000        0x0
                0x0000000000118000                . = ALIGN (0x4)
                0x0000000000118000                __bss_start__ = .
                0x0000000000118000                _sbss = .
                0x0000000000118000                _szero = .
 *(COMMON)
                0x0000000000118000                . = ALIGN (0x4)
                0x0000000000118000                __bss_end__ = .
                0x0000000000118000                _ebss = .
                0x0000000000118000                _ezero = .
                0x0000000000118000                . = ALIGN (0x4)
                0x0000000000118000                _end = .
                0x0000000000121fff                _ram_end_ = ((ORIGIN (ram) + LENGTH (ram)) - 0x1)
                0x0000000000000200                _min_heap_size = 0x200
START GROUP
LOAD c:/program files/microchip/xc32/v4.45/bin/bin/../../lib/gcc/pic32c/8.3.1/../../../../pic32c/lib/thumb/v7e-m+fp/hard\libpic32c.a
LOAD c:/program files/microchip/xc32/v4.45/bin/bin/../../lib/gcc/pic32c/8.3.1/../../../../pic32c/lib/thumb/v7e-m+fp/hard\libc-size-musl.a
LOAD c:/program files/microchip/xc32/v4.45/bin/bin/../../lib/gcc/pic32c/8.3.1/../../../../pic32c/lib/thumb/v7e-m+fp/hard\liblmalloc-musl.a
LOAD c:/program files/microchip/xc32/v4.45/bin/bin/../../lib/gcc/pic32c/8.3.1/../../../../pic32c/lib/thumb/v7e-m+fp/hard\libm-fast-emfloat.a
LOAD c:/program files/microchip/xc32/v4.45/bin/bin/../../lib/gcc/pic32c/8.3.1/../../../../pic32c/lib/thumb/v7e-m+fp/hard\libm-musl.a
LOAD c:/program files/microchip/xc32/v4.45/bin/bin/../../lib/gcc/pic32c/8.3.1/../../../../pic32c/lib/thumb/v7e-m+fp/hard\libc-musl.a
LOAD c:/program files/microchip/xc32/v4.45/bin/bin/../../lib/gcc/pic32c/8.3.1/../../../../pic32c/lib/thumb/v7e-m+fp/hard\libm-fast-emfloat.a
LOAD c:/program files/microchip/xc32/v4.45/bin/bin/../../lib/gcc/pic32c/8.3.1/../../../../pic32c/lib/thumb/v7e-m+fp/hard\libm-musl.a
LOAD c:/program files/microchip/xc32/v4.45/bin/bin/../../lib/gcc/pic32c/8.3.1/thumb/v7e-m+fp/hard\libgcc.a
END GROUP
LOAD c:/program files/microchip/xc32/v4.45/bin/bin/../../lib/gcc/pic32c/8.3.1/thumb/v7e-m+fp/hard/crtend.o
LOAD c:/program files/microchip/xc32/v4.45/bin/bin/../../lib/gcc/pic32c/8.3.1/thumb/v7e-m+fp/hard/crtn.o
OUTPUT(dist/kf_freertos_fpga/production/kf_freertos_fpga.X.production.elf elf32-littlearm)
LOAD data_init
LOAD stack

.ARM.attributes
                0x0000000000000000       0x32
 .ARM.attributes
                0x0000000000000000       0x1e c:/program files/microchip/xc32/v4.45/bin/bin/../../lib/gcc/pic32c/8.3.1/thumb/v7e-m+fp/hard/crti.o
 .ARM.attributes
                0x000000000000001e       0x34 c:/program files/microchip/xc32/v4.45/bin/bin/../../lib/gcc/pic32c/8.3.1/thumb/v7e-m+fp/hard/crtbegin.o
 .ARM.attributes
                0x0000000000000052       0x34 build/kf_freertos_fpga/production/_ext/1420773124/serial.o
 .ARM.attributes
                0x0000000000000086       0x34 build/kf_freertos_fpga/production/_ext/1420773124/trace.o
 .ARM.attributes
                0x00000000000000ba       0x34 build/kf_freertos_fpga/production/_ext/101992513/drv_i3c.o
 .ARM.attributes
                0x00000000000000ee       0x34 build/kf_freertos_fpga/production/_ext/101992513/drv_i3c_config.o
 .ARM.attributes
                0x0000000000000122       0x34 build/kf_freertos_fpga/production/_ext/1886205328/i3c_ccc.o
 .ARM.attributes
                0x0000000000000156       0x34 build/kf_freertos_fpga/production/_ext/1886205328/i3c_common.o
 .ARM.attributes
                0x000000000000018a       0x34 build/kf_freertos_fpga/production/_ext/785111490/osal_freertos.o
 .ARM.attributes
                0x00000000000001be       0x34 build/kf_freertos_fpga/production/_ext/868947740/plib_ec_reg_bank.o
 .ARM.attributes
                0x00000000000001f2       0x34 build/kf_freertos_fpga/production/_ext/179210842/plib_ecia.o
 .ARM.attributes
                0x0000000000000226       0x34 build/kf_freertos_fpga/production/_ext/179282931/plib_gpio.o
 .ARM.attributes
                0x000000000000025a       0x34 build/kf_freertos_fpga/production/_ext/825500651/plib_i3c.o
 .ARM.attributes
                0x000000000000028e       0x34 build/kf_freertos_fpga/production/_ext/825500651/plib_i3c_private.o
 .ARM.attributes
                0x00000000000002c2       0x34 build/kf_freertos_fpga/production/_ext/179497222/plib_nvic.o
 .ARM.attributes
                0x00000000000002f6       0x34 build/kf_freertos_fpga/production/_ext/825492421/plib_pcr.o
 .ARM.attributes
                0x000000000000032a       0x34 build/kf_freertos_fpga/production/_ext/1732944825/uart_api.o
 .ARM.attributes
                0x000000000000035e       0x34 build/kf_freertos_fpga/production/_ext/1732944825/uart_perphl.o
 .ARM.attributes
                0x0000000000000392       0x34 build/kf_freertos_fpga/production/_ext/29258880/exceptions.o
 .ARM.attributes
                0x00000000000003c6       0x34 build/kf_freertos_fpga/production/_ext/29258880/freertos_hooks.o
 .ARM.attributes
                0x00000000000003fa       0x34 build/kf_freertos_fpga/production/_ext/29258880/initialization.o
 .ARM.attributes
                0x000000000000042e       0x34 build/kf_freertos_fpga/production/_ext/29258880/interrupts.o
 .ARM.attributes
                0x0000000000000462       0x34 build/kf_freertos_fpga/production/_ext/29258880/startup_xc32.o
 .ARM.attributes
                0x0000000000000496       0x34 build/kf_freertos_fpga/production/_ext/29258880/tasks.o
 .ARM.attributes
                0x00000000000004ca       0x34 build/kf_freertos_fpga/production/_ext/246609638/port.o
 .ARM.attributes
                0x00000000000004fe       0x34 build/kf_freertos_fpga/production/_ext/1665200909/heap_1.o
 .ARM.attributes
                0x0000000000000532       0x34 build/kf_freertos_fpga/production/_ext/404212886/queue.o
 .ARM.attributes
                0x0000000000000566       0x34 build/kf_freertos_fpga/production/_ext/404212886/timers.o
 .ARM.attributes
                0x000000000000059a       0x34 build/kf_freertos_fpga/production/_ext/404212886/list.o
 .ARM.attributes
                0x00000000000005ce       0x34 build/kf_freertos_fpga/production/_ext/404212886/FreeRTOS_tasks.o
 .ARM.attributes
                0x0000000000000602       0x34 build/kf_freertos_fpga/production/_ext/346071803/log.o
 .ARM.attributes
                0x0000000000000636       0x34 build/kf_freertos_fpga/production/_ext/1521323865/test_pvt_xfer.o
 .ARM.attributes
                0x000000000000066a       0x34 build/kf_freertos_fpga/production/_ext/1521323865/test_ibis.o
 .ARM.attributes
                0x000000000000069e       0x34 build/kf_freertos_fpga/production/_ext/1521323865/tgt_test_pvt_xfer.o
 .ARM.attributes
                0x00000000000006d2       0x34 build/kf_freertos_fpga/production/_ext/1521323865/tgt_test_ibis.o
 .ARM.attributes
                0x0000000000000706       0x34 build/kf_freertos_fpga/production/_ext/1360937237/task1.o
 .ARM.attributes
                0x000000000000073a       0x34 build/kf_freertos_fpga/production/_ext/1360937237/main.o
 .ARM.attributes
                0x000000000000076e       0x34 build/kf_freertos_fpga/production/_ext/1360937237/task2.o
 .ARM.attributes
                0x00000000000007a2       0x34 build/kf_freertos_fpga/production/_ext/1360937237/task3.o
 .ARM.attributes
                0x00000000000007d6       0x34 build/kf_freertos_fpga/production/_ext/1360937237/task4.o
 .ARM.attributes
                0x000000000000080a       0x34 c:/program files/microchip/xc32/v4.45/bin/bin/../../lib/gcc/pic32c/8.3.1/../../../../pic32c/lib/thumb/v7e-m+fp/hard\libpic32c.a(data_init.o)
 .ARM.attributes
                0x000000000000083e       0x36 c:/program files/microchip/xc32/v4.45/bin/bin/../../lib/gcc/pic32c/8.3.1/../../../../pic32c/lib/thumb/v7e-m+fp/hard\libc-size-musl.a(memcpy.o)
 .ARM.attributes
                0x0000000000000874       0x36 c:/program files/microchip/xc32/v4.45/bin/bin/../../lib/gcc/pic32c/8.3.1/../../../../pic32c/lib/thumb/v7e-m+fp/hard\libc-size-musl.a(memset.o)
 .ARM.attributes
                0x00000000000008aa       0x36 c:/program files/microchip/xc32/v4.45/bin/bin/../../lib/gcc/pic32c/8.3.1/../../../../pic32c/lib/thumb/v7e-m+fp/hard\libc-musl.a(__libc_start_main.o)
 .ARM.attributes
                0x00000000000008e0       0x34 c:/program files/microchip/xc32/v4.45/bin/bin/../../lib/gcc/pic32c/8.3.1/../../../../pic32c/lib/thumb/v7e-m+fp/hard\libc-musl.a(libc.o)
 .ARM.attributes
                0x0000000000000914       0x36 c:/program files/microchip/xc32/v4.45/bin/bin/../../lib/gcc/pic32c/8.3.1/../../../../pic32c/lib/thumb/v7e-m+fp/hard\libc-musl.a(vsprintf.o)
 .ARM.attributes
                0x000000000000094a       0x34 c:/program files/microchip/xc32/v4.45/bin/bin/../../lib/gcc/pic32c/8.3.1/../../../../pic32c/lib/thumb/v7e-m+fp/hard\libc-musl.a(__environ.o)
 .ARM.attributes
                0x000000000000097e       0x36 c:/program files/microchip/xc32/v4.45/bin/bin/../../lib/gcc/pic32c/8.3.1/../../../../pic32c/lib/thumb/v7e-m+fp/hard\libc-musl.a(vsnprintf.o)
 .ARM.attributes
                0x00000000000009b4       0x34 c:/program files/microchip/xc32/v4.45/bin/bin/../../lib/gcc/pic32c/8.3.1/../../../../pic32c/lib/thumb/v7e-m+fp/hard\libc-musl.a(__errno_location.o)
 .ARM.attributes
                0x00000000000009e8       0x36 c:/program files/microchip/xc32/v4.45/bin/bin/../../lib/gcc/pic32c/8.3.1/../../../../pic32c/lib/thumb/v7e-m+fp/hard\libc-musl.a(vfprintf.o)
 .ARM.attributes
                0x0000000000000a1e       0x36 c:/program files/microchip/xc32/v4.45/bin/bin/../../lib/gcc/pic32c/8.3.1/../../../../pic32c/lib/thumb/v7e-m+fp/hard\libc-musl.a(__pop_float.o)
 .ARM.attributes
                0x0000000000000a54       0x36 c:/program files/microchip/xc32/v4.45/bin/bin/../../lib/gcc/pic32c/8.3.1/../../../../pic32c/lib/thumb/v7e-m+fp/hard\libc-musl.a(__pop_int.o)
 .ARM.attributes
                0x0000000000000a8a       0x36 c:/program files/microchip/xc32/v4.45/bin/bin/../../lib/gcc/pic32c/8.3.1/../../../../pic32c/lib/thumb/v7e-m+fp/hard\libc-musl.a(__pop_ptr.o)
 .ARM.attributes
                0x0000000000000ac0       0x36 c:/program files/microchip/xc32/v4.45/bin/bin/../../lib/gcc/pic32c/8.3.1/../../../../pic32c/lib/thumb/v7e-m+fp/hard\libc-musl.a(__printf_core.o)
 .ARM.attributes
                0x0000000000000af6       0x36 c:/program files/microchip/xc32/v4.45/bin/bin/../../lib/gcc/pic32c/8.3.1/../../../../pic32c/lib/thumb/v7e-m+fp/hard\libc-musl.a(atoi.o)
 .ARM.attributes
                0x0000000000000b2c       0x36 c:/program files/microchip/xc32/v4.45/bin/bin/../../lib/gcc/pic32c/8.3.1/../../../../pic32c/lib/thumb/v7e-m+fp/hard\libc-musl.a(tolower.o)
 .ARM.attributes
                0x0000000000000b62       0x36 c:/program files/microchip/xc32/v4.45/bin/bin/../../lib/gcc/pic32c/8.3.1/../../../../pic32c/lib/thumb/v7e-m+fp/hard\libc-musl.a(__fmt_a.o)
 .ARM.attributes
                0x0000000000000b98       0x36 c:/program files/microchip/xc32/v4.45/bin/bin/../../lib/gcc/pic32c/8.3.1/../../../../pic32c/lib/thumb/v7e-m+fp/hard\libc-musl.a(__fmt_d.o)
 .ARM.attributes
                0x0000000000000bce       0x36 c:/program files/microchip/xc32/v4.45/bin/bin/../../lib/gcc/pic32c/8.3.1/../../../../pic32c/lib/thumb/v7e-m+fp/hard\libc-musl.a(__fmt_fp.o)
 .ARM.attributes
                0x0000000000000c04       0x36 c:/program files/microchip/xc32/v4.45/bin/bin/../../lib/gcc/pic32c/8.3.1/../../../../pic32c/lib/thumb/v7e-m+fp/hard\libc-musl.a(__fmt_o.o)
 .ARM.attributes
                0x0000000000000c3a       0x36 c:/program files/microchip/xc32/v4.45/bin/bin/../../lib/gcc/pic32c/8.3.1/../../../../pic32c/lib/thumb/v7e-m+fp/hard\libc-musl.a(__fmt_s.o)
 .ARM.attributes
                0x0000000000000c70       0x36 c:/program files/microchip/xc32/v4.45/bin/bin/../../lib/gcc/pic32c/8.3.1/../../../../pic32c/lib/thumb/v7e-m+fp/hard\libc-musl.a(__fmt_u.o)
 .ARM.attributes
                0x0000000000000ca6       0x36 c:/program files/microchip/xc32/v4.45/bin/bin/../../lib/gcc/pic32c/8.3.1/../../../../pic32c/lib/thumb/v7e-m+fp/hard\libc-musl.a(__fmt_x.o)
 .ARM.attributes
                0x0000000000000cdc       0x36 c:/program files/microchip/xc32/v4.45/bin/bin/../../lib/gcc/pic32c/8.3.1/../../../../pic32c/lib/thumb/v7e-m+fp/hard\libc-musl.a(toupper.o)
 .ARM.attributes
                0x0000000000000d12       0x36 c:/program files/microchip/xc32/v4.45/bin/bin/../../lib/gcc/pic32c/8.3.1/../../../../pic32c/lib/thumb/v7e-m+fp/hard\libc-musl.a(__cvt_u.o)
 .ARM.attributes
                0x0000000000000d48       0x34 c:/program files/microchip/xc32/v4.45/bin/bin/../../lib/gcc/pic32c/8.3.1/../../../../pic32c/lib/thumb/v7e-m+fp/hard\libm-fast-emfloat.a(fma.o)
 .ARM.attributes
                0x0000000000000d7c       0x34 c:/program files/microchip/xc32/v4.45/bin/bin/../../lib/gcc/pic32c/8.3.1/../../../../pic32c/lib/thumb/v7e-m+fp/hard\libm-fast-emfloat.a(floor.o)
 .ARM.attributes
                0x0000000000000db0       0x20 c:/program files/microchip/xc32/v4.45/bin/bin/../../lib/gcc/pic32c/8.3.1/../../../../pic32c/lib/thumb/v7e-m+fp/hard\libm-fast-emfloat.a(__aeabi_dadd.o)
 .ARM.attributes
                0x0000000000000dd0       0x20 c:/program files/microchip/xc32/v4.45/bin/bin/../../lib/gcc/pic32c/8.3.1/../../../../pic32c/lib/thumb/v7e-m+fp/hard\libm-fast-emfloat.a(__aeabi_dsub.o)
 .ARM.attributes
                0x0000000000000df0       0x20 c:/program files/microchip/xc32/v4.45/bin/bin/../../lib/gcc/pic32c/8.3.1/../../../../pic32c/lib/thumb/v7e-m+fp/hard\libm-fast-emfloat.a(__aeabi_dmul.o)
 .ARM.attributes
                0x0000000000000e10       0x20 c:/program files/microchip/xc32/v4.45/bin/bin/../../lib/gcc/pic32c/8.3.1/../../../../pic32c/lib/thumb/v7e-m+fp/hard\libm-fast-emfloat.a(__aeabi_ddiv.o)
 .ARM.attributes
                0x0000000000000e30       0x20 c:/program files/microchip/xc32/v4.45/bin/bin/../../lib/gcc/pic32c/8.3.1/../../../../pic32c/lib/thumb/v7e-m+fp/hard\libm-fast-emfloat.a(__aeabi_dcmple.o)
 .ARM.attributes
                0x0000000000000e50       0x20 c:/program files/microchip/xc32/v4.45/bin/bin/../../lib/gcc/pic32c/8.3.1/../../../../pic32c/lib/thumb/v7e-m+fp/hard\libm-fast-emfloat.a(__aeabi_dcmpeq.o)
 .ARM.attributes
                0x0000000000000e70       0x20 c:/program files/microchip/xc32/v4.45/bin/bin/../../lib/gcc/pic32c/8.3.1/../../../../pic32c/lib/thumb/v7e-m+fp/hard\libm-fast-emfloat.a(__aeabi_dcmpgt.o)
 .ARM.attributes
                0x0000000000000e90       0x20 c:/program files/microchip/xc32/v4.45/bin/bin/../../lib/gcc/pic32c/8.3.1/../../../../pic32c/lib/thumb/v7e-m+fp/hard\libm-fast-emfloat.a(__aeabi_dcmplt.o)
 .ARM.attributes
                0x0000000000000eb0       0x20 c:/program files/microchip/xc32/v4.45/bin/bin/../../lib/gcc/pic32c/8.3.1/../../../../pic32c/lib/thumb/v7e-m+fp/hard\libm-fast-emfloat.a(__aeabi_d2iz.o)
 .ARM.attributes
                0x0000000000000ed0       0x1e c:/program files/microchip/xc32/v4.45/bin/bin/../../lib/gcc/pic32c/8.3.1/thumb/v7e-m+fp/hard\libgcc.a(_aeabi_uldivmod.o)
 .ARM.attributes
                0x0000000000000eee       0x34 c:/program files/microchip/xc32/v4.45/bin/bin/../../lib/gcc/pic32c/8.3.1/thumb/v7e-m+fp/hard\libgcc.a(_paritysi2.o)
 .ARM.attributes
                0x0000000000000f22       0x34 c:/program files/microchip/xc32/v4.45/bin/bin/../../lib/gcc/pic32c/8.3.1/thumb/v7e-m+fp/hard\libgcc.a(_udivmoddi4.o)
 .ARM.attributes
                0x0000000000000f56       0x1e c:/program files/microchip/xc32/v4.45/bin/bin/../../lib/gcc/pic32c/8.3.1/thumb/v7e-m+fp/hard\libgcc.a(_dvmd_tls.o)
 .ARM.attributes
                0x0000000000000f74       0x36 c:/program files/microchip/xc32/v4.45/bin/bin/../../lib/gcc/pic32c/8.3.1/../../../../pic32c/lib/thumb/v7e-m+fp/hard\libc-size-musl.a(strlen.o)
 .ARM.attributes
                0x0000000000000faa       0x36 c:/program files/microchip/xc32/v4.45/bin/bin/../../lib/gcc/pic32c/8.3.1/../../../../pic32c/lib/thumb/v7e-m+fp/hard\libc-size-musl.a(strcpy.o)
 .ARM.attributes
                0x0000000000000fe0       0x36 c:/program files/microchip/xc32/v4.45/bin/bin/../../lib/gcc/pic32c/8.3.1/../../../../pic32c/lib/thumb/v7e-m+fp/hard\libc-size-musl.a(stpcpy.o)
 .ARM.attributes
                0x0000000000001016       0x1e c:/program files/microchip/xc32/v4.45/bin/bin/../../lib/gcc/pic32c/8.3.1/thumb/v7e-m+fp/hard/crtn.o
 .ARM.attributes
                0x0000000000001034       0x34 c:/program files/microchip/xc32/v4.45/bin/bin/../../lib/gcc/pic32c/8.3.1/../../../../pic32c/lib/thumb/v7e-m+fp/hard\libpic32c.a(pic32_data_init_clear.o)
 .ARM.attributes
                0x0000000000001068       0x34 c:/program files/microchip/xc32/v4.45/bin/bin/../../lib/gcc/pic32c/8.3.1/../../../../pic32c/lib/thumb/v7e-m+fp/hard\libpic32c.a(pic32_data_init_copy.o)
 .ARM.attributes
                0x000000000000109c       0x34 c:/program files/microchip/xc32/v4.45/bin/bin/../../lib/gcc/pic32c/8.3.1/../../../../pic32c/lib/thumb/v7e-m+fp/hard\libpic32c.a(pic32_data_init_decompress.o)

.comment        0x0000000000000000       0x2b
 .comment       0x0000000000000000       0x2b c:/program files/microchip/xc32/v4.45/bin/bin/../../lib/gcc/pic32c/8.3.1/thumb/v7e-m+fp/hard/crtbegin.o
                                         0x2c (size before relaxing)
 .comment       0x000000000000002b       0x2c build/kf_freertos_fpga/production/_ext/1420773124/serial.o
 .comment       0x000000000000002b       0x2c build/kf_freertos_fpga/production/_ext/1420773124/trace.o
 .comment       0x000000000000002b       0x2c build/kf_freertos_fpga/production/_ext/101992513/drv_i3c.o
 .comment       0x000000000000002b       0x2c build/kf_freertos_fpga/production/_ext/101992513/drv_i3c_config.o
 .comment       0x000000000000002b       0x2c build/kf_freertos_fpga/production/_ext/1886205328/i3c_ccc.o
 .comment       0x000000000000002b       0x2c build/kf_freertos_fpga/production/_ext/1886205328/i3c_common.o
 .comment       0x000000000000002b       0x2c build/kf_freertos_fpga/production/_ext/785111490/osal_freertos.o
 .comment       0x000000000000002b       0x2c build/kf_freertos_fpga/production/_ext/868947740/plib_ec_reg_bank.o
 .comment       0x000000000000002b       0x2c build/kf_freertos_fpga/production/_ext/179210842/plib_ecia.o
 .comment       0x000000000000002b       0x2c build/kf_freertos_fpga/production/_ext/179282931/plib_gpio.o
 .comment       0x000000000000002b       0x2c build/kf_freertos_fpga/production/_ext/825500651/plib_i3c.o
 .comment       0x000000000000002b       0x2c build/kf_freertos_fpga/production/_ext/825500651/plib_i3c_private.o
 .comment       0x000000000000002b       0x2c build/kf_freertos_fpga/production/_ext/179497222/plib_nvic.o
 .comment       0x000000000000002b       0x2c build/kf_freertos_fpga/production/_ext/825492421/plib_pcr.o
 .comment       0x000000000000002b       0x2c build/kf_freertos_fpga/production/_ext/1732944825/uart_api.o
 .comment       0x000000000000002b       0x2c build/kf_freertos_fpga/production/_ext/1732944825/uart_perphl.o
 .comment       0x000000000000002b       0x2c build/kf_freertos_fpga/production/_ext/29258880/exceptions.o
 .comment       0x000000000000002b       0x2c build/kf_freertos_fpga/production/_ext/29258880/freertos_hooks.o
 .comment       0x000000000000002b       0x2c build/kf_freertos_fpga/production/_ext/29258880/initialization.o
 .comment       0x000000000000002b       0x2c build/kf_freertos_fpga/production/_ext/29258880/interrupts.o
 .comment       0x000000000000002b       0x2c build/kf_freertos_fpga/production/_ext/29258880/startup_xc32.o
 .comment       0x000000000000002b       0x2c build/kf_freertos_fpga/production/_ext/29258880/tasks.o
 .comment       0x000000000000002b       0x2c build/kf_freertos_fpga/production/_ext/246609638/port.o
 .comment       0x000000000000002b       0x2c build/kf_freertos_fpga/production/_ext/1665200909/heap_1.o
 .comment       0x000000000000002b       0x2c build/kf_freertos_fpga/production/_ext/404212886/queue.o
 .comment       0x000000000000002b       0x2c build/kf_freertos_fpga/production/_ext/404212886/timers.o
 .comment       0x000000000000002b       0x2c build/kf_freertos_fpga/production/_ext/404212886/list.o
 .comment       0x000000000000002b       0x2c build/kf_freertos_fpga/production/_ext/404212886/FreeRTOS_tasks.o
 .comment       0x000000000000002b       0x2c build/kf_freertos_fpga/production/_ext/346071803/log.o
 .comment       0x000000000000002b       0x2c build/kf_freertos_fpga/production/_ext/1521323865/test_pvt_xfer.o
 .comment       0x000000000000002b       0x2c build/kf_freertos_fpga/production/_ext/1521323865/test_ibis.o
 .comment       0x000000000000002b       0x2c build/kf_freertos_fpga/production/_ext/1521323865/tgt_test_pvt_xfer.o
 .comment       0x000000000000002b       0x2c build/kf_freertos_fpga/production/_ext/1521323865/tgt_test_ibis.o
 .comment       0x000000000000002b       0x2c build/kf_freertos_fpga/production/_ext/1360937237/task1.o
 .comment       0x000000000000002b       0x2c build/kf_freertos_fpga/production/_ext/1360937237/main.o
 .comment       0x000000000000002b       0x2c build/kf_freertos_fpga/production/_ext/1360937237/task2.o
 .comment       0x000000000000002b       0x2c build/kf_freertos_fpga/production/_ext/1360937237/task3.o
 .comment       0x000000000000002b       0x2c build/kf_freertos_fpga/production/_ext/1360937237/task4.o
 .comment       0x000000000000002b       0x2c c:/program files/microchip/xc32/v4.45/bin/bin/../../lib/gcc/pic32c/8.3.1/../../../../pic32c/lib/thumb/v7e-m+fp/hard\libpic32c.a(data_init.o)
 .comment       0x000000000000002b       0x2c c:/program files/microchip/xc32/v4.45/bin/bin/../../lib/gcc/pic32c/8.3.1/../../../../pic32c/lib/thumb/v7e-m+fp/hard\libc-size-musl.a(memcpy.o)
 .comment       0x000000000000002b       0x2c c:/program files/microchip/xc32/v4.45/bin/bin/../../lib/gcc/pic32c/8.3.1/../../../../pic32c/lib/thumb/v7e-m+fp/hard\libc-size-musl.a(memset.o)
 .comment       0x000000000000002b       0x2c c:/program files/microchip/xc32/v4.45/bin/bin/../../lib/gcc/pic32c/8.3.1/../../../../pic32c/lib/thumb/v7e-m+fp/hard\libc-musl.a(__libc_start_main.o)
 .comment       0x000000000000002b       0x2c c:/program files/microchip/xc32/v4.45/bin/bin/../../lib/gcc/pic32c/8.3.1/../../../../pic32c/lib/thumb/v7e-m+fp/hard\libc-musl.a(libc.o)
 .comment       0x000000000000002b       0x2c c:/program files/microchip/xc32/v4.45/bin/bin/../../lib/gcc/pic32c/8.3.1/../../../../pic32c/lib/thumb/v7e-m+fp/hard\libc-musl.a(vsprintf.o)
 .comment       0x000000000000002b       0x2c c:/program files/microchip/xc32/v4.45/bin/bin/../../lib/gcc/pic32c/8.3.1/../../../../pic32c/lib/thumb/v7e-m+fp/hard\libc-musl.a(__environ.o)
 .comment       0x000000000000002b       0x2c c:/program files/microchip/xc32/v4.45/bin/bin/../../lib/gcc/pic32c/8.3.1/../../../../pic32c/lib/thumb/v7e-m+fp/hard\libc-musl.a(vsnprintf.o)
 .comment       0x000000000000002b       0x2c c:/program files/microchip/xc32/v4.45/bin/bin/../../lib/gcc/pic32c/8.3.1/../../../../pic32c/lib/thumb/v7e-m+fp/hard\libc-musl.a(__errno_location.o)
 .comment       0x000000000000002b       0x2c c:/program files/microchip/xc32/v4.45/bin/bin/../../lib/gcc/pic32c/8.3.1/../../../../pic32c/lib/thumb/v7e-m+fp/hard\libc-musl.a(vfprintf.o)
 .comment       0x000000000000002b       0x2c c:/program files/microchip/xc32/v4.45/bin/bin/../../lib/gcc/pic32c/8.3.1/../../../../pic32c/lib/thumb/v7e-m+fp/hard\libc-musl.a(__pop_float.o)
 .comment       0x000000000000002b       0x2c c:/program files/microchip/xc32/v4.45/bin/bin/../../lib/gcc/pic32c/8.3.1/../../../../pic32c/lib/thumb/v7e-m+fp/hard\libc-musl.a(__pop_int.o)
 .comment       0x000000000000002b       0x2c c:/program files/microchip/xc32/v4.45/bin/bin/../../lib/gcc/pic32c/8.3.1/../../../../pic32c/lib/thumb/v7e-m+fp/hard\libc-musl.a(__pop_ptr.o)
 .comment       0x000000000000002b       0x2c c:/program files/microchip/xc32/v4.45/bin/bin/../../lib/gcc/pic32c/8.3.1/../../../../pic32c/lib/thumb/v7e-m+fp/hard\libc-musl.a(__printf_core.o)
 .comment       0x000000000000002b       0x2c c:/program files/microchip/xc32/v4.45/bin/bin/../../lib/gcc/pic32c/8.3.1/../../../../pic32c/lib/thumb/v7e-m+fp/hard\libc-musl.a(atoi.o)
 .comment       0x000000000000002b       0x2c c:/program files/microchip/xc32/v4.45/bin/bin/../../lib/gcc/pic32c/8.3.1/../../../../pic32c/lib/thumb/v7e-m+fp/hard\libc-musl.a(tolower.o)
 .comment       0x000000000000002b       0x2c c:/program files/microchip/xc32/v4.45/bin/bin/../../lib/gcc/pic32c/8.3.1/../../../../pic32c/lib/thumb/v7e-m+fp/hard\libc-musl.a(__fmt_a.o)
 .comment       0x000000000000002b       0x2c c:/program files/microchip/xc32/v4.45/bin/bin/../../lib/gcc/pic32c/8.3.1/../../../../pic32c/lib/thumb/v7e-m+fp/hard\libc-musl.a(__fmt_d.o)
 .comment       0x000000000000002b       0x2c c:/program files/microchip/xc32/v4.45/bin/bin/../../lib/gcc/pic32c/8.3.1/../../../../pic32c/lib/thumb/v7e-m+fp/hard\libc-musl.a(__fmt_fp.o)
 .comment       0x000000000000002b       0x2c c:/program files/microchip/xc32/v4.45/bin/bin/../../lib/gcc/pic32c/8.3.1/../../../../pic32c/lib/thumb/v7e-m+fp/hard\libc-musl.a(__fmt_o.o)
 .comment       0x000000000000002b       0x2c c:/program files/microchip/xc32/v4.45/bin/bin/../../lib/gcc/pic32c/8.3.1/../../../../pic32c/lib/thumb/v7e-m+fp/hard\libc-musl.a(__fmt_s.o)
 .comment       0x000000000000002b       0x2c c:/program files/microchip/xc32/v4.45/bin/bin/../../lib/gcc/pic32c/8.3.1/../../../../pic32c/lib/thumb/v7e-m+fp/hard\libc-musl.a(__fmt_u.o)
 .comment       0x000000000000002b       0x2c c:/program files/microchip/xc32/v4.45/bin/bin/../../lib/gcc/pic32c/8.3.1/../../../../pic32c/lib/thumb/v7e-m+fp/hard\libc-musl.a(__fmt_x.o)
 .comment       0x000000000000002b       0x2c c:/program files/microchip/xc32/v4.45/bin/bin/../../lib/gcc/pic32c/8.3.1/../../../../pic32c/lib/thumb/v7e-m+fp/hard\libc-musl.a(toupper.o)
 .comment       0x000000000000002b       0x2c c:/program files/microchip/xc32/v4.45/bin/bin/../../lib/gcc/pic32c/8.3.1/../../../../pic32c/lib/thumb/v7e-m+fp/hard\libc-musl.a(__cvt_u.o)
 .comment       0x000000000000002b       0x2c c:/program files/microchip/xc32/v4.45/bin/bin/../../lib/gcc/pic32c/8.3.1/../../../../pic32c/lib/thumb/v7e-m+fp/hard\libm-fast-emfloat.a(fma.o)
 .comment       0x000000000000002b       0x2c c:/program files/microchip/xc32/v4.45/bin/bin/../../lib/gcc/pic32c/8.3.1/../../../../pic32c/lib/thumb/v7e-m+fp/hard\libm-fast-emfloat.a(floor.o)
 .comment       0x000000000000002b       0x2c c:/program files/microchip/xc32/v4.45/bin/bin/../../lib/gcc/pic32c/8.3.1/thumb/v7e-m+fp/hard\libgcc.a(_paritysi2.o)
 .comment       0x000000000000002b       0x2c c:/program files/microchip/xc32/v4.45/bin/bin/../../lib/gcc/pic32c/8.3.1/thumb/v7e-m+fp/hard\libgcc.a(_udivmoddi4.o)
 .comment       0x000000000000002b       0x2c c:/program files/microchip/xc32/v4.45/bin/bin/../../lib/gcc/pic32c/8.3.1/../../../../pic32c/lib/thumb/v7e-m+fp/hard\libc-size-musl.a(strlen.o)
 .comment       0x000000000000002b       0x2c c:/program files/microchip/xc32/v4.45/bin/bin/../../lib/gcc/pic32c/8.3.1/../../../../pic32c/lib/thumb/v7e-m+fp/hard\libc-size-musl.a(strcpy.o)
 .comment       0x000000000000002b       0x2c c:/program files/microchip/xc32/v4.45/bin/bin/../../lib/gcc/pic32c/8.3.1/../../../../pic32c/lib/thumb/v7e-m+fp/hard\libc-size-musl.a(stpcpy.o)
 .comment       0x000000000000002b       0x2c c:/program files/microchip/xc32/v4.45/bin/bin/../../lib/gcc/pic32c/8.3.1/../../../../pic32c/lib/thumb/v7e-m+fp/hard\libpic32c.a(pic32_data_init_clear.o)
 .comment       0x000000000000002b       0x2c c:/program files/microchip/xc32/v4.45/bin/bin/../../lib/gcc/pic32c/8.3.1/../../../../pic32c/lib/thumb/v7e-m+fp/hard\libpic32c.a(pic32_data_init_copy.o)
 .comment       0x000000000000002b       0x2c c:/program files/microchip/xc32/v4.45/bin/bin/../../lib/gcc/pic32c/8.3.1/../../../../pic32c/lib/thumb/v7e-m+fp/hard\libpic32c.a(pic32_data_init_decompress.o)

.debug_info     0x0000000000000000    0x240e7
 .debug_info    0x0000000000000000      0x17b build/kf_freertos_fpga/production/_ext/1420773124/serial.o
 .debug_info    0x000000000000017b      0x39a build/kf_freertos_fpga/production/_ext/1420773124/trace.o
 .debug_info    0x0000000000000515     0x3999 build/kf_freertos_fpga/production/_ext/101992513/drv_i3c.o
 .debug_info    0x0000000000003eae     0x1b65 build/kf_freertos_fpga/production/_ext/101992513/drv_i3c_config.o
 .debug_info    0x0000000000005a13     0x1a27 build/kf_freertos_fpga/production/_ext/1886205328/i3c_ccc.o
 .debug_info    0x000000000000743a     0x1c63 build/kf_freertos_fpga/production/_ext/1886205328/i3c_common.o
 .debug_info    0x000000000000909d      0x50c build/kf_freertos_fpga/production/_ext/785111490/osal_freertos.o
 .debug_info    0x00000000000095a9      0x6d5 build/kf_freertos_fpga/production/_ext/868947740/plib_ec_reg_bank.o
 .debug_info    0x0000000000009c7e     0x15be build/kf_freertos_fpga/production/_ext/179210842/plib_ecia.o
 .debug_info    0x000000000000b23c     0x11a7 build/kf_freertos_fpga/production/_ext/179282931/plib_gpio.o
 .debug_info    0x000000000000c3e3     0x1ead build/kf_freertos_fpga/production/_ext/825500651/plib_i3c.o
 .debug_info    0x000000000000e290     0x252b build/kf_freertos_fpga/production/_ext/825500651/plib_i3c_private.o
 .debug_info    0x00000000000107bb      0x850 build/kf_freertos_fpga/production/_ext/179497222/plib_nvic.o
 .debug_info    0x000000000001100b      0xcad build/kf_freertos_fpga/production/_ext/825492421/plib_pcr.o
 .debug_info    0x0000000000011cb8      0x33e build/kf_freertos_fpga/production/_ext/1732944825/uart_api.o
 .debug_info    0x0000000000011ff6      0xb2f build/kf_freertos_fpga/production/_ext/1732944825/uart_perphl.o
 .debug_info    0x0000000000012b25      0x11c build/kf_freertos_fpga/production/_ext/29258880/exceptions.o
 .debug_info    0x0000000000012c41      0x1e9 build/kf_freertos_fpga/production/_ext/29258880/freertos_hooks.o
 .debug_info    0x0000000000012e2a      0x177 build/kf_freertos_fpga/production/_ext/29258880/initialization.o
 .debug_info    0x0000000000012fa1      0xe64 build/kf_freertos_fpga/production/_ext/29258880/interrupts.o
 .debug_info    0x0000000000013e05      0x3ba build/kf_freertos_fpga/production/_ext/29258880/startup_xc32.o
 .debug_info    0x00000000000141bf      0x24f build/kf_freertos_fpga/production/_ext/29258880/tasks.o
 .debug_info    0x000000000001440e      0x347 build/kf_freertos_fpga/production/_ext/246609638/port.o
 .debug_info    0x0000000000014755      0x1a4 build/kf_freertos_fpga/production/_ext/1665200909/heap_1.o
 .debug_info    0x00000000000148f9     0x10bc build/kf_freertos_fpga/production/_ext/404212886/queue.o
 .debug_info    0x00000000000159b5      0xb0a build/kf_freertos_fpga/production/_ext/404212886/timers.o
 .debug_info    0x00000000000164bf      0x2f5 build/kf_freertos_fpga/production/_ext/404212886/list.o
 .debug_info    0x00000000000167b4     0x1c2b build/kf_freertos_fpga/production/_ext/404212886/FreeRTOS_tasks.o
 .debug_info    0x00000000000183df      0x2dd build/kf_freertos_fpga/production/_ext/346071803/log.o
 .debug_info    0x00000000000186bc     0x18ed build/kf_freertos_fpga/production/_ext/1521323865/test_pvt_xfer.o
 .debug_info    0x0000000000019fa9     0x15cc build/kf_freertos_fpga/production/_ext/1521323865/test_ibis.o
 .debug_info    0x000000000001b575     0x1009 build/kf_freertos_fpga/production/_ext/1521323865/tgt_test_pvt_xfer.o
 .debug_info    0x000000000001c57e      0xde4 build/kf_freertos_fpga/production/_ext/1521323865/tgt_test_ibis.o
 .debug_info    0x000000000001d362     0x1185 build/kf_freertos_fpga/production/_ext/1360937237/task1.o
 .debug_info    0x000000000001e4e7      0x107 build/kf_freertos_fpga/production/_ext/1360937237/main.o
 .debug_info    0x000000000001e5ee      0x92e build/kf_freertos_fpga/production/_ext/1360937237/task2.o
 .debug_info    0x000000000001ef1c      0x553 build/kf_freertos_fpga/production/_ext/1360937237/task3.o
 .debug_info    0x000000000001f46f      0x1f8 build/kf_freertos_fpga/production/_ext/1360937237/task4.o
 .debug_info    0x000000000001f667       0x54 c:/program files/microchip/xc32/v4.45/bin/bin/../../lib/gcc/pic32c/8.3.1/../../../../pic32c/lib/thumb/v7e-m+fp/hard\libpic32c.a(data_init.o)
 .debug_info    0x000000000001f6bb       0xf3 c:/program files/microchip/xc32/v4.45/bin/bin/../../lib/gcc/pic32c/8.3.1/../../../../pic32c/lib/thumb/v7e-m+fp/hard\libc-size-musl.a(memcpy.o)
 .debug_info    0x000000000001f7ae       0xbb c:/program files/microchip/xc32/v4.45/bin/bin/../../lib/gcc/pic32c/8.3.1/../../../../pic32c/lib/thumb/v7e-m+fp/hard\libc-size-musl.a(memset.o)
 .debug_info    0x000000000001f869      0x2fb c:/program files/microchip/xc32/v4.45/bin/bin/../../lib/gcc/pic32c/8.3.1/../../../../pic32c/lib/thumb/v7e-m+fp/hard\libc-musl.a(__libc_start_main.o)
 .debug_info    0x000000000001fb64      0x276 c:/program files/microchip/xc32/v4.45/bin/bin/../../lib/gcc/pic32c/8.3.1/../../../../pic32c/lib/thumb/v7e-m+fp/hard\libc-musl.a(libc.o)
 .debug_info    0x000000000001fdda      0x10e c:/program files/microchip/xc32/v4.45/bin/bin/../../lib/gcc/pic32c/8.3.1/../../../../pic32c/lib/thumb/v7e-m+fp/hard\libc-musl.a(vsprintf.o)
 .debug_info    0x000000000001fee8       0x97 c:/program files/microchip/xc32/v4.45/bin/bin/../../lib/gcc/pic32c/8.3.1/../../../../pic32c/lib/thumb/v7e-m+fp/hard\libc-musl.a(__environ.o)
 .debug_info    0x000000000001ff7f      0x43a c:/program files/microchip/xc32/v4.45/bin/bin/../../lib/gcc/pic32c/8.3.1/../../../../pic32c/lib/thumb/v7e-m+fp/hard\libc-musl.a(vsnprintf.o)
 .debug_info    0x00000000000203b9       0x5b c:/program files/microchip/xc32/v4.45/bin/bin/../../lib/gcc/pic32c/8.3.1/../../../../pic32c/lib/thumb/v7e-m+fp/hard\libc-musl.a(__errno_location.o)
 .debug_info    0x0000000000020414      0x406 c:/program files/microchip/xc32/v4.45/bin/bin/../../lib/gcc/pic32c/8.3.1/../../../../pic32c/lib/thumb/v7e-m+fp/hard\libc-musl.a(vfprintf.o)
 .debug_info    0x000000000002081a      0x162 c:/program files/microchip/xc32/v4.45/bin/bin/../../lib/gcc/pic32c/8.3.1/../../../../pic32c/lib/thumb/v7e-m+fp/hard\libc-musl.a(__pop_float.o)
 .debug_info    0x000000000002097c      0x183 c:/program files/microchip/xc32/v4.45/bin/bin/../../lib/gcc/pic32c/8.3.1/../../../../pic32c/lib/thumb/v7e-m+fp/hard\libc-musl.a(__pop_int.o)
 .debug_info    0x0000000000020aff      0x187 c:/program files/microchip/xc32/v4.45/bin/bin/../../lib/gcc/pic32c/8.3.1/../../../../pic32c/lib/thumb/v7e-m+fp/hard\libc-musl.a(__pop_ptr.o)
 .debug_info    0x0000000000020c86      0xa5d c:/program files/microchip/xc32/v4.45/bin/bin/../../lib/gcc/pic32c/8.3.1/../../../../pic32c/lib/thumb/v7e-m+fp/hard\libc-musl.a(__printf_core.o)
 .debug_info    0x00000000000216e3       0xf4 c:/program files/microchip/xc32/v4.45/bin/bin/../../lib/gcc/pic32c/8.3.1/../../../../pic32c/lib/thumb/v7e-m+fp/hard\libc-musl.a(atoi.o)
 .debug_info    0x00000000000217d7      0x12b c:/program files/microchip/xc32/v4.45/bin/bin/../../lib/gcc/pic32c/8.3.1/../../../../pic32c/lib/thumb/v7e-m+fp/hard\libc-musl.a(tolower.o)
 .debug_info    0x0000000000021902      0x646 c:/program files/microchip/xc32/v4.45/bin/bin/../../lib/gcc/pic32c/8.3.1/../../../../pic32c/lib/thumb/v7e-m+fp/hard\libc-musl.a(__fmt_a.o)
 .debug_info    0x0000000000021f48      0x330 c:/program files/microchip/xc32/v4.45/bin/bin/../../lib/gcc/pic32c/8.3.1/../../../../pic32c/lib/thumb/v7e-m+fp/hard\libc-musl.a(__fmt_d.o)
 .debug_info    0x0000000000022278      0x673 c:/program files/microchip/xc32/v4.45/bin/bin/../../lib/gcc/pic32c/8.3.1/../../../../pic32c/lib/thumb/v7e-m+fp/hard\libc-musl.a(__fmt_fp.o)
 .debug_info    0x00000000000228eb      0x301 c:/program files/microchip/xc32/v4.45/bin/bin/../../lib/gcc/pic32c/8.3.1/../../../../pic32c/lib/thumb/v7e-m+fp/hard\libc-musl.a(__fmt_o.o)
 .debug_info    0x0000000000022bec      0x2b2 c:/program files/microchip/xc32/v4.45/bin/bin/../../lib/gcc/pic32c/8.3.1/../../../../pic32c/lib/thumb/v7e-m+fp/hard\libc-musl.a(__fmt_s.o)
 .debug_info    0x0000000000022e9e      0x301 c:/program files/microchip/xc32/v4.45/bin/bin/../../lib/gcc/pic32c/8.3.1/../../../../pic32c/lib/thumb/v7e-m+fp/hard\libc-musl.a(__fmt_u.o)
 .debug_info    0x000000000002319f      0x331 c:/program files/microchip/xc32/v4.45/bin/bin/../../lib/gcc/pic32c/8.3.1/../../../../pic32c/lib/thumb/v7e-m+fp/hard\libc-musl.a(__fmt_x.o)
 .debug_info    0x00000000000234d0      0x12b c:/program files/microchip/xc32/v4.45/bin/bin/../../lib/gcc/pic32c/8.3.1/../../../../pic32c/lib/thumb/v7e-m+fp/hard\libc-musl.a(toupper.o)
 .debug_info    0x00000000000235fb      0x1d9 c:/program files/microchip/xc32/v4.45/bin/bin/../../lib/gcc/pic32c/8.3.1/../../../../pic32c/lib/thumb/v7e-m+fp/hard\libc-musl.a(__cvt_u.o)
 .debug_info    0x00000000000237d4       0x26 c:/program files/microchip/xc32/v4.45/bin/bin/../../lib/gcc/pic32c/8.3.1/thumb/v7e-m+fp/hard\libgcc.a(_aeabi_uldivmod.o)
 .debug_info    0x00000000000237fa       0xd1 c:/program files/microchip/xc32/v4.45/bin/bin/../../lib/gcc/pic32c/8.3.1/thumb/v7e-m+fp/hard\libgcc.a(_paritysi2.o)
 .debug_info    0x00000000000238cb      0x52a c:/program files/microchip/xc32/v4.45/bin/bin/../../lib/gcc/pic32c/8.3.1/thumb/v7e-m+fp/hard\libgcc.a(_udivmoddi4.o)
 .debug_info    0x0000000000023df5       0x26 c:/program files/microchip/xc32/v4.45/bin/bin/../../lib/gcc/pic32c/8.3.1/thumb/v7e-m+fp/hard\libgcc.a(_dvmd_tls.o)
 .debug_info    0x0000000000023e1b       0xa4 c:/program files/microchip/xc32/v4.45/bin/bin/../../lib/gcc/pic32c/8.3.1/../../../../pic32c/lib/thumb/v7e-m+fp/hard\libc-size-musl.a(strlen.o)
 .debug_info    0x0000000000023ebf       0xbd c:/program files/microchip/xc32/v4.45/bin/bin/../../lib/gcc/pic32c/8.3.1/../../../../pic32c/lib/thumb/v7e-m+fp/hard\libc-size-musl.a(strcpy.o)
 .debug_info    0x0000000000023f7c       0xac c:/program files/microchip/xc32/v4.45/bin/bin/../../lib/gcc/pic32c/8.3.1/../../../../pic32c/lib/thumb/v7e-m+fp/hard\libc-size-musl.a(stpcpy.o)
 .debug_info    0x0000000000024028       0x3f c:/program files/microchip/xc32/v4.45/bin/bin/../../lib/gcc/pic32c/8.3.1/../../../../pic32c/lib/thumb/v7e-m+fp/hard\libpic32c.a(pic32_data_init_clear.o)
 .debug_info    0x0000000000024067       0x40 c:/program files/microchip/xc32/v4.45/bin/bin/../../lib/gcc/pic32c/8.3.1/../../../../pic32c/lib/thumb/v7e-m+fp/hard\libpic32c.a(pic32_data_init_copy.o)
 .debug_info    0x00000000000240a7       0x40 c:/program files/microchip/xc32/v4.45/bin/bin/../../lib/gcc/pic32c/8.3.1/../../../../pic32c/lib/thumb/v7e-m+fp/hard\libpic32c.a(pic32_data_init_decompress.o)

.debug_abbrev   0x0000000000000000     0x6387
 .debug_abbrev  0x0000000000000000       0xa0 build/kf_freertos_fpga/production/_ext/1420773124/serial.o
 .debug_abbrev  0x00000000000000a0      0x172 build/kf_freertos_fpga/production/_ext/1420773124/trace.o
 .debug_abbrev  0x0000000000000212      0x429 build/kf_freertos_fpga/production/_ext/101992513/drv_i3c.o
 .debug_abbrev  0x000000000000063b      0x23a build/kf_freertos_fpga/production/_ext/101992513/drv_i3c_config.o
 .debug_abbrev  0x0000000000000875      0x297 build/kf_freertos_fpga/production/_ext/1886205328/i3c_ccc.o
 .debug_abbrev  0x0000000000000b0c      0x360 build/kf_freertos_fpga/production/_ext/1886205328/i3c_common.o
 .debug_abbrev  0x0000000000000e6c      0x169 build/kf_freertos_fpga/production/_ext/785111490/osal_freertos.o
 .debug_abbrev  0x0000000000000fd5      0x11b build/kf_freertos_fpga/production/_ext/868947740/plib_ec_reg_bank.o
 .debug_abbrev  0x00000000000010f0      0x1e9 build/kf_freertos_fpga/production/_ext/179210842/plib_ecia.o
 .debug_abbrev  0x00000000000012d9      0x1cf build/kf_freertos_fpga/production/_ext/179282931/plib_gpio.o
 .debug_abbrev  0x00000000000014a8      0x261 build/kf_freertos_fpga/production/_ext/825500651/plib_i3c.o
 .debug_abbrev  0x0000000000001709      0x22a build/kf_freertos_fpga/production/_ext/825500651/plib_i3c_private.o
 .debug_abbrev  0x0000000000001933      0x1f9 build/kf_freertos_fpga/production/_ext/179497222/plib_nvic.o
 .debug_abbrev  0x0000000000001b2c      0x15f build/kf_freertos_fpga/production/_ext/825492421/plib_pcr.o
 .debug_abbrev  0x0000000000001c8b       0xe5 build/kf_freertos_fpga/production/_ext/1732944825/uart_api.o
 .debug_abbrev  0x0000000000001d70      0x1d2 build/kf_freertos_fpga/production/_ext/1732944825/uart_perphl.o
 .debug_abbrev  0x0000000000001f42       0x49 build/kf_freertos_fpga/production/_ext/29258880/exceptions.o
 .debug_abbrev  0x0000000000001f8b      0x121 build/kf_freertos_fpga/production/_ext/29258880/freertos_hooks.o
 .debug_abbrev  0x00000000000020ac       0xe0 build/kf_freertos_fpga/production/_ext/29258880/initialization.o
 .debug_abbrev  0x000000000000218c       0xeb build/kf_freertos_fpga/production/_ext/29258880/interrupts.o
 .debug_abbrev  0x0000000000002277      0x195 build/kf_freertos_fpga/production/_ext/29258880/startup_xc32.o
 .debug_abbrev  0x000000000000240c      0x11b build/kf_freertos_fpga/production/_ext/29258880/tasks.o
 .debug_abbrev  0x0000000000002527      0x217 build/kf_freertos_fpga/production/_ext/246609638/port.o
 .debug_abbrev  0x000000000000273e      0x129 build/kf_freertos_fpga/production/_ext/1665200909/heap_1.o
 .debug_abbrev  0x0000000000002867      0x221 build/kf_freertos_fpga/production/_ext/404212886/queue.o
 .debug_abbrev  0x0000000000002a88      0x1ff build/kf_freertos_fpga/production/_ext/404212886/timers.o
 .debug_abbrev  0x0000000000002c87      0x100 build/kf_freertos_fpga/production/_ext/404212886/list.o
 .debug_abbrev  0x0000000000002d87      0x2ba build/kf_freertos_fpga/production/_ext/404212886/FreeRTOS_tasks.o
 .debug_abbrev  0x0000000000003041      0x1b7 build/kf_freertos_fpga/production/_ext/346071803/log.o
 .debug_abbrev  0x00000000000031f8      0x296 build/kf_freertos_fpga/production/_ext/1521323865/test_pvt_xfer.o
 .debug_abbrev  0x000000000000348e      0x292 build/kf_freertos_fpga/production/_ext/1521323865/test_ibis.o
 .debug_abbrev  0x0000000000003720      0x277 build/kf_freertos_fpga/production/_ext/1521323865/tgt_test_pvt_xfer.o
 .debug_abbrev  0x0000000000003997      0x216 build/kf_freertos_fpga/production/_ext/1521323865/tgt_test_ibis.o
 .debug_abbrev  0x0000000000003bad      0x2d7 build/kf_freertos_fpga/production/_ext/1360937237/task1.o
 .debug_abbrev  0x0000000000003e84       0x8d build/kf_freertos_fpga/production/_ext/1360937237/main.o
 .debug_abbrev  0x0000000000003f11      0x205 build/kf_freertos_fpga/production/_ext/1360937237/task2.o
 .debug_abbrev  0x0000000000004116      0x116 build/kf_freertos_fpga/production/_ext/1360937237/task3.o
 .debug_abbrev  0x000000000000422c      0x134 build/kf_freertos_fpga/production/_ext/1360937237/task4.o
 .debug_abbrev  0x0000000000004360       0x44 c:/program files/microchip/xc32/v4.45/bin/bin/../../lib/gcc/pic32c/8.3.1/../../../../pic32c/lib/thumb/v7e-m+fp/hard\libpic32c.a(data_init.o)
 .debug_abbrev  0x00000000000043a4       0xbb c:/program files/microchip/xc32/v4.45/bin/bin/../../lib/gcc/pic32c/8.3.1/../../../../pic32c/lib/thumb/v7e-m+fp/hard\libc-size-musl.a(memcpy.o)
 .debug_abbrev  0x000000000000445f       0xa2 c:/program files/microchip/xc32/v4.45/bin/bin/../../lib/gcc/pic32c/8.3.1/../../../../pic32c/lib/thumb/v7e-m+fp/hard\libc-size-musl.a(memset.o)
 .debug_abbrev  0x0000000000004501      0x133 c:/program files/microchip/xc32/v4.45/bin/bin/../../lib/gcc/pic32c/8.3.1/../../../../pic32c/lib/thumb/v7e-m+fp/hard\libc-musl.a(__libc_start_main.o)
 .debug_abbrev  0x0000000000004634       0xd4 c:/program files/microchip/xc32/v4.45/bin/bin/../../lib/gcc/pic32c/8.3.1/../../../../pic32c/lib/thumb/v7e-m+fp/hard\libc-musl.a(libc.o)
 .debug_abbrev  0x0000000000004708       0xce c:/program files/microchip/xc32/v4.45/bin/bin/../../lib/gcc/pic32c/8.3.1/../../../../pic32c/lib/thumb/v7e-m+fp/hard\libc-musl.a(vsprintf.o)
 .debug_abbrev  0x00000000000047d6       0x62 c:/program files/microchip/xc32/v4.45/bin/bin/../../lib/gcc/pic32c/8.3.1/../../../../pic32c/lib/thumb/v7e-m+fp/hard\libc-musl.a(__environ.o)
 .debug_abbrev  0x0000000000004838      0x195 c:/program files/microchip/xc32/v4.45/bin/bin/../../lib/gcc/pic32c/8.3.1/../../../../pic32c/lib/thumb/v7e-m+fp/hard\libc-musl.a(vsnprintf.o)
 .debug_abbrev  0x00000000000049cd       0x39 c:/program files/microchip/xc32/v4.45/bin/bin/../../lib/gcc/pic32c/8.3.1/../../../../pic32c/lib/thumb/v7e-m+fp/hard\libc-musl.a(__errno_location.o)
 .debug_abbrev  0x0000000000004a06      0x189 c:/program files/microchip/xc32/v4.45/bin/bin/../../lib/gcc/pic32c/8.3.1/../../../../pic32c/lib/thumb/v7e-m+fp/hard\libc-musl.a(vfprintf.o)
 .debug_abbrev  0x0000000000004b8f       0xdc c:/program files/microchip/xc32/v4.45/bin/bin/../../lib/gcc/pic32c/8.3.1/../../../../pic32c/lib/thumb/v7e-m+fp/hard\libc-musl.a(__pop_float.o)
 .debug_abbrev  0x0000000000004c6b       0xdc c:/program files/microchip/xc32/v4.45/bin/bin/../../lib/gcc/pic32c/8.3.1/../../../../pic32c/lib/thumb/v7e-m+fp/hard\libc-musl.a(__pop_int.o)
 .debug_abbrev  0x0000000000004d47       0xed c:/program files/microchip/xc32/v4.45/bin/bin/../../lib/gcc/pic32c/8.3.1/../../../../pic32c/lib/thumb/v7e-m+fp/hard\libc-musl.a(__pop_ptr.o)
 .debug_abbrev  0x0000000000004e34      0x332 c:/program files/microchip/xc32/v4.45/bin/bin/../../lib/gcc/pic32c/8.3.1/../../../../pic32c/lib/thumb/v7e-m+fp/hard\libc-musl.a(__printf_core.o)
 .debug_abbrev  0x0000000000005166       0xc6 c:/program files/microchip/xc32/v4.45/bin/bin/../../lib/gcc/pic32c/8.3.1/../../../../pic32c/lib/thumb/v7e-m+fp/hard\libc-musl.a(atoi.o)
 .debug_abbrev  0x000000000000522c      0x108 c:/program files/microchip/xc32/v4.45/bin/bin/../../lib/gcc/pic32c/8.3.1/../../../../pic32c/lib/thumb/v7e-m+fp/hard\libc-musl.a(tolower.o)
 .debug_abbrev  0x0000000000005334      0x1d5 c:/program files/microchip/xc32/v4.45/bin/bin/../../lib/gcc/pic32c/8.3.1/../../../../pic32c/lib/thumb/v7e-m+fp/hard\libc-musl.a(__fmt_a.o)
 .debug_abbrev  0x0000000000005509      0x161 c:/program files/microchip/xc32/v4.45/bin/bin/../../lib/gcc/pic32c/8.3.1/../../../../pic32c/lib/thumb/v7e-m+fp/hard\libc-musl.a(__fmt_d.o)
 .debug_abbrev  0x000000000000566a      0x1f4 c:/program files/microchip/xc32/v4.45/bin/bin/../../lib/gcc/pic32c/8.3.1/../../../../pic32c/lib/thumb/v7e-m+fp/hard\libc-musl.a(__fmt_fp.o)
 .debug_abbrev  0x000000000000585e      0x161 c:/program files/microchip/xc32/v4.45/bin/bin/../../lib/gcc/pic32c/8.3.1/../../../../pic32c/lib/thumb/v7e-m+fp/hard\libc-musl.a(__fmt_o.o)
 .debug_abbrev  0x00000000000059bf      0x14c c:/program files/microchip/xc32/v4.45/bin/bin/../../lib/gcc/pic32c/8.3.1/../../../../pic32c/lib/thumb/v7e-m+fp/hard\libc-musl.a(__fmt_s.o)
 .debug_abbrev  0x0000000000005b0b      0x161 c:/program files/microchip/xc32/v4.45/bin/bin/../../lib/gcc/pic32c/8.3.1/../../../../pic32c/lib/thumb/v7e-m+fp/hard\libc-musl.a(__fmt_u.o)
 .debug_abbrev  0x0000000000005c6c      0x150 c:/program files/microchip/xc32/v4.45/bin/bin/../../lib/gcc/pic32c/8.3.1/../../../../pic32c/lib/thumb/v7e-m+fp/hard\libc-musl.a(__fmt_x.o)
 .debug_abbrev  0x0000000000005dbc      0x108 c:/program files/microchip/xc32/v4.45/bin/bin/../../lib/gcc/pic32c/8.3.1/../../../../pic32c/lib/thumb/v7e-m+fp/hard\libc-musl.a(toupper.o)
 .debug_abbrev  0x0000000000005ec4       0xe5 c:/program files/microchip/xc32/v4.45/bin/bin/../../lib/gcc/pic32c/8.3.1/../../../../pic32c/lib/thumb/v7e-m+fp/hard\libc-musl.a(__cvt_u.o)
 .debug_abbrev  0x0000000000005fa9       0x14 c:/program files/microchip/xc32/v4.45/bin/bin/../../lib/gcc/pic32c/8.3.1/thumb/v7e-m+fp/hard\libgcc.a(_aeabi_uldivmod.o)
 .debug_abbrev  0x0000000000005fbd       0x69 c:/program files/microchip/xc32/v4.45/bin/bin/../../lib/gcc/pic32c/8.3.1/thumb/v7e-m+fp/hard\libgcc.a(_paritysi2.o)
 .debug_abbrev  0x0000000000006026      0x122 c:/program files/microchip/xc32/v4.45/bin/bin/../../lib/gcc/pic32c/8.3.1/thumb/v7e-m+fp/hard\libgcc.a(_udivmoddi4.o)
 .debug_abbrev  0x0000000000006148       0x14 c:/program files/microchip/xc32/v4.45/bin/bin/../../lib/gcc/pic32c/8.3.1/thumb/v7e-m+fp/hard\libgcc.a(_dvmd_tls.o)
 .debug_abbrev  0x000000000000615c       0x91 c:/program files/microchip/xc32/v4.45/bin/bin/../../lib/gcc/pic32c/8.3.1/../../../../pic32c/lib/thumb/v7e-m+fp/hard\libc-size-musl.a(strlen.o)
 .debug_abbrev  0x00000000000061ed       0xa2 c:/program files/microchip/xc32/v4.45/bin/bin/../../lib/gcc/pic32c/8.3.1/../../../../pic32c/lib/thumb/v7e-m+fp/hard\libc-size-musl.a(strcpy.o)
 .debug_abbrev  0x000000000000628f       0x6e c:/program files/microchip/xc32/v4.45/bin/bin/../../lib/gcc/pic32c/8.3.1/../../../../pic32c/lib/thumb/v7e-m+fp/hard\libc-size-musl.a(stpcpy.o)
 .debug_abbrev  0x00000000000062fd       0x2e c:/program files/microchip/xc32/v4.45/bin/bin/../../lib/gcc/pic32c/8.3.1/../../../../pic32c/lib/thumb/v7e-m+fp/hard\libpic32c.a(pic32_data_init_clear.o)
 .debug_abbrev  0x000000000000632b       0x2e c:/program files/microchip/xc32/v4.45/bin/bin/../../lib/gcc/pic32c/8.3.1/../../../../pic32c/lib/thumb/v7e-m+fp/hard\libpic32c.a(pic32_data_init_copy.o)
 .debug_abbrev  0x0000000000006359       0x2e c:/program files/microchip/xc32/v4.45/bin/bin/../../lib/gcc/pic32c/8.3.1/../../../../pic32c/lib/thumb/v7e-m+fp/hard\libpic32c.a(pic32_data_init_decompress.o)

.debug_loc      0x0000000000000000    0x10479
 .debug_loc     0x0000000000000000       0x94 build/kf_freertos_fpga/production/_ext/1420773124/serial.o
 .debug_loc     0x0000000000000094      0x249 build/kf_freertos_fpga/production/_ext/1420773124/trace.o
 .debug_loc     0x00000000000002dd     0x106f build/kf_freertos_fpga/production/_ext/101992513/drv_i3c.o
 .debug_loc     0x000000000000134c       0xd4 build/kf_freertos_fpga/production/_ext/101992513/drv_i3c_config.o
 .debug_loc     0x0000000000001420      0x6e8 build/kf_freertos_fpga/production/_ext/1886205328/i3c_ccc.o
 .debug_loc     0x0000000000001b08      0xbba build/kf_freertos_fpga/production/_ext/1886205328/i3c_common.o
 .debug_loc     0x00000000000026c2      0x4a4 build/kf_freertos_fpga/production/_ext/785111490/osal_freertos.o
 .debug_loc     0x0000000000002b66      0x8e0 build/kf_freertos_fpga/production/_ext/868947740/plib_ec_reg_bank.o
 .debug_loc     0x0000000000003446      0x504 build/kf_freertos_fpga/production/_ext/179210842/plib_ecia.o
 .debug_loc     0x000000000000394a      0xb44 build/kf_freertos_fpga/production/_ext/179282931/plib_gpio.o
 .debug_loc     0x000000000000448e      0xda8 build/kf_freertos_fpga/production/_ext/825500651/plib_i3c.o
 .debug_loc     0x0000000000005236     0x24e2 build/kf_freertos_fpga/production/_ext/825500651/plib_i3c_private.o
 .debug_loc     0x0000000000007718      0x23c build/kf_freertos_fpga/production/_ext/179497222/plib_nvic.o
 .debug_loc     0x0000000000007954      0x924 build/kf_freertos_fpga/production/_ext/825492421/plib_pcr.o
 .debug_loc     0x0000000000008278      0x1ec build/kf_freertos_fpga/production/_ext/1732944825/uart_api.o
 .debug_loc     0x0000000000008464      0x69c build/kf_freertos_fpga/production/_ext/1732944825/uart_perphl.o
 .debug_loc     0x0000000000008b00      0x108 build/kf_freertos_fpga/production/_ext/29258880/exceptions.o
 .debug_loc     0x0000000000008c08      0x148 build/kf_freertos_fpga/production/_ext/29258880/freertos_hooks.o
 .debug_loc     0x0000000000008d50       0x50 build/kf_freertos_fpga/production/_ext/29258880/initialization.o
 .debug_loc     0x0000000000008da0       0x2c build/kf_freertos_fpga/production/_ext/29258880/interrupts.o
 .debug_loc     0x0000000000008dcc       0x7c build/kf_freertos_fpga/production/_ext/29258880/startup_xc32.o
 .debug_loc     0x0000000000008e48      0x130 build/kf_freertos_fpga/production/_ext/29258880/tasks.o
 .debug_loc     0x0000000000008f78      0x274 build/kf_freertos_fpga/production/_ext/246609638/port.o
 .debug_loc     0x00000000000091ec      0x134 build/kf_freertos_fpga/production/_ext/1665200909/heap_1.o
 .debug_loc     0x0000000000009320      0x8a0 build/kf_freertos_fpga/production/_ext/404212886/queue.o
 .debug_loc     0x0000000000009bc0      0x718 build/kf_freertos_fpga/production/_ext/404212886/timers.o
 .debug_loc     0x000000000000a2d8      0x1cc build/kf_freertos_fpga/production/_ext/404212886/list.o
 .debug_loc     0x000000000000a4a4     0x108c build/kf_freertos_fpga/production/_ext/404212886/FreeRTOS_tasks.o
 .debug_loc     0x000000000000b530      0x1f8 build/kf_freertos_fpga/production/_ext/346071803/log.o
 .debug_loc     0x000000000000b728      0x282 build/kf_freertos_fpga/production/_ext/1521323865/test_pvt_xfer.o
 .debug_loc     0x000000000000b9aa      0x140 build/kf_freertos_fpga/production/_ext/1521323865/test_ibis.o
 .debug_loc     0x000000000000baea      0x320 build/kf_freertos_fpga/production/_ext/1521323865/tgt_test_pvt_xfer.o
 .debug_loc     0x000000000000be0a      0x190 build/kf_freertos_fpga/production/_ext/1521323865/tgt_test_ibis.o
 .debug_loc     0x000000000000bf9a      0x2a0 build/kf_freertos_fpga/production/_ext/1360937237/task1.o
 .debug_loc     0x000000000000c23a       0x64 build/kf_freertos_fpga/production/_ext/1360937237/main.o
 .debug_loc     0x000000000000c29e      0x110 build/kf_freertos_fpga/production/_ext/1360937237/task2.o
 .debug_loc     0x000000000000c3ae       0x70 build/kf_freertos_fpga/production/_ext/1360937237/task3.o
 .debug_loc     0x000000000000c41e       0x7c build/kf_freertos_fpga/production/_ext/1360937237/task4.o
 .debug_loc     0x000000000000c49a       0x14 c:/program files/microchip/xc32/v4.45/bin/bin/../../lib/gcc/pic32c/8.3.1/../../../../pic32c/lib/thumb/v7e-m+fp/hard\libpic32c.a(data_init.o)
 .debug_loc     0x000000000000c4ae      0x10b c:/program files/microchip/xc32/v4.45/bin/bin/../../lib/gcc/pic32c/8.3.1/../../../../pic32c/lib/thumb/v7e-m+fp/hard\libc-size-musl.a(memcpy.o)
 .debug_loc     0x000000000000c5b9       0x7d c:/program files/microchip/xc32/v4.45/bin/bin/../../lib/gcc/pic32c/8.3.1/../../../../pic32c/lib/thumb/v7e-m+fp/hard\libc-size-musl.a(memset.o)
 .debug_loc     0x000000000000c636       0x51 c:/program files/microchip/xc32/v4.45/bin/bin/../../lib/gcc/pic32c/8.3.1/../../../../pic32c/lib/thumb/v7e-m+fp/hard\libc-musl.a(__libc_start_main.o)
 .debug_loc     0x000000000000c687       0x6c c:/program files/microchip/xc32/v4.45/bin/bin/../../lib/gcc/pic32c/8.3.1/../../../../pic32c/lib/thumb/v7e-m+fp/hard\libc-musl.a(vsprintf.o)
 .debug_loc     0x000000000000c6f3       0xeb c:/program files/microchip/xc32/v4.45/bin/bin/../../lib/gcc/pic32c/8.3.1/../../../../pic32c/lib/thumb/v7e-m+fp/hard\libc-musl.a(vsnprintf.o)
 .debug_loc     0x000000000000c7de       0x88 c:/program files/microchip/xc32/v4.45/bin/bin/../../lib/gcc/pic32c/8.3.1/../../../../pic32c/lib/thumb/v7e-m+fp/hard\libc-musl.a(vfprintf.o)
 .debug_loc     0x000000000000c866       0xa6 c:/program files/microchip/xc32/v4.45/bin/bin/../../lib/gcc/pic32c/8.3.1/../../../../pic32c/lib/thumb/v7e-m+fp/hard\libc-musl.a(__pop_float.o)
 .debug_loc     0x000000000000c90c      0x2f5 c:/program files/microchip/xc32/v4.45/bin/bin/../../lib/gcc/pic32c/8.3.1/../../../../pic32c/lib/thumb/v7e-m+fp/hard\libc-musl.a(__pop_int.o)
 .debug_loc     0x000000000000cc01      0x1db c:/program files/microchip/xc32/v4.45/bin/bin/../../lib/gcc/pic32c/8.3.1/../../../../pic32c/lib/thumb/v7e-m+fp/hard\libc-musl.a(__pop_ptr.o)
 .debug_loc     0x000000000000cddc      0x5e9 c:/program files/microchip/xc32/v4.45/bin/bin/../../lib/gcc/pic32c/8.3.1/../../../../pic32c/lib/thumb/v7e-m+fp/hard\libc-musl.a(__printf_core.o)
 .debug_loc     0x000000000000d3c5       0xd8 c:/program files/microchip/xc32/v4.45/bin/bin/../../lib/gcc/pic32c/8.3.1/../../../../pic32c/lib/thumb/v7e-m+fp/hard\libc-musl.a(atoi.o)
 .debug_loc     0x000000000000d49d       0x4a c:/program files/microchip/xc32/v4.45/bin/bin/../../lib/gcc/pic32c/8.3.1/../../../../pic32c/lib/thumb/v7e-m+fp/hard\libc-musl.a(tolower.o)
 .debug_loc     0x000000000000d4e7      0xb29 c:/program files/microchip/xc32/v4.45/bin/bin/../../lib/gcc/pic32c/8.3.1/../../../../pic32c/lib/thumb/v7e-m+fp/hard\libc-musl.a(__fmt_a.o)
 .debug_loc     0x000000000000e010      0x1ef c:/program files/microchip/xc32/v4.45/bin/bin/../../lib/gcc/pic32c/8.3.1/../../../../pic32c/lib/thumb/v7e-m+fp/hard\libc-musl.a(__fmt_d.o)
 .debug_loc     0x000000000000e1ff      0xa5d c:/program files/microchip/xc32/v4.45/bin/bin/../../lib/gcc/pic32c/8.3.1/../../../../pic32c/lib/thumb/v7e-m+fp/hard\libc-musl.a(__fmt_fp.o)
 .debug_loc     0x000000000000ec5c      0x10a c:/program files/microchip/xc32/v4.45/bin/bin/../../lib/gcc/pic32c/8.3.1/../../../../pic32c/lib/thumb/v7e-m+fp/hard\libc-musl.a(__fmt_o.o)
 .debug_loc     0x000000000000ed66      0x157 c:/program files/microchip/xc32/v4.45/bin/bin/../../lib/gcc/pic32c/8.3.1/../../../../pic32c/lib/thumb/v7e-m+fp/hard\libc-musl.a(__fmt_s.o)
 .debug_loc     0x000000000000eebd      0x10a c:/program files/microchip/xc32/v4.45/bin/bin/../../lib/gcc/pic32c/8.3.1/../../../../pic32c/lib/thumb/v7e-m+fp/hard\libc-musl.a(__fmt_u.o)
 .debug_loc     0x000000000000efc7      0x26d c:/program files/microchip/xc32/v4.45/bin/bin/../../lib/gcc/pic32c/8.3.1/../../../../pic32c/lib/thumb/v7e-m+fp/hard\libc-musl.a(__fmt_x.o)
 .debug_loc     0x000000000000f234       0x4a c:/program files/microchip/xc32/v4.45/bin/bin/../../lib/gcc/pic32c/8.3.1/../../../../pic32c/lib/thumb/v7e-m+fp/hard\libc-musl.a(toupper.o)
 .debug_loc     0x000000000000f27e      0x197 c:/program files/microchip/xc32/v4.45/bin/bin/../../lib/gcc/pic32c/8.3.1/../../../../pic32c/lib/thumb/v7e-m+fp/hard\libc-musl.a(__cvt_u.o)
 .debug_loc     0x000000000000f415       0x7c c:/program files/microchip/xc32/v4.45/bin/bin/../../lib/gcc/pic32c/8.3.1/thumb/v7e-m+fp/hard\libgcc.a(_paritysi2.o)
 .debug_loc     0x000000000000f491      0xe69 c:/program files/microchip/xc32/v4.45/bin/bin/../../lib/gcc/pic32c/8.3.1/thumb/v7e-m+fp/hard\libgcc.a(_udivmoddi4.o)
 .debug_loc     0x00000000000102fa       0x90 c:/program files/microchip/xc32/v4.45/bin/bin/../../lib/gcc/pic32c/8.3.1/../../../../pic32c/lib/thumb/v7e-m+fp/hard\libc-size-musl.a(strlen.o)
 .debug_loc     0x000000000001038a       0x67 c:/program files/microchip/xc32/v4.45/bin/bin/../../lib/gcc/pic32c/8.3.1/../../../../pic32c/lib/thumb/v7e-m+fp/hard\libc-size-musl.a(strcpy.o)
 .debug_loc     0x00000000000103f1       0x60 c:/program files/microchip/xc32/v4.45/bin/bin/../../lib/gcc/pic32c/8.3.1/../../../../pic32c/lib/thumb/v7e-m+fp/hard\libc-size-musl.a(stpcpy.o)
 .debug_loc     0x0000000000010451       0x14 c:/program files/microchip/xc32/v4.45/bin/bin/../../lib/gcc/pic32c/8.3.1/../../../../pic32c/lib/thumb/v7e-m+fp/hard\libpic32c.a(pic32_data_init_copy.o)
 .debug_loc     0x0000000000010465       0x14 c:/program files/microchip/xc32/v4.45/bin/bin/../../lib/gcc/pic32c/8.3.1/../../../../pic32c/lib/thumb/v7e-m+fp/hard\libpic32c.a(pic32_data_init_decompress.o)

.debug_aranges  0x0000000000000000     0x1b90
 .debug_aranges
                0x0000000000000000       0x28 build/kf_freertos_fpga/production/_ext/1420773124/serial.o
 .debug_aranges
                0x0000000000000028       0x50 build/kf_freertos_fpga/production/_ext/1420773124/trace.o
 .debug_aranges
                0x0000000000000078      0x1a8 build/kf_freertos_fpga/production/_ext/101992513/drv_i3c.o
 .debug_aranges
                0x0000000000000220       0x38 build/kf_freertos_fpga/production/_ext/101992513/drv_i3c_config.o
 .debug_aranges
                0x0000000000000258       0xc8 build/kf_freertos_fpga/production/_ext/1886205328/i3c_ccc.o
 .debug_aranges
                0x0000000000000320      0x138 build/kf_freertos_fpga/production/_ext/1886205328/i3c_common.o
 .debug_aranges
                0x0000000000000458       0x90 build/kf_freertos_fpga/production/_ext/785111490/osal_freertos.o
 .debug_aranges
                0x00000000000004e8      0x118 build/kf_freertos_fpga/production/_ext/868947740/plib_ec_reg_bank.o
 .debug_aranges
                0x0000000000000600       0x90 build/kf_freertos_fpga/production/_ext/179210842/plib_ecia.o
 .debug_aranges
                0x0000000000000690      0x118 build/kf_freertos_fpga/production/_ext/179282931/plib_gpio.o
 .debug_aranges
                0x00000000000007a8      0x178 build/kf_freertos_fpga/production/_ext/825500651/plib_i3c.o
 .debug_aranges
                0x0000000000000920      0x350 build/kf_freertos_fpga/production/_ext/825500651/plib_i3c_private.o
 .debug_aranges
                0x0000000000000c70       0x50 build/kf_freertos_fpga/production/_ext/179497222/plib_nvic.o
 .debug_aranges
                0x0000000000000cc0       0xf0 build/kf_freertos_fpga/production/_ext/825492421/plib_pcr.o
 .debug_aranges
                0x0000000000000db0       0x48 build/kf_freertos_fpga/production/_ext/1732944825/uart_api.o
 .debug_aranges
                0x0000000000000df8       0xc0 build/kf_freertos_fpga/production/_ext/1732944825/uart_perphl.o
 .debug_aranges
                0x0000000000000eb8       0x48 build/kf_freertos_fpga/production/_ext/29258880/exceptions.o
 .debug_aranges
                0x0000000000000f00       0x40 build/kf_freertos_fpga/production/_ext/29258880/freertos_hooks.o
 .debug_aranges
                0x0000000000000f40       0x20 build/kf_freertos_fpga/production/_ext/29258880/initialization.o
 .debug_aranges
                0x0000000000000f60       0x28 build/kf_freertos_fpga/production/_ext/29258880/interrupts.o
 .debug_aranges
                0x0000000000000f88       0x30 build/kf_freertos_fpga/production/_ext/29258880/startup_xc32.o
 .debug_aranges
                0x0000000000000fb8       0x40 build/kf_freertos_fpga/production/_ext/29258880/tasks.o
 .debug_aranges
                0x0000000000000ff8       0x78 build/kf_freertos_fpga/production/_ext/246609638/port.o
 .debug_aranges
                0x0000000000001070       0x38 build/kf_freertos_fpga/production/_ext/1665200909/heap_1.o
 .debug_aranges
                0x00000000000010a8       0xf0 build/kf_freertos_fpga/production/_ext/404212886/queue.o
 .debug_aranges
                0x0000000000001198       0xd0 build/kf_freertos_fpga/production/_ext/404212886/timers.o
 .debug_aranges
                0x0000000000001268       0x40 build/kf_freertos_fpga/production/_ext/404212886/list.o
 .debug_aranges
                0x00000000000012a8      0x1b8 build/kf_freertos_fpga/production/_ext/404212886/FreeRTOS_tasks.o
 .debug_aranges
                0x0000000000001460       0x48 build/kf_freertos_fpga/production/_ext/346071803/log.o
 .debug_aranges
                0x00000000000014a8       0x58 build/kf_freertos_fpga/production/_ext/1521323865/test_pvt_xfer.o
 .debug_aranges
                0x0000000000001500       0x38 build/kf_freertos_fpga/production/_ext/1521323865/test_ibis.o
 .debug_aranges
                0x0000000000001538       0x68 build/kf_freertos_fpga/production/_ext/1521323865/tgt_test_pvt_xfer.o
 .debug_aranges
                0x00000000000015a0       0x40 build/kf_freertos_fpga/production/_ext/1521323865/tgt_test_ibis.o
 .debug_aranges
                0x00000000000015e0       0x60 build/kf_freertos_fpga/production/_ext/1360937237/task1.o
 .debug_aranges
                0x0000000000001640       0x28 build/kf_freertos_fpga/production/_ext/1360937237/main.o
 .debug_aranges
                0x0000000000001668       0x38 build/kf_freertos_fpga/production/_ext/1360937237/task2.o
 .debug_aranges
                0x00000000000016a0       0x28 build/kf_freertos_fpga/production/_ext/1360937237/task3.o
 .debug_aranges
                0x00000000000016c8       0x28 build/kf_freertos_fpga/production/_ext/1360937237/task4.o
 .debug_aranges
                0x00000000000016f0       0x28 c:/program files/microchip/xc32/v4.45/bin/bin/../../lib/gcc/pic32c/8.3.1/../../../../pic32c/lib/thumb/v7e-m+fp/hard\libpic32c.a(data_init.o)
 .debug_aranges
                0x0000000000001718       0x20 c:/program files/microchip/xc32/v4.45/bin/bin/../../lib/gcc/pic32c/8.3.1/../../../../pic32c/lib/thumb/v7e-m+fp/hard\libc-size-musl.a(memcpy.o)
 .debug_aranges
                0x0000000000001738       0x20 c:/program files/microchip/xc32/v4.45/bin/bin/../../lib/gcc/pic32c/8.3.1/../../../../pic32c/lib/thumb/v7e-m+fp/hard\libc-size-musl.a(memset.o)
 .debug_aranges
                0x0000000000001758       0x28 c:/program files/microchip/xc32/v4.45/bin/bin/../../lib/gcc/pic32c/8.3.1/../../../../pic32c/lib/thumb/v7e-m+fp/hard\libc-musl.a(__libc_start_main.o)
 .debug_aranges
                0x0000000000001780       0x18 c:/program files/microchip/xc32/v4.45/bin/bin/../../lib/gcc/pic32c/8.3.1/../../../../pic32c/lib/thumb/v7e-m+fp/hard\libc-musl.a(libc.o)
 .debug_aranges
                0x0000000000001798       0x20 c:/program files/microchip/xc32/v4.45/bin/bin/../../lib/gcc/pic32c/8.3.1/../../../../pic32c/lib/thumb/v7e-m+fp/hard\libc-musl.a(vsprintf.o)
 .debug_aranges
                0x00000000000017b8       0x18 c:/program files/microchip/xc32/v4.45/bin/bin/../../lib/gcc/pic32c/8.3.1/../../../../pic32c/lib/thumb/v7e-m+fp/hard\libc-musl.a(__environ.o)
 .debug_aranges
                0x00000000000017d0       0x20 c:/program files/microchip/xc32/v4.45/bin/bin/../../lib/gcc/pic32c/8.3.1/../../../../pic32c/lib/thumb/v7e-m+fp/hard\libc-musl.a(vsnprintf.o)
 .debug_aranges
                0x00000000000017f0       0x18 c:/program files/microchip/xc32/v4.45/bin/bin/../../lib/gcc/pic32c/8.3.1/../../../../pic32c/lib/thumb/v7e-m+fp/hard\libc-musl.a(__errno_location.o)
 .debug_aranges
                0x0000000000001808       0x28 c:/program files/microchip/xc32/v4.45/bin/bin/../../lib/gcc/pic32c/8.3.1/../../../../pic32c/lib/thumb/v7e-m+fp/hard\libc-musl.a(vfprintf.o)
 .debug_aranges
                0x0000000000001830       0x20 c:/program files/microchip/xc32/v4.45/bin/bin/../../lib/gcc/pic32c/8.3.1/../../../../pic32c/lib/thumb/v7e-m+fp/hard\libc-musl.a(__pop_float.o)
 .debug_aranges
                0x0000000000001850       0x20 c:/program files/microchip/xc32/v4.45/bin/bin/../../lib/gcc/pic32c/8.3.1/../../../../pic32c/lib/thumb/v7e-m+fp/hard\libc-musl.a(__pop_int.o)
 .debug_aranges
                0x0000000000001870       0x20 c:/program files/microchip/xc32/v4.45/bin/bin/../../lib/gcc/pic32c/8.3.1/../../../../pic32c/lib/thumb/v7e-m+fp/hard\libc-musl.a(__pop_ptr.o)
 .debug_aranges
                0x0000000000001890       0x50 c:/program files/microchip/xc32/v4.45/bin/bin/../../lib/gcc/pic32c/8.3.1/../../../../pic32c/lib/thumb/v7e-m+fp/hard\libc-musl.a(__printf_core.o)
 .debug_aranges
                0x00000000000018e0       0x20 c:/program files/microchip/xc32/v4.45/bin/bin/../../lib/gcc/pic32c/8.3.1/../../../../pic32c/lib/thumb/v7e-m+fp/hard\libc-musl.a(atoi.o)
 .debug_aranges
                0x0000000000001900       0x28 c:/program files/microchip/xc32/v4.45/bin/bin/../../lib/gcc/pic32c/8.3.1/../../../../pic32c/lib/thumb/v7e-m+fp/hard\libc-musl.a(tolower.o)
 .debug_aranges
                0x0000000000001928       0x20 c:/program files/microchip/xc32/v4.45/bin/bin/../../lib/gcc/pic32c/8.3.1/../../../../pic32c/lib/thumb/v7e-m+fp/hard\libc-musl.a(__fmt_a.o)
 .debug_aranges
                0x0000000000001948       0x20 c:/program files/microchip/xc32/v4.45/bin/bin/../../lib/gcc/pic32c/8.3.1/../../../../pic32c/lib/thumb/v7e-m+fp/hard\libc-musl.a(__fmt_d.o)
 .debug_aranges
                0x0000000000001968       0x20 c:/program files/microchip/xc32/v4.45/bin/bin/../../lib/gcc/pic32c/8.3.1/../../../../pic32c/lib/thumb/v7e-m+fp/hard\libc-musl.a(__fmt_fp.o)
 .debug_aranges
                0x0000000000001988       0x20 c:/program files/microchip/xc32/v4.45/bin/bin/../../lib/gcc/pic32c/8.3.1/../../../../pic32c/lib/thumb/v7e-m+fp/hard\libc-musl.a(__fmt_o.o)
 .debug_aranges
                0x00000000000019a8       0x20 c:/program files/microchip/xc32/v4.45/bin/bin/../../lib/gcc/pic32c/8.3.1/../../../../pic32c/lib/thumb/v7e-m+fp/hard\libc-musl.a(__fmt_s.o)
 .debug_aranges
                0x00000000000019c8       0x20 c:/program files/microchip/xc32/v4.45/bin/bin/../../lib/gcc/pic32c/8.3.1/../../../../pic32c/lib/thumb/v7e-m+fp/hard\libc-musl.a(__fmt_u.o)
 .debug_aranges
                0x00000000000019e8       0x20 c:/program files/microchip/xc32/v4.45/bin/bin/../../lib/gcc/pic32c/8.3.1/../../../../pic32c/lib/thumb/v7e-m+fp/hard\libc-musl.a(__fmt_x.o)
 .debug_aranges
                0x0000000000001a08       0x28 c:/program files/microchip/xc32/v4.45/bin/bin/../../lib/gcc/pic32c/8.3.1/../../../../pic32c/lib/thumb/v7e-m+fp/hard\libc-musl.a(toupper.o)
 .debug_aranges
                0x0000000000001a30       0x20 c:/program files/microchip/xc32/v4.45/bin/bin/../../lib/gcc/pic32c/8.3.1/../../../../pic32c/lib/thumb/v7e-m+fp/hard\libc-musl.a(__cvt_u.o)
 .debug_aranges
                0x0000000000001a50       0x20 c:/program files/microchip/xc32/v4.45/bin/bin/../../lib/gcc/pic32c/8.3.1/thumb/v7e-m+fp/hard\libgcc.a(_aeabi_uldivmod.o)
 .debug_aranges
                0x0000000000001a70       0x20 c:/program files/microchip/xc32/v4.45/bin/bin/../../lib/gcc/pic32c/8.3.1/thumb/v7e-m+fp/hard\libgcc.a(_paritysi2.o)
 .debug_aranges
                0x0000000000001a90       0x20 c:/program files/microchip/xc32/v4.45/bin/bin/../../lib/gcc/pic32c/8.3.1/thumb/v7e-m+fp/hard\libgcc.a(_udivmoddi4.o)
 .debug_aranges
                0x0000000000001ab0       0x20 c:/program files/microchip/xc32/v4.45/bin/bin/../../lib/gcc/pic32c/8.3.1/thumb/v7e-m+fp/hard\libgcc.a(_dvmd_tls.o)
 .debug_aranges
                0x0000000000001ad0       0x20 c:/program files/microchip/xc32/v4.45/bin/bin/../../lib/gcc/pic32c/8.3.1/../../../../pic32c/lib/thumb/v7e-m+fp/hard\libc-size-musl.a(strlen.o)
 .debug_aranges
                0x0000000000001af0       0x20 c:/program files/microchip/xc32/v4.45/bin/bin/../../lib/gcc/pic32c/8.3.1/../../../../pic32c/lib/thumb/v7e-m+fp/hard\libc-size-musl.a(strcpy.o)
 .debug_aranges
                0x0000000000001b10       0x20 c:/program files/microchip/xc32/v4.45/bin/bin/../../lib/gcc/pic32c/8.3.1/../../../../pic32c/lib/thumb/v7e-m+fp/hard\libc-size-musl.a(stpcpy.o)
 .debug_aranges
                0x0000000000001b30       0x20 c:/program files/microchip/xc32/v4.45/bin/bin/../../lib/gcc/pic32c/8.3.1/../../../../pic32c/lib/thumb/v7e-m+fp/hard\libpic32c.a(pic32_data_init_clear.o)
 .debug_aranges
                0x0000000000001b50       0x20 c:/program files/microchip/xc32/v4.45/bin/bin/../../lib/gcc/pic32c/8.3.1/../../../../pic32c/lib/thumb/v7e-m+fp/hard\libpic32c.a(pic32_data_init_copy.o)
 .debug_aranges
                0x0000000000001b70       0x20 c:/program files/microchip/xc32/v4.45/bin/bin/../../lib/gcc/pic32c/8.3.1/../../../../pic32c/lib/thumb/v7e-m+fp/hard\libpic32c.a(pic32_data_init_decompress.o)

.debug_ranges   0x0000000000000000     0x17b0
 .debug_ranges  0x0000000000000000       0x18 build/kf_freertos_fpga/production/_ext/1420773124/serial.o
 .debug_ranges  0x0000000000000018       0x58 build/kf_freertos_fpga/production/_ext/1420773124/trace.o
 .debug_ranges  0x0000000000000070      0x198 build/kf_freertos_fpga/production/_ext/101992513/drv_i3c.o
 .debug_ranges  0x0000000000000208       0x28 build/kf_freertos_fpga/production/_ext/101992513/drv_i3c_config.o
 .debug_ranges  0x0000000000000230       0xb8 build/kf_freertos_fpga/production/_ext/1886205328/i3c_ccc.o
 .debug_ranges  0x00000000000002e8      0x128 build/kf_freertos_fpga/production/_ext/1886205328/i3c_common.o
 .debug_ranges  0x0000000000000410       0x80 build/kf_freertos_fpga/production/_ext/785111490/osal_freertos.o
 .debug_ranges  0x0000000000000490      0x108 build/kf_freertos_fpga/production/_ext/868947740/plib_ec_reg_bank.o
 .debug_ranges  0x0000000000000598       0x80 build/kf_freertos_fpga/production/_ext/179210842/plib_ecia.o
 .debug_ranges  0x0000000000000618      0x108 build/kf_freertos_fpga/production/_ext/179282931/plib_gpio.o
 .debug_ranges  0x0000000000000720      0x168 build/kf_freertos_fpga/production/_ext/825500651/plib_i3c.o
 .debug_ranges  0x0000000000000888      0x340 build/kf_freertos_fpga/production/_ext/825500651/plib_i3c_private.o
 .debug_ranges  0x0000000000000bc8       0x40 build/kf_freertos_fpga/production/_ext/179497222/plib_nvic.o
 .debug_ranges  0x0000000000000c08       0xe0 build/kf_freertos_fpga/production/_ext/825492421/plib_pcr.o
 .debug_ranges  0x0000000000000ce8       0x38 build/kf_freertos_fpga/production/_ext/1732944825/uart_api.o
 .debug_ranges  0x0000000000000d20       0xb0 build/kf_freertos_fpga/production/_ext/1732944825/uart_perphl.o
 .debug_ranges  0x0000000000000dd0       0x38 build/kf_freertos_fpga/production/_ext/29258880/exceptions.o
 .debug_ranges  0x0000000000000e08       0x30 build/kf_freertos_fpga/production/_ext/29258880/freertos_hooks.o
 .debug_ranges  0x0000000000000e38       0x10 build/kf_freertos_fpga/production/_ext/29258880/initialization.o
 .debug_ranges  0x0000000000000e48       0x18 build/kf_freertos_fpga/production/_ext/29258880/interrupts.o
 .debug_ranges  0x0000000000000e60       0x20 build/kf_freertos_fpga/production/_ext/29258880/startup_xc32.o
 .debug_ranges  0x0000000000000e80       0x30 build/kf_freertos_fpga/production/_ext/29258880/tasks.o
 .debug_ranges  0x0000000000000eb0       0x68 build/kf_freertos_fpga/production/_ext/246609638/port.o
 .debug_ranges  0x0000000000000f18       0x28 build/kf_freertos_fpga/production/_ext/1665200909/heap_1.o
 .debug_ranges  0x0000000000000f40       0xe0 build/kf_freertos_fpga/production/_ext/404212886/queue.o
 .debug_ranges  0x0000000000001020       0xc0 build/kf_freertos_fpga/production/_ext/404212886/timers.o
 .debug_ranges  0x00000000000010e0       0x30 build/kf_freertos_fpga/production/_ext/404212886/list.o
 .debug_ranges  0x0000000000001110      0x1a8 build/kf_freertos_fpga/production/_ext/404212886/FreeRTOS_tasks.o
 .debug_ranges  0x00000000000012b8       0x38 build/kf_freertos_fpga/production/_ext/346071803/log.o
 .debug_ranges  0x00000000000012f0       0x48 build/kf_freertos_fpga/production/_ext/1521323865/test_pvt_xfer.o
 .debug_ranges  0x0000000000001338       0x28 build/kf_freertos_fpga/production/_ext/1521323865/test_ibis.o
 .debug_ranges  0x0000000000001360       0x58 build/kf_freertos_fpga/production/_ext/1521323865/tgt_test_pvt_xfer.o
 .debug_ranges  0x00000000000013b8       0x30 build/kf_freertos_fpga/production/_ext/1521323865/tgt_test_ibis.o
 .debug_ranges  0x00000000000013e8       0x50 build/kf_freertos_fpga/production/_ext/1360937237/task1.o
 .debug_ranges  0x0000000000001438       0x18 build/kf_freertos_fpga/production/_ext/1360937237/main.o
 .debug_ranges  0x0000000000001450       0x28 build/kf_freertos_fpga/production/_ext/1360937237/task2.o
 .debug_ranges  0x0000000000001478       0x18 build/kf_freertos_fpga/production/_ext/1360937237/task3.o
 .debug_ranges  0x0000000000001490       0x18 build/kf_freertos_fpga/production/_ext/1360937237/task4.o
 .debug_ranges  0x00000000000014a8       0x18 c:/program files/microchip/xc32/v4.45/bin/bin/../../lib/gcc/pic32c/8.3.1/../../../../pic32c/lib/thumb/v7e-m+fp/hard\libpic32c.a(data_init.o)
 .debug_ranges  0x00000000000014c0       0x10 c:/program files/microchip/xc32/v4.45/bin/bin/../../lib/gcc/pic32c/8.3.1/../../../../pic32c/lib/thumb/v7e-m+fp/hard\libc-size-musl.a(memcpy.o)
 .debug_ranges  0x00000000000014d0       0x10 c:/program files/microchip/xc32/v4.45/bin/bin/../../lib/gcc/pic32c/8.3.1/../../../../pic32c/lib/thumb/v7e-m+fp/hard\libc-size-musl.a(memset.o)
 .debug_ranges  0x00000000000014e0       0x40 c:/program files/microchip/xc32/v4.45/bin/bin/../../lib/gcc/pic32c/8.3.1/../../../../pic32c/lib/thumb/v7e-m+fp/hard\libc-musl.a(__libc_start_main.o)
 .debug_ranges  0x0000000000001520       0x10 c:/program files/microchip/xc32/v4.45/bin/bin/../../lib/gcc/pic32c/8.3.1/../../../../pic32c/lib/thumb/v7e-m+fp/hard\libc-musl.a(vsprintf.o)
 .debug_ranges  0x0000000000001530       0x10 c:/program files/microchip/xc32/v4.45/bin/bin/../../lib/gcc/pic32c/8.3.1/../../../../pic32c/lib/thumb/v7e-m+fp/hard\libc-musl.a(vsnprintf.o)
 .debug_ranges  0x0000000000001540       0x18 c:/program files/microchip/xc32/v4.45/bin/bin/../../lib/gcc/pic32c/8.3.1/../../../../pic32c/lib/thumb/v7e-m+fp/hard\libc-musl.a(vfprintf.o)
 .debug_ranges  0x0000000000001558       0x10 c:/program files/microchip/xc32/v4.45/bin/bin/../../lib/gcc/pic32c/8.3.1/../../../../pic32c/lib/thumb/v7e-m+fp/hard\libc-musl.a(__pop_float.o)
 .debug_ranges  0x0000000000001568       0x10 c:/program files/microchip/xc32/v4.45/bin/bin/../../lib/gcc/pic32c/8.3.1/../../../../pic32c/lib/thumb/v7e-m+fp/hard\libc-musl.a(__pop_int.o)
 .debug_ranges  0x0000000000001578       0x10 c:/program files/microchip/xc32/v4.45/bin/bin/../../lib/gcc/pic32c/8.3.1/../../../../pic32c/lib/thumb/v7e-m+fp/hard\libc-musl.a(__pop_ptr.o)
 .debug_ranges  0x0000000000001588       0x58 c:/program files/microchip/xc32/v4.45/bin/bin/../../lib/gcc/pic32c/8.3.1/../../../../pic32c/lib/thumb/v7e-m+fp/hard\libc-musl.a(__printf_core.o)
 .debug_ranges  0x00000000000015e0       0x10 c:/program files/microchip/xc32/v4.45/bin/bin/../../lib/gcc/pic32c/8.3.1/../../../../pic32c/lib/thumb/v7e-m+fp/hard\libc-musl.a(atoi.o)
 .debug_ranges  0x00000000000015f0       0x18 c:/program files/microchip/xc32/v4.45/bin/bin/../../lib/gcc/pic32c/8.3.1/../../../../pic32c/lib/thumb/v7e-m+fp/hard\libc-musl.a(tolower.o)
 .debug_ranges  0x0000000000001608       0x10 c:/program files/microchip/xc32/v4.45/bin/bin/../../lib/gcc/pic32c/8.3.1/../../../../pic32c/lib/thumb/v7e-m+fp/hard\libc-musl.a(__fmt_a.o)
 .debug_ranges  0x0000000000001618       0x10 c:/program files/microchip/xc32/v4.45/bin/bin/../../lib/gcc/pic32c/8.3.1/../../../../pic32c/lib/thumb/v7e-m+fp/hard\libc-musl.a(__fmt_d.o)
 .debug_ranges  0x0000000000001628       0x10 c:/program files/microchip/xc32/v4.45/bin/bin/../../lib/gcc/pic32c/8.3.1/../../../../pic32c/lib/thumb/v7e-m+fp/hard\libc-musl.a(__fmt_fp.o)
 .debug_ranges  0x0000000000001638       0x10 c:/program files/microchip/xc32/v4.45/bin/bin/../../lib/gcc/pic32c/8.3.1/../../../../pic32c/lib/thumb/v7e-m+fp/hard\libc-musl.a(__fmt_o.o)
 .debug_ranges  0x0000000000001648       0x10 c:/program files/microchip/xc32/v4.45/bin/bin/../../lib/gcc/pic32c/8.3.1/../../../../pic32c/lib/thumb/v7e-m+fp/hard\libc-musl.a(__fmt_s.o)
 .debug_ranges  0x0000000000001658       0x10 c:/program files/microchip/xc32/v4.45/bin/bin/../../lib/gcc/pic32c/8.3.1/../../../../pic32c/lib/thumb/v7e-m+fp/hard\libc-musl.a(__fmt_u.o)
 .debug_ranges  0x0000000000001668       0x10 c:/program files/microchip/xc32/v4.45/bin/bin/../../lib/gcc/pic32c/8.3.1/../../../../pic32c/lib/thumb/v7e-m+fp/hard\libc-musl.a(__fmt_x.o)
 .debug_ranges  0x0000000000001678       0x18 c:/program files/microchip/xc32/v4.45/bin/bin/../../lib/gcc/pic32c/8.3.1/../../../../pic32c/lib/thumb/v7e-m+fp/hard\libc-musl.a(toupper.o)
 .debug_ranges  0x0000000000001690       0x10 c:/program files/microchip/xc32/v4.45/bin/bin/../../lib/gcc/pic32c/8.3.1/../../../../pic32c/lib/thumb/v7e-m+fp/hard\libc-musl.a(__cvt_u.o)
 .debug_ranges  0x00000000000016a0       0xb0 c:/program files/microchip/xc32/v4.45/bin/bin/../../lib/gcc/pic32c/8.3.1/thumb/v7e-m+fp/hard\libgcc.a(_udivmoddi4.o)
 .debug_ranges  0x0000000000001750       0x10 c:/program files/microchip/xc32/v4.45/bin/bin/../../lib/gcc/pic32c/8.3.1/../../../../pic32c/lib/thumb/v7e-m+fp/hard\libc-size-musl.a(strlen.o)
 .debug_ranges  0x0000000000001760       0x10 c:/program files/microchip/xc32/v4.45/bin/bin/../../lib/gcc/pic32c/8.3.1/../../../../pic32c/lib/thumb/v7e-m+fp/hard\libc-size-musl.a(strcpy.o)
 .debug_ranges  0x0000000000001770       0x10 c:/program files/microchip/xc32/v4.45/bin/bin/../../lib/gcc/pic32c/8.3.1/../../../../pic32c/lib/thumb/v7e-m+fp/hard\libc-size-musl.a(stpcpy.o)
 .debug_ranges  0x0000000000001780       0x10 c:/program files/microchip/xc32/v4.45/bin/bin/../../lib/gcc/pic32c/8.3.1/../../../../pic32c/lib/thumb/v7e-m+fp/hard\libpic32c.a(pic32_data_init_clear.o)
 .debug_ranges  0x0000000000001790       0x10 c:/program files/microchip/xc32/v4.45/bin/bin/../../lib/gcc/pic32c/8.3.1/../../../../pic32c/lib/thumb/v7e-m+fp/hard\libpic32c.a(pic32_data_init_copy.o)
 .debug_ranges  0x00000000000017a0       0x10 c:/program files/microchip/xc32/v4.45/bin/bin/../../lib/gcc/pic32c/8.3.1/../../../../pic32c/lib/thumb/v7e-m+fp/hard\libpic32c.a(pic32_data_init_decompress.o)

.debug_line     0x0000000000000000     0xf102
 .debug_line    0x0000000000000000      0x10e build/kf_freertos_fpga/production/_ext/1420773124/serial.o
 .debug_line    0x000000000000010e      0x28c build/kf_freertos_fpga/production/_ext/1420773124/trace.o
 .debug_line    0x000000000000039a     0x16e3 build/kf_freertos_fpga/production/_ext/101992513/drv_i3c.o
 .debug_line    0x0000000000001a7d      0x3c3 build/kf_freertos_fpga/production/_ext/101992513/drv_i3c_config.o
 .debug_line    0x0000000000001e40      0x814 build/kf_freertos_fpga/production/_ext/1886205328/i3c_ccc.o
 .debug_line    0x0000000000002654      0xa82 build/kf_freertos_fpga/production/_ext/1886205328/i3c_common.o
 .debug_line    0x00000000000030d6      0x388 build/kf_freertos_fpga/production/_ext/785111490/osal_freertos.o
 .debug_line    0x000000000000345e      0x396 build/kf_freertos_fpga/production/_ext/868947740/plib_ec_reg_bank.o
 .debug_line    0x00000000000037f4      0x3b2 build/kf_freertos_fpga/production/_ext/179210842/plib_ecia.o
 .debug_line    0x0000000000003ba6      0x5bf build/kf_freertos_fpga/production/_ext/179282931/plib_gpio.o
 .debug_line    0x0000000000004165      0x82d build/kf_freertos_fpga/production/_ext/825500651/plib_i3c.o
 .debug_line    0x0000000000004992      0xfbb build/kf_freertos_fpga/production/_ext/825500651/plib_i3c_private.o
 .debug_line    0x000000000000594d      0x296 build/kf_freertos_fpga/production/_ext/179497222/plib_nvic.o
 .debug_line    0x0000000000005be3      0x44f build/kf_freertos_fpga/production/_ext/825492421/plib_pcr.o
 .debug_line    0x0000000000006032      0x1dc build/kf_freertos_fpga/production/_ext/1732944825/uart_api.o
 .debug_line    0x000000000000620e      0x5fb build/kf_freertos_fpga/production/_ext/1732944825/uart_perphl.o
 .debug_line    0x0000000000006809       0xc9 build/kf_freertos_fpga/production/_ext/29258880/exceptions.o
 .debug_line    0x00000000000068d2      0x1ba build/kf_freertos_fpga/production/_ext/29258880/freertos_hooks.o
 .debug_line    0x0000000000006a8c      0x12a build/kf_freertos_fpga/production/_ext/29258880/initialization.o
 .debug_line    0x0000000000006bb6       0xd8 build/kf_freertos_fpga/production/_ext/29258880/interrupts.o
 .debug_line    0x0000000000006c8e      0x16e build/kf_freertos_fpga/production/_ext/29258880/startup_xc32.o
 .debug_line    0x0000000000006dfc      0x1e5 build/kf_freertos_fpga/production/_ext/29258880/tasks.o
 .debug_line    0x0000000000006fe1      0x2e1 build/kf_freertos_fpga/production/_ext/246609638/port.o
 .debug_line    0x00000000000072c2      0x156 build/kf_freertos_fpga/production/_ext/1665200909/heap_1.o
 .debug_line    0x0000000000007418      0x9c8 build/kf_freertos_fpga/production/_ext/404212886/queue.o
 .debug_line    0x0000000000007de0      0x5b1 build/kf_freertos_fpga/production/_ext/404212886/timers.o
 .debug_line    0x0000000000008391      0x232 build/kf_freertos_fpga/production/_ext/404212886/list.o
 .debug_line    0x00000000000085c3      0xf50 build/kf_freertos_fpga/production/_ext/404212886/FreeRTOS_tasks.o
 .debug_line    0x0000000000009513      0x152 build/kf_freertos_fpga/production/_ext/346071803/log.o
 .debug_line    0x0000000000009665      0x510 build/kf_freertos_fpga/production/_ext/1521323865/test_pvt_xfer.o
 .debug_line    0x0000000000009b75      0x3a8 build/kf_freertos_fpga/production/_ext/1521323865/test_ibis.o
 .debug_line    0x0000000000009f1d      0x34c build/kf_freertos_fpga/production/_ext/1521323865/tgt_test_pvt_xfer.o
 .debug_line    0x000000000000a269      0x3dd build/kf_freertos_fpga/production/_ext/1521323865/tgt_test_ibis.o
 .debug_line    0x000000000000a646      0x5ea build/kf_freertos_fpga/production/_ext/1360937237/task1.o
 .debug_line    0x000000000000ac30       0xcb build/kf_freertos_fpga/production/_ext/1360937237/main.o
 .debug_line    0x000000000000acfb      0x3f5 build/kf_freertos_fpga/production/_ext/1360937237/task2.o
 .debug_line    0x000000000000b0f0      0x13b build/kf_freertos_fpga/production/_ext/1360937237/task3.o
 .debug_line    0x000000000000b22b      0x1a4 build/kf_freertos_fpga/production/_ext/1360937237/task4.o
 .debug_line    0x000000000000b3cf       0x92 c:/program files/microchip/xc32/v4.45/bin/bin/../../lib/gcc/pic32c/8.3.1/../../../../pic32c/lib/thumb/v7e-m+fp/hard\libpic32c.a(data_init.o)
 .debug_line    0x000000000000b461       0xf9 c:/program files/microchip/xc32/v4.45/bin/bin/../../lib/gcc/pic32c/8.3.1/../../../../pic32c/lib/thumb/v7e-m+fp/hard\libc-size-musl.a(memcpy.o)
 .debug_line    0x000000000000b55a       0xe3 c:/program files/microchip/xc32/v4.45/bin/bin/../../lib/gcc/pic32c/8.3.1/../../../../pic32c/lib/thumb/v7e-m+fp/hard\libc-size-musl.a(memset.o)
 .debug_line    0x000000000000b63d      0x1c7 c:/program files/microchip/xc32/v4.45/bin/bin/../../lib/gcc/pic32c/8.3.1/../../../../pic32c/lib/thumb/v7e-m+fp/hard\libc-musl.a(__libc_start_main.o)
 .debug_line    0x000000000000b804       0xb5 c:/program files/microchip/xc32/v4.45/bin/bin/../../lib/gcc/pic32c/8.3.1/../../../../pic32c/lib/thumb/v7e-m+fp/hard\libc-musl.a(libc.o)
 .debug_line    0x000000000000b8b9      0x140 c:/program files/microchip/xc32/v4.45/bin/bin/../../lib/gcc/pic32c/8.3.1/../../../../pic32c/lib/thumb/v7e-m+fp/hard\libc-musl.a(vsprintf.o)
 .debug_line    0x000000000000b9f9       0xfb c:/program files/microchip/xc32/v4.45/bin/bin/../../lib/gcc/pic32c/8.3.1/../../../../pic32c/lib/thumb/v7e-m+fp/hard\libc-musl.a(__environ.o)
 .debug_line    0x000000000000baf4      0x22d c:/program files/microchip/xc32/v4.45/bin/bin/../../lib/gcc/pic32c/8.3.1/../../../../pic32c/lib/thumb/v7e-m+fp/hard\libc-musl.a(vsnprintf.o)
 .debug_line    0x000000000000bd21       0x9a c:/program files/microchip/xc32/v4.45/bin/bin/../../lib/gcc/pic32c/8.3.1/../../../../pic32c/lib/thumb/v7e-m+fp/hard\libc-musl.a(__errno_location.o)
 .debug_line    0x000000000000bdbb      0x1e6 c:/program files/microchip/xc32/v4.45/bin/bin/../../lib/gcc/pic32c/8.3.1/../../../../pic32c/lib/thumb/v7e-m+fp/hard\libc-musl.a(vfprintf.o)
 .debug_line    0x000000000000bfa1      0x165 c:/program files/microchip/xc32/v4.45/bin/bin/../../lib/gcc/pic32c/8.3.1/../../../../pic32c/lib/thumb/v7e-m+fp/hard\libc-musl.a(__pop_float.o)
 .debug_line    0x000000000000c106      0x200 c:/program files/microchip/xc32/v4.45/bin/bin/../../lib/gcc/pic32c/8.3.1/../../../../pic32c/lib/thumb/v7e-m+fp/hard\libc-musl.a(__pop_int.o)
 .debug_line    0x000000000000c306      0x1e0 c:/program files/microchip/xc32/v4.45/bin/bin/../../lib/gcc/pic32c/8.3.1/../../../../pic32c/lib/thumb/v7e-m+fp/hard\libc-musl.a(__pop_ptr.o)
 .debug_line    0x000000000000c4e6      0x692 c:/program files/microchip/xc32/v4.45/bin/bin/../../lib/gcc/pic32c/8.3.1/../../../../pic32c/lib/thumb/v7e-m+fp/hard\libc-musl.a(__printf_core.o)
 .debug_line    0x000000000000cb78      0x167 c:/program files/microchip/xc32/v4.45/bin/bin/../../lib/gcc/pic32c/8.3.1/../../../../pic32c/lib/thumb/v7e-m+fp/hard\libc-musl.a(atoi.o)
 .debug_line    0x000000000000ccdf      0x157 c:/program files/microchip/xc32/v4.45/bin/bin/../../lib/gcc/pic32c/8.3.1/../../../../pic32c/lib/thumb/v7e-m+fp/hard\libc-musl.a(tolower.o)
 .debug_line    0x000000000000ce36      0x630 c:/program files/microchip/xc32/v4.45/bin/bin/../../lib/gcc/pic32c/8.3.1/../../../../pic32c/lib/thumb/v7e-m+fp/hard\libc-musl.a(__fmt_a.o)