Archive member included to satisfy reference by file (symbol)

c:/program files/microchip/xc32/v4.45/bin/bin/../../lib/gcc/pic32c/8.3.1/../../../../pic32c/lib/thumb/v7e-m+fp/hard\libpic32c.a(data_init.o)
                              build/kf_freertos_fpga/production/_ext/29258880/startup_xc32.o (__pic32c_data_initialization)
c:/program files/microchip/xc32/v4.45/bin/bin/../../lib/gcc/pic32c/8.3.1/../../../../pic32c/lib/thumb/v7e-m+fp/hard\libc-size-musl.a(memcpy.o)
                              build/kf_freertos_fpga/production/_ext/825500651/plib_i3c_private.o (memcpy)
c:/program files/microchip/xc32/v4.45/bin/bin/../../lib/gcc/pic32c/8.3.1/../../../../pic32c/lib/thumb/v7e-m+fp/hard\libc-size-musl.a(memset.o)
                              build/kf_freertos_fpga/production/_ext/101992513/drv_i3c.o (memset)
c:/program files/microchip/xc32/v4.45/bin/bin/../../lib/gcc/pic32c/8.3.1/../../../../pic32c/lib/thumb/v7e-m+fp/hard\libc-musl.a(__libc_start_main.o)
                              build/kf_freertos_fpga/production/_ext/29258880/startup_xc32.o (__libc_init_array)
c:/program files/microchip/xc32/v4.45/bin/bin/../../lib/gcc/pic32c/8.3.1/../../../../pic32c/lib/thumb/v7e-m+fp/hard\libc-musl.a(libc.o)
                              c:/program files/microchip/xc32/v4.45/bin/bin/../../lib/gcc/pic32c/8.3.1/../../../../pic32c/lib/thumb/v7e-m+fp/hard\libc-musl.a(__libc_start_main.o) (__progname_full)
c:/program files/microchip/xc32/v4.45/bin/bin/../../lib/gcc/pic32c/8.3.1/../../../../pic32c/lib/thumb/v7e-m+fp/hard\libc-musl.a(vsprintf.o)
                              build/kf_freertos_fpga/production/_ext/346071803/log.o (vsprintf)
c:/program files/microchip/xc32/v4.45/bin/bin/../../lib/gcc/pic32c/8.3.1/../../../../pic32c/lib/thumb/v7e-m+fp/hard\libc-musl.a(__environ.o)
                              c:/program files/microchip/xc32/v4.45/bin/bin/../../lib/gcc/pic32c/8.3.1/../../../../pic32c/lib/thumb/v7e-m+fp/hard\libc-musl.a(__libc_start_main.o) (__environ)
c:/program files/microchip/xc32/v4.45/bin/bin/../../lib/gcc/pic32c/8.3.1/../../../../pic32c/lib/thumb/v7e-m+fp/hard\libc-musl.a(vsnprintf.o)
                              c:/program files/microchip/xc32/v4.45/bin/bin/../../lib/gcc/pic32c/8.3.1/../../../../pic32c/lib/thumb/v7e-m+fp/hard\libc-musl.a(vsprintf.o) (vsnprintf)
c:/program files/microchip/xc32/v4.45/bin/bin/../../lib/gcc/pic32c/8.3.1/../../../../pic32c/lib/thumb/v7e-m+fp/hard\libc-musl.a(__errno_location.o)
                              c:/program files/microchip/xc32/v4.45/bin/bin/../../lib/gcc/pic32c/8.3.1/../../../../pic32c/lib/thumb/v7e-m+fp/hard\libc-musl.a(vsnprintf.o) (__errno_val)
c:/program files/microchip/xc32/v4.45/bin/bin/../../lib/gcc/pic32c/8.3.1/../../../../pic32c/lib/thumb/v7e-m+fp/hard\libc-musl.a(vfprintf.o)
                              c:/program files/microchip/xc32/v4.45/bin/bin/../../lib/gcc/pic32c/8.3.1/../../../../pic32c/lib/thumb/v7e-m+fp/hard\libc-musl.a(vsnprintf.o) (vfprintf)
c:/program files/microchip/xc32/v4.45/bin/bin/../../lib/gcc/pic32c/8.3.1/../../../../pic32c/lib/thumb/v7e-m+fp/hard\libc-musl.a(__io_fmt_needed.o)
                              c:/program files/microchip/xc32/v4.45/bin/bin/../../lib/gcc/pic32c/8.3.1/../../../../pic32c/lib/thumb/v7e-m+fp/hard\libc-musl.a(vfprintf.o) (__io_fmt_needed)
c:/program files/microchip/xc32/v4.45/bin/bin/../../lib/gcc/pic32c/8.3.1/../../../../pic32c/lib/thumb/v7e-m+fp/hard\libc-musl.a(__pop_float.o)
                              c:/program files/microchip/xc32/v4.45/bin/bin/../../lib/gcc/pic32c/8.3.1/../../../../pic32c/lib/thumb/v7e-m+fp/hard\libc-musl.a(__io_fmt_needed.o) (__pop_float_needed)
c:/program files/microchip/xc32/v4.45/bin/bin/../../lib/gcc/pic32c/8.3.1/../../../../pic32c/lib/thumb/v7e-m+fp/hard\libc-musl.a(__pop_int.o)
                              c:/program files/microchip/xc32/v4.45/bin/bin/../../lib/gcc/pic32c/8.3.1/../../../../pic32c/lib/thumb/v7e-m+fp/hard\libc-musl.a(__io_fmt_needed.o) (__pop_int_needed)
c:/program files/microchip/xc32/v4.45/bin/bin/../../lib/gcc/pic32c/8.3.1/../../../../pic32c/lib/thumb/v7e-m+fp/hard\libc-musl.a(__pop_ptr.o)
                              c:/program files/microchip/xc32/v4.45/bin/bin/../../lib/gcc/pic32c/8.3.1/../../../../pic32c/lib/thumb/v7e-m+fp/hard\libc-musl.a(__io_fmt_needed.o) (__pop_ptr_needed)
c:/program files/microchip/xc32/v4.45/bin/bin/../../lib/gcc/pic32c/8.3.1/../../../../pic32c/lib/thumb/v7e-m+fp/hard\libc-musl.a(__printf_core.o)
                              c:/program files/microchip/xc32/v4.45/bin/bin/../../lib/gcc/pic32c/8.3.1/../../../../pic32c/lib/thumb/v7e-m+fp/hard\libc-musl.a(vfprintf.o) (__printf_core)
c:/program files/microchip/xc32/v4.45/bin/bin/../../lib/gcc/pic32c/8.3.1/../../../../pic32c/lib/thumb/v7e-m+fp/hard\libc-musl.a(atoi.o)
                              c:/program files/microchip/xc32/v4.45/bin/bin/../../lib/gcc/pic32c/8.3.1/../../../../pic32c/lib/thumb/v7e-m+fp/hard\libc-musl.a(__printf_core.o) (atoi)
[...]
Memory Configuration

Name             Origin             Length             Attributes
rom              0x00000000000b0000 0x0000000000050000 xrl
ram              0x0000000000118000 0x000000000000a000 xw !r
*default*        0x0000000000000000 0xffffffffffffffff

Linker script and memory map

LOAD c:/program files/microchip/xc32/v4.45/bin/bin/../../lib/gcc/pic32c/8.3.1/thumb/v7e-m+fp/hard/crti.o
LOAD c:/program files/microchip/xc32/v4.45/bin/bin/../../lib/gcc/pic32c/8.3.1/thumb/v7e-m+fp/hard/crtbegin.o
LOAD build/kf_freertos_fpga/production/_ext/1420773124/serial.o
LOAD build/kf_freertos_fpga/production/_ext/1420773124/trace.o
LOAD build/kf_freertos_fpga/production/_ext/101992513/drv_i3c.o
LOAD build/kf_freertos_fpga/production/_ext/101992513/drv_i3c_config.o
LOAD build/kf_freertos_fpga/production/_ext/1886205328/i3c_ccc.o
LOAD build/kf_freertos_fpga/production/_ext/1886205328/i3c_common.o
LOAD build/kf_freertos_fpga/production/_ext/785111490/osal_freertos.o
LOAD build/kf_freertos_fpga/production/_ext/825503660/dma.o
LOAD build/kf_freertos_fpga/production/_ext/868947740/plib_ec_reg_bank.o
LOAD build/kf_freertos_fpga/production/_ext/179210842/plib_ecia.o
LOAD build/kf_freertos_fpga/production/_ext/179282931/plib_gpio.o
LOAD build/kf_freertos_fpga/production/_ext/825500651/plib_i3c.o
LOAD build/kf_freertos_fpga/production/_ext/825500651/plib_i3c_private.o
LOAD build/kf_freertos_fpga/production/_ext/179497222/plib_nvic.o
LOAD build/kf_freertos_fpga/production/_ext/825492421/plib_pcr.o
LOAD build/kf_freertos_fpga/production/_ext/1732944825/uart_api.o
LOAD build/kf_freertos_fpga/production/_ext/1732944825/uart_perphl.o
LOAD build/kf_freertos_fpga/production/_ext/1435074362/xc32_monitor.o
LOAD build/kf_freertos_fpga/production/_ext/29258880/exceptions.o
LOAD build/kf_freertos_fpga/production/_ext/29258880/freertos_hooks.o
LOAD build/kf_freertos_fpga/production/_ext/29258880/initialization.o
LOAD build/kf_freertos_fpga/production/_ext/29258880/interrupts.o
LOAD build/kf_freertos_fpga/production/_ext/29258880/libc_syscalls.o
LOAD build/kf_freertos_fpga/production/_ext/29258880/startup_xc32.o
LOAD build/kf_freertos_fpga/production/_ext/29258880/tasks.o
LOAD build/kf_freertos_fpga/production/_ext/246609638/port.o
LOAD build/kf_freertos_fpga/production/_ext/1665200909/heap_1.o
LOAD build/kf_freertos_fpga/production/_ext/404212886/queue.o
LOAD build/kf_freertos_fpga/production/_ext/404212886/croutine.o
LOAD build/kf_freertos_fpga/production/_ext/404212886/timers.o
LOAD build/kf_freertos_fpga/production/_ext/404212886/list.o
LOAD build/kf_freertos_fpga/production/_ext/404212886/FreeRTOS_tasks.o
LOAD build/kf_freertos_fpga/production/_ext/404212886/stream_buffer.o
LOAD build/kf_freertos_fpga/production/_ext/404212886/event_groups.o
LOAD build/kf_freertos_fpga/production/_ext/346071803/log.o
LOAD build/kf_freertos_fpga/production/_ext/1521323865/test_ccc.o
LOAD build/kf_freertos_fpga/production/_ext/1521323865/test_pvt_xfer.o
LOAD build/kf_freertos_fpga/production/_ext/1521323865/test_icm42605.o
LOAD build/kf_freertos_fpga/production/_ext/1521323865/test_ibis.o
LOAD build/kf_freertos_fpga/production/_ext/1521323865/tgt_test_pvt_xfer.o
LOAD build/kf_freertos_fpga/production/_ext/1521323865/crc8.o
LOAD build/kf_freertos_fpga/production/_ext/1521323865/tgt_test_ibis.o
LOAD build/kf_freertos_fpga/production/_ext/1360937237/task1.o
LOAD build/kf_freertos_fpga/production/_ext/1360937237/main.o
LOAD build/kf_freertos_fpga/production/_ext/1360937237/task2.o
LOAD build/kf_freertos_fpga/production/_ext/1360937237/task3.o
LOAD build/kf_freertos_fpga/production/_ext/1360937237/task4.o
                0x0000000000000001                __MPLAB_BUILD = 0x1
                0x0000000000100000                __rom_end = (ORIGIN (rom) + LENGTH (rom))
                0x0000000000122000                __ram_end = (ORIGIN (ram) + LENGTH (ram))

.vectors        0x00000000000b0000      0x350
                0x00000000000b0000                . = ALIGN (0x4)
                0x00000000000b0000                _sfixed = .
 *(.vectors .vectors.* .vectors_default .vectors_default.*)
 .vectors.exception_table
                0x00000000000b0000      0x350 build/kf_freertos_fpga/production/_ext/29258880/interrupts.o
                0x00000000000b0000                exception_table
 *(.isr_vector)
 *(.reset*)
 *(.after_vectors)

.text           0x00000000000b0350       0x20
                0x00000000000b0350                . = ALIGN (0x4)
 *(.glue_7t)
 .glue_7t       0x00000000000b0350        0x0 linker stubs
 *(.glue_7)
 .glue_7        0x00000000000b0350        0x0 linker stubs
 *(.gnu.linkonce.r.*)
 *(.ARM.extab* .gnu.linkonce.armextab.*)
                0x00000000000b0350                . = ALIGN (0x4)
 *(.init)
 .init          0x00000000000b0350        0x4 c:/program files/microchip/xc32/v4.45/bin/bin/../../lib/gcc/pic32c/8.3.1/thumb/v7e-m+fp/hard/crti.o
                0x00000000000b0350                _init
 .init          0x00000000000b0354        0x8 c:/program files/microchip/xc32/v4.45/bin/bin/../../lib/gcc/pic32c/8.3.1/thumb/v7e-m+fp/hard/crtn.o
                0x00000000000b035c                . = ALIGN (0x4)
                0x00000000000b035c                __preinit_array_start = .
 *(.preinit_array)
                0x00000000000b035c                __preinit_array_end = .
                0x00000000000b035c                . = ALIGN (0x4)
                0x00000000000b035c                __init_array_start = .
 *(SORT_BY_NAME(.init_array.*))
 *(.init_array)
 .init_array    0x00000000000b035c        0x4 c:/program files/microchip/xc32/v4.45/bin/bin/../../lib/gcc/pic32c/8.3.1/thumb/v7e-m+fp/hard/crtbegin.o
                0x00000000000b0360                __init_array_end = .
                0x00000000000b0360                . = ALIGN (0x4)
 *crtbegin.o(.ctors)
 *(EXCLUDE_FILE(*crtend.o) .ctors)
 *(SORT_BY_NAME(.ctors.*))
 *crtend.o(.ctors)
                0x00000000000b0360                . = ALIGN (0x4)
 *(.fini)
 .fini          0x00000000000b0360        0x4 c:/program files/microchip/xc32/v4.45/bin/bin/../../lib/gcc/pic32c/8.3.1/thumb/v7e-m+fp/hard/crti.o
                0x00000000000b0360                _fini
 .fini          0x00000000000b0364        0x8 c:/program files/microchip/xc32/v4.45/bin/bin/../../lib/gcc/pic32c/8.3.1/thumb/v7e-m+fp/hard/crtn.o
                0x00000000000b036c                . = ALIGN (0x4)
                0x00000000000b036c                __fini_array_start = .
 *(.fini_array)
 .fini_array    0x00000000000b036c        0x4 c:/program files/microchip/xc32/v4.45/bin/bin/../../lib/gcc/pic32c/8.3.1/thumb/v7e-m+fp/hard/crtbegin.o
 *(SORT_BY_NAME(.fini_array.*))
                0x00000000000b0370                __fini_array_end = .
 *crtbegin.o(.dtors)
 *(EXCLUDE_FILE(*crtend.o) .dtors)
 *(SORT_BY_NAME(.dtors.*))
 *crtend.o(.dtors)
                0x00000000000b0370                . = ALIGN (0x4)
                0x00000000000b0370                _efixed = .
                [!provide]                        PROVIDE (__exidx_start = .)

.ARM.exidx      0x00000000000b0370        0x8
 *(.ARM.exidx* .gnu.linkonce.armexidx.*)
 .ARM.exidx     0x00000000000b0370        0x8 c:/program files/microchip/xc32/v4.45/bin/bin/../../lib/gcc/pic32c/8.3.1/thumb/v7e-m+fp/hard\libgcc.a(_udivmoddi4.o)
                [!provide]                        PROVIDE (__exidx_end = .)
                0x00000000000b0378                . = ALIGN (0x4)
                0x00000000000b0378                _etext = .

.bss            0x0000000000118000        0x0
                0x0000000000118000                . = ALIGN (0x4)
                0x0000000000118000                __bss_start__ = .
                0x0000000000118000                _sbss = .
                0x0000000000118000                _szero = .
 *(COMMON)
                0x0000000000118000                . = ALIGN (0x4)
                0x0000000000118000                __bss_end__ = .
                0x0000000000118000                _ebss = .
                0x0000000000118000                _ezero = .
                0x0000000000118000                . = ALIGN (0x4)
                0x0000000000118000                _end = .
                0x0000000000121fff                _ram_end_ = ((ORIGIN (ram) + LENGTH (ram)) - 0x1)
                0x0000000000000200                _min_heap_size = 0x200
START GROUP
LOAD c:/program files/microchip/xc32/v4.45/bin/bin/../../lib/gcc/pic32c/8.3.1/../../../../pic32c/lib/thumb/v7e-m+fp/hard\libpic32c.a
LOAD c:/program files/microchip/xc32/v4.45/bin/bin/../../lib/gcc/pic32c/8.3.1/../../../../pic32c/lib/thumb/v7e-m+fp/hard\libc-size-musl.a
LOAD c:/program files/microchip/xc32/v4.45/bin/bin/../../lib/gcc/pic32c/8.3.1/../../../../pic32c/lib/thumb/v7e-m+fp/hard\liblmalloc-musl.a
LOAD c:/program files/microchip/xc32/v4.45/bin/bin/../../lib/gcc/pic32c/8.3.1/../../../../pic32c/lib/thumb/v7e-m+fp/hard\libm-fast-emfloat.a
LOAD c:/program files/microchip/xc32/v4.45/bin/bin/../../lib/gcc/pic32c/8.3.1/../../../../pic32c/lib/thumb/v7e-m+fp/hard\libm-musl.a
LOAD c:/program files/microchip/xc32/v4.45/bin/bin/../../lib/gcc/pic32c/8.3.1/../../../../pic32c/lib/thumb/v7e-m+fp/hard\libc-musl.a
LOAD c:/program files/microchip/xc32/v4.45/bin/bin/../../lib/gcc/pic32c/8.3.1/../../../../pic32c/lib/thumb/v7e-m+fp/hard\libm-fast-emfloat.a
LOAD c:/program files/microchip/xc32/v4.45/bin/bin/../../lib/gcc/pic32c/8.3.1/../../../../pic32c/lib/thumb/v7e-m+fp/hard\libm-musl.a
LOAD c:/program files/microchip/xc32/v4.45/bin/bin/../../lib/gcc/pic32c/8.3.1/thumb/v7e-m+fp/hard\libgcc.a
END GROUP
LOAD c:/program files/microchip/xc32/v4.45/bin/bin/../../lib/gcc/pic32c/8.3.1/thumb/v7e-m+fp/hard/crtend.o
LOAD c:/program files/microchip/xc32/v4.45/bin/bin/../../lib/gcc/pic32c/8.3.1/thumb/v7e-m+fp/hard/crtn.o
OUTPUT(dist/kf_freertos_fpga/production/kf_freertos_fpga.X.production.elf elf32-littlearm)
LOAD data_init
LOAD stack

.ARM.attributes
                0x0000000000000000       0x32
 .ARM.attributes
                0x0000000000000000       0x1e c:/program files/microchip/xc32/v4.45/bin/bin/../../lib/gcc/pic32c/8.3.1/thumb/v7e-m+fp/hard/crti.o
 .ARM.attributes
                0x000000000000001e       0x34 c:/program files/microchip/xc32/v4.45/bin/bin/../../lib/gcc/pic32c/8.3.1/thumb/v7e-m+fp/hard/crtbegin.o
 .ARM.attributes
                0x0000000000000052       0x34 build/kf_freertos_fpga/production/_ext/1420773124/serial.o
 .ARM.attributes
                0x0000000000000086       0x34 build/kf_freertos_fpga/production/_ext/1420773124/trace.o
 .ARM.attributes
                0x00000000000000ba       0x34 build/kf_freertos_fpga/production/_ext/101992513/drv_i3c.o
 .ARM.attributes
                0x00000000000000ee       0x34 build/kf_freertos_fpga/production/_ext/101992513/drv_i3c_config.o
 .ARM.attributes
                0x0000000000000122       0x34 build/kf_freertos_fpga/production/_ext/1886205328/i3c_ccc.o
 .ARM.attributes
                0x0000000000000156       0x34 build/kf_freertos_fpga/production/_ext/1886205328/i3c_common.o
 .ARM.attributes
                0x000000000000018a       0x34 build/kf_freertos_fpga/production/_ext/785111490/osal_freertos.o
 .ARM.attributes
                0x00000000000001be       0x34 build/kf_freertos_fpga/production/_ext/825503660/dma.o
 .ARM.attributes
                0x00000000000001f2       0x34 build/kf_freertos_fpga/production/_ext/868947740/plib_ec_reg_bank.o
 .ARM.attributes
                0x0000000000000226       0x34 build/kf_freertos_fpga/production/_ext/179210842/plib_ecia.o
 .ARM.attributes
                0x000000000000025a       0x34 build/kf_freertos_fpga/production/_ext/179282931/plib_gpio.o
 .ARM.attributes
                0x000000000000028e       0x34 build/kf_freertos_fpga/production/_ext/825500651/plib_i3c.o
 .ARM.attributes
                0x00000000000002c2       0x34 build/kf_freertos_fpga/production/_ext/825500651/plib_i3c_private.o
 .ARM.attributes
                0x00000000000002f6       0x34 build/kf_freertos_fpga/production/_ext/179497222/plib_nvic.o
 .ARM.attributes
                0x000000000000032a       0x34 build/kf_freertos_fpga/production/_ext/825492421/plib_pcr.o
 .ARM.attributes
                0x000000000000035e       0x34 build/kf_freertos_fpga/production/_ext/1732944825/uart_api.o
 .ARM.attributes
                0x0000000000000392       0x34 build/kf_freertos_fpga/production/_ext/1732944825/uart_perphl.o
 .ARM.attributes
                0x00000000000003c6       0x34 build/kf_freertos_fpga/production/_ext/29258880/exceptions.o
 .ARM.attributes
                0x00000000000003fa       0x34 build/kf_freertos_fpga/production/_ext/29258880/freertos_hooks.o
 .ARM.attributes
                0x000000000000042e       0x34 build/kf_freertos_fpga/production/_ext/29258880/initialization.o
 .ARM.attributes
                0x0000000000000462       0x34 build/kf_freertos_fpga/production/_ext/29258880/interrupts.o
 .ARM.attributes
                0x0000000000000496       0x34 build/kf_freertos_fpga/production/_ext/29258880/startup_xc32.o
 .ARM.attributes
                0x00000000000004ca       0x34 build/kf_freertos_fpga/production/_ext/29258880/tasks.o
 .ARM.attributes
                0x00000000000004fe       0x34 build/kf_freertos_fpga/production/_ext/246609638/port.o
 .ARM.attributes
                0x0000000000000532       0x34 build/kf_freertos_fpga/production/_ext/1665200909/heap_1.o
 .ARM.attributes
                0x0000000000000566       0x34 build/kf_freertos_fpga/production/_ext/404212886/queue.o
 .ARM.attributes
                0x000000000000059a       0x34 build/kf_freertos_fpga/production/_ext/404212886/timers.o
 .ARM.attributes
                0x00000000000005ce       0x34 build/kf_freertos_fpga/production/_ext/404212886/list.o
 .ARM.attributes
                0x0000000000000602       0x34 build/kf_freertos_fpga/production/_ext/404212886/FreeRTOS_tasks.o
 .ARM.attributes
                0x0000000000000636       0x34 build/kf_freertos_fpga/production/_ext/346071803/log.o
 .ARM.attributes
                0x000000000000066a       0x34 build/kf_freertos_fpga/production/_ext/1521323865/test_pvt_xfer.o
 .ARM.attributes
                0x000000000000069e       0x34 build/kf_freertos_fpga/production/_ext/1521323865/test_ibis.o
 .ARM.attributes
                0x00000000000006d2       0x34 build/kf_freertos_fpga/production/_ext/1521323865/tgt_test_pvt_xfer.o
 .ARM.attributes
                0x0000000000000706       0x34 build/kf_freertos_fpga/production/_ext/1521323865/tgt_test_ibis.o
 .ARM.attributes
                0x000000000000073a       0x34 build/kf_freertos_fpga/production/_ext/1360937237/task1.o
 .ARM.attributes
                0x000000000000076e       0x34 build/kf_freertos_fpga/production/_ext/1360937237/main.o
 .ARM.attributes
                0x00000000000007a2       0x34 build/kf_freertos_fpga/production/_ext/1360937237/task2.o
 .ARM.attributes
                0x00000000000007d6       0x34 build/kf_freertos_fpga/production/_ext/1360937237/task3.o
 .ARM.attributes
                0x000000000000080a       0x34 build/kf_freertos_fpga/production/_ext/1360937237/task4.o
 .ARM.attributes
                0x000000000000083e       0x34 c:/program files/microchip/xc32/v4.45/bin/bin/../../lib/gcc/pic32c/8.3.1/../../../../pic32c/lib/thumb/v7e-m+fp/hard\libpic32c.a(data_init.o)
 .ARM.attributes
                0x0000000000000872       0x36 c:/program files/microchip/xc32/v4.45/bin/bin/../../lib/gcc/pic32c/8.3.1/../../../../pic32c/lib/thumb/v7e-m+fp/hard\libc-size-musl.a(memcpy.o)
 .ARM.attributes
                0x00000000000008a8       0x36 c:/program files/microchip/xc32/v4.45/bin/bin/../../lib/gcc/pic32c/8.3.1/../../../../pic32c/lib/thumb/v7e-m+fp/hard\libc-size-musl.a(memset.o)
 .ARM.attributes
                0x00000000000008de       0x36 c:/program files/microchip/xc32/v4.45/bin/bin/../../lib/gcc/pic32c/8.3.1/../../../../pic32c/lib/thumb/v7e-m+fp/hard\libc-musl.a(__libc_start_main.o)
 .ARM.attributes
                0x0000000000000914       0x34 c:/program files/microchip/xc32/v4.45/bin/bin/../../lib/gcc/pic32c/8.3.1/../../../../pic32c/lib/thumb/v7e-m+fp/hard\libc-musl.a(libc.o)
 .ARM.attributes
                0x0000000000000948       0x36 c:/program files/microchip/xc32/v4.45/bin/bin/../../lib/gcc/pic32c/8.3.1/../../../../pic32c/lib/thumb/v7e-m+fp/hard\libc-musl.a(vsprintf.o)
 .ARM.attributes
                0x000000000000097e       0x34 c:/program files/microchip/xc32/v4.45/bin/bin/../../lib/gcc/pic32c/8.3.1/../../../../pic32c/lib/thumb/v7e-m+fp/hard\libc-musl.a(__environ.o)
 .ARM.attributes
                0x00000000000009b2       0x36 c:/program files/microchip/xc32/v4.45/bin/bin/../../lib/gcc/pic32c/8.3.1/../../../../pic32c/lib/thumb/v7e-m+fp/hard\libc-musl.a(vsnprintf.o)
 .ARM.attributes
                0x00000000000009e8       0x34 c:/program files/microchip/xc32/v4.45/bin/bin/../../lib/gcc/pic32c/8.3.1/../../../../pic32c/lib/thumb/v7e-m+fp/hard\libc-musl.a(__errno_location.o)
 .ARM.attributes
                0x0000000000000a1c       0x36 c:/program files/microchip/xc32/v4.45/bin/bin/../../lib/gcc/pic32c/8.3.1/../../../../pic32c/lib/thumb/v7e-m+fp/hard\libc-musl.a(vfprintf.o)
 .ARM.attributes
                0x0000000000000a52       0x36 c:/program files/microchip/xc32/v4.45/bin/bin/../../lib/gcc/pic32c/8.3.1/../../../../pic32c/lib/thumb/v7e-m+fp/hard\libc-musl.a(__pop_float.o)
 .ARM.attributes
                0x0000000000000a88       0x36 c:/program files/microchip/xc32/v4.45/bin/bin/../../lib/gcc/pic32c/8.3.1/../../../../pic32c/lib/thumb/v7e-m+fp/hard\libc-musl.a(__pop_int.o)
 .ARM.attributes
                0x0000000000000abe       0x36 c:/program files/microchip/xc32/v4.45/bin/bin/../../lib/gcc/pic32c/8.3.1/../../../../pic32c/lib/thumb/v7e-m+fp/hard\libc-musl.a(__pop_ptr.o)
 .ARM.attributes
                0x0000000000000af4       0x36 c:/program files/microchip/xc32/v4.45/bin/bin/../../lib/gcc/pic32c/8.3.1/../../../../pic32c/lib/thumb/v7e-m+fp/hard\libc-musl.a(__printf_core.o)
 .ARM.attributes
                0x0000000000000b2a       0x36 c:/program files/microchip/xc32/v4.45/bin/bin/../../lib/gcc/pic32c/8.3.1/../../../../pic32c/lib/thumb/v7e-m+fp/hard\libc-musl.a(atoi.o)
 .ARM.attributes
                0x0000000000000b60       0x36 c:/program files/microchip/xc32/v4.45/bin/bin/../../lib/gcc/pic32c/8.3.1/../../../../pic32c/lib/thumb/v7e-m+fp/hard\libc-musl.a(tolower.o)
 .ARM.attributes
                0x0000000000000b96       0x36 c:/program files/microchip/xc32/v4.45/bin/bin/../../lib/gcc/pic32c/8.3.1/../../../../pic32c/lib/thumb/v7e-m+fp/hard\libc-musl.a(__fmt_a.o)
 .ARM.attributes
                0x0000000000000bcc       0x36 c:/program files/microchip/xc32/v4.45/bin/bin/../../lib/gcc/pic32c/8.3.1/../../../../pic32c/lib/thumb/v7e-m+fp/hard\libc-musl.a(__fmt_d.o)
 .ARM.attributes
                0x0000000000000c02       0x36 c:/program files/microchip/xc32/v4.45/bin/bin/../../lib/gcc/pic32c/8.3.1/../../../../pic32c/lib/thumb/v7e-m+fp/hard\libc-musl.a(__fmt_fp.o)
 .ARM.attributes
                0x0000000000000c38       0x36 c:/program files/microchip/xc32/v4.45/bin/bin/../../lib/gcc/pic32c/8.3.1/../../../../pic32c/lib/thumb/v7e-m+fp/hard\libc-musl.a(__fmt_o.o)
 .ARM.attributes
                0x0000000000000c6e       0x36 c:/program files/microchip/xc32/v4.45/bin/bin/../../lib/gcc/pic32c/8.3.1/../../../../pic32c/lib/thumb/v7e-m+fp/hard\libc-musl.a(__fmt_s.o)
 .ARM.attributes
                0x0000000000000ca4       0x36 c:/program files/microchip/xc32/v4.45/bin/bin/../../lib/gcc/pic32c/8.3.1/../../../../pic32c/lib/thumb/v7e-m+fp/hard\libc-musl.a(__fmt_u.o)
 .ARM.attributes
                0x0000000000000cda       0x36 c:/program files/microchip/xc32/v4.45/bin/bin/../../lib/gcc/pic32c/8.3.1/../../../../pic32c/lib/thumb/v7e-m+fp/hard\libc-musl.a(__fmt_x.o)
 .ARM.attributes
                0x0000000000000d10       0x36 c:/program files/microchip/xc32/v4.45/bin/bin/../../lib/gcc/pic32c/8.3.1/../../../../pic32c/lib/thumb/v7e-m+fp/hard\libc-musl.a(toupper.o)
 .ARM.attributes
                0x0000000000000d46       0x36 c:/program files/microchip/xc32/v4.45/bin/bin/../../lib/gcc/pic32c/8.3.1/../../../../pic32c/lib/thumb/v7e-m+fp/hard\libc-musl.a(__cvt_u.o)
 .ARM.attributes
                0x0000000000000d7c       0x34 c:/program files/microchip/xc32/v4.45/bin/bin/../../lib/gcc/pic32c/8.3.1/../../../../pic32c/lib/thumb/v7e-m+fp/hard\libm-fast-emfloat.a(fma.o)
 .ARM.attributes
                0x0000000000000db0       0x34 c:/program files/microchip/xc32/v4.45/bin/bin/../../lib/gcc/pic32c/8.3.1/../../../../pic32c/lib/thumb/v7e-m+fp/hard\libm-fast-emfloat.a(floor.o)
 .ARM.attributes
                0x0000000000000de4       0x20 c:/program files/microchip/xc32/v4.45/bin/bin/../../lib/gcc/pic32c/8.3.1/../../../../pic32c/lib/thumb/v7e-m+fp/hard\libm-fast-emfloat.a(__aeabi_dadd.o)
 .ARM.attributes
                0x0000000000000e04       0x20 c:/program files/microchip/xc32/v4.45/bin/bin/../../lib/gcc/pic32c/8.3.1/../../../../pic32c/lib/thumb/v7e-m+fp/hard\libm-fast-emfloat.a(__aeabi_dsub.o)
 .ARM.attributes
                0x0000000000000e24       0x20 c:/program files/microchip/xc32/v4.45/bin/bin/../../lib/gcc/pic32c/8.3.1/../../../../pic32c/lib/thumb/v7e-m+fp/hard\libm-fast-emfloat.a(__aeabi_dmul.o)
 .ARM.attributes
                0x0000000000000e44       0x20 c:/program files/microchip/xc32/v4.45/bin/bin/../../lib/gcc/pic32c/8.3.1/../../../../pic32c/lib/thumb/v7e-m+fp/hard\libm-fast-emfloat.a(__aeabi_ddiv.o)
 .ARM.attributes
                0x0000000000000e64       0x20 c:/program files/microchip/xc32/v4.45/bin/bin/../../lib/gcc/pic32c/8.3.1/../../../../pic32c/lib/thumb/v7e-m+fp/hard\libm-fast-emfloat.a(__aeabi_dcmple.o)
 .ARM.attributes
                0x0000000000000e84       0x20 c:/program files/microchip/xc32/v4.45/bin/bin/../../lib/gcc/pic32c/8.3.1/../../../../pic32c/lib/thumb/v7e-m+fp/hard\libm-fast-emfloat.a(__aeabi_dcmpeq.o)
 .ARM.attributes
                0x0000000000000ea4       0x20 c:/program files/microchip/xc32/v4.45/bin/bin/../../lib/gcc/pic32c/8.3.1/../../../../pic32c/lib/thumb/v7e-m+fp/hard\libm-fast-emfloat.a(__aeabi_dcmpgt.o)
 .ARM.attributes
                0x0000000000000ec4       0x20 c:/program files/microchip/xc32/v4.45/bin/bin/../../lib/gcc/pic32c/8.3.1/../../../../pic32c/lib/thumb/v7e-m+fp/hard\libm-fast-emfloat.a(__aeabi_dcmplt.o)
 .ARM.attributes
                0x0000000000000ee4       0x20 c:/program files/microchip/xc32/v4.45/bin/bin/../../lib/gcc/pic32c/8.3.1/../../../../pic32c/lib/thumb/v7e-m+fp/hard\libm-fast-emfloat.a(__aeabi_d2iz.o)
 .ARM.attributes
                0x0000000000000f04       0x1e c:/program files/microchip/xc32/v4.45/bin/bin/../../lib/gcc/pic32c/8.3.1/thumb/v7e-m+fp/hard\libgcc.a(_aeabi_uldivmod.o)
 .ARM.attributes
                0x0000000000000f22       0x34 c:/program files/microchip/xc32/v4.45/bin/bin/../../lib/gcc/pic32c/8.3.1/thumb/v7e-m+fp/hard\libgcc.a(_paritysi2.o)
 .ARM.attributes
                0x0000000000000f56       0x34 c:/program files/microchip/xc32/v4.45/bin/bin/../../lib/gcc/pic32c/8.3.1/thumb/v7e-m+fp/hard\libgcc.a(_udivmoddi4.o)
 .ARM.attributes
                0x0000000000000f8a       0x1e c:/program files/microchip/xc32/v4.45/bin/bin/../../lib/gcc/pic32c/8.3.1/thumb/v7e-m+fp/hard\libgcc.a(_dvmd_tls.o)
 .ARM.attributes
                0x0000000000000fa8       0x36 c:/program files/microchip/xc32/v4.45/bin/bin/../../lib/gcc/pic32c/8.3.1/../../../../pic32c/lib/thumb/v7e-m+fp/hard\libc-size-musl.a(strlen.o)
 .ARM.attributes
                0x0000000000000fde       0x36 c:/program files/microchip/xc32/v4.45/bin/bin/../../lib/gcc/pic32c/8.3.1/../../../../pic32c/lib/thumb/v7e-m+fp/hard\libc-size-musl.a(strcpy.o)
 .ARM.attributes
                0x0000000000001014       0x36 c:/program files/microchip/xc32/v4.45/bin/bin/../../lib/gcc/pic32c/8.3.1/../../../../pic32c/lib/thumb/v7e-m+fp/hard\libc-size-musl.a(stpcpy.o)
 .ARM.attributes
                0x000000000000104a       0x1e c:/program files/microchip/xc32/v4.45/bin/bin/../../lib/gcc/pic32c/8.3.1/thumb/v7e-m+fp/hard/crtn.o
 .ARM.attributes
                0x0000000000001068       0x34 c:/program files/microchip/xc32/v4.45/bin/bin/../../lib/gcc/pic32c/8.3.1/../../../../pic32c/lib/thumb/v7e-m+fp/hard\libpic32c.a(pic32_data_init_clear.o)
 .ARM.attributes
                0x000000000000109c       0x34 c:/program files/microchip/xc32/v4.45/bin/bin/../../lib/gcc/pic32c/8.3.1/../../../../pic32c/lib/thumb/v7e-m+fp/hard\libpic32c.a(pic32_data_init_copy.o)
 .ARM.attributes
                0x00000000000010d0       0x34 c:/program files/microchip/xc32/v4.45/bin/bin/../../lib/gcc/pic32c/8.3.1/../../../../pic32c/lib/thumb/v7e-m+fp/hard\libpic32c.a(pic32_data_init_decompress.o)

.comment        0x0000000000000000       0x2b
 .comment       0x0000000000000000       0x2b c:/program files/microchip/xc32/v4.45/bin/bin/../../lib/gcc/pic32c/8.3.1/thumb/v7e-m+fp/hard/crtbegin.o
                                         0x2c (size before relaxing)
 .comment       0x000000000000002b       0x2c build/kf_freertos_fpga/production/_ext/1420773124/serial.o
 .comment       0x000000000000002b       0x2c build/kf_freertos_fpga/production/_ext/1420773124/trace.o
 .comment       0x000000000000002b       0x2c build/kf_freertos_fpga/production/_ext/101992513/drv_i3c.o
 .comment       0x000000000000002b       0x2c build/kf_freertos_fpga/production/_ext/101992513/drv_i3c_config.o
 .comment       0x000000000000002b       0x2c build/kf_freertos_fpga/production/_ext/1886205328/i3c_ccc.o
 .comment       0x000000000000002b       0x2c build/kf_freertos_fpga/production/_ext/1886205328/i3c_common.o
 .comment       0x000000000000002b       0x2c build/kf_freertos_fpga/production/_ext/785111490/osal_freertos.o
 .comment       0x000000000000002b       0x2c build/kf_freertos_fpga/production/_ext/825503660/dma.o
 .comment       0x000000000000002b       0x2c build/kf_freertos_fpga/production/_ext/868947740/plib_ec_reg_bank.o
 .comment       0x000000000000002b       0x2c build/kf_freertos_fpga/production/_ext/179210842/plib_ecia.o
 .comment       0x000000000000002b       0x2c build/kf_freertos_fpga/production/_ext/179282931/plib_gpio.o
 .comment       0x000000000000002b       0x2c build/kf_freertos_fpga/production/_ext/825500651/plib_i3c.o
 .comment       0x000000000000002b       0x2c build/kf_freertos_fpga/production/_ext/825500651/plib_i3c_private.o
 .comment       0x000000000000002b       0x2c build/kf_freertos_fpga/production/_ext/179497222/plib_nvic.o
 .comment       0x000000000000002b       0x2c build/kf_freertos_fpga/production/_ext/825492421/plib_pcr.o
 .comment       0x000000000000002b       0x2c build/kf_freertos_fpga/production/_ext/1732944825/uart_api.o
 .comment       0x000000000000002b       0x2c build/kf_freertos_fpga/production/_ext/1732944825/uart_perphl.o
 .comment       0x000000000000002b       0x2c build/kf_freertos_fpga/production/_ext/29258880/exceptions.o
 .comment       0x000000000000002b       0x2c build/kf_freertos_fpga/production/_ext/29258880/freertos_hooks.o
 .comment       0x000000000000002b       0x2c build/kf_freertos_fpga/production/_ext/29258880/initialization.o
 .comment       0x000000000000002b       0x2c build/kf_freertos_fpga/production/_ext/29258880/interrupts.o
 .comment       0x000000000000002b       0x2c build/kf_freertos_fpga/production/_ext/29258880/startup_xc32.o
 .comment       0x000000000000002b       0x2c build/kf_freertos_fpga/production/_ext/29258880/tasks.o
 .comment       0x000000000000002b       0x2c build/kf_freertos_fpga/production/_ext/246609638/port.o
 .comment       0x000000000000002b       0x2c build/kf_freertos_fpga/production/_ext/1665200909/heap_1.o
 .comment       0x000000000000002b       0x2c build/kf_freertos_fpga/production/_ext/404212886/queue.o
 .comment       0x000000000000002b       0x2c build/kf_freertos_fpga/production/_ext/404212886/timers.o
 .comment       0x000000000000002b       0x2c build/kf_freertos_fpga/production/_ext/404212886/list.o
 .comment       0x000000000000002b       0x2c build/kf_freertos_fpga/production/_ext/404212886/FreeRTOS_tasks.o
 .comment       0x000000000000002b       0x2c build/kf_freertos_fpga/production/_ext/346071803/log.o
 .comment       0x000000000000002b       0x2c build/kf_freertos_fpga/production/_ext/1521323865/test_pvt_xfer.o
 .comment       0x000000000000002b       0x2c build/kf_freertos_fpga/production/_ext/1521323865/test_ibis.o
 .comment       0x000000000000002b       0x2c build/kf_freertos_fpga/production/_ext/1521323865/tgt_test_pvt_xfer.o
 .comment       0x000000000000002b       0x2c build/kf_freertos_fpga/production/_ext/1521323865/tgt_test_ibis.o
 .comment       0x000000000000002b       0x2c build/kf_freertos_fpga/production/_ext/1360937237/task1.o
 .comment       0x000000000000002b       0x2c build/kf_freertos_fpga/production/_ext/1360937237/main.o
 .comment       0x000000000000002b       0x2c build/kf_freertos_fpga/production/_ext/1360937237/task2.o
 .comment       0x000000000000002b       0x2c build/kf_freertos_fpga/production/_ext/1360937237/task3.o
 .comment       0x000000000000002b       0x2c build/kf_freertos_fpga/production/_ext/1360937237/task4.o
 .comment       0x000000000000002b       0x2c c:/program files/microchip/xc32/v4.45/bin/bin/../../lib/gcc/pic32c/8.3.1/../../../../pic32c/lib/thumb/v7e-m+fp/hard\libpic32c.a(data_init.o)
 .comment       0x000000000000002b       0x2c c:/program files/microchip/xc32/v4.45/bin/bin/../../lib/gcc/pic32c/8.3.1/../../../../pic32c/lib/thumb/v7e-m+fp/hard\libc-size-musl.a(memcpy.o)
 .comment       0x000000000000002b       0x2c c:/program files/microchip/xc32/v4.45/bin/bin/../../lib/gcc/pic32c/8.3.1/../../../../pic32c/lib/thumb/v7e-m+fp/hard\libc-size-musl.a(memset.o)
 .comment       0x000000000000002b       0x2c c:/program files/microchip/xc32/v4.45/bin/bin/../../lib/gcc/pic32c/8.3.1/../../../../pic32c/lib/thumb/v7e-m+fp/hard\libc-musl.a(__libc_start_main.o)
 .comment       0x000000000000002b       0x2c c:/program files/microchip/xc32/v4.45/bin/bin/../../lib/gcc/pic32c/8.3.1/../../../../pic32c/lib/thumb/v7e-m+fp/hard\libc-musl.a(libc.o)
 .comment       0x000000000000002b       0x2c c:/program files/microchip/xc32/v4.45/bin/bin/../../lib/gcc/pic32c/8.3.1/../../../../pic32c/lib/thumb/v7e-m+fp/hard\libc-musl.a(vsprintf.o)
 .comment       0x000000000000002b       0x2c c:/program files/microchip/xc32/v4.45/bin/bin/../../lib/gcc/pic32c/8.3.1/../../../../pic32c/lib/thumb/v7e-m+fp/hard\libc-musl.a(__environ.o)
 .comment       0x000000000000002b       0x2c c:/program files/microchip/xc32/v4.45/bin/bin/../../lib/gcc/pic32c/8.3.1/../../../../pic32c/lib/thumb/v7e-m+fp/hard\libc-musl.a(vsnprintf.o)
 .comment       0x000000000000002b       0x2c c:/program files/microchip/xc32/v4.45/bin/bin/../../lib/gcc/pic32c/8.3.1/../../../../pic32c/lib/thumb/v7e-m+fp/hard\libc-musl.a(__errno_location.o)
 .comment       0x000000000000002b       0x2c c:/program files/microchip/xc32/v4.45/bin/bin/../../lib/gcc/pic32c/8.3.1/../../../../pic32c/lib/thumb/v7e-m+fp/hard\libc-musl.a(vfprintf.o)
 .comment       0x000000000000002b       0x2c c:/program files/microchip/xc32/v4.45/bin/bin/../../lib/gcc/pic32c/8.3.1/../../../../pic32c/lib/thumb/v7e-m+fp/hard\libc-musl.a(__pop_float.o)
 .comment       0x000000000000002b       0x2c c:/program files/microchip/xc32/v4.45/bin/bin/../../lib/gcc/pic32c/8.3.1/../../../../pic32c/lib/thumb/v7e-m+fp/hard\libc-musl.a(__pop_int.o)
 .comment       0x000000000000002b       0x2c c:/program files/microchip/xc32/v4.45/bin/bin/../../lib/gcc/pic32c/8.3.1/../../../../pic32c/lib/thumb/v7e-m+fp/hard\libc-musl.a(__pop_ptr.o)
 .comment       0x000000000000002b       0x2c c:/program files/microchip/xc32/v4.45/bin/bin/../../lib/gcc/pic32c/8.3.1/../../../../pic32c/lib/thumb/v7e-m+fp/hard\libc-musl.a(__printf_core.o)
 .comment       0x000000000000002b       0x2c c:/program files/microchip/xc32/v4.45/bin/bin/../../lib/gcc/pic32c/8.3.1/../../../../pic32c/lib/thumb/v7e-m+fp/hard\libc-musl.a(atoi.o)
 .comment       0x000000000000002b       0x2c c:/program files/microchip/xc32/v4.45/bin/bin/../../lib/gcc/pic32c/8.3.1/../../../../pic32c/lib/thumb/v7e-m+fp/hard\libc-musl.a(tolower.o)
 .comment       0x000000000000002b       0x2c c:/program files/microchip/xc32/v4.45/bin/bin/../../lib/gcc/pic32c/8.3.1/../../../../pic32c/lib/thumb/v7e-m+fp/hard\libc-musl.a(__fmt_a.o)
 .comment       0x000000000000002b       0x2c c:/program files/microchip/xc32/v4.45/bin/bin/../../lib/gcc/pic32c/8.3.1/../../../../pic32c/lib/thumb/v7e-m+fp/hard\libc-musl.a(__fmt_d.o)
 .comment       0x000000000000002b       0x2c c:/program files/microchip/xc32/v4.45/bin/bin/../../lib/gcc/pic32c/8.3.1/../../../../pic32c/lib/thumb/v7e-m+fp/hard\libc-musl.a(__fmt_fp.o)
 .comment       0x000000000000002b       0x2c c:/program files/microchip/xc32/v4.45/bin/bin/../../lib/gcc/pic32c/8.3.1/../../../../pic32c/lib/thumb/v7e-m+fp/hard\libc-musl.a(__fmt_o.o)
 .comment       0x000000000000002b       0x2c c:/program files/microchip/xc32/v4.45/bin/bin/../../lib/gcc/pic32c/8.3.1/../../../../pic32c/lib/thumb/v7e-m+fp/hard\libc-musl.a(__fmt_s.o)
 .comment       0x000000000000002b       0x2c c:/program files/microchip/xc32/v4.45/bin/bin/../../lib/gcc/pic32c/8.3.1/../../../../pic32c/lib/thumb/v7e-m+fp/hard\libc-musl.a(__fmt_u.o)
 .comment       0x000000000000002b       0x2c c:/program files/microchip/xc32/v4.45/bin/bin/../../lib/gcc/pic32c/8.3.1/../../../../pic32c/lib/thumb/v7e-m+fp/hard\libc-musl.a(__fmt_x.o)
 .comment       0x000000000000002b       0x2c c:/program files/microchip/xc32/v4.45/bin/bin/../../lib/gcc/pic32c/8.3.1/../../../../pic32c/lib/thumb/v7e-m+fp/hard\libc-musl.a(toupper.o)
 .comment       0x000000000000002b       0x2c c:/program files/microchip/xc32/v4.45/bin/bin/../../lib/gcc/pic32c/8.3.1/../../../../pic32c/lib/thumb/v7e-m+fp/hard\libc-musl.a(__cvt_u.o)
 .comment       0x000000000000002b       0x2c c:/program files/microchip/xc32/v4.45/bin/bin/../../lib/gcc/pic32c/8.3.1/../../../../pic32c/lib/thumb/v7e-m+fp/hard\libm-fast-emfloat.a(fma.o)
 .comment       0x000000000000002b       0x2c c:/program files/microchip/xc32/v4.45/bin/bin/../../lib/gcc/pic32c/8.3.1/../../../../pic32c/lib/thumb/v7e-m+fp/hard\libm-fast-emfloat.a(floor.o)
 .comment       0x000000000000002b       0x2c c:/program files/microchip/xc32/v4.45/bin/bin/../../lib/gcc/pic32c/8.3.1/thumb/v7e-m+fp/hard\libgcc.a(_paritysi2.o)
 .comment       0x000000000000002b       0x2c c:/program files/microchip/xc32/v4.45/bin/bin/../../lib/gcc/pic32c/8.3.1/thumb/v7e-m+fp/hard\libgcc.a(_udivmoddi4.o)
 .comment       0x000000000000002b       0x2c c:/program files/microchip/xc32/v4.45/bin/bin/../../lib/gcc/pic32c/8.3.1/../../../../pic32c/lib/thumb/v7e-m+fp/hard\libc-size-musl.a(strlen.o)
 .comment       0x000000000000002b       0x2c c:/program files/microchip/xc32/v4.45/bin/bin/../../lib/gcc/pic32c/8.3.1/../../../../pic32c/lib/thumb/v7e-m+fp/hard\libc-size-musl.a(strcpy.o)
 .comment       0x000000000000002b       0x2c c:/program files/microchip/xc32/v4.45/bin/bin/../../lib/gcc/pic32c/8.3.1/../../../../pic32c/lib/thumb/v7e-m+fp/hard\libc-size-musl.a(stpcpy.o)
 .comment       0x000000000000002b       0x2c c:/program files/microchip/xc32/v4.45/bin/bin/../../lib/gcc/pic32c/8.3.1/../../../../pic32c/lib/thumb/v7e-m+fp/hard\libpic32c.a(pic32_data_init_clear.o)
 .comment       0x000000000000002b       0x2c c:/program files/microchip/xc32/v4.45/bin/bin/../../lib/gcc/pic32c/8.3.1/../../../../pic32c/lib/thumb/v7e-m+fp/hard\libpic32c.a(pic32_data_init_copy.o)
 .comment       0x000000000000002b       0x2c c:/program files/microchip/xc32/v4.45/bin/bin/../../lib/gcc/pic32c/8.3.1/../../../../pic32c/lib/thumb/v7e-m+fp/hard\libpic32c.a(pic32_data_init_decompress.o)

.debug_info     0x0000000000000000    0x24953
 .debug_info    0x0000000000000000      0x17b build/kf_freertos_fpga/production/_ext/1420773124/serial.o
 .debug_info    0x000000000000017b      0x39a build/kf_freertos_fpga/production/_ext/1420773124/trace.o
 .debug_info    0x0000000000000515     0x3b96 build/kf_freertos_fpga/production/_ext/101992513/drv_i3c.o
 .debug_info    0x00000000000040ab     0x1b67 build/kf_freertos_fpga/production/_ext/101992513/drv_i3c_config.o
 .debug_info    0x0000000000005c12     0x1a27 build/kf_freertos_fpga/production/_ext/1886205328/i3c_ccc.o
 .debug_info    0x0000000000007639     0x1c63 build/kf_freertos_fpga/production/_ext/1886205328/i3c_common.o
 .debug_info    0x000000000000929c      0x50c build/kf_freertos_fpga/production/_ext/785111490/osal_freertos.o
 .debug_info    0x00000000000097a8      0x734 build/kf_freertos_fpga/production/_ext/825503660/dma.o
 .debug_info    0x0000000000009edc      0x6d5 build/kf_freertos_fpga/production/_ext/868947740/plib_ec_reg_bank.o
 .debug_info    0x000000000000a5b1     0x15be build/kf_freertos_fpga/production/_ext/179210842/plib_ecia.o
 .debug_info    0x000000000000bb6f     0x11a7 build/kf_freertos_fpga/production/_ext/179282931/plib_gpio.o
 .debug_info    0x000000000000cd16     0x1ead build/kf_freertos_fpga/production/_ext/825500651/plib_i3c.o
 .debug_info    0x000000000000ebc3     0x24ee build/kf_freertos_fpga/production/_ext/825500651/plib_i3c_private.o
 .debug_info    0x00000000000110b1      0x850 build/kf_freertos_fpga/production/_ext/179497222/plib_nvic.o
 .debug_info    0x0000000000011901      0xcad build/kf_freertos_fpga/production/_ext/825492421/plib_pcr.o
 .debug_info    0x00000000000125ae      0x33e build/kf_freertos_fpga/production/_ext/1732944825/uart_api.o
 .debug_info    0x00000000000128ec      0xb2f build/kf_freertos_fpga/production/_ext/1732944825/uart_perphl.o
 .debug_info    0x000000000001341b      0x11c build/kf_freertos_fpga/production/_ext/29258880/exceptions.o
 .debug_info    0x0000000000013537      0x1e9 build/kf_freertos_fpga/production/_ext/29258880/freertos_hooks.o
 .debug_info    0x0000000000013720      0x177 build/kf_freertos_fpga/production/_ext/29258880/initialization.o
 .debug_info    0x0000000000013897      0xe64 build/kf_freertos_fpga/production/_ext/29258880/interrupts.o
 .debug_info    0x00000000000146fb      0x3ba build/kf_freertos_fpga/production/_ext/29258880/startup_xc32.o
 .debug_info    0x0000000000014ab5      0x24f build/kf_freertos_fpga/production/_ext/29258880/tasks.o
 .debug_info    0x0000000000014d04      0x347 build/kf_freertos_fpga/production/_ext/246609638/port.o
 .debug_info    0x000000000001504b      0x1a4 build/kf_freertos_fpga/production/_ext/1665200909/heap_1.o
 .debug_info    0x00000000000151ef     0x10bc build/kf_freertos_fpga/production/_ext/404212886/queue.o
 .debug_info    0x00000000000162ab      0xb0a build/kf_freertos_fpga/production/_ext/404212886/timers.o
 .debug_info    0x0000000000016db5      0x2f5 build/kf_freertos_fpga/production/_ext/404212886/list.o
 .debug_info    0x00000000000170aa     0x1c2b build/kf_freertos_fpga/production/_ext/404212886/FreeRTOS_tasks.o
 .debug_info    0x0000000000018cd5      0x2dd build/kf_freertos_fpga/production/_ext/346071803/log.o
 .debug_info    0x0000000000018fb2     0x18ca build/kf_freertos_fpga/production/_ext/1521323865/test_pvt_xfer.o
 .debug_info    0x000000000001a87c     0x15cc build/kf_freertos_fpga/production/_ext/1521323865/test_ibis.o
 .debug_info    0x000000000001be48     0x100a build/kf_freertos_fpga/production/_ext/1521323865/tgt_test_pvt_xfer.o
 .debug_info    0x000000000001ce52      0xde4 build/kf_freertos_fpga/production/_ext/1521323865/tgt_test_ibis.o
 .debug_info    0x000000000001dc36     0x111b build/kf_freertos_fpga/production/_ext/1360937237/task1.o
 .debug_info    0x000000000001ed51      0x107 build/kf_freertos_fpga/production/_ext/1360937237/main.o
 .debug_info    0x000000000001ee58      0x930 build/kf_freertos_fpga/production/_ext/1360937237/task2.o
 .debug_info    0x000000000001f788      0x553 build/kf_freertos_fpga/production/_ext/1360937237/task3.o
 .debug_info    0x000000000001fcdb      0x1f8 build/kf_freertos_fpga/production/_ext/1360937237/task4.o
 .debug_info    0x000000000001fed3       0x54 c:/program files/microchip/xc32/v4.45/bin/bin/../../lib/gcc/pic32c/8.3.1/../../../../pic32c/lib/thumb/v7e-m+fp/hard\libpic32c.a(data_init.o)
 .debug_info    0x000000000001ff27       0xf3 c:/program files/microchip/xc32/v4.45/bin/bin/../../lib/gcc/pic32c/8.3.1/../../../../pic32c/lib/thumb/v7e-m+fp/hard\libc-size-musl.a(memcpy.o)
 .debug_info    0x000000000002001a       0xbb c:/program files/microchip/xc32/v4.45/bin/bin/../../lib/gcc/pic32c/8.3.1/../../../../pic32c/lib/thumb/v7e-m+fp/hard\libc-size-musl.a(memset.o)
 .debug_info    0x00000000000200d5      0x2fb c:/program files/microchip/xc32/v4.45/bin/bin/../../lib/gcc/pic32c/8.3.1/../../../../pic32c/lib/thumb/v7e-m+fp/hard\libc-musl.a(__libc_start_main.o)
 .debug_info    0x00000000000203d0      0x276 c:/program files/microchip/xc32/v4.45/bin/bin/../../lib/gcc/pic32c/8.3.1/../../../../pic32c/lib/thumb/v7e-m+fp/hard\libc-musl.a(libc.o)
 .debug_info    0x0000000000020646      0x10e c:/program files/microchip/xc32/v4.45/bin/bin/../../lib/gcc/pic32c/8.3.1/../../../../pic32c/lib/thumb/v7e-m+fp/hard\libc-musl.a(vsprintf.o)
 .debug_info    0x0000000000020754       0x97 c:/program files/microchip/xc32/v4.45/bin/bin/../../lib/gcc/pic32c/8.3.1/../../../../pic32c/lib/thumb/v7e-m+fp/hard\libc-musl.a(__environ.o)
 .debug_info    0x00000000000207eb      0x43a c:/program files/microchip/xc32/v4.45/bin/bin/../../lib/gcc/pic32c/8.3.1/../../../../pic32c/lib/thumb/v7e-m+fp/hard\libc-musl.a(vsnprintf.o)
 .debug_info    0x0000000000020c25       0x5b c:/program files/microchip/xc32/v4.45/bin/bin/../../lib/gcc/pic32c/8.3.1/../../../../pic32c/lib/thumb/v7e-m+fp/hard\libc-musl.a(__errno_location.o)
 .debug_info    0x0000000000020c80      0x406 c:/program files/microchip/xc32/v4.45/bin/bin/../../lib/gcc/pic32c/8.3.1/../../../../pic32c/lib/thumb/v7e-m+fp/hard\libc-musl.a(vfprintf.o)
 .debug_info    0x0000000000021086      0x162 c:/program files/microchip/xc32/v4.45/bin/bin/../../lib/gcc/pic32c/8.3.1/../../../../pic32c/lib/thumb/v7e-m+fp/hard\libc-musl.a(__pop_float.o)
 .debug_info    0x00000000000211e8      0x183 c:/program files/microchip/xc32/v4.45/bin/bin/../../lib/gcc/pic32c/8.3.1/../../../../pic32c/lib/thumb/v7e-m+fp/hard\libc-musl.a(__pop_int.o)
 .debug_info    0x000000000002136b      0x187 c:/program files/microchip/xc32/v4.45/bin/bin/../../lib/gcc/pic32c/8.3.1/../../../../pic32c/lib/thumb/v7e-m+fp/hard\libc-musl.a(__pop_ptr.o)
 .debug_info    0x00000000000214f2      0xa5d c:/program files/microchip/xc32/v4.45/bin/bin/../../lib/gcc/pic32c/8.3.1/../../../../pic32c/lib/thumb/v7e-m+fp/hard\libc-musl.a(__printf_core.o)
 .debug_info    0x0000000000021f4f       0xf4 c:/program files/microchip/xc32/v4.45/bin/bin/../../lib/gcc/pic32c/8.3.1/../../../../pic32c/lib/thumb/v7e-m+fp/hard\libc-musl.a(atoi.o)
 .debug_info    0x0000000000022043      0x12b c:/program files/microchip/xc32/v4.45/bin/bin/../../lib/gcc/pic32c/8.3.1/../../../../pic32c/lib/thumb/v7e-m+fp/hard\libc-musl.a(tolower.o)
 .debug_info    0x000000000002216e      0x646 c:/program files/microchip/xc32/v4.45/bin/bin/../../lib/gcc/pic32c/8.3.1/../../../../pic32c/lib/thumb/v7e-m+fp/hard\libc-musl.a(__fmt_a.o)
 .debug_info    0x00000000000227b4      0x330 c:/program files/microchip/xc32/v4.45/bin/bin/../../lib/gcc/pic32c/8.3.1/../../../../pic32c/lib/thumb/v7e-m+fp/hard\libc-musl.a(__fmt_d.o)
 .debug_info    0x0000000000022ae4      0x673 c:/program files/microchip/xc32/v4.45/bin/bin/../../lib/gcc/pic32c/8.3.1/../../../../pic32c/lib/thumb/v7e-m+fp/hard\libc-musl.a(__fmt_fp.o)
 .debug_info    0x0000000000023157      0x301 c:/program files/microchip/xc32/v4.45/bin/bin/../../lib/gcc/pic32c/8.3.1/../../../../pic32c/lib/thumb/v7e-m+fp/hard\libc-musl.a(__fmt_o.o)
 .debug_info    0x0000000000023458      0x2b2 c:/program files/microchip/xc32/v4.45/bin/bin/../../lib/gcc/pic32c/8.3.1/../../../../pic32c/lib/thumb/v7e-m+fp/hard\libc-musl.a(__fmt_s.o)
 .debug_info    0x000000000002370a      0x301 c:/program files/microchip/xc32/v4.45/bin/bin/../../lib/gcc/pic32c/8.3.1/../../../../pic32c/lib/thumb/v7e-m+fp/hard\libc-musl.a(__fmt_u.o)
 .debug_info    0x0000000000023a0b      0x331 c:/program files/microchip/xc32/v4.45/bin/bin/../../lib/gcc/pic32c/8.3.1/../../../../pic32c/lib/thumb/v7e-m+fp/hard\libc-musl.a(__fmt_x.o)
 .debug_info    0x0000000000023d3c      0x12b c:/program files/microchip/xc32/v4.45/bin/bin/../../lib/gcc/pic32c/8.3.1/../../../../pic32c/lib/thumb/v7e-m+fp/hard\libc-musl.a(toupper.o)
 .debug_info    0x0000000000023e67      0x1d9 c:/program files/microchip/xc32/v4.45/bin/bin/../../lib/gcc/pic32c/8.3.1/../../../../pic32c/lib/thumb/v7e-m+fp/hard\libc-musl.a(__cvt_u.o)
 .debug_info    0x0000000000024040       0x26 c:/program files/microchip/xc32/v4.45/bin/bin/../../lib/gcc/pic32c/8.3.1/thumb/v7e-m+fp/hard\libgcc.a(_aeabi_uldivmod.o)
 .debug_info    0x0000000000024066       0xd1 c:/program files/microchip/xc32/v4.45/bin/bin/../../lib/gcc/pic32c/8.3.1/thumb/v7e-m+fp/hard\libgcc.a(_paritysi2.o)
 .debug_info    0x0000000000024137      0x52a c:/program files/microchip/xc32/v4.45/bin/bin/../../lib/gcc/pic32c/8.3.1/thumb/v7e-m+fp/hard\libgcc.a(_udivmoddi4.o)
 .debug_info    0x0000000000024661       0x26 c:/program files/microchip/xc32/v4.45/bin/bin/../../lib/gcc/pic32c/8.3.1/thumb/v7e-m+fp/hard\libgcc.a(_dvmd_tls.o)
 .debug_info    0x0000000000024687       0xa4 c:/program files/microchip/xc32/v4.45/bin/bin/../../lib/gcc/pic32c/8.3.1/../../../../pic32c/lib/thumb/v7e-m+fp/hard\libc-size-musl.a(strlen.o)
 .debug_info    0x000000000002472b       0xbd c:/program files/microchip/xc32/v4.45/bin/bin/../../lib/gcc/pic32c/8.3.1/../../../../pic32c/lib/thumb/v7e-m+fp/hard\libc-size-musl.a(strcpy.o)
 .debug_info    0x00000000000247e8       0xac c:/program files/microchip/xc32/v4.45/bin/bin/../../lib/gcc/pic32c/8.3.1/../../../../pic32c/lib/thumb/v7e-m+fp/hard\libc-size-musl.a(stpcpy.o)
 .debug_info    0x0000000000024894       0x3f c:/program files/microchip/xc32/v4.45/bin/bin/../../lib/gcc/pic32c/8.3.1/../../../../pic32c/lib/thumb/v7e-m+fp/hard\libpic32c.a(pic32_data_init_clear.o)
 .debug_info    0x00000000000248d3       0x40 c:/program files/microchip/xc32/v4.45/bin/bin/../../lib/gcc/pic32c/8.3.1/../../../../pic32c/lib/thumb/v7e-m+fp/hard\libpic32c.a(pic32_data_init_copy.o)
 .debug_info    0x0000000000024913       0x40 c:/program files/microchip/xc32/v4.45/bin/bin/../../lib/gcc/pic32c/8.3.1/../../../../pic32c/lib/thumb/v7e-m+fp/hard\libpic32c.a(pic32_data_init_decompress.o)

.debug_abbrev   0x0000000000000000     0x657f
 .debug_abbrev  0x0000000000000000       0xa0 build/kf_freertos_fpga/production/_ext/1420773124/serial.o
 .debug_abbrev  0x00000000000000a0      0x172 build/kf_freertos_fpga/production/_ext/1420773124/trace.o
 .debug_abbrev  0x0000000000000212      0x429 build/kf_freertos_fpga/production/_ext/101992513/drv_i3c.o
 .debug_abbrev  0x000000000000063b      0x23a build/kf_freertos_fpga/production/_ext/101992513/drv_i3c_config.o
 .debug_abbrev  0x0000000000000875      0x297 build/kf_freertos_fpga/production/_ext/1886205328/i3c_ccc.o
 .debug_abbrev  0x0000000000000b0c      0x360 build/kf_freertos_fpga/production/_ext/1886205328/i3c_common.o
 .debug_abbrev  0x0000000000000e6c      0x169 build/kf_freertos_fpga/production/_ext/785111490/osal_freertos.o
 .debug_abbrev  0x0000000000000fd5      0x1fa build/kf_freertos_fpga/production/_ext/825503660/dma.o
 .debug_abbrev  0x00000000000011cf      0x11b build/kf_freertos_fpga/production/_ext/868947740/plib_ec_reg_bank.o
 .debug_abbrev  0x00000000000012ea      0x1e9 build/kf_freertos_fpga/production/_ext/179210842/plib_ecia.o
 .debug_abbrev  0x00000000000014d3      0x1cf build/kf_freertos_fpga/production/_ext/179282931/plib_gpio.o
 .debug_abbrev  0x00000000000016a2      0x261 build/kf_freertos_fpga/production/_ext/825500651/plib_i3c.o
 .debug_abbrev  0x0000000000001903      0x22a build/kf_freertos_fpga/production/_ext/825500651/plib_i3c_private.o
 .debug_abbrev  0x0000000000001b2d      0x1f9 build/kf_freertos_fpga/production/_ext/179497222/plib_nvic.o
 .debug_abbrev  0x0000000000001d26      0x15f build/kf_freertos_fpga/production/_ext/825492421/plib_pcr.o
 .debug_abbrev  0x0000000000001e85       0xe5 build/kf_freertos_fpga/production/_ext/1732944825/uart_api.o
 .debug_abbrev  0x0000000000001f6a      0x1d2 build/kf_freertos_fpga/production/_ext/1732944825/uart_perphl.o
 .debug_abbrev  0x000000000000213c       0x49 build/kf_freertos_fpga/production/_ext/29258880/exceptions.o
 .debug_abbrev  0x0000000000002185      0x121 build/kf_freertos_fpga/production/_ext/29258880/freertos_hooks.o
 .debug_abbrev  0x00000000000022a6       0xe0 build/kf_freertos_fpga/production/_ext/29258880/initialization.o
 .debug_abbrev  0x0000000000002386       0xeb build/kf_freertos_fpga/production/_ext/29258880/interrupts.o
 .debug_abbrev  0x0000000000002471      0x195 build/kf_freertos_fpga/production/_ext/29258880/startup_xc32.o
 .debug_abbrev  0x0000000000002606      0x11b build/kf_freertos_fpga/production/_ext/29258880/tasks.o
 .debug_abbrev  0x0000000000002721      0x217 build/kf_freertos_fpga/production/_ext/246609638/port.o
 .debug_abbrev  0x0000000000002938      0x129 build/kf_freertos_fpga/production/_ext/1665200909/heap_1.o
 .debug_abbrev  0x0000000000002a61      0x221 build/kf_freertos_fpga/production/_ext/404212886/queue.o
 .debug_abbrev  0x0000000000002c82      0x1ff build/kf_freertos_fpga/production/_ext/404212886/timers.o
 .debug_abbrev  0x0000000000002e81      0x100 build/kf_freertos_fpga/production/_ext/404212886/list.o
 .debug_abbrev  0x0000000000002f81      0x2ba build/kf_freertos_fpga/production/_ext/404212886/FreeRTOS_tasks.o
 .debug_abbrev  0x000000000000323b      0x1b7 build/kf_freertos_fpga/production/_ext/346071803/log.o
 .debug_abbrev  0x00000000000033f2      0x2a9 build/kf_freertos_fpga/production/_ext/1521323865/test_pvt_xfer.o
 .debug_abbrev  0x000000000000369b      0x292 build/kf_freertos_fpga/production/_ext/1521323865/test_ibis.o
 .debug_abbrev  0x000000000000392d      0x280 build/kf_freertos_fpga/production/_ext/1521323865/tgt_test_pvt_xfer.o
 .debug_abbrev  0x0000000000003bad      0x216 build/kf_freertos_fpga/production/_ext/1521323865/tgt_test_ibis.o
 .debug_abbrev  0x0000000000003dc3      0x2b0 build/kf_freertos_fpga/production/_ext/1360937237/task1.o
 .debug_abbrev  0x0000000000004073       0x8d build/kf_freertos_fpga/production/_ext/1360937237/main.o
 .debug_abbrev  0x0000000000004100      0x20e build/kf_freertos_fpga/production/_ext/1360937237/task2.o
 .debug_abbrev  0x000000000000430e      0x116 build/kf_freertos_fpga/production/_ext/1360937237/task3.o
 .debug_abbrev  0x0000000000004424      0x134 build/kf_freertos_fpga/production/_ext/1360937237/task4.o
 .debug_abbrev  0x0000000000004558       0x44 c:/program files/microchip/xc32/v4.45/bin/bin/../../lib/gcc/pic32c/8.3.1/../../../../pic32c/lib/thumb/v7e-m+fp/hard\libpic32c.a(data_init.o)
 .debug_abbrev  0x000000000000459c       0xbb c:/program files/microchip/xc32/v4.45/bin/bin/../../lib/gcc/pic32c/8.3.1/../../../../pic32c/lib/thumb/v7e-m+fp/hard\libc-size-musl.a(memcpy.o)
 .debug_abbrev  0x0000000000004657       0xa2 c:/program files/microchip/xc32/v4.45/bin/bin/../../lib/gcc/pic32c/8.3.1/../../../../pic32c/lib/thumb/v7e-m+fp/hard\libc-size-musl.a(memset.o)
 .debug_abbrev  0x00000000000046f9      0x133 c:/program files/microchip/xc32/v4.45/bin/bin/../../lib/gcc/pic32c/8.3.1/../../../../pic32c/lib/thumb/v7e-m+fp/hard\libc-musl.a(__libc_start_main.o)
 .debug_abbrev  0x000000000000482c       0xd4 c:/program files/microchip/xc32/v4.45/bin/bin/../../lib/gcc/pic32c/8.3.1/../../../../pic32c/lib/thumb/v7e-m+fp/hard\libc-musl.a(libc.o)
 .debug_abbrev  0x0000000000004900       0xce c:/program files/microchip/xc32/v4.45/bin/bin/../../lib/gcc/pic32c/8.3.1/../../../../pic32c/lib/thumb/v7e-m+fp/hard\libc-musl.a(vsprintf.o)
 .debug_abbrev  0x00000000000049ce       0x62 c:/program files/microchip/xc32/v4.45/bin/bin/../../lib/gcc/pic32c/8.3.1/../../../../pic32c/lib/thumb/v7e-m+fp/hard\libc-musl.a(__environ.o)
 .debug_abbrev  0x0000000000004a30      0x195 c:/program files/microchip/xc32/v4.45/bin/bin/../../lib/gcc/pic32c/8.3.1/../../../../pic32c/lib/thumb/v7e-m+fp/hard\libc-musl.a(vsnprintf.o)
 .debug_abbrev  0x0000000000004bc5       0x39 c:/program files/microchip/xc32/v4.45/bin/bin/../../lib/gcc/pic32c/8.3.1/../../../../pic32c/lib/thumb/v7e-m+fp/hard\libc-musl.a(__errno_location.o)
 .debug_abbrev  0x0000000000004bfe      0x189 c:/program files/microchip/xc32/v4.45/bin/bin/../../lib/gcc/pic32c/8.3.1/../../../../pic32c/lib/thumb/v7e-m+fp/hard\libc-musl.a(vfprintf.o)
 .debug_abbrev  0x0000000000004d87       0xdc c:/program files/microchip/xc32/v4.45/bin/bin/../../lib/gcc/pic32c/8.3.1/../../../../pic32c/lib/thumb/v7e-m+fp/hard\libc-musl.a(__pop_float.o)
 .debug_abbrev  0x0000000000004e63       0xdc c:/program files/microchip/xc32/v4.45/bin/bin/../../lib/gcc/pic32c/8.3.1/../../../../pic32c/lib/thumb/v7e-m+fp/hard\libc-musl.a(__pop_int.o)
 .debug_abbrev  0x0000000000004f3f       0xed c:/program files/microchip/xc32/v4.45/bin/bin/../../lib/gcc/pic32c/8.3.1/../../../../pic32c/lib/thumb/v7e-m+fp/hard\libc-musl.a(__pop_ptr.o)
 .debug_abbrev  0x000000000000502c      0x332 c:/program files/microchip/xc32/v4.45/bin/bin/../../lib/gcc/pic32c/8.3.1/../../../../pic32c/lib/thumb/v7e-m+fp/hard\libc-musl.a(__printf_core.o)
 .debug_abbrev  0x000000000000535e       0xc6 c:/program files/microchip/xc32/v4.45/bin/bin/../../lib/gcc/pic32c/8.3.1/../../../../pic32c/lib/thumb/v7e-m+fp/hard\libc-musl.a(atoi.o)
 .debug_abbrev  0x0000000000005424      0x108 c:/program files/microchip/xc32/v4.45/bin/bin/../../lib/gcc/pic32c/8.3.1/../../../../pic32c/lib/thumb/v7e-m+fp/hard\libc-musl.a(tolower.o)
 .debug_abbrev  0x000000000000552c      0x1d5 c:/program files/microchip/xc32/v4.45/bin/bin/../../lib/gcc/pic32c/8.3.1/../../../../pic32c/lib/thumb/v7e-m+fp/hard\libc-musl.a(__fmt_a.o)
 .debug_abbrev  0x0000000000005701      0x161 c:/program files/microchip/xc32/v4.45/bin/bin/../../lib/gcc/pic32c/8.3.1/../../../../pic32c/lib/thumb/v7e-m+fp/hard\libc-musl.a(__fmt_d.o)
 .debug_abbrev  0x0000000000005862      0x1f4 c:/program files/microchip/xc32/v4.45/bin/bin/../../lib/gcc/pic32c/8.3.1/../../../../pic32c/lib/thumb/v7e-m+fp/hard\libc-musl.a(__fmt_fp.o)
 .debug_abbrev  0x0000000000005a56      0x161 c:/program files/microchip/xc32/v4.45/bin/bin/../../lib/gcc/pic32c/8.3.1/../../../../pic32c/lib/thumb/v7e-m+fp/hard\libc-musl.a(__fmt_o.o)
 .debug_abbrev  0x0000000000005bb7      0x14c c:/program files/microchip/xc32/v4.45/bin/bin/../../lib/gcc/pic32c/8.3.1/../../../../pic32c/lib/thumb/v7e-m+fp/hard\libc-musl.a(__fmt_s.o)
 .debug_abbrev  0x0000000000005d03      0x161 c:/program files/microchip/xc32/v4.45/bin/bin/../../lib/gcc/pic32c/8.3.1/../../../../pic32c/lib/thumb/v7e-m+fp/hard\libc-musl.a(__fmt_u.o)
 .debug_abbrev  0x0000000000005e64      0x150 c:/program files/microchip/xc32/v4.45/bin/bin/../../lib/gcc/pic32c/8.3.1/../../../../pic32c/lib/thumb/v7e-m+fp/hard\libc-musl.a(__fmt_x.o)
 .debug_abbrev  0x0000000000005fb4      0x108 c:/program files/microchip/xc32/v4.45/bin/bin/../../lib/gcc/pic32c/8.3.1/../../../../pic32c/lib/thumb/v7e-m+fp/hard\libc-musl.a(toupper.o)
 .debug_abbrev  0x00000000000060bc       0xe5 c:/program files/microchip/xc32/v4.45/bin/bin/../../lib/gcc/pic32c/8.3.1/../../../../pic32c/lib/thumb/v7e-m+fp/hard\libc-musl.a(__cvt_u.o)
 .debug_abbrev  0x00000000000061a1       0x14 c:/program files/microchip/xc32/v4.45/bin/bin/../../lib/gcc/pic32c/8.3.1/thumb/v7e-m+fp/hard\libgcc.a(_aeabi_uldivmod.o)
 .debug_abbrev  0x00000000000061b5       0x69 c:/program files/microchip/xc32/v4.45/bin/bin/../../lib/gcc/pic32c/8.3.1/thumb/v7e-m+fp/hard\libgcc.a(_paritysi2.o)
 .debug_abbrev  0x000000000000621e      0x122 c:/program files/microchip/xc32/v4.45/bin/bin/../../lib/gcc/pic32c/8.3.1/thumb/v7e-m+fp/hard\libgcc.a(_udivmoddi4.o)
 .debug_abbrev  0x0000000000006340       0x14 c:/program files/microchip/xc32/v4.45/bin/bin/../../lib/gcc/pic32c/8.3.1/thumb/v7e-m+fp/hard\libgcc.a(_dvmd_tls.o)
 .debug_abbrev  0x0000000000006354       0x91 c:/program files/microchip/xc32/v4.45/bin/bin/../../lib/gcc/pic32c/8.3.1/../../../../pic32c/lib/thumb/v7e-m+fp/hard\libc-size-musl.a(strlen.o)
 .debug_abbrev  0x00000000000063e5       0xa2 c:/program files/microchip/xc32/v4.45/bin/bin/../../lib/gcc/pic32c/8.3.1/../../../../pic32c/lib/thumb/v7e-m+fp/hard\libc-size-musl.a(strcpy.o)
 .debug_abbrev  0x0000000000006487       0x6e c:/program files/microchip/xc32/v4.45/bin/bin/../../lib/gcc/pic32c/8.3.1/../../../../pic32c/lib/thumb/v7e-m+fp/hard\libc-size-musl.a(stpcpy.o)
 .debug_abbrev  0x00000000000064f5       0x2e c:/program files/microchip/xc32/v4.45/bin/bin/../../lib/gcc/pic32c/8.3.1/../../../../pic32c/lib/thumb/v7e-m+fp/hard\libpic32c.a(pic32_data_init_clear.o)
 .debug_abbrev  0x0000000000006523       0x2e c:/program files/microchip/xc32/v4.45/bin/bin/../../lib/gcc/pic32c/8.3.1/../../../../pic32c/lib/thumb/v7e-m+fp/hard\libpic32c.a(pic32_data_init_copy.o)
 .debug_abbrev  0x0000000000006551       0x2e c:/program files/microchip/xc32/v4.45/bin/bin/../../lib/gcc/pic32c/8.3.1/../../../../pic32c/lib/thumb/v7e-m+fp/hard\libpic32c.a(pic32_data_init_decompress.o)

.debug_loc      0x0000000000000000    0x1092b
 .debug_loc     0x0000000000000000       0x94 build/kf_freertos_fpga/production/_ext/1420773124/serial.o
 .debug_loc     0x0000000000000094      0x249 build/kf_freertos_fpga/production/_ext/1420773124/trace.o
 .debug_loc     0x00000000000002dd     0x110e build/kf_freertos_fpga/production/_ext/101992513/drv_i3c.o
 .debug_loc     0x00000000000013eb       0xd4 build/kf_freertos_fpga/production/_ext/101992513/drv_i3c_config.o
 .debug_loc     0x00000000000014bf      0x6e8 build/kf_freertos_fpga/production/_ext/1886205328/i3c_ccc.o
 .debug_loc     0x0000000000001ba7      0xbba build/kf_freertos_fpga/production/_ext/1886205328/i3c_common.o
 .debug_loc     0x0000000000002761      0x4a4 build/kf_freertos_fpga/production/_ext/785111490/osal_freertos.o
 .debug_loc     0x0000000000002c05      0x470 build/kf_freertos_fpga/production/_ext/825503660/dma.o
 .debug_loc     0x0000000000003075      0x8e0 build/kf_freertos_fpga/production/_ext/868947740/plib_ec_reg_bank.o
 .debug_loc     0x0000000000003955      0x504 build/kf_freertos_fpga/production/_ext/179210842/plib_ecia.o
 .debug_loc     0x0000000000003e59      0xb44 build/kf_freertos_fpga/production/_ext/179282931/plib_gpio.o
 .debug_loc     0x000000000000499d      0xda8 build/kf_freertos_fpga/production/_ext/825500651/plib_i3c.o
 .debug_loc     0x0000000000005745     0x2486 build/kf_freertos_fpga/production/_ext/825500651/plib_i3c_private.o
 .debug_loc     0x0000000000007bcb      0x23c build/kf_freertos_fpga/production/_ext/179497222/plib_nvic.o
 .debug_loc     0x0000000000007e07      0x924 build/kf_freertos_fpga/production/_ext/825492421/plib_pcr.o
 .debug_loc     0x000000000000872b      0x1ec build/kf_freertos_fpga/production/_ext/1732944825/uart_api.o
 .debug_loc     0x0000000000008917      0x69c build/kf_freertos_fpga/production/_ext/1732944825/uart_perphl.o
 .debug_loc     0x0000000000008fb3      0x108 build/kf_freertos_fpga/production/_ext/29258880/exceptions.o
 .debug_loc     0x00000000000090bb      0x148 build/kf_freertos_fpga/production/_ext/29258880/freertos_hooks.o
 .debug_loc     0x0000000000009203       0x50 build/kf_freertos_fpga/production/_ext/29258880/initialization.o
 .debug_loc     0x0000000000009253       0x2c build/kf_freertos_fpga/production/_ext/29258880/interrupts.o
 .debug_loc     0x000000000000927f       0x7c build/kf_freertos_fpga/production/_ext/29258880/startup_xc32.o
 .debug_loc     0x00000000000092fb      0x130 build/kf_freertos_fpga/production/_ext/29258880/tasks.o
 .debug_loc     0x000000000000942b      0x274 build/kf_freertos_fpga/production/_ext/246609638/port.o
 .debug_loc     0x000000000000969f      0x134 build/kf_freertos_fpga/production/_ext/1665200909/heap_1.o
 .debug_loc     0x00000000000097d3      0x8a0 build/kf_freertos_fpga/production/_ext/404212886/queue.o
 .debug_loc     0x000000000000a073      0x718 build/kf_freertos_fpga/production/_ext/404212886/timers.o
 .debug_loc     0x000000000000a78b      0x1cc build/kf_freertos_fpga/production/_ext/404212886/list.o
 .debug_loc     0x000000000000a957     0x108c build/kf_freertos_fpga/production/_ext/404212886/FreeRTOS_tasks.o
 .debug_loc     0x000000000000b9e3      0x1f8 build/kf_freertos_fpga/production/_ext/346071803/log.o
 .debug_loc     0x000000000000bbdb      0x281 build/kf_freertos_fpga/production/_ext/1521323865/test_pvt_xfer.o
 .debug_loc     0x000000000000be5c      0x140 build/kf_freertos_fpga/production/_ext/1521323865/test_ibis.o
 .debug_loc     0x000000000000bf9c      0x320 build/kf_freertos_fpga/production/_ext/1521323865/tgt_test_pvt_xfer.o
 .debug_loc     0x000000000000c2bc      0x190 build/kf_freertos_fpga/production/_ext/1521323865/tgt_test_ibis.o
 .debug_loc     0x000000000000c44c      0x2a0 build/kf_freertos_fpga/production/_ext/1360937237/task1.o
 .debug_loc     0x000000000000c6ec       0x64 build/kf_freertos_fpga/production/_ext/1360937237/main.o
 .debug_loc     0x000000000000c750      0x110 build/kf_freertos_fpga/production/_ext/1360937237/task2.o
 .debug_loc     0x000000000000c860       0x70 build/kf_freertos_fpga/production/_ext/1360937237/task3.o
 .debug_loc     0x000000000000c8d0       0x7c build/kf_freertos_fpga/production/_ext/1360937237/task4.o
 .debug_loc     0x000000000000c94c       0x14 c:/program files/microchip/xc32/v4.45/bin/bin/../../lib/gcc/pic32c/8.3.1/../../../../pic32c/lib/thumb/v7e-m+fp/hard\libpic32c.a(data_init.o)
 .debug_loc     0x000000000000c960      0x10b c:/program files/microchip/xc32/v4.45/bin/bin/../../lib/gcc/pic32c/8.3.1/../../../../pic32c/lib/thumb/v7e-m+fp/hard\libc-size-musl.a(memcpy.o)
 .debug_loc     0x000000000000ca6b       0x7d c:/program files/microchip/xc32/v4.45/bin/bin/../../lib/gcc/pic32c/8.3.1/../../../../pic32c/lib/thumb/v7e-m+fp/hard\libc-size-musl.a(memset.o)
 .debug_loc     0x000000000000cae8       0x51 c:/program files/microchip/xc32/v4.45/bin/bin/../../lib/gcc/pic32c/8.3.1/../../../../pic32c/lib/thumb/v7e-m+fp/hard\libc-musl.a(__libc_start_main.o)
 .debug_loc     0x000000000000cb39       0x6c c:/program files/microchip/xc32/v4.45/bin/bin/../../lib/gcc/pic32c/8.3.1/../../../../pic32c/lib/thumb/v7e-m+fp/hard\libc-musl.a(vsprintf.o)
 .debug_loc     0x000000000000cba5       0xeb c:/program files/microchip/xc32/v4.45/bin/bin/../../lib/gcc/pic32c/8.3.1/../../../../pic32c/lib/thumb/v7e-m+fp/hard\libc-musl.a(vsnprintf.o)
 .debug_loc     0x000000000000cc90       0x88 c:/program files/microchip/xc32/v4.45/bin/bin/../../lib/gcc/pic32c/8.3.1/../../../../pic32c/lib/thumb/v7e-m+fp/hard\libc-musl.a(vfprintf.o)
 .debug_loc     0x000000000000cd18       0xa6 c:/program files/microchip/xc32/v4.45/bin/bin/../../lib/gcc/pic32c/8.3.1/../../../../pic32c/lib/thumb/v7e-m+fp/hard\libc-musl.a(__pop_float.o)
 .debug_loc     0x000000000000cdbe      0x2f5 c:/program files/microchip/xc32/v4.45/bin/bin/../../lib/gcc/pic32c/8.3.1/../../../../pic32c/lib/thumb/v7e-m+fp/hard\libc-musl.a(__pop_int.o)
 .debug_loc     0x000000000000d0b3      0x1db c:/program files/microchip/xc32/v4.45/bin/bin/../../lib/gcc/pic32c/8.3.1/../../../../pic32c/lib/thumb/v7e-m+fp/hard\libc-musl.a(__pop_ptr.o)
 .debug_loc     0x000000000000d28e      0x5e9 c:/program files/microchip/xc32/v4.45/bin/bin/../../lib/gcc/pic32c/8.3.1/../../../../pic32c/lib/thumb/v7e-m+fp/hard\libc-musl.a(__printf_core.o)
 .debug_loc     0x000000000000d877       0xd8 c:/program files/microchip/xc32/v4.45/bin/bin/../../lib/gcc/pic32c/8.3.1/../../../../pic32c/lib/thumb/v7e-m+fp/hard\libc-musl.a(atoi.o)
 .debug_loc     0x000000000000d94f       0x4a c:/program files/microchip/xc32/v4.45/bin/bin/../../lib/gcc/pic32c/8.3.1/../../../../pic32c/lib/thumb/v7e-m+fp/hard\libc-musl.a(tolower.o)
 .debug_loc     0x000000000000d999      0xb29 c:/program files/microchip/xc32/v4.45/bin/bin/../../lib/gcc/pic32c/8.3.1/../../../../pic32c/lib/thumb/v7e-m+fp/hard\libc-musl.a(__fmt_a.o)
 .debug_loc     0x000000000000e4c2      0x1ef c:/program files/microchip/xc32/v4.45/bin/bin/../../lib/gcc/pic32c/8.3.1/../../../../pic32c/lib/thumb/v7e-m+fp/hard\libc-musl.a(__fmt_d.o)
 .debug_loc     0x000000000000e6b1      0xa5d c:/program files/microchip/xc32/v4.45/bin/bin/../../lib/gcc/pic32c/8.3.1/../../../../pic32c/lib/thumb/v7e-m+fp/hard\libc-musl.a(__fmt_fp.o)
 .debug_loc     0x000000000000f10e      0x10a c:/program files/microchip/xc32/v4.45/bin/bin/../../lib/gcc/pic32c/8.3.1/../../../../pic32c/lib/thumb/v7e-m+fp/hard\libc-musl.a(__fmt_o.o)
 .debug_loc     0x000000000000f218      0x157 c:/program files/microchip/xc32/v4.45/bin/bin/../../lib/gcc/pic32c/8.3.1/../../../../pic32c/lib/thumb/v7e-m+fp/hard\libc-musl.a(__fmt_s.o)
 .debug_loc     0x000000000000f36f      0x10a c:/program files/microchip/xc32/v4.45/bin/bin/../../lib/gcc/pic32c/8.3.1/../../../../pic32c/lib/thumb/v7e-m+fp/hard\libc-musl.a(__fmt_u.o)
 .debug_loc     0x000000000000f479      0x26d c:/program files/microchip/xc32/v4.45/bin/bin/../../lib/gcc/pic32c/8.3.1/../../../../pic32c/lib/thumb/v7e-m+fp/hard\libc-musl.a(__fmt_x.o)
 .debug_loc     0x000000000000f6e6       0x4a c:/program files/microchip/xc32/v4.45/bin/bin/../../lib/gcc/pic32c/8.3.1/../../../../pic32c/lib/thumb/v7e-m+fp/hard\libc-musl.a(toupper.o)
 .debug_loc     0x000000000000f730      0x197 c:/program files/microchip/xc32/v4.45/bin/bin/../../lib/gcc/pic32c/8.3.1/../../../../pic32c/lib/thumb/v7e-m+fp/hard\libc-musl.a(__cvt_u.o)
 .debug_loc     0x000000000000f8c7       0x7c c:/program files/microchip/xc32/v4.45/bin/bin/../../lib/gcc/pic32c/8.3.1/thumb/v7e-m+fp/hard\libgcc.a(_paritysi2.o)
 .debug_loc     0x000000000000f943      0xe69 c:/program files/microchip/xc32/v4.45/bin/bin/../../lib/gcc/pic32c/8.3.1/thumb/v7e-m+fp/hard\libgcc.a(_udivmoddi4.o)
 .debug_loc     0x00000000000107ac       0x90 c:/program files/microchip/xc32/v4.45/bin/bin/../../lib/gcc/pic32c/8.3.1/../../../../pic32c/lib/thumb/v7e-m+fp/hard\libc-size-musl.a(strlen.o)
 .debug_loc     0x000000000001083c       0x67 c:/program files/microchip/xc32/v4.45/bin/bin/../../lib/gcc/pic32c/8.3.1/../../../../pic32c/lib/thumb/v7e-m+fp/hard\libc-size-musl.a(strcpy.o)
 .debug_loc     0x00000000000108a3       0x60 c:/program files/microchip/xc32/v4.45/bin/bin/../../lib/gcc/pic32c/8.3.1/../../../../pic32c/lib/thumb/v7e-m+fp/hard\libc-size-musl.a(stpcpy.o)
 .debug_loc     0x0000000000010903       0x14 c:/program files/microchip/xc32/v4.45/bin/bin/../../lib/gcc/pic32c/8.3.1/../../../../pic32c/lib/thumb/v7e-m+fp/hard\libpic32c.a(pic32_data_init_copy.o)
 .debug_loc     0x0000000000010917       0x14 c:/program files/microchip/xc32/v4.45/bin/bin/../../lib/gcc/pic32c/8.3.1/../../../../pic32c/lib/thumb/v7e-m+fp/hard\libpic32c.a(pic32_data_init_decompress.o)

.debug_aranges  0x0000000000000000     0x1c18
 .debug_aranges
                0x0000000000000000       0x28 build/kf_freertos_fpga/production/_ext/1420773124/serial.o
 .debug_aranges
                0x0000000000000028       0x50 build/kf_freertos_fpga/production/_ext/1420773124/trace.o
 .debug_aranges
                0x0000000000000078      0x1b8 build/kf_freertos_fpga/production/_ext/101992513/drv_i3c.o
 .debug_aranges
                0x0000000000000230       0x38 build/kf_freertos_fpga/production/_ext/101992513/drv_i3c_config.o
 .debug_aranges
                0x0000000000000268       0xc8 build/kf_freertos_fpga/production/_ext/1886205328/i3c_ccc.o
 .debug_aranges
                0x0000000000000330      0x138 build/kf_freertos_fpga/production/_ext/1886205328/i3c_common.o
 .debug_aranges
                0x0000000000000468       0x90 build/kf_freertos_fpga/production/_ext/785111490/osal_freertos.o
 .debug_aranges
                0x00000000000004f8       0x80 build/kf_freertos_fpga/production/_ext/825503660/dma.o
 .debug_aranges
                0x0000000000000578      0x118 build/kf_freertos_fpga/production/_ext/868947740/plib_ec_reg_bank.o
 .debug_aranges
                0x0000000000000690       0x90 build/kf_freertos_fpga/production/_ext/179210842/plib_ecia.o
 .debug_aranges
                0x0000000000000720      0x118 build/kf_freertos_fpga/production/_ext/179282931/plib_gpio.o
 .debug_aranges
                0x0000000000000838      0x178 build/kf_freertos_fpga/production/_ext/825500651/plib_i3c.o
 .debug_aranges
                0x00000000000009b0      0x348 build/kf_freertos_fpga/production/_ext/825500651/plib_i3c_private.o
 .debug_aranges
                0x0000000000000cf8       0x50 build/kf_freertos_fpga/production/_ext/179497222/plib_nvic.o
 .debug_aranges
                0x0000000000000d48       0xf0 build/kf_freertos_fpga/production/_ext/825492421/plib_pcr.o
 .debug_aranges
                0x0000000000000e38       0x48 build/kf_freertos_fpga/production/_ext/1732944825/uart_api.o
 .debug_aranges
                0x0000000000000e80       0xc0 build/kf_freertos_fpga/production/_ext/1732944825/uart_perphl.o
 .debug_aranges
                0x0000000000000f40       0x48 build/kf_freertos_fpga/production/_ext/29258880/exceptions.o
 .debug_aranges
                0x0000000000000f88       0x40 build/kf_freertos_fpga/production/_ext/29258880/freertos_hooks.o
 .debug_aranges
                0x0000000000000fc8       0x20 build/kf_freertos_fpga/production/_ext/29258880/initialization.o
 .debug_aranges
                0x0000000000000fe8       0x28 build/kf_freertos_fpga/production/_ext/29258880/interrupts.o
 .debug_aranges
                0x0000000000001010       0x30 build/kf_freertos_fpga/production/_ext/29258880/startup_xc32.o
 .debug_aranges
                0x0000000000001040       0x40 build/kf_freertos_fpga/production/_ext/29258880/tasks.o
 .debug_aranges
                0x0000000000001080       0x78 build/kf_freertos_fpga/production/_ext/246609638/port.o
 .debug_aranges
                0x00000000000010f8       0x38 build/kf_freertos_fpga/production/_ext/1665200909/heap_1.o
 .debug_aranges
                0x0000000000001130       0xf0 build/kf_freertos_fpga/production/_ext/404212886/queue.o
 .debug_aranges
                0x0000000000001220       0xd0 build/kf_freertos_fpga/production/_ext/404212886/timers.o
 .debug_aranges
                0x00000000000012f0       0x40 build/kf_freertos_fpga/production/_ext/404212886/list.o
 .debug_aranges
                0x0000000000001330      0x1b8 build/kf_freertos_fpga/production/_ext/404212886/FreeRTOS_tasks.o
 .debug_aranges
                0x00000000000014e8       0x48 build/kf_freertos_fpga/production/_ext/346071803/log.o
 .debug_aranges
                0x0000000000001530       0x58 build/kf_freertos_fpga/production/_ext/1521323865/test_pvt_xfer.o
 .debug_aranges
                0x0000000000001588       0x38 build/kf_freertos_fpga/production/_ext/1521323865/test_ibis.o
 .debug_aranges
                0x00000000000015c0       0x68 build/kf_freertos_fpga/production/_ext/1521323865/tgt_test_pvt_xfer.o
 .debug_aranges
                0x0000000000001628       0x40 build/kf_freertos_fpga/production/_ext/1521323865/tgt_test_ibis.o
 .debug_aranges
                0x0000000000001668       0x60 build/kf_freertos_fpga/production/_ext/1360937237/task1.o
 .debug_aranges
                0x00000000000016c8       0x28 build/kf_freertos_fpga/production/_ext/1360937237/main.o
 .debug_aranges
                0x00000000000016f0       0x38 build/kf_freertos_fpga/production/_ext/1360937237/task2.o
 .debug_aranges
                0x0000000000001728       0x28 build/kf_freertos_fpga/production/_ext/1360937237/task3.o
 .debug_aranges
                0x0000000000001750       0x28 build/kf_freertos_fpga/production/_ext/1360937237/task4.o
 .debug_aranges
                0x0000000000001778       0x28 c:/program files/microchip/xc32/v4.45/bin/bin/../../lib/gcc/pic32c/8.3.1/../../../../pic32c/lib/thumb/v7e-m+fp/hard\libpic32c.a(data_init.o)
 .debug_aranges
                0x00000000000017a0       0x20 c:/program files/microchip/xc32/v4.45/bin/bin/../../lib/gcc/pic32c/8.3.1/../../../../pic32c/lib/thumb/v7e-m+fp/hard\libc-size-musl.a(memcpy.o)
 .debug_aranges
                0x00000000000017c0       0x20 c:/program files/microchip/xc32/v4.45/bin/bin/../../lib/gcc/pic32c/8.3.1/../../../../pic32c/lib/thumb/v7e-m+fp/hard\libc-size-musl.a(memset.o)
 .debug_aranges
                0x00000000000017e0       0x28 c:/program files/microchip/xc32/v4.45/bin/bin/../../lib/gcc/pic32c/8.3.1/../../../../pic32c/lib/thumb/v7e-m+fp/hard\libc-musl.a(__libc_start_main.o)
 .debug_aranges
                0x0000000000001808       0x18 c:/program files/microchip/xc32/v4.45/bin/bin/../../lib/gcc/pic32c/8.3.1/../../../../pic32c/lib/thumb/v7e-m+fp/hard\libc-musl.a(libc.o)
 .debug_aranges
                0x0000000000001820       0x20 c:/program files/microchip/xc32/v4.45/bin/bin/../../lib/gcc/pic32c/8.3.1/../../../../pic32c/lib/thumb/v7e-m+fp/hard\libc-musl.a(vsprintf.o)
 .debug_aranges
                0x0000000000001840       0x18 c:/program files/microchip/xc32/v4.45/bin/bin/../../lib/gcc/pic32c/8.3.1/../../../../pic32c/lib/thumb/v7e-m+fp/hard\libc-musl.a(__environ.o)
 .debug_aranges
                0x0000000000001858       0x20 c:/program files/microchip/xc32/v4.45/bin/bin/../../lib/gcc/pic32c/8.3.1/../../../../pic32c/lib/thumb/v7e-m+fp/hard\libc-musl.a(vsnprintf.o)
 .debug_aranges
                0x0000000000001878       0x18 c:/program files/microchip/xc32/v4.45/bin/bin/../../lib/gcc/pic32c/8.3.1/../../../../pic32c/lib/thumb/v7e-m+fp/hard\libc-musl.a(__errno_location.o)
 .debug_aranges
                0x0000000000001890       0x28 c:/program files/microchip/xc32/v4.45/bin/bin/../../lib/gcc/pic32c/8.3.1/../../../../pic32c/lib/thumb/v7e-m+fp/hard\libc-musl.a(vfprintf.o)
 .debug_aranges
                0x00000000000018b8       0x20 c:/program files/microchip/xc32/v4.45/bin/bin/../../lib/gcc/pic32c/8.3.1/../../../../pic32c/lib/thumb/v7e-m+fp/hard\libc-musl.a(__pop_float.o)
 .debug_aranges
                0x00000000000018d8       0x20 c:/program files/microchip/xc32/v4.45/bin/bin/../../lib/gcc/pic32c/8.3.1/../../../../pic32c/lib/thumb/v7e-m+fp/hard\libc-musl.a(__pop_int.o)
 .debug_aranges
                0x00000000000018f8       0x20 c:/program files/microchip/xc32/v4.45/bin/bin/../../lib/gcc/pic32c/8.3.1/../../../../pic32c/lib/thumb/v7e-m+fp/hard\libc-musl.a(__pop_ptr.o)
 .debug_aranges
                0x0000000000001918       0x50 c:/program files/microchip/xc32/v4.45/bin/bin/../../lib/gcc/pic32c/8.3.1/../../../../pic32c/lib/thumb/v7e-m+fp/hard\libc-musl.a(__printf_core.o)
 .debug_aranges
                0x0000000000001968       0x20 c:/program files/microchip/xc32/v4.45/bin/bin/../../lib/gcc/pic32c/8.3.1/../../../../pic32c/lib/thumb/v7e-m+fp/hard\libc-musl.a(atoi.o)
 .debug_aranges
                0x0000000000001988       0x28 c:/program files/microchip/xc32/v4.45/bin/bin/../../lib/gcc/pic32c/8.3.1/../../../../pic32c/lib/thumb/v7e-m+fp/hard\libc-musl.a(tolower.o)
 .debug_aranges
                0x00000000000019b0       0x20 c:/program files/microchip/xc32/v4.45/bin/bin/../../lib/gcc/pic32c/8.3.1/../../../../pic32c/lib/thumb/v7e-m+fp/hard\libc-musl.a(__fmt_a.o)
 .debug_aranges
                0x00000000000019d0       0x20 c:/program files/microchip/xc32/v4.45/bin/bin/../../lib/gcc/pic32c/8.3.1/../../../../pic32c/lib/thumb/v7e-m+fp/hard\libc-musl.a(__fmt_d.o)
 .debug_aranges
                0x00000000000019f0       0x20 c:/program files/microchip/xc32/v4.45/bin/bin/../../lib/gcc/pic32c/8.3.1/../../../../pic32c/lib/thumb/v7e-m+fp/hard\libc-musl.a(__fmt_fp.o)
 .debug_aranges
                0x0000000000001a10       0x20 c:/program files/microchip/xc32/v4.45/bin/bin/../../lib/gcc/pic32c/8.3.1/../../../../pic32c/lib/thumb/v7e-m+fp/hard\libc-musl.a(__fmt_o.o)
 .debug_aranges
                0x0000000000001a30       0x20 c:/program files/microchip/xc32/v4.45/bin/bin/../../lib/gcc/pic32c/8.3.1/../../../../pic32c/lib/thumb/v7e-m+fp/hard\libc-musl.a(__fmt_s.o)
 .debug_aranges
                0x0000000000001a50       0x20 c:/program files/microchip/xc32/v4.45/bin/bin/../../lib/gcc/pic32c/8.3.1/../../../../pic32c/lib/thumb/v7e-m+fp/hard\libc-musl.a(__fmt_u.o)
 .debug_aranges
                0x0000000000001a70       0x20 c:/program files/microchip/xc32/v4.45/bin/bin/../../lib/gcc/pic32c/8.3.1/../../../../pic32c/lib/thumb/v7e-m+fp/hard\libc-musl.a(__fmt_x.o)
 .debug_aranges
                0x0000000000001a90       0x28 c:/program files/microchip/xc32/v4.45/bin/bin/../../lib/gcc/pic32c/8.3.1/../../../../pic32c/lib/thumb/v7e-m+fp/hard\libc-musl.a(toupper.o)
 .debug_aranges
                0x0000000000001ab8       0x20 c:/program files/microchip/xc32/v4.45/bin/bin/../../lib/gcc/pic32c/8.3.1/../../../../pic32c/lib/thumb/v7e-m+fp/hard\libc-musl.a(__cvt_u.o)
 .debug_aranges
                0x0000000000001ad8       0x20 c:/program files/microchip/xc32/v4.45/bin/bin/../../lib/gcc/pic32c/8.3.1/thumb/v7e-m+fp/hard\libgcc.a(_aeabi_uldivmod.o)
 .debug_aranges
                0x0000000000001af8       0x20 c:/program files/microchip/xc32/v4.45/bin/bin/../../lib/gcc/pic32c/8.3.1/thumb/v7e-m+fp/hard\libgcc.a(_paritysi2.o)
 .debug_aranges
                0x0000000000001b18       0x20 c:/program files/microchip/xc32/v4.45/bin/bin/../../lib/gcc/pic32c/8.3.1/thumb/v7e-m+fp/hard\libgcc.a(_udivmoddi4.o)
 .debug_aranges
                0x0000000000001b38       0x20 c:/program files/microchip/xc32/v4.45/bin/bin/../../lib/gcc/pic32c/8.3.1/thumb/v7e-m+fp/hard\libgcc.a(_dvmd_tls.o)
 .debug_aranges
                0x0000000000001b58       0x20 c:/program files/microchip/xc32/v4.45/bin/bin/../../lib/gcc/pic32c/8.3.1/../../../../pic32c/lib/thumb/v7e-m+fp/hard\libc-size-musl.a(strlen.o)
 .debug_aranges
                0x0000000000001b78       0x20 c:/program files/microchip/xc32/v4.45/bin/bin/../../lib/gcc/pic32c/8.3.1/../../../../pic32c/lib/thumb/v7e-m+fp/hard\libc-size-musl.a(strcpy.o)
 .debug_aranges
                0x0000000000001b98       0x20 c:/program files/microchip/xc32/v4.45/bin/bin/../../lib/gcc/pic32c/8.3.1/../../../../pic32c/lib/thumb/v7e-m+fp/hard\libc-size-musl.a(stpcpy.o)
 .debug_aranges
                0x0000000000001bb8       0x20 c:/program files/microchip/xc32/v4.45/bin/bin/../../lib/gcc/pic32c/8.3.1/../../../../pic32c/lib/thumb/v7e-m+fp/hard\libpic32c.a(pic32_data_init_clear.o)
 .debug_aranges
                0x0000000000001bd8       0x20 c:/program files/microchip/xc32/v4.45/bin/bin/../../lib/gcc/pic32c/8.3.1/../../../../pic32c/lib/thumb/v7e-m+fp/hard\libpic32c.a(pic32_data_init_copy.o)
 .debug_aranges
                0x0000000000001bf8       0x20 c:/program files/microchip/xc32/v4.45/bin/bin/../../lib/gcc/pic32c/8.3.1/../../../../pic32c/lib/thumb/v7e-m+fp/hard\libpic32c.a(pic32_data_init_decompress.o)

.debug_ranges   0x0000000000000000     0x1828
 .debug_ranges  0x0000000000000000       0x18 build/kf_freertos_fpga/production/_ext/1420773124/serial.o
 .debug_ranges  0x0000000000000018       0x58 build/kf_freertos_fpga/production/_ext/1420773124/trace.o
 .debug_ranges  0x0000000000000070      0x1a8 build/kf_freertos_fpga/production/_ext/101992513/drv_i3c.o
 .debug_ranges  0x0000000000000218       0x28 build/kf_freertos_fpga/production/_ext/101992513/drv_i3c_config.o
 .debug_ranges  0x0000000000000240       0xb8 build/kf_freertos_fpga/production/_ext/1886205328/i3c_ccc.o
 .debug_ranges  0x00000000000002f8      0x128 build/kf_freertos_fpga/production/_ext/1886205328/i3c_common.o
 .debug_ranges  0x0000000000000420       0x80 build/kf_freertos_fpga/production/_ext/785111490/osal_freertos.o
 .debug_ranges  0x00000000000004a0       0x70 build/kf_freertos_fpga/production/_ext/825503660/dma.o
 .debug_ranges  0x0000000000000510      0x108 build/kf_freertos_fpga/production/_ext/868947740/plib_ec_reg_bank.o
 .debug_ranges  0x0000000000000618       0x80 build/kf_freertos_fpga/production/_ext/179210842/plib_ecia.o
 .debug_ranges  0x0000000000000698      0x108 build/kf_freertos_fpga/production/_ext/179282931/plib_gpio.o
 .debug_ranges  0x00000000000007a0      0x168 build/kf_freertos_fpga/production/_ext/825500651/plib_i3c.o
 .debug_ranges  0x0000000000000908      0x338 build/kf_freertos_fpga/production/_ext/825500651/plib_i3c_private.o
 .debug_ranges  0x0000000000000c40       0x40 build/kf_freertos_fpga/production/_ext/179497222/plib_nvic.o
 .debug_ranges  0x0000000000000c80       0xe0 build/kf_freertos_fpga/production/_ext/825492421/plib_pcr.o
 .debug_ranges  0x0000000000000d60       0x38 build/kf_freertos_fpga/production/_ext/1732944825/uart_api.o
 .debug_ranges  0x0000000000000d98       0xb0 build/kf_freertos_fpga/production/_ext/1732944825/uart_perphl.o
 .debug_ranges  0x0000000000000e48       0x38 build/kf_freertos_fpga/production/_ext/29258880/exceptions.o
 .debug_ranges  0x0000000000000e80       0x30 build/kf_freertos_fpga/production/_ext/29258880/freertos_hooks.o
 .debug_ranges  0x0000000000000eb0       0x10 build/kf_freertos_fpga/production/_ext/29258880/initialization.o
 .debug_ranges  0x0000000000000ec0       0x18 build/kf_freertos_fpga/production/_ext/29258880/interrupts.o
 .debug_ranges  0x0000000000000ed8       0x20 build/kf_freertos_fpga/production/_ext/29258880/startup_xc32.o
 .debug_ranges  0x0000000000000ef8       0x30 build/kf_freertos_fpga/production/_ext/29258880/tasks.o
 .debug_ranges  0x0000000000000f28       0x68 build/kf_freertos_fpga/production/_ext/246609638/port.o
 .debug_ranges  0x0000000000000f90       0x28 build/kf_freertos_fpga/production/_ext/1665200909/heap_1.o
 .debug_ranges  0x0000000000000fb8       0xe0 build/kf_freertos_fpga/production/_ext/404212886/queue.o
 .debug_ranges  0x0000000000001098       0xc0 build/kf_freertos_fpga/production/_ext/404212886/timers.o
 .debug_ranges  0x0000000000001158       0x30 build/kf_freertos_fpga/production/_ext/404212886/list.o
 .debug_ranges  0x0000000000001188      0x1a8 build/kf_freertos_fpga/production/_ext/404212886/FreeRTOS_tasks.o
 .debug_ranges  0x0000000000001330       0x38 build/kf_freertos_fpga/production/_ext/346071803/log.o
 .debug_ranges  0x0000000000001368       0x48 build/kf_freertos_fpga/production/_ext/1521323865/test_pvt_xfer.o
 .debug_ranges  0x00000000000013b0       0x28 build/kf_freertos_fpga/production/_ext/1521323865/test_ibis.o
 .debug_ranges  0x00000000000013d8       0x58 build/kf_freertos_fpga/production/_ext/1521323865/tgt_test_pvt_xfer.o
 .debug_ranges  0x0000000000001430       0x30 build/kf_freertos_fpga/production/_ext/1521323865/tgt_test_ibis.o
 .debug_ranges  0x0000000000001460       0x50 build/kf_freertos_fpga/production/_ext/1360937237/task1.o
 .debug_ranges  0x00000000000014b0       0x18 build/kf_freertos_fpga/production/_ext/1360937237/main.o
 .debug_ranges  0x00000000000014c8       0x28 build/kf_freertos_fpga/production/_ext/1360937237/task2.o
 .debug_ranges  0x00000000000014f0       0x18 build/kf_freertos_fpga/production/_ext/1360937237/task3.o
 .debug_ranges  0x0000000000001508       0x18 build/kf_freertos_fpga/production/_ext/1360937237/task4.o
 .debug_ranges  0x0000000000001520       0x18 c:/program files/microchip/xc32/v4.45/bin/bin/../../lib/gcc/pic32c/8.3.1/../../../../pic32c/lib/thumb/v7e-m+fp/hard\libpic32c.a(data_init.o)
 .debug_ranges  0x0000000000001538       0x10 c:/program files/microchip/xc32/v4.45/bin/bin/../../lib/gcc/pic32c/8.3.1/../../../../pic32c/lib/thumb/v7e-m+fp/hard\libc-size-musl.a(memcpy.o)
 .debug_ranges  0x0000000000001548       0x10 c:/program files/microchip/xc32/v4.45/bin/bin/../../lib/gcc/pic32c/8.3.1/../../../../pic32c/lib/thumb/v7e-m+fp/hard\libc-size-musl.a(memset.o)
 .debug_ranges  0x0000000000001558       0x40 c:/program files/microchip/xc32/v4.45/bin/bin/../../lib/gcc/pic32c/8.3.1/../../../../pic32c/lib/thumb/v7e-m+fp/hard\libc-musl.a(__libc_start_main.o)
 .debug_ranges  0x0000000000001598       0x10 c:/program files/microchip/xc32/v4.45/bin/bin/../../lib/gcc/pic32c/8.3.1/../../../../pic32c/lib/thumb/v7e-m+fp/hard\libc-musl.a(vsprintf.o)
 .debug_ranges  0x00000000000015a8       0x10 c:/program files/microchip/xc32/v4.45/bin/bin/../../lib/gcc/pic32c/8.3.1/../../../../pic32c/lib/thumb/v7e-m+fp/hard\libc-musl.a(vsnprintf.o)
 .debug_ranges  0x00000000000015b8       0x18 c:/program files/microchip/xc32/v4.45/bin/bin/../../lib/gcc/pic32c/8.3.1/../../../../pic32c/lib/thumb/v7e-m+fp/hard\libc-musl.a(vfprintf.o)
 .debug_ranges  0x00000000000015d0       0x10 c:/program files/microchip/xc32/v4.45/bin/bin/../../lib/gcc/pic32c/8.3.1/../../../../pic32c/lib/thumb/v7e-m+fp/hard\libc-musl.a(__pop_float.o)
 .debug_ranges  0x00000000000015e0       0x10 c:/program files/microchip/xc32/v4.45/bin/bin/../../lib/gcc/pic32c/8.3.1/../../../../pic32c/lib/thumb/v7e-m+fp/hard\libc-musl.a(__pop_int.o)
 .debug_ranges  0x00000000000015f0       0x10 c:/program files/microchip/xc32/v4.45/bin/bin/../../lib/gcc/pic32c/8.3.1/../../../../pic32c/lib/thumb/v7e-m+fp/hard\libc-musl.a(__pop_ptr.o)
 .debug_ranges  0x0000000000001600       0x58 c:/program files/microchip/xc32/v4.45/bin/bin/../../lib/gcc/pic32c/8.3.1/../../../../pic32c/lib/thumb/v7e-m+fp/hard\libc-musl.a(__printf_core.o)
 .debug_ranges  0x0000000000001658       0x10 c:/program files/microchip/xc32/v4.45/bin/bin/../../lib/gcc/pic32c/8.3.1/../../../../pic32c/lib/thumb/v7e-m+fp/hard\libc-musl.a(atoi.o)
 .debug_ranges  0x0000000000001668       0x18 c:/program files/microchip/xc32/v4.45/bin/bin/../../lib/gcc/pic32c/8.3.1/../../../../pic32c/lib/thumb/v7e-m+fp/hard\libc-musl.a(tolower.o)
 .debug_ranges  0x0000000000001680       0x10 c:/program files/microchip/xc32/v4.45/bin/bin/../../lib/gcc/pic32c/8.3.1/../../../../pic32c/lib/thumb/v7e-m+fp/hard\libc-musl.a(__fmt_a.o)
 .debug_ranges  0x0000000000001690       0x10 c:/program files/microchip/xc32/v4.45/bin/bin/../../lib/gcc/pic32c/8.3.1/../../../../pic32c/lib/thumb/v7e-m+fp/hard\libc-musl.a(__fmt_d.o)
 .debug_ranges  0x00000000000016a0       0x10 c:/program files/microchip/xc32/v4.45/bin/bin/../../lib/gcc/pic32c/8.3.1/../../../../pic32c/lib/thumb/v7e-m+fp/hard\libc-musl.a(__fmt_fp.o)
 .debug_ranges  0x00000000000016b0       0x10 c:/program files/microchip/xc32/v4.45/bin/bin/../../lib/gcc/pic32c/8.3.1/../../../../pic32c/lib/thumb/v7e-m+fp/hard\libc-musl.a(__fmt_o.o)
 .debug_ranges  0x00000000000016c0       0x10 c:/program files/microchip/xc32/v4.45/bin/bin/../../lib/gcc/pic32c/8.3.1/../../../../pic32c/lib/thumb/v7e-m+fp/hard\libc-musl.a(__fmt_s.o)
 .debug_ranges  0x00000000000016d0       0x10 c:/program files/microchip/xc32/v4.45/bin/bin/../../lib/gcc/pic32c/8.3.1/../../../../pic32c/lib/thumb/v7e-m+fp/hard\libc-musl.a(__fmt_u.o)
 .debug_ranges  0x00000000000016e0       0x10 c:/program files/microchip/xc32/v4.45/bin/bin/../../lib/gcc/pic32c/8.3.1/../../../../pic32c/lib/thumb/v7e-m+fp/hard\libc-musl.a(__fmt_x.o)
 .debug_ranges  0x00000000000016f0       0x18 c:/program files/microchip/xc32/v4.45/bin/bin/../../lib/gcc/pic32c/8.3.1/../../../../pic32c/lib/thumb/v7e-m+fp/hard\libc-musl.a(toupper.o)
 .debug_ranges  0x0000000000001708       0x10 c:/program files/microchip/xc32/v4.45/bin/bin/../../lib/gcc/pic32c/8.3.1/../../../../pic32c/lib/thumb/v7e-m+fp/hard\libc-musl.a(__cvt_u.o)
 .debug_ranges  0x0000000000001718       0xb0 c:/program files/microchip/xc32/v4.45/bin/bin/../../lib/gcc/pic32c/8.3.1/thumb/v7e-m+fp/hard\libgcc.a(_udivmoddi4.o)
 .debug_ranges  0x00000000000017c8       0x10 c:/program files/microchip/xc32/v4.45/bin/bin/../../lib/gcc/pic32c/8.3.1/../../../../pic32c/lib/thumb/v7e-m+fp/hard\libc-size-musl.a(strlen.o)
 .debug_ranges  0x00000000000017d8       0x10 c:/program files/microchip/xc32/v4.45/bin/bin/../../lib/gcc/pic32c/8.3.1/../../../../pic32c/lib/thumb/v7e-m+fp/hard\libc-size-musl.a(strcpy.o)
 .debug_ranges  0x00000000000017e8       0x10 c:/program files/microchip/xc32/v4.45/bin/bin/../../lib/gcc/pic32c/8.3.1/../../../../pic32c/lib/thumb/v7e-m+fp/hard\libc-size-musl.a(stpcpy.o)
 .debug_ranges  0x00000000000017f8       0x10 c:/program files/microchip/xc32/v4.45/bin/bin/../../lib/gcc/pic32c/8.3.1/../../../../pic32c/lib/thumb/v7e-m+fp/hard\libpic32c.a(pic32_data_init_clear.o)
 .debug_ranges  0x0000000000001808       0x10 c:/program files/microchip/xc32/v4.45/bin/bin/../../lib/gcc/pic32c/8.3.1/../../../../pic32c/lib/thumb/v7e-m+fp/hard\libpic32c.a(pic32_data_init_copy.o)
 .debug_ranges  0x0000000000001818       0x10 c:/program files/microchip/xc32/v4.45/bin/bin/../../lib/gcc/pic32c/8.3.1/../../../../pic32c/lib/thumb/v7e-m+fp/hard\libpic32c.a(pic32_data_init_decompress.o)

.debug_line     0x0000000000000000     0xf393
 .debug_line    0x0000000000000000      0x10e build/kf_freertos_fpga/production/_ext/1420773124/serial.o
 .debug_line    0x000000000000010e      0x28c build/kf_freertos_fpga/production/_ext/1420773124/trace.o
 .debug_line    0x000000000000039a     0x1755 build/kf_freertos_fpga/production/_ext/101992513/drv_i3c.o
 .debug_line    0x0000000000001aef      0x3c3 build/kf_freertos_fpga/production/_ext/101992513/drv_i3c_config.o
 .debug_line    0x0000000000001eb2      0x814 build/kf_freertos_fpga/production/_ext/1886205328/i3c_ccc.o
 .debug_line    0x00000000000026c6      0xa82 build/kf_freertos_fpga/production/_ext/1886205328/i3c_common.o
 .debug_line    0x0000000000003148      0x388 build/kf_freertos_fpga/production/_ext/785111490/osal_freertos.o
 .debug_line    0x00000000000034d0      0x2c8 build/kf_freertos_fpga/production/_ext/825503660/dma.o
 .debug_line    0x0000000000003798      0x396 build/kf_freertos_fpga/production/_ext/868947740/plib_ec_reg_bank.o
 .debug_line    0x0000000000003b2e      0x3b2 build/kf_freertos_fpga/production/_ext/179210842/plib_ecia.o
 .debug_line    0x0000000000003ee0      0x5bf build/kf_freertos_fpga/production/_ext/179282931/plib_gpio.o
 .debug_line    0x000000000000449f      0x826 build/kf_freertos_fpga/production/_ext/825500651/plib_i3c.o
 .debug_line    0x0000000000004cc5      0xfa0 build/kf_freertos_fpga/production/_ext/825500651/plib_i3c_private.o
 .debug_line    0x0000000000005c65      0x296 build/kf_freertos_fpga/production/_ext/179497222/plib_nvic.o
 .debug_line    0x0000000000005efb      0x44f build/kf_freertos_fpga/production/_ext/825492421/plib_pcr.o
 .debug_line    0x000000000000634a      0x1dc build/kf_freertos_fpga/production/_ext/1732944825/uart_api.o
 .debug_line    0x0000000000006526      0x5fb build/kf_freertos_fpga/production/_ext/1732944825/uart_perphl.o
 .debug_line    0x0000000000006b21       0xc9 build/kf_freertos_fpga/production/_ext/29258880/exceptions.o
 .debug_line    0x0000000000006bea      0x1ba build/kf_freertos_fpga/production/_ext/29258880/freertos_hooks.o
 .debug_line    0x0000000000006da4      0x12a build/kf_freertos_fpga/production/_ext/29258880/initialization.o
 .debug_line    0x0000000000006ece       0xd8 build/kf_freertos_fpga/production/_ext/29258880/interrupts.o
 .debug_line    0x0000000000006fa6      0x16e build/kf_freertos_fpga/production/_ext/29258880/startup_xc32.o
 .debug_line    0x0000000000007114      0x1e5 build/kf_freertos_fpga/production/_ext/29258880/tasks.o
 .debug_line    0x00000000000072f9      0x2e1 build/kf_freertos_fpga/production/_ext/246609638/port.o
 .debug_line    0x00000000000075da      0x156 build/kf_freertos_fpga/production/_ext/1665200909/heap_1.o
 .debug_line    0x0000000000007730      0x9c8 build/kf_freertos_fpga/production/_ext/404212886/queue.o
 .debug_line    0x00000000000080f8      0x5b1 build/kf_freertos_fpga/production/_ext/404212886/timers.o
 .debug_line    0x00000000000086a9      0x232 build/kf_freertos_fpga/production/_ext/404212886/list.o
 .debug_line    0x00000000000088db      0xf50 build/kf_freertos_fpga/production/_ext/404212886/FreeRTOS_tasks.o
 .debug_line    0x000000000000982b      0x152 build/kf_freertos_fpga/production/_ext/346071803/log.o
 .debug_line    0x000000000000997d      0x4c1 build/kf_freertos_fpga/production/_ext/1521323865/test_pvt_xfer.o
 .debug_line    0x0000000000009e3e      0x3a8 build/kf_freertos_fpga/production/_ext/1521323865/test_ibis.o
 .debug_line    0x000000000000a1e6      0x34e build/kf_freertos_fpga/production/_ext/1521323865/tgt_test_pvt_xfer.o
 .debug_line    0x000000000000a534      0x3dd build/kf_freertos_fpga/production/_ext/1521323865/tgt_test_ibis.o
 .debug_line    0x000000000000a911      0x5b0 build/kf_freertos_fpga/production/_ext/1360937237/task1.o
 .debug_line    0x000000000000aec1       0xcb build/kf_freertos_fpga/production/_ext/1360937237/main.o
 .debug_line    0x000000000000af8c      0x3f5 build/kf_freertos_fpga/production/_ext/1360937237/task2.o
 .debug_line    0x000000000000b381      0x13b build/kf_freertos_fpga/production/_ext/1360937237/task3.o
 .debug_line    0x000000000000b4bc      0x1a4 build/kf_freertos_fpga/production/_ext/1360937237/task4.o
 .debug_line    0x000000000000b660       0x92 c:/program files/microchip/xc32/v4.45/bin/bin/../../lib/gcc/pic32c/8.3.1/../../../../pic32c/lib/thumb/v7e-m+fp/hard\libpic32c.a(data_init.o)
 .debug_line    0x000000000000b6f2       0xf9 c:/program files/microchip/xc32/v4.45/bin/bin/../../lib/gcc/pic32c/8.3.1/../../../../pic32c/lib/thumb/v7e-m+fp/hard\libc-size-musl.a(memcpy.o)
 .debug_line    0x000000000000b7eb       0xe3 c:/program files/microchip/xc32/v4.45/bin/bin/../../lib/gcc/pic32c/8.3.1/../../../../pic32c/lib/thumb/v7e-m+fp/hard\libc-size-musl.a(memset.o)
 .debug_line    0x000000000000b8ce      0x1c7 c:/program files/microchip/xc32/v4.45/bin/bin/../../lib/gcc/pic32c/8.3.1/../../../../pic32c/lib/thumb/v7e-m+fp/hard\libc-musl.a(__libc_start_main.o)
 .debug_line    0x000000000000ba95       0xb5 c:/program files/microchip/xc32/v4.45/bin/bin/../../lib/gcc/pic32c/8.3.1/../../../../pic32c/lib/thumb/v7e-m+fp/hard\libc-musl.a(libc.o)
 .debug_line    0x000000000000bb4a      0x140 c:/program files/microchip/xc32/v4.45/bin/bin/../../lib/gcc/pic32c/8.3.1/../../../../pic32c/lib/thumb/v7e-m+fp/hard\libc-musl.a(vsprintf.o)
 .debug_line    0x000000000000bc8a       0xfb c:/program files/microchip/xc32/v4.45/bin/bin/../../lib/gcc/pic32c/8.3.1/../../../../pic32c/lib/thumb/v7e-m+fp/hard\libc-musl.a(__environ.o)
 .debug_line    0x000000000000bd85      0x22d c:/program files/microchip/xc32/v4.45/bin/bin/../../lib/gcc/pic32c/8.3.1/../../../../pic32c/lib/thumb/v7e-m+fp/hard\libc-musl.a(vsnprintf.o)
 .debug_line    0x000000000000bfb2       0x9a c:/program files/microchip/xc32/v4.45/bin/bin/../../lib/gcc/pic32c/8.3.1/../../../../pic32c/lib/thumb/v7e-m+fp/hard\libc-musl.a(__errno_location.o)
 .debug_line    0x000000000000c04c      0x1e6 c:/program files/microchip/xc32/v4.45/bin/bin/../../lib/gcc/pic32c/8.3.1/../../../../pic32c/lib/thumb/v7e-m+fp/hard\libc-musl.a(vfprintf.o)
 .debug_line    0x000000000000c232      0x165 c:/program files/microchip/xc32/v4.45/bin/bin/../../lib/gcc/pic32c/8.3.1/../../../../pic32c/lib/thumb/v7e-m+fp/hard\libc-musl.a(__pop_float.o)
 .debug_line    0x000000000000c397      0x200 c:/program files/microchip/xc32/v4.45/bin/bin/../../lib/gcc/pic32c/8.3.1/../../../../pic32c/lib/thumb/v7e-m+fp/hard\libc-musl.a(__pop_int.o)
 .debug_line    0x000000000000c597      0x1e0 c:/program files/microchip/xc32/v4.45/bin/bin/../../lib/gcc/pic32c/8.3.1/../../../../pic32c/lib/thumb/v7e-m+fp/hard\libc-musl.a(__pop_ptr.o)