Archive member included to satisfy reference by file (symbol)

c:/program files/microchip/xc32/v4.45/bin/bin/../../lib/gcc/pic32c/8.3.1/../../../../pic32c/lib/thumb/v7e-m+fp/hard\libpic32c.a(data_init.o)
                              build/kf_freertos_fpga/production/_ext/29258880/startup_xc32.o (__pic32c_data_initialization)
c:/program files/microchip/xc32/v4.45/bin/bin/../../lib/gcc/pic32c/8.3.1/../../../../pic32c/lib/thumb/v7e-m+fp/hard\libc-size-musl.a(memcpy.o)
                              build/kf_freertos_fpga/production/_ext/825500651/plib_i3c_private.o (memcpy)
c:/program files/microchip/xc32/v4.45/bin/bin/../../lib/gcc/pic32c/8.3.1/../../../../pic32c/lib/thumb/v7e-m+fp/hard\libc-size-musl.a(memset.o)
                              build/kf_freertos_fpga/production/_ext/101992513/drv_i3c.o (memset)
c:/program files/microchip/xc32/v4.45/bin/bin/../../lib/gcc/pic32c/8.3.1/../../../../pic32c/lib/thumb/v7e-m+fp/hard\libc-musl.a(__libc_start_main.o)
                              build/kf_freertos_fpga/production/_ext/29258880/startup_xc32.o (__libc_init_array)
c:/program files/microchip/xc32/v4.45/bin/bin/../../lib/gcc/pic32c/8.3.1/../../../../pic32c/lib/thumb/v7e-m+fp/hard\libc-musl.a(libc.o)
                              c:/program files/microchip/xc32/v4.45/bin/bin/../../lib/gcc/pic32c/8.3.1/../../../../pic32c/lib/thumb/v7e-m+fp/hard\libc-musl.a(__libc_start_main.o) (__progname_full)
c:/program files/microchip/xc32/v4.45/bin/bin/../../lib/gcc/pic32c/8.3.1/../../../../pic32c/lib/thumb/v7e-m+fp/hard\libc-musl.a(__environ.o)
                              c:/program files/microchip/xc32/v4.45/bin/bin/../../lib/gcc/pic32c/8.3.1/../../../../pic32c/lib/thumb/v7e-m+fp/hard\libc-musl.a(__libc_start_main.o) (__environ)
c:/program files/microchip/xc32/v4.45/bin/bin/../../lib/gcc/pic32c/8.3.1/thumb/v7e-m+fp/hard\libgcc.a(_paritysi2.o)
                              build/kf_freertos_fpga/production/_ext/825500651/plib_i3c.o (__paritysi2)
c:/program files/microchip/xc32/v4.45/bin/bin/../../lib/gcc/pic32c/8.3.1/../../../../pic32c/lib/thumb/v7e-m+fp/hard\libpic32c.a(pic32_data_init_clear.o)
                              (__dinit_clear_needed)
c:/program files/microchip/xc32/v4.45/bin/bin/../../lib/gcc/pic32c/8.3.1/../../../../pic32c/lib/thumb/v7e-m+fp/hard\libpic32c.a(pic32_data_init_copy.o)
                              (__dinit_copy_needed)
c:/program files/microchip/xc32/v4.45/bin/bin/../../lib/gcc/pic32c/8.3.1/../../../../pic32c/lib/thumb/v7e-m+fp/hard\libpic32c.a(pic32_data_init_decompress.o)
                              (__dinit_decompress_needed)

Microchip PIC32 Memory-Usage Report

ROM Program-Memory Usage
section                    address  length [bytes]      (dec)  Description
-------                 ----------  -------------------------  -----------
.vectors                   0xb0000          0x350         848   
.text                      0xb0350           0x20          32  App's exec code 
.rodata                    0xb0370          0xa58        2648  Read-only const 
.rodata                    0xb0dc8          0x6c8        1736  Read-only const 
.text.test_xfers_all       0xb1490          0x440        1088   
.text._drv_i3c_xfers       0xb18d0          0x418        1048   
.text.DRV_I3C_do_DAA       0xb1ce8          0x344         836   
.dinit                     0xb202c          0x2e0         736   
.rodata                    0xb230c          0x2ac         684  Read-only const 
.text.DRV_I3C_Init         0xb25b8          0x268         616   
.text._drv_i3c_isr_targ    0xb2820          0x244         580   
.text._drv_i3c_isr_xfer    0xb2a64          0x238         568   
.text._drv_i3c_CCC         0xb2c9c          0x218         536   
.text.xTaskIncrementTic    0xb2eb4          0x20c         524   
.text._drv_i3c_isr_targ    0xb30c0          0x1fc         508   
.text.DRV_I3C_target_ib    0xb32bc          0x1d8         472   
.text.xTaskResumeAll       0xb3494          0x1d8         472   
.text._drv_i3c_ibi_isr     0xb366c          0x1b8         440   
.text.i3c_bus_init         0xb3824          0x1b8         440   
.text.xQueueSemaphoreTa    0xb39dc          0x190         400   
.text.xTaskRemoveFromEv    0xb3b6c          0x190         400   
.text.mini_vsnprintf       0xb3cfc          0x17e         382   
.text.Dummy_Handler        0xb3e7a            0x2           2   
.text.DRV_I3C_Xfers        0xb3e7c          0x174         372   
.text.uart_protocol_ini    0xb3ff0          0x170         368   
.text.DRV_I3C_attach_de    0xb4160          0x15c         348   
.text.prvProcessReceive    0xb42bc          0x15c         348   
.text.xQueueGenericSend    0xb4418          0x154         340   
.text.xQueueReceive        0xb456c          0x144         324   
.text.p_uart_line_statu    0xb46b0          0x140         320   
.text.xTaskPriorityInhe    0xb47f0          0x13c         316   
.text.i3c_mec5_tgt_wka_    0xb492c          0x138         312   
[...]
Memory Configuration

Name             Origin             Length             Attributes
rom              0x00000000000b0000 0x0000000000050000 xrl
ram              0x0000000000118000 0x000000000000a000 xw !r
*default*        0x0000000000000000 0xffffffffffffffff

Linker script and memory map

LOAD c:/program files/microchip/xc32/v4.45/bin/bin/../../lib/gcc/pic32c/8.3.1/thumb/v7e-m+fp/hard/crti.o
LOAD c:/program files/microchip/xc32/v4.45/bin/bin/../../lib/gcc/pic32c/8.3.1/thumb/v7e-m+fp/hard/crtbegin.o
LOAD build/kf_freertos_fpga/production/_ext/1420773124/serial.o
LOAD build/kf_freertos_fpga/production/_ext/1420773124/trace.o
LOAD build/kf_freertos_fpga/production/_ext/101992513/drv_i3c.o
LOAD build/kf_freertos_fpga/production/_ext/101992513/drv_i3c_config.o
LOAD build/kf_freertos_fpga/production/_ext/1886205328/i3c_ccc.o
LOAD build/kf_freertos_fpga/production/_ext/1886205328/i3c_common.o
LOAD build/kf_freertos_fpga/production/_ext/785111490/osal_freertos.o
LOAD build/kf_freertos_fpga/production/_ext/825503660/dma.o
LOAD build/kf_freertos_fpga/production/_ext/868947740/plib_ec_reg_bank.o
LOAD build/kf_freertos_fpga/production/_ext/179210842/plib_ecia.o
LOAD build/kf_freertos_fpga/production/_ext/179282931/plib_gpio.o
LOAD build/kf_freertos_fpga/production/_ext/825500651/plib_i3c.o
LOAD build/kf_freertos_fpga/production/_ext/825500651/plib_i3c_private.o
LOAD build/kf_freertos_fpga/production/_ext/179497222/plib_nvic.o
LOAD build/kf_freertos_fpga/production/_ext/825492421/plib_pcr.o
LOAD build/kf_freertos_fpga/production/_ext/1732944825/uart_api.o
LOAD build/kf_freertos_fpga/production/_ext/1732944825/uart_perphl.o
LOAD build/kf_freertos_fpga/production/_ext/1435074362/xc32_monitor.o
LOAD build/kf_freertos_fpga/production/_ext/29258880/exceptions.o
LOAD build/kf_freertos_fpga/production/_ext/29258880/freertos_hooks.o
LOAD build/kf_freertos_fpga/production/_ext/29258880/initialization.o
LOAD build/kf_freertos_fpga/production/_ext/29258880/interrupts.o
LOAD build/kf_freertos_fpga/production/_ext/29258880/libc_syscalls.o
LOAD build/kf_freertos_fpga/production/_ext/29258880/startup_xc32.o
LOAD build/kf_freertos_fpga/production/_ext/29258880/tasks.o
LOAD build/kf_freertos_fpga/production/_ext/246609638/port.o
LOAD build/kf_freertos_fpga/production/_ext/1665200909/heap_1.o
LOAD build/kf_freertos_fpga/production/_ext/404212886/queue.o
LOAD build/kf_freertos_fpga/production/_ext/404212886/croutine.o
LOAD build/kf_freertos_fpga/production/_ext/404212886/timers.o
LOAD build/kf_freertos_fpga/production/_ext/404212886/list.o
LOAD build/kf_freertos_fpga/production/_ext/404212886/FreeRTOS_tasks.o
LOAD build/kf_freertos_fpga/production/_ext/404212886/stream_buffer.o
LOAD build/kf_freertos_fpga/production/_ext/404212886/event_groups.o
LOAD build/kf_freertos_fpga/production/_ext/1521323865/test_ccc.o
LOAD build/kf_freertos_fpga/production/_ext/1521323865/test_pvt_xfer.o
LOAD build/kf_freertos_fpga/production/_ext/1521323865/test_icm42605.o
LOAD build/kf_freertos_fpga/production/_ext/1521323865/test_ibis.o
LOAD build/kf_freertos_fpga/production/_ext/1521323865/tgt_test_pvt_xfer.o
LOAD build/kf_freertos_fpga/production/_ext/1521323865/crc8.o
LOAD build/kf_freertos_fpga/production/_ext/1521323865/tgt_test_ibis.o
LOAD build/kf_freertos_fpga/production/_ext/1360937237/task1.o
LOAD build/kf_freertos_fpga/production/_ext/1360937237/main.o
LOAD build/kf_freertos_fpga/production/_ext/1360937237/task2.o
LOAD build/kf_freertos_fpga/production/_ext/1360937237/task3.o
                0x0000000000000001                __MPLAB_BUILD = 0x1
                0x0000000000100000                __rom_end = (ORIGIN (rom) + LENGTH (rom))
                0x0000000000122000                __ram_end = (ORIGIN (ram) + LENGTH (ram))

.vectors        0x00000000000b0000      0x350
                0x00000000000b0000                . = ALIGN (0x4)
                0x00000000000b0000                _sfixed = .
 *(.vectors .vectors.* .vectors_default .vectors_default.*)
 .vectors.exception_table
                0x00000000000b0000      0x350 build/kf_freertos_fpga/production/_ext/29258880/interrupts.o
                0x00000000000b0000                exception_table
 *(.isr_vector)
 *(.reset*)
 *(.after_vectors)

.text           0x00000000000b0350       0x20
                0x00000000000b0350                . = ALIGN (0x4)
 *(.glue_7t)
 .glue_7t       0x00000000000b0350        0x0 linker stubs
 *(.glue_7)
 .glue_7        0x00000000000b0350        0x0 linker stubs
 *(.gnu.linkonce.r.*)
 *(.ARM.extab* .gnu.linkonce.armextab.*)
                0x00000000000b0350                . = ALIGN (0x4)
 *(.init)
 .init          0x00000000000b0350        0x4 c:/program files/microchip/xc32/v4.45/bin/bin/../../lib/gcc/pic32c/8.3.1/thumb/v7e-m+fp/hard/crti.o
                0x00000000000b0350                _init
 .init          0x00000000000b0354        0x8 c:/program files/microchip/xc32/v4.45/bin/bin/../../lib/gcc/pic32c/8.3.1/thumb/v7e-m+fp/hard/crtn.o
                0x00000000000b035c                . = ALIGN (0x4)
                0x00000000000b035c                __preinit_array_start = .
 *(.preinit_array)
                0x00000000000b035c                __preinit_array_end = .
                0x00000000000b035c                . = ALIGN (0x4)
                0x00000000000b035c                __init_array_start = .
 *(SORT_BY_NAME(.init_array.*))
 *(.init_array)
 .init_array    0x00000000000b035c        0x4 c:/program files/microchip/xc32/v4.45/bin/bin/../../lib/gcc/pic32c/8.3.1/thumb/v7e-m+fp/hard/crtbegin.o
                0x00000000000b0360                __init_array_end = .
                0x00000000000b0360                . = ALIGN (0x4)
 *crtbegin.o(.ctors)
 *(EXCLUDE_FILE(*crtend.o) .ctors)
 *(SORT_BY_NAME(.ctors.*))
 *crtend.o(.ctors)
                0x00000000000b0360                . = ALIGN (0x4)
 *(.fini)
 .fini          0x00000000000b0360        0x4 c:/program files/microchip/xc32/v4.45/bin/bin/../../lib/gcc/pic32c/8.3.1/thumb/v7e-m+fp/hard/crti.o
                0x00000000000b0360                _fini
 .fini          0x00000000000b0364        0x8 c:/program files/microchip/xc32/v4.45/bin/bin/../../lib/gcc/pic32c/8.3.1/thumb/v7e-m+fp/hard/crtn.o
                0x00000000000b036c                . = ALIGN (0x4)
                0x00000000000b036c                __fini_array_start = .
 *(.fini_array)
 .fini_array    0x00000000000b036c        0x4 c:/program files/microchip/xc32/v4.45/bin/bin/../../lib/gcc/pic32c/8.3.1/thumb/v7e-m+fp/hard/crtbegin.o
 *(SORT_BY_NAME(.fini_array.*))
                0x00000000000b0370                __fini_array_end = .
 *crtbegin.o(.dtors)
 *(EXCLUDE_FILE(*crtend.o) .dtors)
 *(SORT_BY_NAME(.dtors.*))
 *crtend.o(.dtors)
                0x00000000000b0370                . = ALIGN (0x4)
                0x00000000000b0370                _efixed = .
                [!provide]                        PROVIDE (__exidx_start = .)

.ARM.exidx
 *(.ARM.exidx* .gnu.linkonce.armexidx.*)
                [!provide]                        PROVIDE (__exidx_end = .)
                0x00000000000b0370                . = ALIGN (0x4)
                0x00000000000b0370                _etext = .

.bss            0x0000000000118000        0x0
                0x0000000000118000                . = ALIGN (0x4)
                0x0000000000118000                __bss_start__ = .
                0x0000000000118000                _sbss = .
                0x0000000000118000                _szero = .
 *(COMMON)
                0x0000000000118000                . = ALIGN (0x4)
                0x0000000000118000                __bss_end__ = .
                0x0000000000118000                _ebss = .
                0x0000000000118000                _ezero = .
                0x0000000000118000                . = ALIGN (0x4)
                0x0000000000118000                _end = .
                0x0000000000121fff                _ram_end_ = ((ORIGIN (ram) + LENGTH (ram)) - 0x1)
                0x0000000000000200                _min_heap_size = 0x200
START GROUP
LOAD c:/program files/microchip/xc32/v4.45/bin/bin/../../lib/gcc/pic32c/8.3.1/../../../../pic32c/lib/thumb/v7e-m+fp/hard\libpic32c.a
LOAD c:/program files/microchip/xc32/v4.45/bin/bin/../../lib/gcc/pic32c/8.3.1/../../../../pic32c/lib/thumb/v7e-m+fp/hard\libc-size-musl.a
LOAD c:/program files/microchip/xc32/v4.45/bin/bin/../../lib/gcc/pic32c/8.3.1/../../../../pic32c/lib/thumb/v7e-m+fp/hard\liblmalloc-musl.a
LOAD c:/program files/microchip/xc32/v4.45/bin/bin/../../lib/gcc/pic32c/8.3.1/../../../../pic32c/lib/thumb/v7e-m+fp/hard\libm-fast-emfloat.a
LOAD c:/program files/microchip/xc32/v4.45/bin/bin/../../lib/gcc/pic32c/8.3.1/../../../../pic32c/lib/thumb/v7e-m+fp/hard\libm-musl.a
LOAD c:/program files/microchip/xc32/v4.45/bin/bin/../../lib/gcc/pic32c/8.3.1/../../../../pic32c/lib/thumb/v7e-m+fp/hard\libc-musl.a
LOAD c:/program files/microchip/xc32/v4.45/bin/bin/../../lib/gcc/pic32c/8.3.1/../../../../pic32c/lib/thumb/v7e-m+fp/hard\libm-fast-emfloat.a
LOAD c:/program files/microchip/xc32/v4.45/bin/bin/../../lib/gcc/pic32c/8.3.1/../../../../pic32c/lib/thumb/v7e-m+fp/hard\libm-musl.a
LOAD c:/program files/microchip/xc32/v4.45/bin/bin/../../lib/gcc/pic32c/8.3.1/thumb/v7e-m+fp/hard\libgcc.a
END GROUP
LOAD c:/program files/microchip/xc32/v4.45/bin/bin/../../lib/gcc/pic32c/8.3.1/thumb/v7e-m+fp/hard/crtend.o
LOAD c:/program files/microchip/xc32/v4.45/bin/bin/../../lib/gcc/pic32c/8.3.1/thumb/v7e-m+fp/hard/crtn.o
OUTPUT(dist/kf_freertos_fpga/production/kf_freertos_fpga.X.production.elf elf32-littlearm)
LOAD data_init
LOAD stack

.ARM.attributes
                0x0000000000000000       0x34
 .ARM.attributes
                0x0000000000000000       0x1e c:/program files/microchip/xc32/v4.45/bin/bin/../../lib/gcc/pic32c/8.3.1/thumb/v7e-m+fp/hard/crti.o
 .ARM.attributes
                0x000000000000001e       0x34 c:/program files/microchip/xc32/v4.45/bin/bin/../../lib/gcc/pic32c/8.3.1/thumb/v7e-m+fp/hard/crtbegin.o
 .ARM.attributes
                0x0000000000000052       0x34 build/kf_freertos_fpga/production/_ext/1420773124/serial.o
 .ARM.attributes
                0x0000000000000086       0x34 build/kf_freertos_fpga/production/_ext/1420773124/trace.o
 .ARM.attributes
                0x00000000000000ba       0x34 build/kf_freertos_fpga/production/_ext/101992513/drv_i3c.o
 .ARM.attributes
                0x00000000000000ee       0x34 build/kf_freertos_fpga/production/_ext/101992513/drv_i3c_config.o
 .ARM.attributes
                0x0000000000000122       0x34 build/kf_freertos_fpga/production/_ext/1886205328/i3c_ccc.o
 .ARM.attributes
                0x0000000000000156       0x34 build/kf_freertos_fpga/production/_ext/1886205328/i3c_common.o
 .ARM.attributes
                0x000000000000018a       0x34 build/kf_freertos_fpga/production/_ext/785111490/osal_freertos.o
 .ARM.attributes
                0x00000000000001be       0x34 build/kf_freertos_fpga/production/_ext/868947740/plib_ec_reg_bank.o
 .ARM.attributes
                0x00000000000001f2       0x34 build/kf_freertos_fpga/production/_ext/179210842/plib_ecia.o
 .ARM.attributes
                0x0000000000000226       0x34 build/kf_freertos_fpga/production/_ext/179282931/plib_gpio.o
 .ARM.attributes
                0x000000000000025a       0x34 build/kf_freertos_fpga/production/_ext/825500651/plib_i3c.o
 .ARM.attributes
                0x000000000000028e       0x34 build/kf_freertos_fpga/production/_ext/825500651/plib_i3c_private.o
 .ARM.attributes
                0x00000000000002c2       0x34 build/kf_freertos_fpga/production/_ext/179497222/plib_nvic.o
 .ARM.attributes
                0x00000000000002f6       0x34 build/kf_freertos_fpga/production/_ext/825492421/plib_pcr.o
 .ARM.attributes
                0x000000000000032a       0x34 build/kf_freertos_fpga/production/_ext/1732944825/uart_api.o
 .ARM.attributes
                0x000000000000035e       0x34 build/kf_freertos_fpga/production/_ext/1732944825/uart_perphl.o
 .ARM.attributes
                0x0000000000000392       0x34 build/kf_freertos_fpga/production/_ext/29258880/exceptions.o
 .ARM.attributes
                0x00000000000003c6       0x34 build/kf_freertos_fpga/production/_ext/29258880/freertos_hooks.o
 .ARM.attributes
                0x00000000000003fa       0x34 build/kf_freertos_fpga/production/_ext/29258880/initialization.o
 .ARM.attributes
                0x000000000000042e       0x34 build/kf_freertos_fpga/production/_ext/29258880/interrupts.o
 .ARM.attributes
                0x0000000000000462       0x34 build/kf_freertos_fpga/production/_ext/29258880/startup_xc32.o
 .ARM.attributes
                0x0000000000000496       0x34 build/kf_freertos_fpga/production/_ext/29258880/tasks.o
 .ARM.attributes
                0x00000000000004ca       0x34 build/kf_freertos_fpga/production/_ext/246609638/port.o
 .ARM.attributes
                0x00000000000004fe       0x34 build/kf_freertos_fpga/production/_ext/1665200909/heap_1.o
 .ARM.attributes
                0x0000000000000532       0x34 build/kf_freertos_fpga/production/_ext/404212886/queue.o
 .ARM.attributes
                0x0000000000000566       0x34 build/kf_freertos_fpga/production/_ext/404212886/timers.o
 .ARM.attributes
                0x000000000000059a       0x34 build/kf_freertos_fpga/production/_ext/404212886/list.o
 .ARM.attributes
                0x00000000000005ce       0x34 build/kf_freertos_fpga/production/_ext/404212886/FreeRTOS_tasks.o
 .ARM.attributes
                0x0000000000000602       0x34 build/kf_freertos_fpga/production/_ext/1521323865/test_pvt_xfer.o
 .ARM.attributes
                0x0000000000000636       0x34 build/kf_freertos_fpga/production/_ext/1521323865/tgt_test_pvt_xfer.o
 .ARM.attributes
                0x000000000000066a       0x34 build/kf_freertos_fpga/production/_ext/1360937237/task1.o
 .ARM.attributes
                0x000000000000069e       0x34 build/kf_freertos_fpga/production/_ext/1360937237/main.o
 .ARM.attributes
                0x00000000000006d2       0x34 build/kf_freertos_fpga/production/_ext/1360937237/task2.o
 .ARM.attributes
                0x0000000000000706       0x34 build/kf_freertos_fpga/production/_ext/1360937237/task3.o
 .ARM.attributes
                0x000000000000073a       0x34 c:/program files/microchip/xc32/v4.45/bin/bin/../../lib/gcc/pic32c/8.3.1/../../../../pic32c/lib/thumb/v7e-m+fp/hard\libpic32c.a(data_init.o)
 .ARM.attributes
                0x000000000000076e       0x36 c:/program files/microchip/xc32/v4.45/bin/bin/../../lib/gcc/pic32c/8.3.1/../../../../pic32c/lib/thumb/v7e-m+fp/hard\libc-size-musl.a(memcpy.o)
 .ARM.attributes
                0x00000000000007a4       0x36 c:/program files/microchip/xc32/v4.45/bin/bin/../../lib/gcc/pic32c/8.3.1/../../../../pic32c/lib/thumb/v7e-m+fp/hard\libc-size-musl.a(memset.o)
 .ARM.attributes
                0x00000000000007da       0x36 c:/program files/microchip/xc32/v4.45/bin/bin/../../lib/gcc/pic32c/8.3.1/../../../../pic32c/lib/thumb/v7e-m+fp/hard\libc-musl.a(__libc_start_main.o)
 .ARM.attributes
                0x0000000000000810       0x34 c:/program files/microchip/xc32/v4.45/bin/bin/../../lib/gcc/pic32c/8.3.1/../../../../pic32c/lib/thumb/v7e-m+fp/hard\libc-musl.a(libc.o)
 .ARM.attributes
                0x0000000000000844       0x34 c:/program files/microchip/xc32/v4.45/bin/bin/../../lib/gcc/pic32c/8.3.1/../../../../pic32c/lib/thumb/v7e-m+fp/hard\libc-musl.a(__environ.o)
 .ARM.attributes
                0x0000000000000878       0x34 c:/program files/microchip/xc32/v4.45/bin/bin/../../lib/gcc/pic32c/8.3.1/thumb/v7e-m+fp/hard\libgcc.a(_paritysi2.o)
 .ARM.attributes
                0x00000000000008ac       0x1e c:/program files/microchip/xc32/v4.45/bin/bin/../../lib/gcc/pic32c/8.3.1/thumb/v7e-m+fp/hard/crtn.o
 .ARM.attributes
                0x00000000000008ca       0x34 c:/program files/microchip/xc32/v4.45/bin/bin/../../lib/gcc/pic32c/8.3.1/../../../../pic32c/lib/thumb/v7e-m+fp/hard\libpic32c.a(pic32_data_init_clear.o)
 .ARM.attributes
                0x00000000000008fe       0x34 c:/program files/microchip/xc32/v4.45/bin/bin/../../lib/gcc/pic32c/8.3.1/../../../../pic32c/lib/thumb/v7e-m+fp/hard\libpic32c.a(pic32_data_init_copy.o)
 .ARM.attributes
                0x0000000000000932       0x34 c:/program files/microchip/xc32/v4.45/bin/bin/../../lib/gcc/pic32c/8.3.1/../../../../pic32c/lib/thumb/v7e-m+fp/hard\libpic32c.a(pic32_data_init_decompress.o)

.comment        0x0000000000000000       0x2b
 .comment       0x0000000000000000       0x2b c:/program files/microchip/xc32/v4.45/bin/bin/../../lib/gcc/pic32c/8.3.1/thumb/v7e-m+fp/hard/crtbegin.o
                                         0x2c (size before relaxing)
 .comment       0x000000000000002b       0x2c build/kf_freertos_fpga/production/_ext/1420773124/serial.o
 .comment       0x000000000000002b       0x2c build/kf_freertos_fpga/production/_ext/1420773124/trace.o
 .comment       0x000000000000002b       0x2c build/kf_freertos_fpga/production/_ext/101992513/drv_i3c.o
 .comment       0x000000000000002b       0x2c build/kf_freertos_fpga/production/_ext/101992513/drv_i3c_config.o
 .comment       0x000000000000002b       0x2c build/kf_freertos_fpga/production/_ext/1886205328/i3c_ccc.o
 .comment       0x000000000000002b       0x2c build/kf_freertos_fpga/production/_ext/1886205328/i3c_common.o
 .comment       0x000000000000002b       0x2c build/kf_freertos_fpga/production/_ext/785111490/osal_freertos.o
 .comment       0x000000000000002b       0x2c build/kf_freertos_fpga/production/_ext/868947740/plib_ec_reg_bank.o
 .comment       0x000000000000002b       0x2c build/kf_freertos_fpga/production/_ext/179210842/plib_ecia.o
 .comment       0x000000000000002b       0x2c build/kf_freertos_fpga/production/_ext/179282931/plib_gpio.o
 .comment       0x000000000000002b       0x2c build/kf_freertos_fpga/production/_ext/825500651/plib_i3c.o
 .comment       0x000000000000002b       0x2c build/kf_freertos_fpga/production/_ext/825500651/plib_i3c_private.o
 .comment       0x000000000000002b       0x2c build/kf_freertos_fpga/production/_ext/179497222/plib_nvic.o
 .comment       0x000000000000002b       0x2c build/kf_freertos_fpga/production/_ext/825492421/plib_pcr.o
 .comment       0x000000000000002b       0x2c build/kf_freertos_fpga/production/_ext/1732944825/uart_api.o
 .comment       0x000000000000002b       0x2c build/kf_freertos_fpga/production/_ext/1732944825/uart_perphl.o
 .comment       0x000000000000002b       0x2c build/kf_freertos_fpga/production/_ext/29258880/exceptions.o
 .comment       0x000000000000002b       0x2c build/kf_freertos_fpga/production/_ext/29258880/freertos_hooks.o
 .comment       0x000000000000002b       0x2c build/kf_freertos_fpga/production/_ext/29258880/initialization.o
 .comment       0x000000000000002b       0x2c build/kf_freertos_fpga/production/_ext/29258880/interrupts.o
 .comment       0x000000000000002b       0x2c build/kf_freertos_fpga/production/_ext/29258880/startup_xc32.o
 .comment       0x000000000000002b       0x2c build/kf_freertos_fpga/production/_ext/29258880/tasks.o
 .comment       0x000000000000002b       0x2c build/kf_freertos_fpga/production/_ext/246609638/port.o
 .comment       0x000000000000002b       0x2c build/kf_freertos_fpga/production/_ext/1665200909/heap_1.o
 .comment       0x000000000000002b       0x2c build/kf_freertos_fpga/production/_ext/404212886/queue.o
 .comment       0x000000000000002b       0x2c build/kf_freertos_fpga/production/_ext/404212886/timers.o
 .comment       0x000000000000002b       0x2c build/kf_freertos_fpga/production/_ext/404212886/list.o
 .comment       0x000000000000002b       0x2c build/kf_freertos_fpga/production/_ext/404212886/FreeRTOS_tasks.o
 .comment       0x000000000000002b       0x2c build/kf_freertos_fpga/production/_ext/1521323865/test_pvt_xfer.o
 .comment       0x000000000000002b       0x2c build/kf_freertos_fpga/production/_ext/1521323865/tgt_test_pvt_xfer.o
 .comment       0x000000000000002b       0x2c build/kf_freertos_fpga/production/_ext/1360937237/task1.o
 .comment       0x000000000000002b       0x2c build/kf_freertos_fpga/production/_ext/1360937237/main.o
 .comment       0x000000000000002b       0x2c build/kf_freertos_fpga/production/_ext/1360937237/task2.o
 .comment       0x000000000000002b       0x2c build/kf_freertos_fpga/production/_ext/1360937237/task3.o
 .comment       0x000000000000002b       0x2c c:/program files/microchip/xc32/v4.45/bin/bin/../../lib/gcc/pic32c/8.3.1/../../../../pic32c/lib/thumb/v7e-m+fp/hard\libpic32c.a(data_init.o)
 .comment       0x000000000000002b       0x2c c:/program files/microchip/xc32/v4.45/bin/bin/../../lib/gcc/pic32c/8.3.1/../../../../pic32c/lib/thumb/v7e-m+fp/hard\libc-size-musl.a(memcpy.o)
 .comment       0x000000000000002b       0x2c c:/program files/microchip/xc32/v4.45/bin/bin/../../lib/gcc/pic32c/8.3.1/../../../../pic32c/lib/thumb/v7e-m+fp/hard\libc-size-musl.a(memset.o)
 .comment       0x000000000000002b       0x2c c:/program files/microchip/xc32/v4.45/bin/bin/../../lib/gcc/pic32c/8.3.1/../../../../pic32c/lib/thumb/v7e-m+fp/hard\libc-musl.a(__libc_start_main.o)
 .comment       0x000000000000002b       0x2c c:/program files/microchip/xc32/v4.45/bin/bin/../../lib/gcc/pic32c/8.3.1/../../../../pic32c/lib/thumb/v7e-m+fp/hard\libc-musl.a(libc.o)
 .comment       0x000000000000002b       0x2c c:/program files/microchip/xc32/v4.45/bin/bin/../../lib/gcc/pic32c/8.3.1/../../../../pic32c/lib/thumb/v7e-m+fp/hard\libc-musl.a(__environ.o)
 .comment       0x000000000000002b       0x2c c:/program files/microchip/xc32/v4.45/bin/bin/../../lib/gcc/pic32c/8.3.1/thumb/v7e-m+fp/hard\libgcc.a(_paritysi2.o)
 .comment       0x000000000000002b       0x2c c:/program files/microchip/xc32/v4.45/bin/bin/../../lib/gcc/pic32c/8.3.1/../../../../pic32c/lib/thumb/v7e-m+fp/hard\libpic32c.a(pic32_data_init_clear.o)
 .comment       0x000000000000002b       0x2c c:/program files/microchip/xc32/v4.45/bin/bin/../../lib/gcc/pic32c/8.3.1/../../../../pic32c/lib/thumb/v7e-m+fp/hard\libpic32c.a(pic32_data_init_copy.o)
 .comment       0x000000000000002b       0x2c c:/program files/microchip/xc32/v4.45/bin/bin/../../lib/gcc/pic32c/8.3.1/../../../../pic32c/lib/thumb/v7e-m+fp/hard\libpic32c.a(pic32_data_init_decompress.o)

.debug_info     0x0000000000000000    0x1d61c
 .debug_info    0x0000000000000000      0x17b build/kf_freertos_fpga/production/_ext/1420773124/serial.o
 .debug_info    0x000000000000017b      0x39a build/kf_freertos_fpga/production/_ext/1420773124/trace.o
 .debug_info    0x0000000000000515     0x3999 build/kf_freertos_fpga/production/_ext/101992513/drv_i3c.o
 .debug_info    0x0000000000003eae     0x1b65 build/kf_freertos_fpga/production/_ext/101992513/drv_i3c_config.o
 .debug_info    0x0000000000005a13     0x1a27 build/kf_freertos_fpga/production/_ext/1886205328/i3c_ccc.o
 .debug_info    0x000000000000743a     0x1c63 build/kf_freertos_fpga/production/_ext/1886205328/i3c_common.o
 .debug_info    0x000000000000909d      0x50c build/kf_freertos_fpga/production/_ext/785111490/osal_freertos.o
 .debug_info    0x00000000000095a9      0x6d5 build/kf_freertos_fpga/production/_ext/868947740/plib_ec_reg_bank.o
 .debug_info    0x0000000000009c7e     0x15be build/kf_freertos_fpga/production/_ext/179210842/plib_ecia.o
 .debug_info    0x000000000000b23c     0x11a7 build/kf_freertos_fpga/production/_ext/179282931/plib_gpio.o
 .debug_info    0x000000000000c3e3     0x1ead build/kf_freertos_fpga/production/_ext/825500651/plib_i3c.o
 .debug_info    0x000000000000e290     0x252b build/kf_freertos_fpga/production/_ext/825500651/plib_i3c_private.o
 .debug_info    0x00000000000107bb      0x850 build/kf_freertos_fpga/production/_ext/179497222/plib_nvic.o
 .debug_info    0x000000000001100b      0xcad build/kf_freertos_fpga/production/_ext/825492421/plib_pcr.o
 .debug_info    0x0000000000011cb8      0x33e build/kf_freertos_fpga/production/_ext/1732944825/uart_api.o
 .debug_info    0x0000000000011ff6      0xb2f build/kf_freertos_fpga/production/_ext/1732944825/uart_perphl.o
 .debug_info    0x0000000000012b25      0x11c build/kf_freertos_fpga/production/_ext/29258880/exceptions.o
 .debug_info    0x0000000000012c41      0x1e9 build/kf_freertos_fpga/production/_ext/29258880/freertos_hooks.o
 .debug_info    0x0000000000012e2a      0x177 build/kf_freertos_fpga/production/_ext/29258880/initialization.o
 .debug_info    0x0000000000012fa1      0xe64 build/kf_freertos_fpga/production/_ext/29258880/interrupts.o
 .debug_info    0x0000000000013e05      0x3ba build/kf_freertos_fpga/production/_ext/29258880/startup_xc32.o
 .debug_info    0x00000000000141bf      0x19e build/kf_freertos_fpga/production/_ext/29258880/tasks.o
 .debug_info    0x000000000001435d      0x347 build/kf_freertos_fpga/production/_ext/246609638/port.o
 .debug_info    0x00000000000146a4      0x1a4 build/kf_freertos_fpga/production/_ext/1665200909/heap_1.o
 .debug_info    0x0000000000014848     0x10bc build/kf_freertos_fpga/production/_ext/404212886/queue.o
 .debug_info    0x0000000000015904      0xb0a build/kf_freertos_fpga/production/_ext/404212886/timers.o
 .debug_info    0x000000000001640e      0x2f5 build/kf_freertos_fpga/production/_ext/404212886/list.o
 .debug_info    0x0000000000016703     0x1c2b build/kf_freertos_fpga/production/_ext/404212886/FreeRTOS_tasks.o
 .debug_info    0x000000000001832e     0x18ed build/kf_freertos_fpga/production/_ext/1521323865/test_pvt_xfer.o
 .debug_info    0x0000000000019c1b     0x1020 build/kf_freertos_fpga/production/_ext/1521323865/tgt_test_pvt_xfer.o
 .debug_info    0x000000000001ac3b     0x1158 build/kf_freertos_fpga/production/_ext/1360937237/task1.o
 .debug_info    0x000000000001bd93       0xa7 build/kf_freertos_fpga/production/_ext/1360937237/main.o
 .debug_info    0x000000000001be3a      0x8f5 build/kf_freertos_fpga/production/_ext/1360937237/task2.o
 .debug_info    0x000000000001c72f      0x553 build/kf_freertos_fpga/production/_ext/1360937237/task3.o
 .debug_info    0x000000000001cc82       0x54 c:/program files/microchip/xc32/v4.45/bin/bin/../../lib/gcc/pic32c/8.3.1/../../../../pic32c/lib/thumb/v7e-m+fp/hard\libpic32c.a(data_init.o)
 .debug_info    0x000000000001ccd6       0xf3 c:/program files/microchip/xc32/v4.45/bin/bin/../../lib/gcc/pic32c/8.3.1/../../../../pic32c/lib/thumb/v7e-m+fp/hard\libc-size-musl.a(memcpy.o)
 .debug_info    0x000000000001cdc9       0xbb c:/program files/microchip/xc32/v4.45/bin/bin/../../lib/gcc/pic32c/8.3.1/../../../../pic32c/lib/thumb/v7e-m+fp/hard\libc-size-musl.a(memset.o)
 .debug_info    0x000000000001ce84      0x2fb c:/program files/microchip/xc32/v4.45/bin/bin/../../lib/gcc/pic32c/8.3.1/../../../../pic32c/lib/thumb/v7e-m+fp/hard\libc-musl.a(__libc_start_main.o)
 .debug_info    0x000000000001d17f      0x276 c:/program files/microchip/xc32/v4.45/bin/bin/../../lib/gcc/pic32c/8.3.1/../../../../pic32c/lib/thumb/v7e-m+fp/hard\libc-musl.a(libc.o)
 .debug_info    0x000000000001d3f5       0x97 c:/program files/microchip/xc32/v4.45/bin/bin/../../lib/gcc/pic32c/8.3.1/../../../../pic32c/lib/thumb/v7e-m+fp/hard\libc-musl.a(__environ.o)
 .debug_info    0x000000000001d48c       0xd1 c:/program files/microchip/xc32/v4.45/bin/bin/../../lib/gcc/pic32c/8.3.1/thumb/v7e-m+fp/hard\libgcc.a(_paritysi2.o)
 .debug_info    0x000000000001d55d       0x3f c:/program files/microchip/xc32/v4.45/bin/bin/../../lib/gcc/pic32c/8.3.1/../../../../pic32c/lib/thumb/v7e-m+fp/hard\libpic32c.a(pic32_data_init_clear.o)
 .debug_info    0x000000000001d59c       0x40 c:/program files/microchip/xc32/v4.45/bin/bin/../../lib/gcc/pic32c/8.3.1/../../../../pic32c/lib/thumb/v7e-m+fp/hard\libpic32c.a(pic32_data_init_copy.o)
 .debug_info    0x000000000001d5dc       0x40 c:/program files/microchip/xc32/v4.45/bin/bin/../../lib/gcc/pic32c/8.3.1/../../../../pic32c/lib/thumb/v7e-m+fp/hard\libpic32c.a(pic32_data_init_decompress.o)

.debug_abbrev   0x0000000000000000     0x405a
 .debug_abbrev  0x0000000000000000       0xa0 build/kf_freertos_fpga/production/_ext/1420773124/serial.o
 .debug_abbrev  0x00000000000000a0      0x172 build/kf_freertos_fpga/production/_ext/1420773124/trace.o
 .debug_abbrev  0x0000000000000212      0x429 build/kf_freertos_fpga/production/_ext/101992513/drv_i3c.o
 .debug_abbrev  0x000000000000063b      0x23a build/kf_freertos_fpga/production/_ext/101992513/drv_i3c_config.o
 .debug_abbrev  0x0000000000000875      0x297 build/kf_freertos_fpga/production/_ext/1886205328/i3c_ccc.o
 .debug_abbrev  0x0000000000000b0c      0x360 build/kf_freertos_fpga/production/_ext/1886205328/i3c_common.o
 .debug_abbrev  0x0000000000000e6c      0x169 build/kf_freertos_fpga/production/_ext/785111490/osal_freertos.o
 .debug_abbrev  0x0000000000000fd5      0x11b build/kf_freertos_fpga/production/_ext/868947740/plib_ec_reg_bank.o
 .debug_abbrev  0x00000000000010f0      0x1e9 build/kf_freertos_fpga/production/_ext/179210842/plib_ecia.o
 .debug_abbrev  0x00000000000012d9      0x1cf build/kf_freertos_fpga/production/_ext/179282931/plib_gpio.o
 .debug_abbrev  0x00000000000014a8      0x261 build/kf_freertos_fpga/production/_ext/825500651/plib_i3c.o
 .debug_abbrev  0x0000000000001709      0x22a build/kf_freertos_fpga/production/_ext/825500651/plib_i3c_private.o
 .debug_abbrev  0x0000000000001933      0x1f9 build/kf_freertos_fpga/production/_ext/179497222/plib_nvic.o
 .debug_abbrev  0x0000000000001b2c      0x15f build/kf_freertos_fpga/production/_ext/825492421/plib_pcr.o
 .debug_abbrev  0x0000000000001c8b       0xe5 build/kf_freertos_fpga/production/_ext/1732944825/uart_api.o
 .debug_abbrev  0x0000000000001d70      0x1d2 build/kf_freertos_fpga/production/_ext/1732944825/uart_perphl.o
 .debug_abbrev  0x0000000000001f42       0x49 build/kf_freertos_fpga/production/_ext/29258880/exceptions.o
 .debug_abbrev  0x0000000000001f8b      0x121 build/kf_freertos_fpga/production/_ext/29258880/freertos_hooks.o
 .debug_abbrev  0x00000000000020ac       0xe0 build/kf_freertos_fpga/production/_ext/29258880/initialization.o
 .debug_abbrev  0x000000000000218c       0xeb build/kf_freertos_fpga/production/_ext/29258880/interrupts.o
 .debug_abbrev  0x0000000000002277      0x195 build/kf_freertos_fpga/production/_ext/29258880/startup_xc32.o
 .debug_abbrev  0x000000000000240c       0xe7 build/kf_freertos_fpga/production/_ext/29258880/tasks.o
 .debug_abbrev  0x00000000000024f3      0x217 build/kf_freertos_fpga/production/_ext/246609638/port.o
 .debug_abbrev  0x000000000000270a      0x129 build/kf_freertos_fpga/production/_ext/1665200909/heap_1.o
 .debug_abbrev  0x0000000000002833      0x221 build/kf_freertos_fpga/production/_ext/404212886/queue.o
 .debug_abbrev  0x0000000000002a54      0x1ff build/kf_freertos_fpga/production/_ext/404212886/timers.o
 .debug_abbrev  0x0000000000002c53      0x100 build/kf_freertos_fpga/production/_ext/404212886/list.o
 .debug_abbrev  0x0000000000002d53      0x2ba build/kf_freertos_fpga/production/_ext/404212886/FreeRTOS_tasks.o
 .debug_abbrev  0x000000000000300d      0x296 build/kf_freertos_fpga/production/_ext/1521323865/test_pvt_xfer.o
 .debug_abbrev  0x00000000000032a3      0x280 build/kf_freertos_fpga/production/_ext/1521323865/tgt_test_pvt_xfer.o
 .debug_abbrev  0x0000000000003523      0x2d7 build/kf_freertos_fpga/production/_ext/1360937237/task1.o
 .debug_abbrev  0x00000000000037fa       0x48 build/kf_freertos_fpga/production/_ext/1360937237/main.o
 .debug_abbrev  0x0000000000003842      0x205 build/kf_freertos_fpga/production/_ext/1360937237/task2.o
 .debug_abbrev  0x0000000000003a47      0x116 build/kf_freertos_fpga/production/_ext/1360937237/task3.o
 .debug_abbrev  0x0000000000003b5d       0x44 c:/program files/microchip/xc32/v4.45/bin/bin/../../lib/gcc/pic32c/8.3.1/../../../../pic32c/lib/thumb/v7e-m+fp/hard\libpic32c.a(data_init.o)
 .debug_abbrev  0x0000000000003ba1       0xbb c:/program files/microchip/xc32/v4.45/bin/bin/../../lib/gcc/pic32c/8.3.1/../../../../pic32c/lib/thumb/v7e-m+fp/hard\libc-size-musl.a(memcpy.o)
 .debug_abbrev  0x0000000000003c5c       0xa2 c:/program files/microchip/xc32/v4.45/bin/bin/../../lib/gcc/pic32c/8.3.1/../../../../pic32c/lib/thumb/v7e-m+fp/hard\libc-size-musl.a(memset.o)
 .debug_abbrev  0x0000000000003cfe      0x133 c:/program files/microchip/xc32/v4.45/bin/bin/../../lib/gcc/pic32c/8.3.1/../../../../pic32c/lib/thumb/v7e-m+fp/hard\libc-musl.a(__libc_start_main.o)
 .debug_abbrev  0x0000000000003e31       0xd4 c:/program files/microchip/xc32/v4.45/bin/bin/../../lib/gcc/pic32c/8.3.1/../../../../pic32c/lib/thumb/v7e-m+fp/hard\libc-musl.a(libc.o)
 .debug_abbrev  0x0000000000003f05       0x62 c:/program files/microchip/xc32/v4.45/bin/bin/../../lib/gcc/pic32c/8.3.1/../../../../pic32c/lib/thumb/v7e-m+fp/hard\libc-musl.a(__environ.o)
 .debug_abbrev  0x0000000000003f67       0x69 c:/program files/microchip/xc32/v4.45/bin/bin/../../lib/gcc/pic32c/8.3.1/thumb/v7e-m+fp/hard\libgcc.a(_paritysi2.o)
 .debug_abbrev  0x0000000000003fd0       0x2e c:/program files/microchip/xc32/v4.45/bin/bin/../../lib/gcc/pic32c/8.3.1/../../../../pic32c/lib/thumb/v7e-m+fp/hard\libpic32c.a(pic32_data_init_clear.o)
 .debug_abbrev  0x0000000000003ffe       0x2e c:/program files/microchip/xc32/v4.45/bin/bin/../../lib/gcc/pic32c/8.3.1/../../../../pic32c/lib/thumb/v7e-m+fp/hard\libpic32c.a(pic32_data_init_copy.o)
 .debug_abbrev  0x000000000000402c       0x2e c:/program files/microchip/xc32/v4.45/bin/bin/../../lib/gcc/pic32c/8.3.1/../../../../pic32c/lib/thumb/v7e-m+fp/hard\libpic32c.a(pic32_data_init_decompress.o)

.debug_loc      0x0000000000000000     0xc16b
 .debug_loc     0x0000000000000000       0x94 build/kf_freertos_fpga/production/_ext/1420773124/serial.o
 .debug_loc     0x0000000000000094      0x249 build/kf_freertos_fpga/production/_ext/1420773124/trace.o
 .debug_loc     0x00000000000002dd     0x106f build/kf_freertos_fpga/production/_ext/101992513/drv_i3c.o
 .debug_loc     0x000000000000134c       0xd4 build/kf_freertos_fpga/production/_ext/101992513/drv_i3c_config.o
 .debug_loc     0x0000000000001420      0x6e8 build/kf_freertos_fpga/production/_ext/1886205328/i3c_ccc.o
 .debug_loc     0x0000000000001b08      0xbba build/kf_freertos_fpga/production/_ext/1886205328/i3c_common.o
 .debug_loc     0x00000000000026c2      0x4a4 build/kf_freertos_fpga/production/_ext/785111490/osal_freertos.o
 .debug_loc     0x0000000000002b66      0x8e0 build/kf_freertos_fpga/production/_ext/868947740/plib_ec_reg_bank.o
 .debug_loc     0x0000000000003446      0x504 build/kf_freertos_fpga/production/_ext/179210842/plib_ecia.o
 .debug_loc     0x000000000000394a      0xb44 build/kf_freertos_fpga/production/_ext/179282931/plib_gpio.o
 .debug_loc     0x000000000000448e      0xda8 build/kf_freertos_fpga/production/_ext/825500651/plib_i3c.o
 .debug_loc     0x0000000000005236     0x24e2 build/kf_freertos_fpga/production/_ext/825500651/plib_i3c_private.o
 .debug_loc     0x0000000000007718      0x23c build/kf_freertos_fpga/production/_ext/179497222/plib_nvic.o
 .debug_loc     0x0000000000007954      0x924 build/kf_freertos_fpga/production/_ext/825492421/plib_pcr.o
 .debug_loc     0x0000000000008278      0x1ec build/kf_freertos_fpga/production/_ext/1732944825/uart_api.o
 .debug_loc     0x0000000000008464      0x69c build/kf_freertos_fpga/production/_ext/1732944825/uart_perphl.o
 .debug_loc     0x0000000000008b00      0x108 build/kf_freertos_fpga/production/_ext/29258880/exceptions.o
 .debug_loc     0x0000000000008c08      0x148 build/kf_freertos_fpga/production/_ext/29258880/freertos_hooks.o
 .debug_loc     0x0000000000008d50       0x50 build/kf_freertos_fpga/production/_ext/29258880/initialization.o
 .debug_loc     0x0000000000008da0       0x2c build/kf_freertos_fpga/production/_ext/29258880/interrupts.o
 .debug_loc     0x0000000000008dcc       0x7c build/kf_freertos_fpga/production/_ext/29258880/startup_xc32.o
 .debug_loc     0x0000000000008e48       0xec build/kf_freertos_fpga/production/_ext/29258880/tasks.o
 .debug_loc     0x0000000000008f34      0x274 build/kf_freertos_fpga/production/_ext/246609638/port.o
 .debug_loc     0x00000000000091a8      0x134 build/kf_freertos_fpga/production/_ext/1665200909/heap_1.o
 .debug_loc     0x00000000000092dc      0x8a0 build/kf_freertos_fpga/production/_ext/404212886/queue.o
 .debug_loc     0x0000000000009b7c      0x718 build/kf_freertos_fpga/production/_ext/404212886/timers.o
 .debug_loc     0x000000000000a294      0x1cc build/kf_freertos_fpga/production/_ext/404212886/list.o
 .debug_loc     0x000000000000a460     0x108c build/kf_freertos_fpga/production/_ext/404212886/FreeRTOS_tasks.o
 .debug_loc     0x000000000000b4ec      0x282 build/kf_freertos_fpga/production/_ext/1521323865/test_pvt_xfer.o
 .debug_loc     0x000000000000b76e      0x320 build/kf_freertos_fpga/production/_ext/1521323865/tgt_test_pvt_xfer.o
 .debug_loc     0x000000000000ba8e      0x2a0 build/kf_freertos_fpga/production/_ext/1360937237/task1.o
 .debug_loc     0x000000000000bd2e       0x2c build/kf_freertos_fpga/production/_ext/1360937237/main.o
 .debug_loc     0x000000000000bd5a      0x110 build/kf_freertos_fpga/production/_ext/1360937237/task2.o
 .debug_loc     0x000000000000be6a       0x70 build/kf_freertos_fpga/production/_ext/1360937237/task3.o
 .debug_loc     0x000000000000beda       0x14 c:/program files/microchip/xc32/v4.45/bin/bin/../../lib/gcc/pic32c/8.3.1/../../../../pic32c/lib/thumb/v7e-m+fp/hard\libpic32c.a(data_init.o)
 .debug_loc     0x000000000000beee      0x10b c:/program files/microchip/xc32/v4.45/bin/bin/../../lib/gcc/pic32c/8.3.1/../../../../pic32c/lib/thumb/v7e-m+fp/hard\libc-size-musl.a(memcpy.o)
 .debug_loc     0x000000000000bff9       0x7d c:/program files/microchip/xc32/v4.45/bin/bin/../../lib/gcc/pic32c/8.3.1/../../../../pic32c/lib/thumb/v7e-m+fp/hard\libc-size-musl.a(memset.o)
 .debug_loc     0x000000000000c076       0x51 c:/program files/microchip/xc32/v4.45/bin/bin/../../lib/gcc/pic32c/8.3.1/../../../../pic32c/lib/thumb/v7e-m+fp/hard\libc-musl.a(__libc_start_main.o)
 .debug_loc     0x000000000000c0c7       0x7c c:/program files/microchip/xc32/v4.45/bin/bin/../../lib/gcc/pic32c/8.3.1/thumb/v7e-m+fp/hard\libgcc.a(_paritysi2.o)
 .debug_loc     0x000000000000c143       0x14 c:/program files/microchip/xc32/v4.45/bin/bin/../../lib/gcc/pic32c/8.3.1/../../../../pic32c/lib/thumb/v7e-m+fp/hard\libpic32c.a(pic32_data_init_copy.o)
 .debug_loc     0x000000000000c157       0x14 c:/program files/microchip/xc32/v4.45/bin/bin/../../lib/gcc/pic32c/8.3.1/../../../../pic32c/lib/thumb/v7e-m+fp/hard\libpic32c.a(pic32_data_init_decompress.o)

.debug_aranges  0x0000000000000000     0x1738
 .debug_aranges
                0x0000000000000000       0x28 build/kf_freertos_fpga/production/_ext/1420773124/serial.o
 .debug_aranges
                0x0000000000000028       0x50 build/kf_freertos_fpga/production/_ext/1420773124/trace.o
 .debug_aranges
                0x0000000000000078      0x1a8 build/kf_freertos_fpga/production/_ext/101992513/drv_i3c.o
 .debug_aranges
                0x0000000000000220       0x38 build/kf_freertos_fpga/production/_ext/101992513/drv_i3c_config.o
 .debug_aranges
                0x0000000000000258       0xc8 build/kf_freertos_fpga/production/_ext/1886205328/i3c_ccc.o
 .debug_aranges
                0x0000000000000320      0x138 build/kf_freertos_fpga/production/_ext/1886205328/i3c_common.o
 .debug_aranges
                0x0000000000000458       0x90 build/kf_freertos_fpga/production/_ext/785111490/osal_freertos.o
 .debug_aranges
                0x00000000000004e8      0x118 build/kf_freertos_fpga/production/_ext/868947740/plib_ec_reg_bank.o
 .debug_aranges
                0x0000000000000600       0x90 build/kf_freertos_fpga/production/_ext/179210842/plib_ecia.o
 .debug_aranges
                0x0000000000000690      0x118 build/kf_freertos_fpga/production/_ext/179282931/plib_gpio.o
 .debug_aranges
                0x00000000000007a8      0x178 build/kf_freertos_fpga/production/_ext/825500651/plib_i3c.o
 .debug_aranges
                0x0000000000000920      0x350 build/kf_freertos_fpga/production/_ext/825500651/plib_i3c_private.o
 .debug_aranges
                0x0000000000000c70       0x50 build/kf_freertos_fpga/production/_ext/179497222/plib_nvic.o
 .debug_aranges
                0x0000000000000cc0       0xf0 build/kf_freertos_fpga/production/_ext/825492421/plib_pcr.o
 .debug_aranges
                0x0000000000000db0       0x48 build/kf_freertos_fpga/production/_ext/1732944825/uart_api.o
 .debug_aranges
                0x0000000000000df8       0xc0 build/kf_freertos_fpga/production/_ext/1732944825/uart_perphl.o
 .debug_aranges
                0x0000000000000eb8       0x48 build/kf_freertos_fpga/production/_ext/29258880/exceptions.o
 .debug_aranges
                0x0000000000000f00       0x40 build/kf_freertos_fpga/production/_ext/29258880/freertos_hooks.o
 .debug_aranges
                0x0000000000000f40       0x20 build/kf_freertos_fpga/production/_ext/29258880/initialization.o
 .debug_aranges
                0x0000000000000f60       0x28 build/kf_freertos_fpga/production/_ext/29258880/interrupts.o
 .debug_aranges
                0x0000000000000f88       0x30 build/kf_freertos_fpga/production/_ext/29258880/startup_xc32.o
 .debug_aranges
                0x0000000000000fb8       0x38 build/kf_freertos_fpga/production/_ext/29258880/tasks.o
 .debug_aranges
                0x0000000000000ff0       0x78 build/kf_freertos_fpga/production/_ext/246609638/port.o
 .debug_aranges
                0x0000000000001068       0x38 build/kf_freertos_fpga/production/_ext/1665200909/heap_1.o
 .debug_aranges
                0x00000000000010a0       0xf0 build/kf_freertos_fpga/production/_ext/404212886/queue.o
 .debug_aranges
                0x0000000000001190       0xd0 build/kf_freertos_fpga/production/_ext/404212886/timers.o
 .debug_aranges
                0x0000000000001260       0x40 build/kf_freertos_fpga/production/_ext/404212886/list.o
 .debug_aranges
                0x00000000000012a0      0x1b8 build/kf_freertos_fpga/production/_ext/404212886/FreeRTOS_tasks.o
 .debug_aranges
                0x0000000000001458       0x58 build/kf_freertos_fpga/production/_ext/1521323865/test_pvt_xfer.o
 .debug_aranges
                0x00000000000014b0       0x68 build/kf_freertos_fpga/production/_ext/1521323865/tgt_test_pvt_xfer.o
 .debug_aranges
                0x0000000000001518       0x60 build/kf_freertos_fpga/production/_ext/1360937237/task1.o
 .debug_aranges
                0x0000000000001578       0x20 build/kf_freertos_fpga/production/_ext/1360937237/main.o
 .debug_aranges
                0x0000000000001598       0x38 build/kf_freertos_fpga/production/_ext/1360937237/task2.o
 .debug_aranges
                0x00000000000015d0       0x28 build/kf_freertos_fpga/production/_ext/1360937237/task3.o
 .debug_aranges
                0x00000000000015f8       0x28 c:/program files/microchip/xc32/v4.45/bin/bin/../../lib/gcc/pic32c/8.3.1/../../../../pic32c/lib/thumb/v7e-m+fp/hard\libpic32c.a(data_init.o)
 .debug_aranges
                0x0000000000001620       0x20 c:/program files/microchip/xc32/v4.45/bin/bin/../../lib/gcc/pic32c/8.3.1/../../../../pic32c/lib/thumb/v7e-m+fp/hard\libc-size-musl.a(memcpy.o)
 .debug_aranges
                0x0000000000001640       0x20 c:/program files/microchip/xc32/v4.45/bin/bin/../../lib/gcc/pic32c/8.3.1/../../../../pic32c/lib/thumb/v7e-m+fp/hard\libc-size-musl.a(memset.o)
 .debug_aranges
                0x0000000000001660       0x28 c:/program files/microchip/xc32/v4.45/bin/bin/../../lib/gcc/pic32c/8.3.1/../../../../pic32c/lib/thumb/v7e-m+fp/hard\libc-musl.a(__libc_start_main.o)
 .debug_aranges
                0x0000000000001688       0x18 c:/program files/microchip/xc32/v4.45/bin/bin/../../lib/gcc/pic32c/8.3.1/../../../../pic32c/lib/thumb/v7e-m+fp/hard\libc-musl.a(libc.o)
 .debug_aranges
                0x00000000000016a0       0x18 c:/program files/microchip/xc32/v4.45/bin/bin/../../lib/gcc/pic32c/8.3.1/../../../../pic32c/lib/thumb/v7e-m+fp/hard\libc-musl.a(__environ.o)
 .debug_aranges
                0x00000000000016b8       0x20 c:/program files/microchip/xc32/v4.45/bin/bin/../../lib/gcc/pic32c/8.3.1/thumb/v7e-m+fp/hard\libgcc.a(_paritysi2.o)
 .debug_aranges
                0x00000000000016d8       0x20 c:/program files/microchip/xc32/v4.45/bin/bin/../../lib/gcc/pic32c/8.3.1/../../../../pic32c/lib/thumb/v7e-m+fp/hard\libpic32c.a(pic32_data_init_clear.o)
 .debug_aranges
                0x00000000000016f8       0x20 c:/program files/microchip/xc32/v4.45/bin/bin/../../lib/gcc/pic32c/8.3.1/../../../../pic32c/lib/thumb/v7e-m+fp/hard\libpic32c.a(pic32_data_init_copy.o)
 .debug_aranges
                0x0000000000001718       0x20 c:/program files/microchip/xc32/v4.45/bin/bin/../../lib/gcc/pic32c/8.3.1/../../../../pic32c/lib/thumb/v7e-m+fp/hard\libpic32c.a(pic32_data_init_decompress.o)

.debug_ranges   0x0000000000000000     0x1498
 .debug_ranges  0x0000000000000000       0x18 build/kf_freertos_fpga/production/_ext/1420773124/serial.o
 .debug_ranges  0x0000000000000018       0x58 build/kf_freertos_fpga/production/_ext/1420773124/trace.o
 .debug_ranges  0x0000000000000070      0x198 build/kf_freertos_fpga/production/_ext/101992513/drv_i3c.o
 .debug_ranges  0x0000000000000208       0x28 build/kf_freertos_fpga/production/_ext/101992513/drv_i3c_config.o
 .debug_ranges  0x0000000000000230       0xb8 build/kf_freertos_fpga/production/_ext/1886205328/i3c_ccc.o
 .debug_ranges  0x00000000000002e8      0x128 build/kf_freertos_fpga/production/_ext/1886205328/i3c_common.o
 .debug_ranges  0x0000000000000410       0x80 build/kf_freertos_fpga/production/_ext/785111490/osal_freertos.o
 .debug_ranges  0x0000000000000490      0x108 build/kf_freertos_fpga/production/_ext/868947740/plib_ec_reg_bank.o
 .debug_ranges  0x0000000000000598       0x80 build/kf_freertos_fpga/production/_ext/179210842/plib_ecia.o
 .debug_ranges  0x0000000000000618      0x108 build/kf_freertos_fpga/production/_ext/179282931/plib_gpio.o
 .debug_ranges  0x0000000000000720      0x168 build/kf_freertos_fpga/production/_ext/825500651/plib_i3c.o
 .debug_ranges  0x0000000000000888      0x340 build/kf_freertos_fpga/production/_ext/825500651/plib_i3c_private.o
 .debug_ranges  0x0000000000000bc8       0x40 build/kf_freertos_fpga/production/_ext/179497222/plib_nvic.o
 .debug_ranges  0x0000000000000c08       0xe0 build/kf_freertos_fpga/production/_ext/825492421/plib_pcr.o
 .debug_ranges  0x0000000000000ce8       0x38 build/kf_freertos_fpga/production/_ext/1732944825/uart_api.o
 .debug_ranges  0x0000000000000d20       0xb0 build/kf_freertos_fpga/production/_ext/1732944825/uart_perphl.o
 .debug_ranges  0x0000000000000dd0       0x38 build/kf_freertos_fpga/production/_ext/29258880/exceptions.o
 .debug_ranges  0x0000000000000e08       0x30 build/kf_freertos_fpga/production/_ext/29258880/freertos_hooks.o
 .debug_ranges  0x0000000000000e38       0x10 build/kf_freertos_fpga/production/_ext/29258880/initialization.o
 .debug_ranges  0x0000000000000e48       0x18 build/kf_freertos_fpga/production/_ext/29258880/interrupts.o
 .debug_ranges  0x0000000000000e60       0x20 build/kf_freertos_fpga/production/_ext/29258880/startup_xc32.o
 .debug_ranges  0x0000000000000e80       0x28 build/kf_freertos_fpga/production/_ext/29258880/tasks.o
 .debug_ranges  0x0000000000000ea8       0x68 build/kf_freertos_fpga/production/_ext/246609638/port.o
 .debug_ranges  0x0000000000000f10       0x28 build/kf_freertos_fpga/production/_ext/1665200909/heap_1.o
 .debug_ranges  0x0000000000000f38       0xe0 build/kf_freertos_fpga/production/_ext/404212886/queue.o
 .debug_ranges  0x0000000000001018       0xc0 build/kf_freertos_fpga/production/_ext/404212886/timers.o
 .debug_ranges  0x00000000000010d8       0x30 build/kf_freertos_fpga/production/_ext/404212886/list.o
 .debug_ranges  0x0000000000001108      0x1a8 build/kf_freertos_fpga/production/_ext/404212886/FreeRTOS_tasks.o
 .debug_ranges  0x00000000000012b0       0x48 build/kf_freertos_fpga/production/_ext/1521323865/test_pvt_xfer.o
 .debug_ranges  0x00000000000012f8       0x58 build/kf_freertos_fpga/production/_ext/1521323865/tgt_test_pvt_xfer.o
 .debug_ranges  0x0000000000001350       0x50 build/kf_freertos_fpga/production/_ext/1360937237/task1.o
 .debug_ranges  0x00000000000013a0       0x10 build/kf_freertos_fpga/production/_ext/1360937237/main.o
 .debug_ranges  0x00000000000013b0       0x28 build/kf_freertos_fpga/production/_ext/1360937237/task2.o
 .debug_ranges  0x00000000000013d8       0x18 build/kf_freertos_fpga/production/_ext/1360937237/task3.o
 .debug_ranges  0x00000000000013f0       0x18 c:/program files/microchip/xc32/v4.45/bin/bin/../../lib/gcc/pic32c/8.3.1/../../../../pic32c/lib/thumb/v7e-m+fp/hard\libpic32c.a(data_init.o)
 .debug_ranges  0x0000000000001408       0x10 c:/program files/microchip/xc32/v4.45/bin/bin/../../lib/gcc/pic32c/8.3.1/../../../../pic32c/lib/thumb/v7e-m+fp/hard\libc-size-musl.a(memcpy.o)
 .debug_ranges  0x0000000000001418       0x10 c:/program files/microchip/xc32/v4.45/bin/bin/../../lib/gcc/pic32c/8.3.1/../../../../pic32c/lib/thumb/v7e-m+fp/hard\libc-size-musl.a(memset.o)
 .debug_ranges  0x0000000000001428       0x40 c:/program files/microchip/xc32/v4.45/bin/bin/../../lib/gcc/pic32c/8.3.1/../../../../pic32c/lib/thumb/v7e-m+fp/hard\libc-musl.a(__libc_start_main.o)
 .debug_ranges  0x0000000000001468       0x10 c:/program files/microchip/xc32/v4.45/bin/bin/../../lib/gcc/pic32c/8.3.1/../../../../pic32c/lib/thumb/v7e-m+fp/hard\libpic32c.a(pic32_data_init_clear.o)
 .debug_ranges  0x0000000000001478       0x10 c:/program files/microchip/xc32/v4.45/bin/bin/../../lib/gcc/pic32c/8.3.1/../../../../pic32c/lib/thumb/v7e-m+fp/hard\libpic32c.a(pic32_data_init_copy.o)
 .debug_ranges  0x0000000000001488       0x10 c:/program files/microchip/xc32/v4.45/bin/bin/../../lib/gcc/pic32c/8.3.1/../../../../pic32c/lib/thumb/v7e-m+fp/hard\libpic32c.a(pic32_data_init_decompress.o)

.debug_line     0x0000000000000000     0xb02b
 .debug_line    0x0000000000000000      0x10e build/kf_freertos_fpga/production/_ext/1420773124/serial.o
 .debug_line    0x000000000000010e      0x28c build/kf_freertos_fpga/production/_ext/1420773124/trace.o
 .debug_line    0x000000000000039a     0x16e3 build/kf_freertos_fpga/production/_ext/101992513/drv_i3c.o
 .debug_line    0x0000000000001a7d      0x3c3 build/kf_freertos_fpga/production/_ext/101992513/drv_i3c_config.o
 .debug_line    0x0000000000001e40      0x814 build/kf_freertos_fpga/production/_ext/1886205328/i3c_ccc.o
 .debug_line    0x0000000000002654      0xa82 build/kf_freertos_fpga/production/_ext/1886205328/i3c_common.o
 .debug_line    0x00000000000030d6      0x388 build/kf_freertos_fpga/production/_ext/785111490/osal_freertos.o
 .debug_line    0x000000000000345e      0x396 build/kf_freertos_fpga/production/_ext/868947740/plib_ec_reg_bank.o
 .debug_line    0x00000000000037f4      0x3b2 build/kf_freertos_fpga/production/_ext/179210842/plib_ecia.o
 .debug_line    0x0000000000003ba6      0x5bf build/kf_freertos_fpga/production/_ext/179282931/plib_gpio.o
 .debug_line    0x0000000000004165      0x82d build/kf_freertos_fpga/production/_ext/825500651/plib_i3c.o
 .debug_line    0x0000000000004992      0xfbb build/kf_freertos_fpga/production/_ext/825500651/plib_i3c_private.o
 .debug_line    0x000000000000594d      0x296 build/kf_freertos_fpga/production/_ext/179497222/plib_nvic.o
 .debug_line    0x0000000000005be3      0x44f build/kf_freertos_fpga/production/_ext/825492421/plib_pcr.o
 .debug_line    0x0000000000006032      0x1dc build/kf_freertos_fpga/production/_ext/1732944825/uart_api.o
 .debug_line    0x000000000000620e      0x5fb build/kf_freertos_fpga/production/_ext/1732944825/uart_perphl.o
 .debug_line    0x0000000000006809       0xc9 build/kf_freertos_fpga/production/_ext/29258880/exceptions.o
 .debug_line    0x00000000000068d2      0x1ba build/kf_freertos_fpga/production/_ext/29258880/freertos_hooks.o
 .debug_line    0x0000000000006a8c      0x12a build/kf_freertos_fpga/production/_ext/29258880/initialization.o
 .debug_line    0x0000000000006bb6       0xd8 build/kf_freertos_fpga/production/_ext/29258880/interrupts.o
 .debug_line    0x0000000000006c8e      0x16e build/kf_freertos_fpga/production/_ext/29258880/startup_xc32.o
 .debug_line    0x0000000000006dfc      0x13a build/kf_freertos_fpga/production/_ext/29258880/tasks.o
 .debug_line    0x0000000000006f36      0x2e1 build/kf_freertos_fpga/production/_ext/246609638/port.o
 .debug_line    0x0000000000007217      0x156 build/kf_freertos_fpga/production/_ext/1665200909/heap_1.o
 .debug_line    0x000000000000736d      0x9c8 build/kf_freertos_fpga/production/_ext/404212886/queue.o
 .debug_line    0x0000000000007d35      0x5b1 build/kf_freertos_fpga/production/_ext/404212886/timers.o
 .debug_line    0x00000000000082e6      0x232 build/kf_freertos_fpga/production/_ext/404212886/list.o
 .debug_line    0x0000000000008518      0xf50 build/kf_freertos_fpga/production/_ext/404212886/FreeRTOS_tasks.o
 .debug_line    0x0000000000009468      0x50f build/kf_freertos_fpga/production/_ext/1521323865/test_pvt_xfer.o
 .debug_line    0x0000000000009977      0x35d build/kf_freertos_fpga/production/_ext/1521323865/tgt_test_pvt_xfer.o
 .debug_line    0x0000000000009cd4      0x5cc build/kf_freertos_fpga/production/_ext/1360937237/task1.o
 .debug_line    0x000000000000a2a0       0x45 build/kf_freertos_fpga/production/_ext/1360937237/main.o
 .debug_line    0x000000000000a2e5      0x3d2 build/kf_freertos_fpga/production/_ext/1360937237/task2.o
 .debug_line    0x000000000000a6b7      0x13b build/kf_freertos_fpga/production/_ext/1360937237/task3.o
 .debug_line    0x000000000000a7f2       0x92 c:/program files/microchip/xc32/v4.45/bin/bin/../../lib/gcc/pic32c/8.3.1/../../../../pic32c/lib/thumb/v7e-m+fp/hard\libpic32c.a(data_init.o)
 .debug_line    0x000000000000a884       0xf9 c:/program files/microchip/xc32/v4.45/bin/bin/../../lib/gcc/pic32c/8.3.1/../../../../pic32c/lib/thumb/v7e-m+fp/hard\libc-size-musl.a(memcpy.o)
 .debug_line    0x000000000000a97d       0xe3 c:/program files/microchip/xc32/v4.45/bin/bin/../../lib/gcc/pic32c/8.3.1/../../../../pic32c/lib/thumb/v7e-m+fp/hard\libc-size-musl.a(memset.o)
 .debug_line    0x000000000000aa60      0x1c7 c:/program files/microchip/xc32/v4.45/bin/bin/../../lib/gcc/pic32c/8.3.1/../../../../pic32c/lib/thumb/v7e-m+fp/hard\libc-musl.a(__libc_start_main.o)
 .debug_line    0x000000000000ac27       0xb5 c:/program files/microchip/xc32/v4.45/bin/bin/../../lib/gcc/pic32c/8.3.1/../../../../pic32c/lib/thumb/v7e-m+fp/hard\libc-musl.a(libc.o)
 .debug_line    0x000000000000acdc       0xfb c:/program files/microchip/xc32/v4.45/bin/bin/../../lib/gcc/pic32c/8.3.1/../../../../pic32c/lib/thumb/v7e-m+fp/hard\libc-musl.a(__environ.o)
 .debug_line    0x000000000000add7       0xbc c:/program files/microchip/xc32/v4.45/bin/bin/../../lib/gcc/pic32c/8.3.1/thumb/v7e-m+fp/hard\libgcc.a(_paritysi2.o)
 .debug_line    0x000000000000ae93       0x72 c:/program files/microchip/xc32/v4.45/bin/bin/../../lib/gcc/pic32c/8.3.1/../../../../pic32c/lib/thumb/v7e-m+fp/hard\libpic32c.a(pic32_data_init_clear.o)
 .debug_line    0x000000000000af05       0x7a c:/program files/microchip/xc32/v4.45/bin/bin/../../lib/gcc/pic32c/8.3.1/../../../../pic32c/lib/thumb/v7e-m+fp/hard\libpic32c.a(pic32_data_init_copy.o)
 .debug_line    0x000000000000af7f       0xac c:/program files/microchip/xc32/v4.45/bin/bin/../../lib/gcc/pic32c/8.3.1/../../../../pic32c/lib/thumb/v7e-m+fp/hard\libpic32c.a(pic32_data_init_decompress.o)

.debug_str      0x0000000000000000    0x19b1e
 .debug_str     0x0000000000000000      0x3af build/kf_freertos_fpga/production/_ext/1420773124/serial.o
 .debug_str     0x00000000000003af      0x317 build/kf_freertos_fpga/production/_ext/1420773124/trace.o
 .debug_str     0x00000000000006c6     0x22eb build/kf_freertos_fpga/production/_ext/101992513/drv_i3c.o
 .debug_str     0x00000000000029b1     0x14ee build/kf_freertos_fpga/production/_ext/101992513/drv_i3c_config.o
 .debug_str     0x0000000000003e9f      0xf47 build/kf_freertos_fpga/production/_ext/1886205328/i3c_ccc.o
 .debug_str     0x0000000000004de6      0xedc build/kf_freertos_fpga/production/_ext/1886205328/i3c_common.o
 .debug_str     0x0000000000005cc2      0x524 build/kf_freertos_fpga/production/_ext/785111490/osal_freertos.o
 .debug_str     0x00000000000061e6      0x994 build/kf_freertos_fpga/production/_ext/868947740/plib_ec_reg_bank.o
 .debug_str     0x0000000000006b7a     0x2298 build/kf_freertos_fpga/production/_ext/179210842/plib_ecia.o
 .debug_str     0x0000000000008e12     0x11a7 build/kf_freertos_fpga/production/_ext/179282931/plib_gpio.o
 .debug_str     0x0000000000009fb9     0x23eb build/kf_freertos_fpga/production/_ext/825500651/plib_i3c.o
 .debug_str     0x000000000000c3a4     0x1701 build/kf_freertos_fpga/production/_ext/825500651/plib_i3c_private.o
 .debug_str     0x000000000000daa5      0x8a0 build/kf_freertos_fpga/production/_ext/179497222/plib_nvic.o
 .debug_str     0x000000000000e345     0x1132 build/kf_freertos_fpga/production/_ext/825492421/plib_pcr.o
 .debug_str     0x000000000000f477      0x472 build/kf_freertos_fpga/production/_ext/1732944825/uart_api.o
 .debug_str     0x000000000000f8e9      0x79e build/kf_freertos_fpga/production/_ext/1732944825/uart_perphl.o
 .debug_str     0x0000000000010087      0x2d9 build/kf_freertos_fpga/production/_ext/29258880/exceptions.o
 .debug_str     0x0000000000010360      0x338 build/kf_freertos_fpga/production/_ext/29258880/freertos_hooks.o
 .debug_str     0x0000000000010698      0x2b5 build/kf_freertos_fpga/production/_ext/29258880/initialization.o
 .debug_str     0x000000000001094d     0x104a build/kf_freertos_fpga/production/_ext/29258880/interrupts.o
 .debug_str     0x0000000000011997      0x345 build/kf_freertos_fpga/production/_ext/29258880/startup_xc32.o
 .debug_str     0x0000000000011cdc      0x2f7 build/kf_freertos_fpga/production/_ext/29258880/tasks.o
 .debug_str     0x0000000000011fd3      0x41b build/kf_freertos_fpga/production/_ext/246609638/port.o
 .debug_str     0x00000000000123ee      0x31e build/kf_freertos_fpga/production/_ext/1665200909/heap_1.o
 .debug_str     0x000000000001270c      0x909 build/kf_freertos_fpga/production/_ext/404212886/queue.o
 .debug_str     0x0000000000013015      0x80a build/kf_freertos_fpga/production/_ext/404212886/timers.o
 .debug_str     0x000000000001381f      0x39e build/kf_freertos_fpga/production/_ext/404212886/list.o
 .debug_str     0x0000000000013bbd      0xf72 build/kf_freertos_fpga/production/_ext/404212886/FreeRTOS_tasks.o
 .debug_str     0x0000000000014b2f     0x1031 build/kf_freertos_fpga/production/_ext/1521323865/test_pvt_xfer.o
 .debug_str     0x0000000000015b60      0x9ad build/kf_freertos_fpga/production/_ext/1521323865/tgt_test_pvt_xfer.o
 .debug_str     0x000000000001650d      0xec0 build/kf_freertos_fpga/production/_ext/1360937237/task1.o
 .debug_str     0x00000000000173cd      0x245 build/kf_freertos_fpga/production/_ext/1360937237/main.o
 .debug_str     0x0000000000017612      0x80d build/kf_freertos_fpga/production/_ext/1360937237/task2.o
 .debug_str     0x0000000000017e1f      0x559 build/kf_freertos_fpga/production/_ext/1360937237/task3.o
 .debug_str     0x0000000000018378      0x1f5 c:/program files/microchip/xc32/v4.45/bin/bin/../../lib/gcc/pic32c/8.3.1/../../../../pic32c/lib/thumb/v7e-m+fp/hard\libpic32c.a(data_init.o)
 .debug_str     0x000000000001856d      0x22f c:/program files/microchip/xc32/v4.45/bin/bin/../../lib/gcc/pic32c/8.3.1/../../../../pic32c/lib/thumb/v7e-m+fp/hard\libc-size-musl.a(memcpy.o)
 .debug_str     0x000000000001879c      0x21b c:/program files/microchip/xc32/v4.45/bin/bin/../../lib/gcc/pic32c/8.3.1/../../../../pic32c/lib/thumb/v7e-m+fp/hard\libc-size-musl.a(memset.o)
 .debug_str     0x00000000000189b7      0x3d4 c:/program files/microchip/xc32/v4.45/bin/bin/../../lib/gcc/pic32c/8.3.1/../../../../pic32c/lib/thumb/v7e-m+fp/hard\libc-musl.a(__libc_start_main.o)
 .debug_str     0x0000000000018d8b      0x33f c:/program files/microchip/xc32/v4.45/bin/bin/../../lib/gcc/pic32c/8.3.1/../../../../pic32c/lib/thumb/v7e-m+fp/hard\libc-musl.a(libc.o)
 .debug_str     0x00000000000190ca      0x23f c:/program files/microchip/xc32/v4.45/bin/bin/../../lib/gcc/pic32c/8.3.1/../../../../pic32c/lib/thumb/v7e-m+fp/hard\libc-musl.a(__environ.o)
 .debug_str     0x0000000000019309      0x270 c:/program files/microchip/xc32/v4.45/bin/bin/../../lib/gcc/pic32c/8.3.1/thumb/v7e-m+fp/hard\libgcc.a(_paritysi2.o)
 .debug_str     0x0000000000019579      0x1df c:/program files/microchip/xc32/v4.45/bin/bin/../../lib/gcc/pic32c/8.3.1/../../../../pic32c/lib/thumb/v7e-m+fp/hard\libpic32c.a(pic32_data_init_clear.o)
 .debug_str     0x0000000000019758      0x1dd c:/program files/microchip/xc32/v4.45/bin/bin/../../lib/gcc/pic32c/8.3.1/../../../../pic32c/lib/thumb/v7e-m+fp/hard\libpic32c.a(pic32_data_init_copy.o)
 .debug_str     0x0000000000019935      0x1e9 c:/program files/microchip/xc32/v4.45/bin/bin/../../lib/gcc/pic32c/8.3.1/../../../../pic32c/lib/thumb/v7e-m+fp/hard\libpic32c.a(pic32_data_init_decompress.o)

.debug_frame    0x0000000000000000     0x5a10
 .debug_frame   0x0000000000000000       0x58 build/kf_freertos_fpga/production/_ext/1420773124/serial.o
 .debug_frame   0x0000000000000058      0x128 build/kf_freertos_fpga/production/_ext/1420773124/trace.o
 .debug_frame   0x0000000000000180      0x7a0 build/kf_freertos_fpga/production/_ext/101992513/drv_i3c.o
 .debug_frame   0x0000000000000920       0x88 build/kf_freertos_fpga/production/_ext/101992513/drv_i3c_config.o
 .debug_frame   0x00000000000009a8      0x328 build/kf_freertos_fpga/production/_ext/1886205328/i3c_ccc.o
 .debug_frame   0x0000000000000cd0      0x554 build/kf_freertos_fpga/production/_ext/1886205328/i3c_common.o
 .debug_frame   0x0000000000001224      0x228 build/kf_freertos_fpga/production/_ext/785111490/osal_freertos.o
 .debug_frame   0x000000000000144c      0x430 build/kf_freertos_fpga/production/_ext/868947740/plib_ec_reg_bank.o
 .debug_frame   0x000000000000187c      0x24c build/kf_freertos_fpga/production/_ext/179210842/plib_ecia.o
 .debug_frame   0x0000000000001ac8      0x500 build/kf_freertos_fpga/production/_ext/179282931/plib_gpio.o
 .debug_frame   0x0000000000001fc8      0x640 build/kf_freertos_fpga/production/_ext/825500651/plib_i3c.o
 .debug_frame   0x0000000000002608     0x102c build/kf_freertos_fpga/production/_ext/825500651/plib_i3c_private.o
 .debug_frame   0x0000000000003634      0x114 build/kf_freertos_fpga/production/_ext/179497222/plib_nvic.o
 .debug_frame   0x0000000000003748      0x418 build/kf_freertos_fpga/production/_ext/825492421/plib_pcr.o
 .debug_frame   0x0000000000003b60       0xf4 build/kf_freertos_fpga/production/_ext/1732944825/uart_api.o
 .debug_frame   0x0000000000003c54      0x308 build/kf_freertos_fpga/production/_ext/1732944825/uart_perphl.o
 .debug_frame   0x0000000000003f5c       0xa0 build/kf_freertos_fpga/production/_ext/29258880/exceptions.o
 .debug_frame   0x0000000000003ffc       0xac build/kf_freertos_fpga/production/_ext/29258880/freertos_hooks.o
 .debug_frame   0x00000000000040a8       0x34 build/kf_freertos_fpga/production/_ext/29258880/initialization.o
 .debug_frame   0x00000000000040dc       0x3c build/kf_freertos_fpga/production/_ext/29258880/interrupts.o
 .debug_frame   0x0000000000004118       0x60 build/kf_freertos_fpga/production/_ext/29258880/startup_xc32.o
 .debug_frame   0x0000000000004178       0x94 build/kf_freertos_fpga/production/_ext/29258880/tasks.o
 .debug_frame   0x000000000000420c      0x170 build/kf_freertos_fpga/production/_ext/246609638/port.o
 .debug_frame   0x000000000000437c       0x9c build/kf_freertos_fpga/production/_ext/1665200909/heap_1.o
 .debug_frame   0x0000000000004418      0x3ec build/kf_freertos_fpga/production/_ext/404212886/queue.o
 .debug_frame   0x0000000000004804      0x34c build/kf_freertos_fpga/production/_ext/404212886/timers.o
 .debug_frame   0x0000000000004b50       0xd8 build/kf_freertos_fpga/production/_ext/404212886/list.o
 .debug_frame   0x0000000000004c28      0x77c build/kf_freertos_fpga/production/_ext/404212886/FreeRTOS_tasks.o
 .debug_frame   0x00000000000053a4      0x13c build/kf_freertos_fpga/production/_ext/1521323865/test_pvt_xfer.o
 .debug_frame   0x00000000000054e0      0x178 build/kf_freertos_fpga/production/_ext/1521323865/tgt_test_pvt_xfer.o
 .debug_frame   0x0000000000005658      0x150 build/kf_freertos_fpga/production/_ext/1360937237/task1.o
 .debug_frame   0x00000000000057a8       0x2c build/kf_freertos_fpga/production/_ext/1360937237/main.o
 .debug_frame   0x00000000000057d4       0x94 build/kf_freertos_fpga/production/_ext/1360937237/task2.o
 .debug_frame   0x0000000000005868       0x4c build/kf_freertos_fpga/production/_ext/1360937237/task3.o
 .debug_frame   0x00000000000058b4       0x3c c:/program files/microchip/xc32/v4.45/bin/bin/../../lib/gcc/pic32c/8.3.1/../../../../pic32c/lib/thumb/v7e-m+fp/hard\libpic32c.a(data_init.o)
 .debug_frame   0x00000000000058f0       0x2c c:/program files/microchip/xc32/v4.45/bin/bin/../../lib/gcc/pic32c/8.3.1/../../../../pic32c/lib/thumb/v7e-m+fp/hard\libc-size-musl.a(memcpy.o)
 .debug_frame   0x000000000000591c       0x20 c:/program files/microchip/xc32/v4.45/bin/bin/../../lib/gcc/pic32c/8.3.1/../../../../pic32c/lib/thumb/v7e-m+fp/hard\libc-size-musl.a(memset.o)
 .debug_frame   0x000000000000593c       0x3c c:/program files/microchip/xc32/v4.45/bin/bin/../../lib/gcc/pic32c/8.3.1/../../../../pic32c/lib/thumb/v7e-m+fp/hard\libc-musl.a(__libc_start_main.o)
 .debug_frame   0x0000000000005978       0x20 c:/program files/microchip/xc32/v4.45/bin/bin/../../lib/gcc/pic32c/8.3.1/thumb/v7e-m+fp/hard\libgcc.a(_paritysi2.o)
 .debug_frame   0x0000000000005998       0x20 c:/program files/microchip/xc32/v4.45/bin/bin/../../lib/gcc/pic32c/8.3.1/../../../../pic32c/lib/thumb/v7e-m+fp/hard\libpic32c.a(pic32_data_init_clear.o)
 .debug_frame   0x00000000000059b8       0x28 c:/program files/microchip/xc32/v4.45/bin/bin/../../lib/gcc/pic32c/8.3.1/../../../../pic32c/lib/thumb/v7e-m+fp/hard\libpic32c.a(pic32_data_init_copy.o)
 .debug_frame   0x00000000000059e0       0x30 c:/program files/microchip/xc32/v4.45/bin/bin/../../lib/gcc/pic32c/8.3.1/../../../../pic32c/lib/thumb/v7e-m+fp/hard\libpic32c.a(pic32_data_init_decompress.o)

.note.GNU-stack
                0x0000000000000000        0x0
 .note.GNU-stack
                0x0000000000000000        0x0 c:/program files/microchip/xc32/v4.45/bin/bin/../../lib/gcc/pic32c/8.3.1/../../../../pic32c/lib/thumb/v7e-m+fp/hard\libc-size-musl.a(memcpy.o)
 .note.GNU-stack
                0x0000000000000000        0x0 c:/program files/microchip/xc32/v4.45/bin/bin/../../lib/gcc/pic32c/8.3.1/../../../../pic32c/lib/thumb/v7e-m+fp/hard\libc-size-musl.a(memset.o)
 .note.GNU-stack
                0x0000000000000000        0x0 c:/program files/microchip/xc32/v4.45/bin/bin/../../lib/gcc/pic32c/8.3.1/../../../../pic32c/lib/thumb/v7e-m+fp/hard\libc-musl.a(__libc_start_main.o)
 .note.GNU-stack
                0x0000000000000000        0x0 c:/program files/microchip/xc32/v4.45/bin/bin/../../lib/gcc/pic32c/8.3.1/../../../../pic32c/lib/thumb/v7e-m+fp/hard\libc-musl.a(libc.o)
 .note.GNU-stack
                0x0000000000000000        0x0 c:/program files/microchip/xc32/v4.45/bin/bin/../../lib/gcc/pic32c/8.3.1/../../../../pic32c/lib/thumb/v7e-m+fp/hard\libc-musl.a(__environ.o)

.stack          0x000000000011bf08      0x100
 .stack         0x000000000011bf08      0x100 stack

.bss.ucHeap%1   0x0000000000118000     0x2800
 .bss.ucHeap    0x0000000000118000     0x2800 build/kf_freertos_fpga/production/_ext/1665200909/heap_1.o

.bss.pending_xfer_ctxt%2
                0x000000000011a800      0x188
 .bss.pending_xfer_ctxt
                0x000000000011a800      0x188 build/kf_freertos_fpga/production/_ext/101992513/drv_i3c.o
                0x000000000011a800                pending_xfer_ctxt

.bss.tx_max%3   0x000000000011a988       0x80
 .bss.tx_max    0x000000000011a988       0x80 build/kf_freertos_fpga/production/_ext/1521323865/test_pvt_xfer.o
                0x000000000011a988                tx_max

.bss.pxReadyTasksLists%4
                0x000000000011aa08       0x64
 .bss.pxReadyTasksLists
                0x000000000011aa08       0x64 build/kf_freertos_fpga/production/_ext/404212886/FreeRTOS_tasks.o

.bss%5          0x000000000011aa6c       0x50
 .bss           0x000000000011aa6c       0x50 c:/program files/microchip/xc32/v4.45/bin/bin/../../lib/gcc/pic32c/8.3.1/../../../../pic32c/lib/thumb/v7e-m+fp/hard\libc-musl.a(libc.o)
                0x000000000011aa6c                __progname_full
                0x000000000011aa6c                program_invocation_name
                0x000000000011aa70                program_invocation_short_name
                0x000000000011aa70                __progname
                0x000000000011aa74                __sysinfo
                0x000000000011aa78                __hwcap
                0x000000000011aa7c                __libc

.bss%6          0x000000000011aabc       0x1c
 .bss           0x000000000011aabc       0x1c c:/program files/microchip/xc32/v4.45/bin/bin/../../lib/gcc/pic32c/8.3.1/thumb/v7e-m+fp/hard/crtbegin.o

.bss.I3C0_DEV%7
                0x000000000011aad8       0x14
 .bss.I3C0_DEV  0x000000000011aad8       0x14 build/kf_freertos_fpga/production/_ext/101992513/drv_i3c_config.o
                0x000000000011aad8                I3C0_DEV

.bss.I3C1_DEV%8
                0x000000000011aaec       0x14
 .bss.I3C1_DEV  0x000000000011aaec       0x14 build/kf_freertos_fpga/production/_ext/101992513/drv_i3c_config.o
                0x000000000011aaec                I3C1_DEV

.bss.xActiveTimerList1%9
                0x000000000011ab00       0x14
 .bss.xActiveTimerList1
                0x000000000011ab00       0x14 build/kf_freertos_fpga/production/_ext/404212886/timers.o

.bss.xActiveTimerList2%10
                0x000000000011ab14       0x14
 .bss.xActiveTimerList2
                0x000000000011ab14       0x14 build/kf_freertos_fpga/production/_ext/404212886/timers.o

.bss.xDelayedTaskList1%11
                0x000000000011ab28       0x14
 .bss.xDelayedTaskList1
                0x000000000011ab28       0x14 build/kf_freertos_fpga/production/_ext/404212886/FreeRTOS_tasks.o

.bss.xDelayedTaskList2%12
                0x000000000011ab3c       0x14
 .bss.xDelayedTaskList2
                0x000000000011ab3c       0x14 build/kf_freertos_fpga/production/_ext/404212886/FreeRTOS_tasks.o

.bss.xPendingReadyList%13
                0x000000000011ab50       0x14
 .bss.xPendingReadyList
                0x000000000011ab50       0x14 build/kf_freertos_fpga/production/_ext/404212886/FreeRTOS_tasks.o

.bss.xTasksWaitingTermination%14
                0x000000000011ab64       0x14
 .bss.xTasksWaitingTermination
                0x000000000011ab64       0x14 build/kf_freertos_fpga/production/_ext/404212886/FreeRTOS_tasks.o

.bss.xSuspendedTaskList%15
                0x000000000011ab78       0x14
 .bss.xSuspendedTaskList
                0x000000000011ab78       0x14 build/kf_freertos_fpga/production/_ext/404212886/FreeRTOS_tasks.o

.bss.I3CObj%16  0x000000000011ab8c       0x10
 .bss.I3CObj    0x000000000011ab8c       0x10 build/kf_freertos_fpga/production/_ext/825500651/plib_i3c.o

.bss.tgt0_cfg%17
                0x000000000011ab9c        0xc
 .bss.tgt0_cfg  0x000000000011ab9c        0xc build/kf_freertos_fpga/production/_ext/1521323865/tgt_test_pvt_xfer.o
                0x000000000011ab9c                tgt0_cfg

.bss.rx_buff%18
                0x000000000011aba8        0xa
 .bss.rx_buff   0x000000000011aba8        0xa build/kf_freertos_fpga/production/_ext/1521323865/tgt_test_pvt_xfer.o
                0x000000000011aba8                rx_buff

.bss.task1Context%19
                0x000000000011abb4        0x8
 .bss.task1Context
                0x000000000011abb4        0x8 build/kf_freertos_fpga/production/_ext/1360937237/task1.o
                0x000000000011abb4                task1Context

.bss.task2Data%20
                0x000000000011abbc        0x8
 .bss.task2Data
                0x000000000011abbc        0x8 build/kf_freertos_fpga/production/_ext/1360937237/task2.o
                0x000000000011abbc                task2Data

.bss.task2Context%21
                0x000000000011abc4        0x8
 .bss.task2Context
                0x000000000011abc4        0x8 build/kf_freertos_fpga/production/_ext/1360937237/task2.o
                0x000000000011abc4                task2Context

.bss.targets_ibi_enable_sts%22
                0x000000000011abcc        0x4
 .bss.targets_ibi_enable_sts
                0x000000000011abcc        0x4 build/kf_freertos_fpga/production/_ext/825500651/plib_i3c.o

.bss.i3c0Dev%23
                0x000000000011abd0        0x4
 .bss.i3c0Dev   0x000000000011abd0        0x4 build/kf_freertos_fpga/production/_ext/29258880/initialization.o
                0x000000000011abd0                i3c0Dev

.bss.i3c1Dev%24
                0x000000000011abd4        0x4
 .bss.i3c1Dev   0x000000000011abd4        0x4 build/kf_freertos_fpga/production/_ext/29258880/initialization.o
                0x000000000011abd4                i3c1Dev

.bss.xTASK1_Tasks%25
                0x000000000011abd8        0x4
 .bss.xTASK1_Tasks
                0x000000000011abd8        0x4 build/kf_freertos_fpga/production/_ext/29258880/tasks.o
                0x000000000011abd8                xTASK1_Tasks

.bss.xTASK2_Tasks%26
                0x000000000011abdc        0x4
 .bss.xTASK2_Tasks
                0x000000000011abdc        0x4 build/kf_freertos_fpga/production/_ext/29258880/tasks.o
                0x000000000011abdc                xTASK2_Tasks

.bss.xTASK3_Tasks%27
                0x000000000011abe0        0x4
 .bss.xTASK3_Tasks
                0x000000000011abe0        0x4 build/kf_freertos_fpga/production/_ext/29258880/tasks.o
                0x000000000011abe0                xTASK3_Tasks

.bss.xNextFreeByte%28
                0x000000000011abe4        0x4
 .bss.xNextFreeByte
                0x000000000011abe4        0x4 build/kf_freertos_fpga/production/_ext/1665200909/heap_1.o

.bss.pucAlignedHeap.6162%29
                0x000000000011abe8        0x4
 .bss.pucAlignedHeap.6162
                0x000000000011abe8        0x4 build/kf_freertos_fpga/production/_ext/1665200909/heap_1.o

.bss.pxCurrentTimerList%30
                0x000000000011abec        0x4
 .bss.pxCurrentTimerList
                0x000000000011abec        0x4 build/kf_freertos_fpga/production/_ext/404212886/timers.o

.bss.pxOverflowTimerList%31
                0x000000000011abf0        0x4
 .bss.pxOverflowTimerList
                0x000000000011abf0        0x4 build/kf_freertos_fpga/production/_ext/404212886/timers.o

.bss.xTimerQueue%32
                0x000000000011abf4        0x4
 .bss.xTimerQueue
                0x000000000011abf4        0x4 build/kf_freertos_fpga/production/_ext/404212886/timers.o

.bss.xTimerTaskHandle%33
                0x000000000011abf8        0x4
 .bss.xTimerTaskHandle
                0x000000000011abf8        0x4 build/kf_freertos_fpga/production/_ext/404212886/timers.o

.bss.xLastTime.6473%34
                0x000000000011abfc        0x4
 .bss.xLastTime.6473
                0x000000000011abfc        0x4 build/kf_freertos_fpga/production/_ext/404212886/timers.o

.bss.pxCurrentTCB%35
                0x000000000011ac00        0x4
 .bss.pxCurrentTCB
                0x000000000011ac00        0x4 build/kf_freertos_fpga/production/_ext/404212886/FreeRTOS_tasks.o
                0x000000000011ac00                pxCurrentTCB

.bss.pxDelayedTaskList%36
                0x000000000011ac04        0x4
 .bss.pxDelayedTaskList
                0x000000000011ac04        0x4 build/kf_freertos_fpga/production/_ext/404212886/FreeRTOS_tasks.o

.bss.pxOverflowDelayedTaskList%37
                0x000000000011ac08        0x4
 .bss.pxOverflowDelayedTaskList
                0x000000000011ac08        0x4 build/kf_freertos_fpga/production/_ext/404212886/FreeRTOS_tasks.o

.bss.uxDeletedTasksWaitingCleanUp%38
                0x000000000011ac0c        0x4
 .bss.uxDeletedTasksWaitingCleanUp
                0x000000000011ac0c        0x4 build/kf_freertos_fpga/production/_ext/404212886/FreeRTOS_tasks.o

.bss.uxCurrentNumberOfTasks%39
                0x000000000011ac10        0x4
 .bss.uxCurrentNumberOfTasks
                0x000000000011ac10        0x4 build/kf_freertos_fpga/production/_ext/404212886/FreeRTOS_tasks.o

.bss.xTickCount%40
                0x000000000011ac14        0x4
 .bss.xTickCount
                0x000000000011ac14        0x4 build/kf_freertos_fpga/production/_ext/404212886/FreeRTOS_tasks.o

.bss.uxTopReadyPriority%41
                0x000000000011ac18        0x4
 .bss.uxTopReadyPriority
                0x000000000011ac18        0x4 build/kf_freertos_fpga/production/_ext/404212886/FreeRTOS_tasks.o

.bss.xSchedulerRunning%42
                0x000000000011ac1c        0x4
 .bss.xSchedulerRunning
                0x000000000011ac1c        0x4 build/kf_freertos_fpga/production/_ext/404212886/FreeRTOS_tasks.o

.bss.xPendedTicks%43
                0x000000000011ac20        0x4
 .bss.xPendedTicks
                0x000000000011ac20        0x4 build/kf_freertos_fpga/production/_ext/404212886/FreeRTOS_tasks.o

.bss.xYieldPending%44
                0x000000000011ac24        0x4
 .bss.xYieldPending
                0x000000000011ac24        0x4 build/kf_freertos_fpga/production/_ext/404212886/FreeRTOS_tasks.o

.bss.xNumOfOverflows%45
                0x000000000011ac28        0x4
 .bss.xNumOfOverflows
                0x000000000011ac28        0x4 build/kf_freertos_fpga/production/_ext/404212886/FreeRTOS_tasks.o

.bss.uxTaskNumber%46
                0x000000000011ac2c        0x4
 .bss.uxTaskNumber
                0x000000000011ac2c        0x4 build/kf_freertos_fpga/production/_ext/404212886/FreeRTOS_tasks.o

.bss.xNextTaskUnblockTime%47
                0x000000000011ac30        0x4
 .bss.xNextTaskUnblockTime
                0x000000000011ac30        0x4 build/kf_freertos_fpga/production/_ext/404212886/FreeRTOS_tasks.o

.bss.xIdleTaskHandle%48
                0x000000000011ac34        0x4
 .bss.xIdleTaskHandle
                0x000000000011ac34        0x4 build/kf_freertos_fpga/production/_ext/404212886/FreeRTOS_tasks.o

.bss.uxSchedulerSuspended%49
                0x000000000011ac38        0x4
 .bss.uxSchedulerSuspended
                0x000000000011ac38        0x4 build/kf_freertos_fpga/production/_ext/404212886/FreeRTOS_tasks.o

.bss.uartMutexLock%50
                0x000000000011ac3c        0x4
 .bss.uartMutexLock
                0x000000000011ac3c        0x4 build/kf_freertos_fpga/production/_ext/1360937237/task1.o
                0x000000000011ac3c                uartMutexLock

.bss%51         0x000000000011ac40        0x4
 .bss           0x000000000011ac40        0x4 c:/program files/microchip/xc32/v4.45/bin/bin/../../lib/gcc/pic32c/8.3.1/../../../../pic32c/lib/thumb/v7e-m+fp/hard\libpic32c.a(data_init.o)

.bss%52         0x000000000011ac44        0x4
 .bss           0x000000000011ac44        0x4 c:/program files/microchip/xc32/v4.45/bin/bin/../../lib/gcc/pic32c/8.3.1/../../../../pic32c/lib/thumb/v7e-m+fp/hard\libc-musl.a(__environ.o)
                0x000000000011ac44                __environ
                0x000000000011ac44                environ
                0x000000000011ac44                ___environ
                0x000000000011ac44                _environ

.bss.task3Data%53
                0x000000000011ac48        0x1
 .bss.task3Data
                0x000000000011ac48        0x1 build/kf_freertos_fpga/production/_ext/1360937237/task3.o
                0x000000000011ac48                task3Data

.bss.tid%54     0x000000000011abb2        0x1
 .bss.tid       0x000000000011abb2        0x1 build/kf_freertos_fpga/production/_ext/825500651/plib_i3c.o

.data.I3C0_DATA%55
                0x000000000011ac50      0x7e8
 .data.I3C0_DATA
                0x000000000011ac50      0x7e8 build/kf_freertos_fpga/production/_ext/101992513/drv_i3c_config.o
                0x000000000011ac50                I3C0_DATA

.data.I3C1_DATA%56
                0x000000000011b438      0x7e8
 .data.I3C1_DATA
                0x000000000011b438      0x7e8 build/kf_freertos_fpga/production/_ext/101992513/drv_i3c_config.o
                0x000000000011b438                I3C1_DATA

.data.i3c0_device_list%57
                0x000000000011bc20       0x38
 .data.i3c0_device_list
                0x000000000011bc20       0x38 build/kf_freertos_fpga/production/_ext/101992513/drv_i3c_config.o
                0x000000000011bc20                i3c0_device_list

.data.I3C0_CFG%58
                0x000000000011bc58       0x20
 .data.I3C0_CFG
                0x000000000011bc58       0x20 build/kf_freertos_fpga/production/_ext/101992513/drv_i3c_config.o
                0x000000000011bc58                I3C0_CFG

.data.I3C1_CFG%59
                0x000000000011bc78       0x20
 .data.I3C1_CFG
                0x000000000011bc78       0x20 build/kf_freertos_fpga/production/_ext/101992513/drv_i3c_config.o
                0x000000000011bc78                I3C1_CFG

.data.i3c_tgt%60
                0x000000000011bc98       0x20
 .data.i3c_tgt  0x000000000011bc98       0x20 build/kf_freertos_fpga/production/_ext/101992513/drv_i3c_config.o
                0x000000000011bc98                i3c_tgt

.data.tgt0_cbs%61
                0x000000000011bcb8       0x18
 .data.tgt0_cbs
                0x000000000011bcb8       0x18 build/kf_freertos_fpga/production/_ext/1521323865/tgt_test_pvt_xfer.o
                0x000000000011bcb8                tgt0_cbs

.data.tx_buff%62
                0x000000000011bcd0       0x14
 .data.tx_buff  0x000000000011bcd0       0x14 build/kf_freertos_fpga/production/_ext/1521323865/tgt_test_pvt_xfer.o
                0x000000000011bcd0                tx_buff

.data.uxCriticalNesting%63
                0x000000000011ac4c        0x4
 .data.uxCriticalNesting
                0x000000000011ac4c        0x4 build/kf_freertos_fpga/production/_ext/246609638/port.o

.data.uxTopUsedPriority%64
                0x000000000011bce4        0x4
 .data.uxTopUsedPriority
                0x000000000011bce4        0x4 build/kf_freertos_fpga/production/_ext/404212886/FreeRTOS_tasks.o
                0x000000000011bce4                uxTopUsedPriority

.eh_frame%z1    0x0000000000000000        0x0
 .eh_frame      0x0000000000000000        0x0 c:/program files/microchip/xc32/v4.45/bin/bin/../../lib/gcc/pic32c/8.3.1/thumb/v7e-m+fp/hard/crtbegin.o

.rodata%65      0x00000000000b0370      0xa58
 .rodata        0x00000000000b0370      0xa58 build/kf_freertos_fpga/production/_ext/101992513/drv_i3c.o

.rodata%66      0x00000000000b0dc8      0x6c8
 .rodata        0x00000000000b0dc8      0x6c8 build/kf_freertos_fpga/production/_ext/1360937237/task1.o

.text.test_xfers_all%67
                0x00000000000b1490      0x440
 .text.test_xfers_all
                0x00000000000b1490      0x440 build/kf_freertos_fpga/production/_ext/1521323865/test_pvt_xfer.o
                0x00000000000b1490                test_xfers_all

.text._drv_i3c_xfers%68
                0x00000000000b18d0      0x418
 .text._drv_i3c_xfers
                0x00000000000b18d0      0x418 build/kf_freertos_fpga/production/_ext/101992513/drv_i3c.o

.text.DRV_I3C_do_DAA%69
                0x00000000000b1ce8      0x344
 .text.DRV_I3C_do_DAA
                0x00000000000b1ce8      0x344 build/kf_freertos_fpga/production/_ext/101992513/drv_i3c.o
                0x00000000000b1ce8                DRV_I3C_do_DAA

.dinit%70       0x00000000000b202c      0x2e0
 .dinit         0x00000000000b202c      0x2e0 data_init

.rodata%71      0x00000000000b230c      0x2ac
 .rodata        0x00000000000b230c      0x2ac build/kf_freertos_fpga/production/_ext/1886205328/i3c_common.o

.text.DRV_I3C_Init%72
                0x00000000000b25b8      0x268
 .text.DRV_I3C_Init
                0x00000000000b25b8      0x268 build/kf_freertos_fpga/production/_ext/101992513/drv_i3c.o
                0x00000000000b25b8                DRV_I3C_Init

.text._drv_i3c_isr_target%73
                0x00000000000b2820      0x244
 .text._drv_i3c_isr_target
                0x00000000000b2820      0x244 build/kf_freertos_fpga/production/_ext/101992513/drv_i3c.o

.text._drv_i3c_isr_xfers%74
                0x00000000000b2a64      0x238
 .text._drv_i3c_isr_xfers
                0x00000000000b2a64      0x238 build/kf_freertos_fpga/production/_ext/101992513/drv_i3c.o

.text._drv_i3c_CCC%75
                0x00000000000b2c9c      0x218
 .text._drv_i3c_CCC
                0x00000000000b2c9c      0x218 build/kf_freertos_fpga/production/_ext/101992513/drv_i3c.o

.text.xTaskIncrementTick%76
                0x00000000000b2eb4      0x20c
 .text.xTaskIncrementTick
                0x00000000000b2eb4      0x20c build/kf_freertos_fpga/production/_ext/404212886/FreeRTOS_tasks.o
                0x00000000000b2eb4                xTaskIncrementTick

.text._drv_i3c_isr_target_xfers%77
                0x00000000000b30c0      0x1fc
 .text._drv_i3c_isr_target_xfers
                0x00000000000b30c0      0x1fc build/kf_freertos_fpga/production/_ext/101992513/drv_i3c.o

.text.DRV_I3C_target_ibi_raise%78
                0x00000000000b32bc      0x1d8
 .text.DRV_I3C_target_ibi_raise
                0x00000000000b32bc      0x1d8 build/kf_freertos_fpga/production/_ext/101992513/drv_i3c.o
                0x00000000000b32bc                DRV_I3C_target_ibi_raise

.text.xTaskResumeAll%79
                0x00000000000b3494      0x1d8
 .text.xTaskResumeAll
                0x00000000000b3494      0x1d8 build/kf_freertos_fpga/production/_ext/404212886/FreeRTOS_tasks.o
                0x00000000000b3494                xTaskResumeAll

.text._drv_i3c_ibi_isr%80
                0x00000000000b366c      0x1b8
 .text._drv_i3c_ibi_isr
                0x00000000000b366c      0x1b8 build/kf_freertos_fpga/production/_ext/101992513/drv_i3c.o

.text.i3c_bus_init%81
                0x00000000000b3824      0x1b8
 .text.i3c_bus_init
                0x00000000000b3824      0x1b8 build/kf_freertos_fpga/production/_ext/1886205328/i3c_common.o
                0x00000000000b3824                i3c_bus_init

.text.xQueueSemaphoreTake%82
                0x00000000000b39dc      0x190
 .text.xQueueSemaphoreTake
                0x00000000000b39dc      0x190 build/kf_freertos_fpga/production/_ext/404212886/queue.o
                0x00000000000b39dc                xQueueSemaphoreTake

.text.xTaskRemoveFromEventList%83
                0x00000000000b3b6c      0x190
 .text.xTaskRemoveFromEventList
                0x00000000000b3b6c      0x190 build/kf_freertos_fpga/production/_ext/404212886/FreeRTOS_tasks.o
                0x00000000000b3b6c                xTaskRemoveFromEventList

.text.mini_vsnprintf%84
                0x00000000000b3cfc      0x17e
 .text.mini_vsnprintf
                0x00000000000b3cfc      0x17e build/kf_freertos_fpga/production/_ext/1420773124/trace.o
                0x00000000000b3cfc                mini_vsnprintf

.text.DRV_I3C_Xfers%85
                0x00000000000b3e7c      0x174
 .text.DRV_I3C_Xfers
                0x00000000000b3e7c      0x174 build/kf_freertos_fpga/production/_ext/101992513/drv_i3c.o
                0x00000000000b3e7c                DRV_I3C_Xfers

.text.uart_protocol_init%86
                0x00000000000b3ff0      0x170
 .text.uart_protocol_init
                0x00000000000b3ff0      0x170 build/kf_freertos_fpga/production/_ext/1732944825/uart_api.o
                0x00000000000b3ff0                uart_protocol_init

.text.DRV_I3C_attach_device%87
                0x00000000000b4160      0x15c
 .text.DRV_I3C_attach_device
                0x00000000000b4160      0x15c build/kf_freertos_fpga/production/_ext/101992513/drv_i3c.o
                0x00000000000b4160                DRV_I3C_attach_device

.text.prvProcessReceivedCommands%88
                0x00000000000b42bc      0x15c
 .text.prvProcessReceivedCommands
                0x00000000000b42bc      0x15c build/kf_freertos_fpga/production/_ext/404212886/timers.o

.text.xQueueGenericSend%89
                0x00000000000b4418      0x154
 .text.xQueueGenericSend
                0x00000000000b4418      0x154 build/kf_freertos_fpga/production/_ext/404212886/queue.o
                0x00000000000b4418                xQueueGenericSend

.text.xQueueReceive%90
                0x00000000000b456c      0x144
 .text.xQueueReceive
                0x00000000000b456c      0x144 build/kf_freertos_fpga/production/_ext/404212886/queue.o
                0x00000000000b456c                xQueueReceive

.text.p_uart_line_status_reg_get%91
                0x00000000000b46b0      0x140
 .text.p_uart_line_status_reg_get
                0x00000000000b46b0      0x140 build/kf_freertos_fpga/production/_ext/1732944825/uart_perphl.o
                0x00000000000b46b0                p_uart_line_status_reg_get

.text.xTaskPriorityInherit%92
                0x00000000000b47f0      0x13c
 .text.xTaskPriorityInherit
                0x00000000000b47f0      0x13c build/kf_freertos_fpga/production/_ext/404212886/FreeRTOS_tasks.o
                0x00000000000b47f0                xTaskPriorityInherit

.text.i3c_mec5_tgt_wka_code%93
                0x00000000000b492c      0x138
 .text.i3c_mec5_tgt_wka_code
                0x00000000000b492c      0x138 build/kf_freertos_fpga/production/_ext/101992513/drv_i3c.o
                0x00000000000b492c                i3c_mec5_tgt_wka_code

.text.vTaskPriorityDisinheritAfterTimeout%94
                0x00000000000b4a64      0x12c
 .text.vTaskPriorityDisinheritAfterTimeout
                0x00000000000b4a64      0x12c build/kf_freertos_fpga/production/_ext/404212886/FreeRTOS_tasks.o
                0x00000000000b4a64                vTaskPriorityDisinheritAfterTimeout

.text.prvAddNewTaskToReadyList%95
                0x00000000000b4b90      0x124
 .text.prvAddNewTaskToReadyList
                0x00000000000b4b90      0x124 build/kf_freertos_fpga/production/_ext/404212886/FreeRTOS_tasks.o

.text._drv_ibi_task%96
                0x00000000000b4cb4      0x120
 .text._drv_ibi_task
                0x00000000000b4cb4      0x120 build/kf_freertos_fpga/production/_ext/101992513/drv_i3c.o

.text.mini_itoa%97
                0x00000000000b4dd4      0x11c
 .text.mini_itoa
                0x00000000000b4dd4      0x11c build/kf_freertos_fpga/production/_ext/1420773124/trace.o

.text.DRV_I3C_IBI_enable%98
                0x00000000000b4ef0      0x110
 .text.DRV_I3C_IBI_enable
                0x00000000000b4ef0      0x110 build/kf_freertos_fpga/production/_ext/101992513/drv_i3c.o
                0x00000000000b4ef0                DRV_I3C_IBI_enable

.text.DRV_I3C_IBI_disable%99
                0x00000000000b5000      0x110
 .text.DRV_I3C_IBI_disable
                0x00000000000b5000      0x110 build/kf_freertos_fpga/production/_ext/101992513/drv_i3c.o
                0x00000000000b5000                DRV_I3C_IBI_disable

.text.i3c_bus_setdasa%100
                0x00000000000b5110      0x110
 .text.i3c_bus_setdasa
                0x00000000000b5110      0x110 build/kf_freertos_fpga/production/_ext/1886205328/i3c_common.o

.text.i3c_addr_slots_init%101
                0x00000000000b5220      0x10e
 .text.i3c_addr_slots_init
                0x00000000000b5220      0x10e build/kf_freertos_fpga/production/_ext/1886205328/i3c_common.o
                0x00000000000b5220                i3c_addr_slots_init

.text.prvInitialiseNewTask%102
                0x00000000000b532e      0x10c
 .text.prvInitialiseNewTask
                0x00000000000b532e      0x10c build/kf_freertos_fpga/production/_ext/404212886/FreeRTOS_tasks.o

.text.I3C_DO_Xfer_Prep%103
                0x00000000000b543c      0x108
 .text.I3C_DO_Xfer_Prep
                0x00000000000b543c      0x108 build/kf_freertos_fpga/production/_ext/825500651/plib_i3c.o
                0x00000000000b543c                I3C_DO_Xfer_Prep

.text._i3c_push_pull_timing_set%104
                0x00000000000b5544      0x104
 .text._i3c_push_pull_timing_set
                0x00000000000b5544      0x104 build/kf_freertos_fpga/production/_ext/825500651/plib_i3c_private.o
                0x00000000000b5544                _i3c_push_pull_timing_set

.text.xTaskPriorityDisinherit%105
                0x00000000000b5648      0x104
 .text.xTaskPriorityDisinherit
                0x00000000000b5648      0x104 build/kf_freertos_fpga/production/_ext/404212886/FreeRTOS_tasks.o
                0x00000000000b5648                xTaskPriorityDisinherit

.text.prvAddCurrentTaskToDelayedList%106
                0x00000000000b574c      0x100
 .text.prvAddCurrentTaskToDelayedList
                0x00000000000b574c      0x100 build/kf_freertos_fpga/production/_ext/404212886/FreeRTOS_tasks.o

.text.GPIO_PropertySet%107
                0x00000000000b584c       0xf4
 .text.GPIO_PropertySet
                0x00000000000b584c       0xf4 build/kf_freertos_fpga/production/_ext/179282931/plib_gpio.o
                0x00000000000b584c                GPIO_PropertySet

.text.I3C_DO_CCC%108
                0x00000000000b5940       0xec
 .text.I3C_DO_CCC
                0x00000000000b5940       0xec build/kf_freertos_fpga/production/_ext/825500651/plib_i3c.o
                0x00000000000b5940                I3C_DO_CCC

.text.TASK1_Tasks%109
                0x00000000000b5a2c       0xec
 .text.TASK1_Tasks
                0x00000000000b5a2c       0xec build/kf_freertos_fpga/production/_ext/1360937237/task1.o
                0x00000000000b5a2c                TASK1_Tasks

.text.DRV_I3C_ISR_Callback%110
                0x00000000000b5b18       0xea
 .text.DRV_I3C_ISR_Callback
                0x00000000000b5b18       0xea build/kf_freertos_fpga/production/_ext/101992513/drv_i3c.o

.text.xQueueGenericReset%111
                0x00000000000b5c04       0xe8
 .text.xQueueGenericReset
                0x00000000000b5c04       0xe8 build/kf_freertos_fpga/production/_ext/404212886/queue.o
                0x00000000000b5c04                xQueueGenericReset

.rodata%112     0x00000000000b5cec       0xe8
 .rodata        0x00000000000b5cec       0xe8 build/kf_freertos_fpga/production/_ext/1521323865/test_pvt_xfer.o

.text.TASK2_Tasks%113
                0x00000000000b5dd4       0xe8
 .text.TASK2_Tasks
                0x00000000000b5dd4       0xe8 build/kf_freertos_fpga/production/_ext/1360937237/task2.o
                0x00000000000b5dd4                TASK2_Tasks

.text.i3c_determine_default_addr%114
                0x00000000000b5ebc       0xde
 .text.i3c_determine_default_addr
                0x00000000000b5ebc       0xde build/kf_freertos_fpga/production/_ext/1886205328/i3c_common.o
                0x00000000000b5ebc                i3c_determine_default_addr

.text._drv_i3c_initiate_hotjoin%115
                0x00000000000b5f9c       0xdc
 .text._drv_i3c_initiate_hotjoin
                0x00000000000b5f9c       0xdc build/kf_freertos_fpga/production/_ext/101992513/drv_i3c.o
