Archive member included to satisfy reference by file (symbol)

c:/program files/microchip/xc32/v4.45/bin/bin/../../lib/gcc/pic32c/8.3.1/../../../../pic32c/lib/thumb/v7e-m+fp/hard\libpic32c.a(data_init.o)
                              build/kf_freertos_fpga/production/_ext/29258880/startup_xc32.o (__pic32c_data_initialization)
c:/program files/microchip/xc32/v4.45/bin/bin/../../lib/gcc/pic32c/8.3.1/../../../../pic32c/lib/thumb/v7e-m+fp/hard\libc-size-musl.a(memcpy.o)
                              build/kf_freertos_fpga/production/_ext/825500651/plib_i3c_private.o (memcpy)
c:/program files/microchip/xc32/v4.45/bin/bin/../../lib/gcc/pic32c/8.3.1/../../../../pic32c/lib/thumb/v7e-m+fp/hard\libc-size-musl.a(memset.o)
                              build/kf_freertos_fpga/production/_ext/101992513/drv_i3c.o (memset)
c:/program files/microchip/xc32/v4.45/bin/bin/../../lib/gcc/pic32c/8.3.1/../../../../pic32c/lib/thumb/v7e-m+fp/hard\libc-musl.a(__libc_start_main.o)
                              build/kf_freertos_fpga/production/_ext/29258880/startup_xc32.o (__libc_init_array)
c:/program files/microchip/xc32/v4.45/bin/bin/../../lib/gcc/pic32c/8.3.1/../../../../pic32c/lib/thumb/v7e-m+fp/hard\libc-musl.a(libc.o)
                              c:/program files/microchip/xc32/v4.45/bin/bin/../../lib/gcc/pic32c/8.3.1/../../../../pic32c/lib/thumb/v7e-m+fp/hard\libc-musl.a(__libc_start_main.o) (__progname_full)
c:/program files/microchip/xc32/v4.45/bin/bin/../../lib/gcc/pic32c/8.3.1/../../../../pic32c/lib/thumb/v7e-m+fp/hard\libc-musl.a(vsprintf.o)
                              build/kf_freertos_fpga/production/_ext/346071803/log.o (vsprintf)
c:/program files/microchip/xc32/v4.45/bin/bin/../../lib/gcc/pic32c/8.3.1/../../../../pic32c/lib/thumb/v7e-m+fp/hard\libc-musl.a(__environ.o)
                              c:/program files/microchip/xc32/v4.45/bin/bin/../../lib/gcc/pic32c/8.3.1/../../../../pic32c/lib/thumb/v7e-m+fp/hard\libc-musl.a(__libc_start_main.o) (__environ)
c:/program files/microchip/xc32/v4.45/bin/bin/../../lib/gcc/pic32c/8.3.1/../../../../pic32c/lib/thumb/v7e-m+fp/hard\libc-musl.a(vsnprintf.o)
                              c:/program files/microchip/xc32/v4.45/bin/bin/../../lib/gcc/pic32c/8.3.1/../../../../pic32c/lib/thumb/v7e-m+fp/hard\libc-musl.a(vsprintf.o) (vsnprintf)
c:/program files/microchip/xc32/v4.45/bin/bin/../../lib/gcc/pic32c/8.3.1/../../../../pic32c/lib/thumb/v7e-m+fp/hard\libc-musl.a(__errno_location.o)
                              c:/program files/microchip/xc32/v4.45/bin/bin/../../lib/gcc/pic32c/8.3.1/../../../../pic32c/lib/thumb/v7e-m+fp/hard\libc-musl.a(vsnprintf.o) (__errno_val)
c:/program files/microchip/xc32/v4.45/bin/bin/../../lib/gcc/pic32c/8.3.1/../../../../pic32c/lib/thumb/v7e-m+fp/hard\libc-musl.a(vfprintf.o)
                              c:/program files/microchip/xc32/v4.45/bin/bin/../../lib/gcc/pic32c/8.3.1/../../../../pic32c/lib/thumb/v7e-m+fp/hard\libc-musl.a(vsnprintf.o) (vfprintf)
c:/program files/microchip/xc32/v4.45/bin/bin/../../lib/gcc/pic32c/8.3.1/../../../../pic32c/lib/thumb/v7e-m+fp/hard\libc-musl.a(__io_fmt_needed.o)
                              c:/program files/microchip/xc32/v4.45/bin/bin/../../lib/gcc/pic32c/8.3.1/../../../../pic32c/lib/thumb/v7e-m+fp/hard\libc-musl.a(vfprintf.o) (__io_fmt_needed)
c:/program files/microchip/xc32/v4.45/bin/bin/../../lib/gcc/pic32c/8.3.1/../../../../pic32c/lib/thumb/v7e-m+fp/hard\libc-musl.a(__pop_float.o)
                              c:/program files/microchip/xc32/v4.45/bin/bin/../../lib/gcc/pic32c/8.3.1/../../../../pic32c/lib/thumb/v7e-m+fp/hard\libc-musl.a(__io_fmt_needed.o) (__pop_float_needed)
c:/program files/microchip/xc32/v4.45/bin/bin/../../lib/gcc/pic32c/8.3.1/../../../../pic32c/lib/thumb/v7e-m+fp/hard\libc-musl.a(__pop_int.o)
                              c:/program files/microchip/xc32/v4.45/bin/bin/../../lib/gcc/pic32c/8.3.1/../../../../pic32c/lib/thumb/v7e-m+fp/hard\libc-musl.a(__io_fmt_needed.o) (__pop_int_needed)
c:/program files/microchip/xc32/v4.45/bin/bin/../../lib/gcc/pic32c/8.3.1/../../../../pic32c/lib/thumb/v7e-m+fp/hard\libc-musl.a(__pop_ptr.o)
                              c:/program files/microchip/xc32/v4.45/bin/bin/../../lib/gcc/pic32c/8.3.1/../../../../pic32c/lib/thumb/v7e-m+fp/hard\libc-musl.a(__io_fmt_needed.o) (__pop_ptr_needed)
c:/program files/microchip/xc32/v4.45/bin/bin/../../lib/gcc/pic32c/8.3.1/../../../../pic32c/lib/thumb/v7e-m+fp/hard\libc-musl.a(__printf_core.o)
                              c:/program files/microchip/xc32/v4.45/bin/bin/../../lib/gcc/pic32c/8.3.1/../../../../pic32c/lib/thumb/v7e-m+fp/hard\libc-musl.a(vfprintf.o) (__printf_core)
c:/program files/microchip/xc32/v4.45/bin/bin/../../lib/gcc/pic32c/8.3.1/../../../../pic32c/lib/thumb/v7e-m+fp/hard\libc-musl.a(atoi.o)
                              c:/program files/microchip/xc32/v4.45/bin/bin/../../lib/gcc/pic32c/8.3.1/../../../../pic32c/lib/thumb/v7e-m+fp/hard\libc-musl.a(__printf_core.o) (atoi)
[...]
Memory Configuration

Name             Origin             Length             Attributes
rom              0x00000000000b0000 0x0000000000050000 xrl
ram              0x0000000000118000 0x000000000000a000 xw !r
*default*        0x0000000000000000 0xffffffffffffffff

Linker script and memory map

LOAD c:/program files/microchip/xc32/v4.45/bin/bin/../../lib/gcc/pic32c/8.3.1/thumb/v7e-m+fp/hard/crti.o
LOAD c:/program files/microchip/xc32/v4.45/bin/bin/../../lib/gcc/pic32c/8.3.1/thumb/v7e-m+fp/hard/crtbegin.o
LOAD build/kf_freertos_fpga/production/_ext/1420773124/serial.o
LOAD build/kf_freertos_fpga/production/_ext/1420773124/trace.o
LOAD build/kf_freertos_fpga/production/_ext/101992513/drv_i3c.o
LOAD build/kf_freertos_fpga/production/_ext/101992513/drv_i3c_config.o
LOAD build/kf_freertos_fpga/production/_ext/1886205328/i3c_ccc.o
LOAD build/kf_freertos_fpga/production/_ext/1886205328/i3c_common.o
LOAD build/kf_freertos_fpga/production/_ext/785111490/osal_freertos.o
LOAD build/kf_freertos_fpga/production/_ext/825503660/dma.o
LOAD build/kf_freertos_fpga/production/_ext/868947740/plib_ec_reg_bank.o
LOAD build/kf_freertos_fpga/production/_ext/179210842/plib_ecia.o
LOAD build/kf_freertos_fpga/production/_ext/179282931/plib_gpio.o
LOAD build/kf_freertos_fpga/production/_ext/825500651/plib_i3c.o
LOAD build/kf_freertos_fpga/production/_ext/825500651/plib_i3c_private.o
LOAD build/kf_freertos_fpga/production/_ext/179497222/plib_nvic.o
LOAD build/kf_freertos_fpga/production/_ext/825492421/plib_pcr.o
LOAD build/kf_freertos_fpga/production/_ext/1732944825/uart_api.o
LOAD build/kf_freertos_fpga/production/_ext/1732944825/uart_perphl.o
LOAD build/kf_freertos_fpga/production/_ext/1435074362/xc32_monitor.o
LOAD build/kf_freertos_fpga/production/_ext/29258880/exceptions.o
LOAD build/kf_freertos_fpga/production/_ext/29258880/freertos_hooks.o
LOAD build/kf_freertos_fpga/production/_ext/29258880/initialization.o
LOAD build/kf_freertos_fpga/production/_ext/29258880/interrupts.o
LOAD build/kf_freertos_fpga/production/_ext/29258880/libc_syscalls.o
LOAD build/kf_freertos_fpga/production/_ext/29258880/startup_xc32.o
LOAD build/kf_freertos_fpga/production/_ext/29258880/tasks.o
LOAD build/kf_freertos_fpga/production/_ext/246609638/port.o
LOAD build/kf_freertos_fpga/production/_ext/1665200909/heap_1.o
LOAD build/kf_freertos_fpga/production/_ext/404212886/queue.o
LOAD build/kf_freertos_fpga/production/_ext/404212886/croutine.o
LOAD build/kf_freertos_fpga/production/_ext/404212886/timers.o
LOAD build/kf_freertos_fpga/production/_ext/404212886/list.o
LOAD build/kf_freertos_fpga/production/_ext/404212886/FreeRTOS_tasks.o
LOAD build/kf_freertos_fpga/production/_ext/404212886/stream_buffer.o
LOAD build/kf_freertos_fpga/production/_ext/404212886/event_groups.o
LOAD build/kf_freertos_fpga/production/_ext/346071803/log.o
LOAD build/kf_freertos_fpga/production/_ext/1521323865/test_ccc.o
LOAD build/kf_freertos_fpga/production/_ext/1521323865/test_pvt_xfer.o
LOAD build/kf_freertos_fpga/production/_ext/1521323865/test_icm42605.o
LOAD build/kf_freertos_fpga/production/_ext/1521323865/test_ibis.o
LOAD build/kf_freertos_fpga/production/_ext/1521323865/tgt_test_pvt_xfer.o
LOAD build/kf_freertos_fpga/production/_ext/1521323865/crc8.o
LOAD build/kf_freertos_fpga/production/_ext/1521323865/tgt_test_ibis.o
LOAD build/kf_freertos_fpga/production/_ext/1360937237/task1.o
LOAD build/kf_freertos_fpga/production/_ext/1360937237/main.o
LOAD build/kf_freertos_fpga/production/_ext/1360937237/task2.o
LOAD build/kf_freertos_fpga/production/_ext/1360937237/task3.o
LOAD build/kf_freertos_fpga/production/_ext/1360937237/task4.o
                0x0000000000000001                __MPLAB_BUILD = 0x1
                0x0000000000100000                __rom_end = (ORIGIN (rom) + LENGTH (rom))
                0x0000000000122000                __ram_end = (ORIGIN (ram) + LENGTH (ram))

.vectors        0x00000000000b0000      0x350
                0x00000000000b0000                . = ALIGN (0x4)
                0x00000000000b0000                _sfixed = .
 *(.vectors .vectors.* .vectors_default .vectors_default.*)
 .vectors.exception_table
                0x00000000000b0000      0x350 build/kf_freertos_fpga/production/_ext/29258880/interrupts.o
                0x00000000000b0000                exception_table
 *(.isr_vector)
 *(.reset*)
 *(.after_vectors)

.text           0x00000000000b0350       0x20
                0x00000000000b0350                . = ALIGN (0x4)
 *(.glue_7t)
 .glue_7t       0x00000000000b0350        0x0 linker stubs
 *(.glue_7)
 .glue_7        0x00000000000b0350        0x0 linker stubs
 *(.gnu.linkonce.r.*)
 *(.ARM.extab* .gnu.linkonce.armextab.*)
                0x00000000000b0350                . = ALIGN (0x4)
 *(.init)
 .init          0x00000000000b0350        0x4 c:/program files/microchip/xc32/v4.45/bin/bin/../../lib/gcc/pic32c/8.3.1/thumb/v7e-m+fp/hard/crti.o
                0x00000000000b0350                _init
 .init          0x00000000000b0354        0x8 c:/program files/microchip/xc32/v4.45/bin/bin/../../lib/gcc/pic32c/8.3.1/thumb/v7e-m+fp/hard/crtn.o
                0x00000000000b035c                . = ALIGN (0x4)
                0x00000000000b035c                __preinit_array_start = .
 *(.preinit_array)
                0x00000000000b035c                __preinit_array_end = .
                0x00000000000b035c                . = ALIGN (0x4)
                0x00000000000b035c                __init_array_start = .
 *(SORT_BY_NAME(.init_array.*))
 *(.init_array)
 .init_array    0x00000000000b035c        0x4 c:/program files/microchip/xc32/v4.45/bin/bin/../../lib/gcc/pic32c/8.3.1/thumb/v7e-m+fp/hard/crtbegin.o
                0x00000000000b0360                __init_array_end = .
                0x00000000000b0360                . = ALIGN (0x4)
 *crtbegin.o(.ctors)
 *(EXCLUDE_FILE(*crtend.o) .ctors)
 *(SORT_BY_NAME(.ctors.*))
 *crtend.o(.ctors)
                0x00000000000b0360                . = ALIGN (0x4)
 *(.fini)
 .fini          0x00000000000b0360        0x4 c:/program files/microchip/xc32/v4.45/bin/bin/../../lib/gcc/pic32c/8.3.1/thumb/v7e-m+fp/hard/crti.o
                0x00000000000b0360                _fini
 .fini          0x00000000000b0364        0x8 c:/program files/microchip/xc32/v4.45/bin/bin/../../lib/gcc/pic32c/8.3.1/thumb/v7e-m+fp/hard/crtn.o
                0x00000000000b036c                . = ALIGN (0x4)
                0x00000000000b036c                __fini_array_start = .
 *(.fini_array)
 .fini_array    0x00000000000b036c        0x4 c:/program files/microchip/xc32/v4.45/bin/bin/../../lib/gcc/pic32c/8.3.1/thumb/v7e-m+fp/hard/crtbegin.o
 *(SORT_BY_NAME(.fini_array.*))
                0x00000000000b0370                __fini_array_end = .
 *crtbegin.o(.dtors)
 *(EXCLUDE_FILE(*crtend.o) .dtors)
 *(SORT_BY_NAME(.dtors.*))
 *crtend.o(.dtors)
                0x00000000000b0370                . = ALIGN (0x4)
                0x00000000000b0370                _efixed = .
                [!provide]                        PROVIDE (__exidx_start = .)

.ARM.exidx      0x00000000000b0370        0x8
 *(.ARM.exidx* .gnu.linkonce.armexidx.*)
 .ARM.exidx     0x00000000000b0370        0x8 c:/program files/microchip/xc32/v4.45/bin/bin/../../lib/gcc/pic32c/8.3.1/thumb/v7e-m+fp/hard\libgcc.a(_udivmoddi4.o)
                [!provide]                        PROVIDE (__exidx_end = .)
                0x00000000000b0378                . = ALIGN (0x4)
                0x00000000000b0378                _etext = .

.bss            0x0000000000118000        0x0
                0x0000000000118000                . = ALIGN (0x4)
                0x0000000000118000                __bss_start__ = .
                0x0000000000118000                _sbss = .
                0x0000000000118000                _szero = .
 *(COMMON)
                0x0000000000118000                . = ALIGN (0x4)
                0x0000000000118000                __bss_end__ = .
                0x0000000000118000                _ebss = .
                0x0000000000118000                _ezero = .
                0x0000000000118000                . = ALIGN (0x4)
                0x0000000000118000                _end = .
                0x0000000000121fff                _ram_end_ = ((ORIGIN (ram) + LENGTH (ram)) - 0x1)
                0x0000000000000200                _min_heap_size = 0x200
START GROUP
LOAD c:/program files/microchip/xc32/v4.45/bin/bin/../../lib/gcc/pic32c/8.3.1/../../../../pic32c/lib/thumb/v7e-m+fp/hard\libpic32c.a
LOAD c:/program files/microchip/xc32/v4.45/bin/bin/../../lib/gcc/pic32c/8.3.1/../../../../pic32c/lib/thumb/v7e-m+fp/hard\libc-size-musl.a
LOAD c:/program files/microchip/xc32/v4.45/bin/bin/../../lib/gcc/pic32c/8.3.1/../../../../pic32c/lib/thumb/v7e-m+fp/hard\liblmalloc-musl.a
LOAD c:/program files/microchip/xc32/v4.45/bin/bin/../../lib/gcc/pic32c/8.3.1/../../../../pic32c/lib/thumb/v7e-m+fp/hard\libm-fast-emfloat.a
LOAD c:/program files/microchip/xc32/v4.45/bin/bin/../../lib/gcc/pic32c/8.3.1/../../../../pic32c/lib/thumb/v7e-m+fp/hard\libm-musl.a
LOAD c:/program files/microchip/xc32/v4.45/bin/bin/../../lib/gcc/pic32c/8.3.1/../../../../pic32c/lib/thumb/v7e-m+fp/hard\libc-musl.a
LOAD c:/program files/microchip/xc32/v4.45/bin/bin/../../lib/gcc/pic32c/8.3.1/../../../../pic32c/lib/thumb/v7e-m+fp/hard\libm-fast-emfloat.a
LOAD c:/program files/microchip/xc32/v4.45/bin/bin/../../lib/gcc/pic32c/8.3.1/../../../../pic32c/lib/thumb/v7e-m+fp/hard\libm-musl.a
LOAD c:/program files/microchip/xc32/v4.45/bin/bin/../../lib/gcc/pic32c/8.3.1/thumb/v7e-m+fp/hard\libgcc.a
END GROUP
LOAD c:/program files/microchip/xc32/v4.45/bin/bin/../../lib/gcc/pic32c/8.3.1/thumb/v7e-m+fp/hard/crtend.o
LOAD c:/program files/microchip/xc32/v4.45/bin/bin/../../lib/gcc/pic32c/8.3.1/thumb/v7e-m+fp/hard/crtn.o
OUTPUT(dist/kf_freertos_fpga/production/kf_freertos_fpga.X.production.elf elf32-littlearm)
LOAD data_init
LOAD stack

.ARM.attributes
                0x0000000000000000       0x32
 .ARM.attributes
                0x0000000000000000       0x1e c:/program files/microchip/xc32/v4.45/bin/bin/../../lib/gcc/pic32c/8.3.1/thumb/v7e-m+fp/hard/crti.o
 .ARM.attributes
                0x000000000000001e       0x34 c:/program files/microchip/xc32/v4.45/bin/bin/../../lib/gcc/pic32c/8.3.1/thumb/v7e-m+fp/hard/crtbegin.o
 .ARM.attributes
                0x0000000000000052       0x34 build/kf_freertos_fpga/production/_ext/1420773124/serial.o
 .ARM.attributes
                0x0000000000000086       0x34 build/kf_freertos_fpga/production/_ext/1420773124/trace.o
 .ARM.attributes
                0x00000000000000ba       0x34 build/kf_freertos_fpga/production/_ext/101992513/drv_i3c.o
 .ARM.attributes
                0x00000000000000ee       0x34 build/kf_freertos_fpga/production/_ext/101992513/drv_i3c_config.o
 .ARM.attributes
                0x0000000000000122       0x34 build/kf_freertos_fpga/production/_ext/1886205328/i3c_ccc.o
 .ARM.attributes
                0x0000000000000156       0x34 build/kf_freertos_fpga/production/_ext/1886205328/i3c_common.o
 .ARM.attributes
                0x000000000000018a       0x34 build/kf_freertos_fpga/production/_ext/785111490/osal_freertos.o
 .ARM.attributes
                0x00000000000001be       0x34 build/kf_freertos_fpga/production/_ext/868947740/plib_ec_reg_bank.o
 .ARM.attributes
                0x00000000000001f2       0x34 build/kf_freertos_fpga/production/_ext/179210842/plib_ecia.o
 .ARM.attributes
                0x0000000000000226       0x34 build/kf_freertos_fpga/production/_ext/179282931/plib_gpio.o
 .ARM.attributes
                0x000000000000025a       0x34 build/kf_freertos_fpga/production/_ext/825500651/plib_i3c.o
 .ARM.attributes
                0x000000000000028e       0x34 build/kf_freertos_fpga/production/_ext/825500651/plib_i3c_private.o
 .ARM.attributes
                0x00000000000002c2       0x34 build/kf_freertos_fpga/production/_ext/179497222/plib_nvic.o
 .ARM.attributes
                0x00000000000002f6       0x34 build/kf_freertos_fpga/production/_ext/825492421/plib_pcr.o
 .ARM.attributes
                0x000000000000032a       0x34 build/kf_freertos_fpga/production/_ext/1732944825/uart_api.o
 .ARM.attributes
                0x000000000000035e       0x34 build/kf_freertos_fpga/production/_ext/1732944825/uart_perphl.o
 .ARM.attributes
                0x0000000000000392       0x34 build/kf_freertos_fpga/production/_ext/29258880/exceptions.o
 .ARM.attributes
                0x00000000000003c6       0x34 build/kf_freertos_fpga/production/_ext/29258880/freertos_hooks.o
 .ARM.attributes
                0x00000000000003fa       0x34 build/kf_freertos_fpga/production/_ext/29258880/initialization.o
 .ARM.attributes
                0x000000000000042e       0x34 build/kf_freertos_fpga/production/_ext/29258880/interrupts.o
 .ARM.attributes
                0x0000000000000462       0x34 build/kf_freertos_fpga/production/_ext/29258880/startup_xc32.o
 .ARM.attributes
                0x0000000000000496       0x34 build/kf_freertos_fpga/production/_ext/29258880/tasks.o
 .ARM.attributes
                0x00000000000004ca       0x34 build/kf_freertos_fpga/production/_ext/246609638/port.o
 .ARM.attributes
                0x00000000000004fe       0x34 build/kf_freertos_fpga/production/_ext/1665200909/heap_1.o
 .ARM.attributes
                0x0000000000000532       0x34 build/kf_freertos_fpga/production/_ext/404212886/queue.o
 .ARM.attributes
                0x0000000000000566       0x34 build/kf_freertos_fpga/production/_ext/404212886/timers.o
 .ARM.attributes
                0x000000000000059a       0x34 build/kf_freertos_fpga/production/_ext/404212886/list.o
 .ARM.attributes
                0x00000000000005ce       0x34 build/kf_freertos_fpga/production/_ext/404212886/FreeRTOS_tasks.o
 .ARM.attributes
                0x0000000000000602       0x34 build/kf_freertos_fpga/production/_ext/346071803/log.o
 .ARM.attributes
                0x0000000000000636       0x34 build/kf_freertos_fpga/production/_ext/1521323865/test_ibis.o
 .ARM.attributes
                0x000000000000066a       0x34 build/kf_freertos_fpga/production/_ext/1521323865/tgt_test_pvt_xfer.o
 .ARM.attributes
                0x000000000000069e       0x34 build/kf_freertos_fpga/production/_ext/1521323865/tgt_test_ibis.o
 .ARM.attributes
                0x00000000000006d2       0x34 build/kf_freertos_fpga/production/_ext/1360937237/task1.o
 .ARM.attributes
                0x0000000000000706       0x34 build/kf_freertos_fpga/production/_ext/1360937237/main.o
 .ARM.attributes
                0x000000000000073a       0x34 build/kf_freertos_fpga/production/_ext/1360937237/task2.o
 .ARM.attributes
                0x000000000000076e       0x34 build/kf_freertos_fpga/production/_ext/1360937237/task3.o
 .ARM.attributes
                0x00000000000007a2       0x34 build/kf_freertos_fpga/production/_ext/1360937237/task4.o
 .ARM.attributes
                0x00000000000007d6       0x34 c:/program files/microchip/xc32/v4.45/bin/bin/../../lib/gcc/pic32c/8.3.1/../../../../pic32c/lib/thumb/v7e-m+fp/hard\libpic32c.a(data_init.o)
 .ARM.attributes
                0x000000000000080a       0x36 c:/program files/microchip/xc32/v4.45/bin/bin/../../lib/gcc/pic32c/8.3.1/../../../../pic32c/lib/thumb/v7e-m+fp/hard\libc-size-musl.a(memcpy.o)
 .ARM.attributes
                0x0000000000000840       0x36 c:/program files/microchip/xc32/v4.45/bin/bin/../../lib/gcc/pic32c/8.3.1/../../../../pic32c/lib/thumb/v7e-m+fp/hard\libc-size-musl.a(memset.o)
 .ARM.attributes
                0x0000000000000876       0x36 c:/program files/microchip/xc32/v4.45/bin/bin/../../lib/gcc/pic32c/8.3.1/../../../../pic32c/lib/thumb/v7e-m+fp/hard\libc-musl.a(__libc_start_main.o)
 .ARM.attributes
                0x00000000000008ac       0x34 c:/program files/microchip/xc32/v4.45/bin/bin/../../lib/gcc/pic32c/8.3.1/../../../../pic32c/lib/thumb/v7e-m+fp/hard\libc-musl.a(libc.o)
 .ARM.attributes
                0x00000000000008e0       0x36 c:/program files/microchip/xc32/v4.45/bin/bin/../../lib/gcc/pic32c/8.3.1/../../../../pic32c/lib/thumb/v7e-m+fp/hard\libc-musl.a(vsprintf.o)
 .ARM.attributes
                0x0000000000000916       0x34 c:/program files/microchip/xc32/v4.45/bin/bin/../../lib/gcc/pic32c/8.3.1/../../../../pic32c/lib/thumb/v7e-m+fp/hard\libc-musl.a(__environ.o)
 .ARM.attributes
                0x000000000000094a       0x36 c:/program files/microchip/xc32/v4.45/bin/bin/../../lib/gcc/pic32c/8.3.1/../../../../pic32c/lib/thumb/v7e-m+fp/hard\libc-musl.a(vsnprintf.o)
 .ARM.attributes
                0x0000000000000980       0x34 c:/program files/microchip/xc32/v4.45/bin/bin/../../lib/gcc/pic32c/8.3.1/../../../../pic32c/lib/thumb/v7e-m+fp/hard\libc-musl.a(__errno_location.o)
 .ARM.attributes
                0x00000000000009b4       0x36 c:/program files/microchip/xc32/v4.45/bin/bin/../../lib/gcc/pic32c/8.3.1/../../../../pic32c/lib/thumb/v7e-m+fp/hard\libc-musl.a(vfprintf.o)
 .ARM.attributes
                0x00000000000009ea       0x36 c:/program files/microchip/xc32/v4.45/bin/bin/../../lib/gcc/pic32c/8.3.1/../../../../pic32c/lib/thumb/v7e-m+fp/hard\libc-musl.a(__pop_float.o)
 .ARM.attributes
                0x0000000000000a20       0x36 c:/program files/microchip/xc32/v4.45/bin/bin/../../lib/gcc/pic32c/8.3.1/../../../../pic32c/lib/thumb/v7e-m+fp/hard\libc-musl.a(__pop_int.o)
 .ARM.attributes
                0x0000000000000a56       0x36 c:/program files/microchip/xc32/v4.45/bin/bin/../../lib/gcc/pic32c/8.3.1/../../../../pic32c/lib/thumb/v7e-m+fp/hard\libc-musl.a(__pop_ptr.o)
 .ARM.attributes
                0x0000000000000a8c       0x36 c:/program files/microchip/xc32/v4.45/bin/bin/../../lib/gcc/pic32c/8.3.1/../../../../pic32c/lib/thumb/v7e-m+fp/hard\libc-musl.a(__printf_core.o)
 .ARM.attributes
                0x0000000000000ac2       0x36 c:/program files/microchip/xc32/v4.45/bin/bin/../../lib/gcc/pic32c/8.3.1/../../../../pic32c/lib/thumb/v7e-m+fp/hard\libc-musl.a(atoi.o)
 .ARM.attributes
                0x0000000000000af8       0x36 c:/program files/microchip/xc32/v4.45/bin/bin/../../lib/gcc/pic32c/8.3.1/../../../../pic32c/lib/thumb/v7e-m+fp/hard\libc-musl.a(tolower.o)
 .ARM.attributes
                0x0000000000000b2e       0x36 c:/program files/microchip/xc32/v4.45/bin/bin/../../lib/gcc/pic32c/8.3.1/../../../../pic32c/lib/thumb/v7e-m+fp/hard\libc-musl.a(__fmt_a.o)
 .ARM.attributes
                0x0000000000000b64       0x36 c:/program files/microchip/xc32/v4.45/bin/bin/../../lib/gcc/pic32c/8.3.1/../../../../pic32c/lib/thumb/v7e-m+fp/hard\libc-musl.a(__fmt_d.o)
 .ARM.attributes
                0x0000000000000b9a       0x36 c:/program files/microchip/xc32/v4.45/bin/bin/../../lib/gcc/pic32c/8.3.1/../../../../pic32c/lib/thumb/v7e-m+fp/hard\libc-musl.a(__fmt_fp.o)
 .ARM.attributes
                0x0000000000000bd0       0x36 c:/program files/microchip/xc32/v4.45/bin/bin/../../lib/gcc/pic32c/8.3.1/../../../../pic32c/lib/thumb/v7e-m+fp/hard\libc-musl.a(__fmt_o.o)
 .ARM.attributes
                0x0000000000000c06       0x36 c:/program files/microchip/xc32/v4.45/bin/bin/../../lib/gcc/pic32c/8.3.1/../../../../pic32c/lib/thumb/v7e-m+fp/hard\libc-musl.a(__fmt_s.o)
 .ARM.attributes
                0x0000000000000c3c       0x36 c:/program files/microchip/xc32/v4.45/bin/bin/../../lib/gcc/pic32c/8.3.1/../../../../pic32c/lib/thumb/v7e-m+fp/hard\libc-musl.a(__fmt_u.o)
 .ARM.attributes
                0x0000000000000c72       0x36 c:/program files/microchip/xc32/v4.45/bin/bin/../../lib/gcc/pic32c/8.3.1/../../../../pic32c/lib/thumb/v7e-m+fp/hard\libc-musl.a(__fmt_x.o)
 .ARM.attributes
                0x0000000000000ca8       0x36 c:/program files/microchip/xc32/v4.45/bin/bin/../../lib/gcc/pic32c/8.3.1/../../../../pic32c/lib/thumb/v7e-m+fp/hard\libc-musl.a(toupper.o)
 .ARM.attributes
                0x0000000000000cde       0x36 c:/program files/microchip/xc32/v4.45/bin/bin/../../lib/gcc/pic32c/8.3.1/../../../../pic32c/lib/thumb/v7e-m+fp/hard\libc-musl.a(__cvt_u.o)
 .ARM.attributes
                0x0000000000000d14       0x34 c:/program files/microchip/xc32/v4.45/bin/bin/../../lib/gcc/pic32c/8.3.1/../../../../pic32c/lib/thumb/v7e-m+fp/hard\libm-fast-emfloat.a(fma.o)
 .ARM.attributes
                0x0000000000000d48       0x34 c:/program files/microchip/xc32/v4.45/bin/bin/../../lib/gcc/pic32c/8.3.1/../../../../pic32c/lib/thumb/v7e-m+fp/hard\libm-fast-emfloat.a(floor.o)
 .ARM.attributes
                0x0000000000000d7c       0x20 c:/program files/microchip/xc32/v4.45/bin/bin/../../lib/gcc/pic32c/8.3.1/../../../../pic32c/lib/thumb/v7e-m+fp/hard\libm-fast-emfloat.a(__aeabi_dadd.o)
 .ARM.attributes
                0x0000000000000d9c       0x20 c:/program files/microchip/xc32/v4.45/bin/bin/../../lib/gcc/pic32c/8.3.1/../../../../pic32c/lib/thumb/v7e-m+fp/hard\libm-fast-emfloat.a(__aeabi_dsub.o)
 .ARM.attributes
                0x0000000000000dbc       0x20 c:/program files/microchip/xc32/v4.45/bin/bin/../../lib/gcc/pic32c/8.3.1/../../../../pic32c/lib/thumb/v7e-m+fp/hard\libm-fast-emfloat.a(__aeabi_dmul.o)
 .ARM.attributes
                0x0000000000000ddc       0x20 c:/program files/microchip/xc32/v4.45/bin/bin/../../lib/gcc/pic32c/8.3.1/../../../../pic32c/lib/thumb/v7e-m+fp/hard\libm-fast-emfloat.a(__aeabi_ddiv.o)
 .ARM.attributes
                0x0000000000000dfc       0x20 c:/program files/microchip/xc32/v4.45/bin/bin/../../lib/gcc/pic32c/8.3.1/../../../../pic32c/lib/thumb/v7e-m+fp/hard\libm-fast-emfloat.a(__aeabi_dcmple.o)
 .ARM.attributes
                0x0000000000000e1c       0x20 c:/program files/microchip/xc32/v4.45/bin/bin/../../lib/gcc/pic32c/8.3.1/../../../../pic32c/lib/thumb/v7e-m+fp/hard\libm-fast-emfloat.a(__aeabi_dcmpeq.o)
 .ARM.attributes
                0x0000000000000e3c       0x20 c:/program files/microchip/xc32/v4.45/bin/bin/../../lib/gcc/pic32c/8.3.1/../../../../pic32c/lib/thumb/v7e-m+fp/hard\libm-fast-emfloat.a(__aeabi_dcmpgt.o)
 .ARM.attributes
                0x0000000000000e5c       0x20 c:/program files/microchip/xc32/v4.45/bin/bin/../../lib/gcc/pic32c/8.3.1/../../../../pic32c/lib/thumb/v7e-m+fp/hard\libm-fast-emfloat.a(__aeabi_dcmplt.o)
 .ARM.attributes
                0x0000000000000e7c       0x20 c:/program files/microchip/xc32/v4.45/bin/bin/../../lib/gcc/pic32c/8.3.1/../../../../pic32c/lib/thumb/v7e-m+fp/hard\libm-fast-emfloat.a(__aeabi_d2iz.o)
 .ARM.attributes
                0x0000000000000e9c       0x1e c:/program files/microchip/xc32/v4.45/bin/bin/../../lib/gcc/pic32c/8.3.1/thumb/v7e-m+fp/hard\libgcc.a(_aeabi_uldivmod.o)
 .ARM.attributes
                0x0000000000000eba       0x34 c:/program files/microchip/xc32/v4.45/bin/bin/../../lib/gcc/pic32c/8.3.1/thumb/v7e-m+fp/hard\libgcc.a(_paritysi2.o)
 .ARM.attributes
                0x0000000000000eee       0x34 c:/program files/microchip/xc32/v4.45/bin/bin/../../lib/gcc/pic32c/8.3.1/thumb/v7e-m+fp/hard\libgcc.a(_udivmoddi4.o)
 .ARM.attributes
                0x0000000000000f22       0x1e c:/program files/microchip/xc32/v4.45/bin/bin/../../lib/gcc/pic32c/8.3.1/thumb/v7e-m+fp/hard\libgcc.a(_dvmd_tls.o)
 .ARM.attributes
                0x0000000000000f40       0x36 c:/program files/microchip/xc32/v4.45/bin/bin/../../lib/gcc/pic32c/8.3.1/../../../../pic32c/lib/thumb/v7e-m+fp/hard\libc-size-musl.a(strlen.o)
 .ARM.attributes
                0x0000000000000f76       0x36 c:/program files/microchip/xc32/v4.45/bin/bin/../../lib/gcc/pic32c/8.3.1/../../../../pic32c/lib/thumb/v7e-m+fp/hard\libc-size-musl.a(strcpy.o)
 .ARM.attributes
                0x0000000000000fac       0x36 c:/program files/microchip/xc32/v4.45/bin/bin/../../lib/gcc/pic32c/8.3.1/../../../../pic32c/lib/thumb/v7e-m+fp/hard\libc-size-musl.a(stpcpy.o)
 .ARM.attributes
                0x0000000000000fe2       0x1e c:/program files/microchip/xc32/v4.45/bin/bin/../../lib/gcc/pic32c/8.3.1/thumb/v7e-m+fp/hard/crtn.o
 .ARM.attributes
                0x0000000000001000       0x34 c:/program files/microchip/xc32/v4.45/bin/bin/../../lib/gcc/pic32c/8.3.1/../../../../pic32c/lib/thumb/v7e-m+fp/hard\libpic32c.a(pic32_data_init_clear.o)
 .ARM.attributes
                0x0000000000001034       0x34 c:/program files/microchip/xc32/v4.45/bin/bin/../../lib/gcc/pic32c/8.3.1/../../../../pic32c/lib/thumb/v7e-m+fp/hard\libpic32c.a(pic32_data_init_copy.o)
 .ARM.attributes
                0x0000000000001068       0x34 c:/program files/microchip/xc32/v4.45/bin/bin/../../lib/gcc/pic32c/8.3.1/../../../../pic32c/lib/thumb/v7e-m+fp/hard\libpic32c.a(pic32_data_init_decompress.o)

.comment        0x0000000000000000       0x2b
 .comment       0x0000000000000000       0x2b c:/program files/microchip/xc32/v4.45/bin/bin/../../lib/gcc/pic32c/8.3.1/thumb/v7e-m+fp/hard/crtbegin.o
                                         0x2c (size before relaxing)
 .comment       0x000000000000002b       0x2c build/kf_freertos_fpga/production/_ext/1420773124/serial.o
 .comment       0x000000000000002b       0x2c build/kf_freertos_fpga/production/_ext/1420773124/trace.o
 .comment       0x000000000000002b       0x2c build/kf_freertos_fpga/production/_ext/101992513/drv_i3c.o
 .comment       0x000000000000002b       0x2c build/kf_freertos_fpga/production/_ext/101992513/drv_i3c_config.o
 .comment       0x000000000000002b       0x2c build/kf_freertos_fpga/production/_ext/1886205328/i3c_ccc.o
 .comment       0x000000000000002b       0x2c build/kf_freertos_fpga/production/_ext/1886205328/i3c_common.o
 .comment       0x000000000000002b       0x2c build/kf_freertos_fpga/production/_ext/785111490/osal_freertos.o
 .comment       0x000000000000002b       0x2c build/kf_freertos_fpga/production/_ext/868947740/plib_ec_reg_bank.o
 .comment       0x000000000000002b       0x2c build/kf_freertos_fpga/production/_ext/179210842/plib_ecia.o
 .comment       0x000000000000002b       0x2c build/kf_freertos_fpga/production/_ext/179282931/plib_gpio.o
 .comment       0x000000000000002b       0x2c build/kf_freertos_fpga/production/_ext/825500651/plib_i3c.o
 .comment       0x000000000000002b       0x2c build/kf_freertos_fpga/production/_ext/825500651/plib_i3c_private.o
 .comment       0x000000000000002b       0x2c build/kf_freertos_fpga/production/_ext/179497222/plib_nvic.o
 .comment       0x000000000000002b       0x2c build/kf_freertos_fpga/production/_ext/825492421/plib_pcr.o
 .comment       0x000000000000002b       0x2c build/kf_freertos_fpga/production/_ext/1732944825/uart_api.o
 .comment       0x000000000000002b       0x2c build/kf_freertos_fpga/production/_ext/1732944825/uart_perphl.o
 .comment       0x000000000000002b       0x2c build/kf_freertos_fpga/production/_ext/29258880/exceptions.o
 .comment       0x000000000000002b       0x2c build/kf_freertos_fpga/production/_ext/29258880/freertos_hooks.o
 .comment       0x000000000000002b       0x2c build/kf_freertos_fpga/production/_ext/29258880/initialization.o
 .comment       0x000000000000002b       0x2c build/kf_freertos_fpga/production/_ext/29258880/interrupts.o
 .comment       0x000000000000002b       0x2c build/kf_freertos_fpga/production/_ext/29258880/startup_xc32.o
 .comment       0x000000000000002b       0x2c build/kf_freertos_fpga/production/_ext/29258880/tasks.o
 .comment       0x000000000000002b       0x2c build/kf_freertos_fpga/production/_ext/246609638/port.o
 .comment       0x000000000000002b       0x2c build/kf_freertos_fpga/production/_ext/1665200909/heap_1.o
 .comment       0x000000000000002b       0x2c build/kf_freertos_fpga/production/_ext/404212886/queue.o
 .comment       0x000000000000002b       0x2c build/kf_freertos_fpga/production/_ext/404212886/timers.o
 .comment       0x000000000000002b       0x2c build/kf_freertos_fpga/production/_ext/404212886/list.o
 .comment       0x000000000000002b       0x2c build/kf_freertos_fpga/production/_ext/404212886/FreeRTOS_tasks.o
 .comment       0x000000000000002b       0x2c build/kf_freertos_fpga/production/_ext/346071803/log.o
 .comment       0x000000000000002b       0x2c build/kf_freertos_fpga/production/_ext/1521323865/test_ibis.o
 .comment       0x000000000000002b       0x2c build/kf_freertos_fpga/production/_ext/1521323865/tgt_test_pvt_xfer.o
 .comment       0x000000000000002b       0x2c build/kf_freertos_fpga/production/_ext/1521323865/tgt_test_ibis.o
 .comment       0x000000000000002b       0x2c build/kf_freertos_fpga/production/_ext/1360937237/task1.o
 .comment       0x000000000000002b       0x2c build/kf_freertos_fpga/production/_ext/1360937237/main.o
 .comment       0x000000000000002b       0x2c build/kf_freertos_fpga/production/_ext/1360937237/task2.o
 .comment       0x000000000000002b       0x2c build/kf_freertos_fpga/production/_ext/1360937237/task3.o
 .comment       0x000000000000002b       0x2c build/kf_freertos_fpga/production/_ext/1360937237/task4.o
 .comment       0x000000000000002b       0x2c c:/program files/microchip/xc32/v4.45/bin/bin/../../lib/gcc/pic32c/8.3.1/../../../../pic32c/lib/thumb/v7e-m+fp/hard\libpic32c.a(data_init.o)
 .comment       0x000000000000002b       0x2c c:/program files/microchip/xc32/v4.45/bin/bin/../../lib/gcc/pic32c/8.3.1/../../../../pic32c/lib/thumb/v7e-m+fp/hard\libc-size-musl.a(memcpy.o)
 .comment       0x000000000000002b       0x2c c:/program files/microchip/xc32/v4.45/bin/bin/../../lib/gcc/pic32c/8.3.1/../../../../pic32c/lib/thumb/v7e-m+fp/hard\libc-size-musl.a(memset.o)
 .comment       0x000000000000002b       0x2c c:/program files/microchip/xc32/v4.45/bin/bin/../../lib/gcc/pic32c/8.3.1/../../../../pic32c/lib/thumb/v7e-m+fp/hard\libc-musl.a(__libc_start_main.o)
 .comment       0x000000000000002b       0x2c c:/program files/microchip/xc32/v4.45/bin/bin/../../lib/gcc/pic32c/8.3.1/../../../../pic32c/lib/thumb/v7e-m+fp/hard\libc-musl.a(libc.o)
 .comment       0x000000000000002b       0x2c c:/program files/microchip/xc32/v4.45/bin/bin/../../lib/gcc/pic32c/8.3.1/../../../../pic32c/lib/thumb/v7e-m+fp/hard\libc-musl.a(vsprintf.o)
 .comment       0x000000000000002b       0x2c c:/program files/microchip/xc32/v4.45/bin/bin/../../lib/gcc/pic32c/8.3.1/../../../../pic32c/lib/thumb/v7e-m+fp/hard\libc-musl.a(__environ.o)
 .comment       0x000000000000002b       0x2c c:/program files/microchip/xc32/v4.45/bin/bin/../../lib/gcc/pic32c/8.3.1/../../../../pic32c/lib/thumb/v7e-m+fp/hard\libc-musl.a(vsnprintf.o)
 .comment       0x000000000000002b       0x2c c:/program files/microchip/xc32/v4.45/bin/bin/../../lib/gcc/pic32c/8.3.1/../../../../pic32c/lib/thumb/v7e-m+fp/hard\libc-musl.a(__errno_location.o)
 .comment       0x000000000000002b       0x2c c:/program files/microchip/xc32/v4.45/bin/bin/../../lib/gcc/pic32c/8.3.1/../../../../pic32c/lib/thumb/v7e-m+fp/hard\libc-musl.a(vfprintf.o)
 .comment       0x000000000000002b       0x2c c:/program files/microchip/xc32/v4.45/bin/bin/../../lib/gcc/pic32c/8.3.1/../../../../pic32c/lib/thumb/v7e-m+fp/hard\libc-musl.a(__pop_float.o)
 .comment       0x000000000000002b       0x2c c:/program files/microchip/xc32/v4.45/bin/bin/../../lib/gcc/pic32c/8.3.1/../../../../pic32c/lib/thumb/v7e-m+fp/hard\libc-musl.a(__pop_int.o)
 .comment       0x000000000000002b       0x2c c:/program files/microchip/xc32/v4.45/bin/bin/../../lib/gcc/pic32c/8.3.1/../../../../pic32c/lib/thumb/v7e-m+fp/hard\libc-musl.a(__pop_ptr.o)
 .comment       0x000000000000002b       0x2c c:/program files/microchip/xc32/v4.45/bin/bin/../../lib/gcc/pic32c/8.3.1/../../../../pic32c/lib/thumb/v7e-m+fp/hard\libc-musl.a(__printf_core.o)
 .comment       0x000000000000002b       0x2c c:/program files/microchip/xc32/v4.45/bin/bin/../../lib/gcc/pic32c/8.3.1/../../../../pic32c/lib/thumb/v7e-m+fp/hard\libc-musl.a(atoi.o)
 .comment       0x000000000000002b       0x2c c:/program files/microchip/xc32/v4.45/bin/bin/../../lib/gcc/pic32c/8.3.1/../../../../pic32c/lib/thumb/v7e-m+fp/hard\libc-musl.a(tolower.o)
 .comment       0x000000000000002b       0x2c c:/program files/microchip/xc32/v4.45/bin/bin/../../lib/gcc/pic32c/8.3.1/../../../../pic32c/lib/thumb/v7e-m+fp/hard\libc-musl.a(__fmt_a.o)
 .comment       0x000000000000002b       0x2c c:/program files/microchip/xc32/v4.45/bin/bin/../../lib/gcc/pic32c/8.3.1/../../../../pic32c/lib/thumb/v7e-m+fp/hard\libc-musl.a(__fmt_d.o)
 .comment       0x000000000000002b       0x2c c:/program files/microchip/xc32/v4.45/bin/bin/../../lib/gcc/pic32c/8.3.1/../../../../pic32c/lib/thumb/v7e-m+fp/hard\libc-musl.a(__fmt_fp.o)
 .comment       0x000000000000002b       0x2c c:/program files/microchip/xc32/v4.45/bin/bin/../../lib/gcc/pic32c/8.3.1/../../../../pic32c/lib/thumb/v7e-m+fp/hard\libc-musl.a(__fmt_o.o)
 .comment       0x000000000000002b       0x2c c:/program files/microchip/xc32/v4.45/bin/bin/../../lib/gcc/pic32c/8.3.1/../../../../pic32c/lib/thumb/v7e-m+fp/hard\libc-musl.a(__fmt_s.o)
 .comment       0x000000000000002b       0x2c c:/program files/microchip/xc32/v4.45/bin/bin/../../lib/gcc/pic32c/8.3.1/../../../../pic32c/lib/thumb/v7e-m+fp/hard\libc-musl.a(__fmt_u.o)
 .comment       0x000000000000002b       0x2c c:/program files/microchip/xc32/v4.45/bin/bin/../../lib/gcc/pic32c/8.3.1/../../../../pic32c/lib/thumb/v7e-m+fp/hard\libc-musl.a(__fmt_x.o)
 .comment       0x000000000000002b       0x2c c:/program files/microchip/xc32/v4.45/bin/bin/../../lib/gcc/pic32c/8.3.1/../../../../pic32c/lib/thumb/v7e-m+fp/hard\libc-musl.a(toupper.o)
 .comment       0x000000000000002b       0x2c c:/program files/microchip/xc32/v4.45/bin/bin/../../lib/gcc/pic32c/8.3.1/../../../../pic32c/lib/thumb/v7e-m+fp/hard\libc-musl.a(__cvt_u.o)
 .comment       0x000000000000002b       0x2c c:/program files/microchip/xc32/v4.45/bin/bin/../../lib/gcc/pic32c/8.3.1/../../../../pic32c/lib/thumb/v7e-m+fp/hard\libm-fast-emfloat.a(fma.o)
 .comment       0x000000000000002b       0x2c c:/program files/microchip/xc32/v4.45/bin/bin/../../lib/gcc/pic32c/8.3.1/../../../../pic32c/lib/thumb/v7e-m+fp/hard\libm-fast-emfloat.a(floor.o)
 .comment       0x000000000000002b       0x2c c:/program files/microchip/xc32/v4.45/bin/bin/../../lib/gcc/pic32c/8.3.1/thumb/v7e-m+fp/hard\libgcc.a(_paritysi2.o)
 .comment       0x000000000000002b       0x2c c:/program files/microchip/xc32/v4.45/bin/bin/../../lib/gcc/pic32c/8.3.1/thumb/v7e-m+fp/hard\libgcc.a(_udivmoddi4.o)
 .comment       0x000000000000002b       0x2c c:/program files/microchip/xc32/v4.45/bin/bin/../../lib/gcc/pic32c/8.3.1/../../../../pic32c/lib/thumb/v7e-m+fp/hard\libc-size-musl.a(strlen.o)
 .comment       0x000000000000002b       0x2c c:/program files/microchip/xc32/v4.45/bin/bin/../../lib/gcc/pic32c/8.3.1/../../../../pic32c/lib/thumb/v7e-m+fp/hard\libc-size-musl.a(strcpy.o)
 .comment       0x000000000000002b       0x2c c:/program files/microchip/xc32/v4.45/bin/bin/../../lib/gcc/pic32c/8.3.1/../../../../pic32c/lib/thumb/v7e-m+fp/hard\libc-size-musl.a(stpcpy.o)
 .comment       0x000000000000002b       0x2c c:/program files/microchip/xc32/v4.45/bin/bin/../../lib/gcc/pic32c/8.3.1/../../../../pic32c/lib/thumb/v7e-m+fp/hard\libpic32c.a(pic32_data_init_clear.o)
 .comment       0x000000000000002b       0x2c c:/program files/microchip/xc32/v4.45/bin/bin/../../lib/gcc/pic32c/8.3.1/../../../../pic32c/lib/thumb/v7e-m+fp/hard\libpic32c.a(pic32_data_init_copy.o)
 .comment       0x000000000000002b       0x2c c:/program files/microchip/xc32/v4.45/bin/bin/../../lib/gcc/pic32c/8.3.1/../../../../pic32c/lib/thumb/v7e-m+fp/hard\libpic32c.a(pic32_data_init_decompress.o)

.debug_info     0x0000000000000000    0x22917
 .debug_info    0x0000000000000000      0x17b build/kf_freertos_fpga/production/_ext/1420773124/serial.o
 .debug_info    0x000000000000017b      0x39a build/kf_freertos_fpga/production/_ext/1420773124/trace.o
 .debug_info    0x0000000000000515     0x3963 build/kf_freertos_fpga/production/_ext/101992513/drv_i3c.o
 .debug_info    0x0000000000003e78     0x1b64 build/kf_freertos_fpga/production/_ext/101992513/drv_i3c_config.o
 .debug_info    0x00000000000059dc     0x1a27 build/kf_freertos_fpga/production/_ext/1886205328/i3c_ccc.o
 .debug_info    0x0000000000007403     0x1c63 build/kf_freertos_fpga/production/_ext/1886205328/i3c_common.o
 .debug_info    0x0000000000009066      0x50c build/kf_freertos_fpga/production/_ext/785111490/osal_freertos.o
 .debug_info    0x0000000000009572      0x6d5 build/kf_freertos_fpga/production/_ext/868947740/plib_ec_reg_bank.o
 .debug_info    0x0000000000009c47     0x15be build/kf_freertos_fpga/production/_ext/179210842/plib_ecia.o
 .debug_info    0x000000000000b205     0x11a7 build/kf_freertos_fpga/production/_ext/179282931/plib_gpio.o
 .debug_info    0x000000000000c3ac     0x1ead build/kf_freertos_fpga/production/_ext/825500651/plib_i3c.o
 .debug_info    0x000000000000e259     0x24ee build/kf_freertos_fpga/production/_ext/825500651/plib_i3c_private.o
 .debug_info    0x0000000000010747      0x850 build/kf_freertos_fpga/production/_ext/179497222/plib_nvic.o
 .debug_info    0x0000000000010f97      0xcad build/kf_freertos_fpga/production/_ext/825492421/plib_pcr.o
 .debug_info    0x0000000000011c44      0x33e build/kf_freertos_fpga/production/_ext/1732944825/uart_api.o
 .debug_info    0x0000000000011f82      0xb2f build/kf_freertos_fpga/production/_ext/1732944825/uart_perphl.o
 .debug_info    0x0000000000012ab1      0x11c build/kf_freertos_fpga/production/_ext/29258880/exceptions.o
 .debug_info    0x0000000000012bcd      0x1e9 build/kf_freertos_fpga/production/_ext/29258880/freertos_hooks.o
 .debug_info    0x0000000000012db6      0x177 build/kf_freertos_fpga/production/_ext/29258880/initialization.o
 .debug_info    0x0000000000012f2d      0xe64 build/kf_freertos_fpga/production/_ext/29258880/interrupts.o
 .debug_info    0x0000000000013d91      0x3ba build/kf_freertos_fpga/production/_ext/29258880/startup_xc32.o
 .debug_info    0x000000000001414b      0x24f build/kf_freertos_fpga/production/_ext/29258880/tasks.o
 .debug_info    0x000000000001439a      0x347 build/kf_freertos_fpga/production/_ext/246609638/port.o
 .debug_info    0x00000000000146e1      0x1a4 build/kf_freertos_fpga/production/_ext/1665200909/heap_1.o
 .debug_info    0x0000000000014885     0x10bc build/kf_freertos_fpga/production/_ext/404212886/queue.o
 .debug_info    0x0000000000015941      0xb0a build/kf_freertos_fpga/production/_ext/404212886/timers.o
 .debug_info    0x000000000001644b      0x2f5 build/kf_freertos_fpga/production/_ext/404212886/list.o
 .debug_info    0x0000000000016740     0x1c2b build/kf_freertos_fpga/production/_ext/404212886/FreeRTOS_tasks.o
 .debug_info    0x000000000001836b      0x2dd build/kf_freertos_fpga/production/_ext/346071803/log.o
 .debug_info    0x0000000000018648     0x168c build/kf_freertos_fpga/production/_ext/1521323865/test_ibis.o
 .debug_info    0x0000000000019cd4     0x1009 build/kf_freertos_fpga/production/_ext/1521323865/tgt_test_pvt_xfer.o
 .debug_info    0x000000000001acdd      0xe31 build/kf_freertos_fpga/production/_ext/1521323865/tgt_test_ibis.o
 .debug_info    0x000000000001bb0e     0x1184 build/kf_freertos_fpga/production/_ext/1360937237/task1.o
 .debug_info    0x000000000001cc92      0x107 build/kf_freertos_fpga/production/_ext/1360937237/main.o
 .debug_info    0x000000000001cd99      0x92d build/kf_freertos_fpga/production/_ext/1360937237/task2.o
 .debug_info    0x000000000001d6c6      0x553 build/kf_freertos_fpga/production/_ext/1360937237/task3.o
 .debug_info    0x000000000001dc19      0x27e build/kf_freertos_fpga/production/_ext/1360937237/task4.o
 .debug_info    0x000000000001de97       0x54 c:/program files/microchip/xc32/v4.45/bin/bin/../../lib/gcc/pic32c/8.3.1/../../../../pic32c/lib/thumb/v7e-m+fp/hard\libpic32c.a(data_init.o)
 .debug_info    0x000000000001deeb       0xf3 c:/program files/microchip/xc32/v4.45/bin/bin/../../lib/gcc/pic32c/8.3.1/../../../../pic32c/lib/thumb/v7e-m+fp/hard\libc-size-musl.a(memcpy.o)
 .debug_info    0x000000000001dfde       0xbb c:/program files/microchip/xc32/v4.45/bin/bin/../../lib/gcc/pic32c/8.3.1/../../../../pic32c/lib/thumb/v7e-m+fp/hard\libc-size-musl.a(memset.o)
 .debug_info    0x000000000001e099      0x2fb c:/program files/microchip/xc32/v4.45/bin/bin/../../lib/gcc/pic32c/8.3.1/../../../../pic32c/lib/thumb/v7e-m+fp/hard\libc-musl.a(__libc_start_main.o)
 .debug_info    0x000000000001e394      0x276 c:/program files/microchip/xc32/v4.45/bin/bin/../../lib/gcc/pic32c/8.3.1/../../../../pic32c/lib/thumb/v7e-m+fp/hard\libc-musl.a(libc.o)
 .debug_info    0x000000000001e60a      0x10e c:/program files/microchip/xc32/v4.45/bin/bin/../../lib/gcc/pic32c/8.3.1/../../../../pic32c/lib/thumb/v7e-m+fp/hard\libc-musl.a(vsprintf.o)
 .debug_info    0x000000000001e718       0x97 c:/program files/microchip/xc32/v4.45/bin/bin/../../lib/gcc/pic32c/8.3.1/../../../../pic32c/lib/thumb/v7e-m+fp/hard\libc-musl.a(__environ.o)
 .debug_info    0x000000000001e7af      0x43a c:/program files/microchip/xc32/v4.45/bin/bin/../../lib/gcc/pic32c/8.3.1/../../../../pic32c/lib/thumb/v7e-m+fp/hard\libc-musl.a(vsnprintf.o)
 .debug_info    0x000000000001ebe9       0x5b c:/program files/microchip/xc32/v4.45/bin/bin/../../lib/gcc/pic32c/8.3.1/../../../../pic32c/lib/thumb/v7e-m+fp/hard\libc-musl.a(__errno_location.o)
 .debug_info    0x000000000001ec44      0x406 c:/program files/microchip/xc32/v4.45/bin/bin/../../lib/gcc/pic32c/8.3.1/../../../../pic32c/lib/thumb/v7e-m+fp/hard\libc-musl.a(vfprintf.o)
 .debug_info    0x000000000001f04a      0x162 c:/program files/microchip/xc32/v4.45/bin/bin/../../lib/gcc/pic32c/8.3.1/../../../../pic32c/lib/thumb/v7e-m+fp/hard\libc-musl.a(__pop_float.o)
 .debug_info    0x000000000001f1ac      0x183 c:/program files/microchip/xc32/v4.45/bin/bin/../../lib/gcc/pic32c/8.3.1/../../../../pic32c/lib/thumb/v7e-m+fp/hard\libc-musl.a(__pop_int.o)
 .debug_info    0x000000000001f32f      0x187 c:/program files/microchip/xc32/v4.45/bin/bin/../../lib/gcc/pic32c/8.3.1/../../../../pic32c/lib/thumb/v7e-m+fp/hard\libc-musl.a(__pop_ptr.o)
 .debug_info    0x000000000001f4b6      0xa5d c:/program files/microchip/xc32/v4.45/bin/bin/../../lib/gcc/pic32c/8.3.1/../../../../pic32c/lib/thumb/v7e-m+fp/hard\libc-musl.a(__printf_core.o)
 .debug_info    0x000000000001ff13       0xf4 c:/program files/microchip/xc32/v4.45/bin/bin/../../lib/gcc/pic32c/8.3.1/../../../../pic32c/lib/thumb/v7e-m+fp/hard\libc-musl.a(atoi.o)
 .debug_info    0x0000000000020007      0x12b c:/program files/microchip/xc32/v4.45/bin/bin/../../lib/gcc/pic32c/8.3.1/../../../../pic32c/lib/thumb/v7e-m+fp/hard\libc-musl.a(tolower.o)
 .debug_info    0x0000000000020132      0x646 c:/program files/microchip/xc32/v4.45/bin/bin/../../lib/gcc/pic32c/8.3.1/../../../../pic32c/lib/thumb/v7e-m+fp/hard\libc-musl.a(__fmt_a.o)
 .debug_info    0x0000000000020778      0x330 c:/program files/microchip/xc32/v4.45/bin/bin/../../lib/gcc/pic32c/8.3.1/../../../../pic32c/lib/thumb/v7e-m+fp/hard\libc-musl.a(__fmt_d.o)
 .debug_info    0x0000000000020aa8      0x673 c:/program files/microchip/xc32/v4.45/bin/bin/../../lib/gcc/pic32c/8.3.1/../../../../pic32c/lib/thumb/v7e-m+fp/hard\libc-musl.a(__fmt_fp.o)
 .debug_info    0x000000000002111b      0x301 c:/program files/microchip/xc32/v4.45/bin/bin/../../lib/gcc/pic32c/8.3.1/../../../../pic32c/lib/thumb/v7e-m+fp/hard\libc-musl.a(__fmt_o.o)
 .debug_info    0x000000000002141c      0x2b2 c:/program files/microchip/xc32/v4.45/bin/bin/../../lib/gcc/pic32c/8.3.1/../../../../pic32c/lib/thumb/v7e-m+fp/hard\libc-musl.a(__fmt_s.o)
 .debug_info    0x00000000000216ce      0x301 c:/program files/microchip/xc32/v4.45/bin/bin/../../lib/gcc/pic32c/8.3.1/../../../../pic32c/lib/thumb/v7e-m+fp/hard\libc-musl.a(__fmt_u.o)
 .debug_info    0x00000000000219cf      0x331 c:/program files/microchip/xc32/v4.45/bin/bin/../../lib/gcc/pic32c/8.3.1/../../../../pic32c/lib/thumb/v7e-m+fp/hard\libc-musl.a(__fmt_x.o)
 .debug_info    0x0000000000021d00      0x12b c:/program files/microchip/xc32/v4.45/bin/bin/../../lib/gcc/pic32c/8.3.1/../../../../pic32c/lib/thumb/v7e-m+fp/hard\libc-musl.a(toupper.o)
 .debug_info    0x0000000000021e2b      0x1d9 c:/program files/microchip/xc32/v4.45/bin/bin/../../lib/gcc/pic32c/8.3.1/../../../../pic32c/lib/thumb/v7e-m+fp/hard\libc-musl.a(__cvt_u.o)
 .debug_info    0x0000000000022004       0x26 c:/program files/microchip/xc32/v4.45/bin/bin/../../lib/gcc/pic32c/8.3.1/thumb/v7e-m+fp/hard\libgcc.a(_aeabi_uldivmod.o)
 .debug_info    0x000000000002202a       0xd1 c:/program files/microchip/xc32/v4.45/bin/bin/../../lib/gcc/pic32c/8.3.1/thumb/v7e-m+fp/hard\libgcc.a(_paritysi2.o)
 .debug_info    0x00000000000220fb      0x52a c:/program files/microchip/xc32/v4.45/bin/bin/../../lib/gcc/pic32c/8.3.1/thumb/v7e-m+fp/hard\libgcc.a(_udivmoddi4.o)
 .debug_info    0x0000000000022625       0x26 c:/program files/microchip/xc32/v4.45/bin/bin/../../lib/gcc/pic32c/8.3.1/thumb/v7e-m+fp/hard\libgcc.a(_dvmd_tls.o)
 .debug_info    0x000000000002264b       0xa4 c:/program files/microchip/xc32/v4.45/bin/bin/../../lib/gcc/pic32c/8.3.1/../../../../pic32c/lib/thumb/v7e-m+fp/hard\libc-size-musl.a(strlen.o)
 .debug_info    0x00000000000226ef       0xbd c:/program files/microchip/xc32/v4.45/bin/bin/../../lib/gcc/pic32c/8.3.1/../../../../pic32c/lib/thumb/v7e-m+fp/hard\libc-size-musl.a(strcpy.o)
 .debug_info    0x00000000000227ac       0xac c:/program files/microchip/xc32/v4.45/bin/bin/../../lib/gcc/pic32c/8.3.1/../../../../pic32c/lib/thumb/v7e-m+fp/hard\libc-size-musl.a(stpcpy.o)
 .debug_info    0x0000000000022858       0x3f c:/program files/microchip/xc32/v4.45/bin/bin/../../lib/gcc/pic32c/8.3.1/../../../../pic32c/lib/thumb/v7e-m+fp/hard\libpic32c.a(pic32_data_init_clear.o)
 .debug_info    0x0000000000022897       0x40 c:/program files/microchip/xc32/v4.45/bin/bin/../../lib/gcc/pic32c/8.3.1/../../../../pic32c/lib/thumb/v7e-m+fp/hard\libpic32c.a(pic32_data_init_copy.o)
 .debug_info    0x00000000000228d7       0x40 c:/program files/microchip/xc32/v4.45/bin/bin/../../lib/gcc/pic32c/8.3.1/../../../../pic32c/lib/thumb/v7e-m+fp/hard\libpic32c.a(pic32_data_init_decompress.o)

.debug_abbrev   0x0000000000000000     0x6155
 .debug_abbrev  0x0000000000000000       0xa0 build/kf_freertos_fpga/production/_ext/1420773124/serial.o
 .debug_abbrev  0x00000000000000a0      0x172 build/kf_freertos_fpga/production/_ext/1420773124/trace.o
 .debug_abbrev  0x0000000000000212      0x429 build/kf_freertos_fpga/production/_ext/101992513/drv_i3c.o
 .debug_abbrev  0x000000000000063b      0x23a build/kf_freertos_fpga/production/_ext/101992513/drv_i3c_config.o
 .debug_abbrev  0x0000000000000875      0x297 build/kf_freertos_fpga/production/_ext/1886205328/i3c_ccc.o
 .debug_abbrev  0x0000000000000b0c      0x360 build/kf_freertos_fpga/production/_ext/1886205328/i3c_common.o
 .debug_abbrev  0x0000000000000e6c      0x169 build/kf_freertos_fpga/production/_ext/785111490/osal_freertos.o
 .debug_abbrev  0x0000000000000fd5      0x11b build/kf_freertos_fpga/production/_ext/868947740/plib_ec_reg_bank.o
 .debug_abbrev  0x00000000000010f0      0x1e9 build/kf_freertos_fpga/production/_ext/179210842/plib_ecia.o
 .debug_abbrev  0x00000000000012d9      0x1cf build/kf_freertos_fpga/production/_ext/179282931/plib_gpio.o
 .debug_abbrev  0x00000000000014a8      0x261 build/kf_freertos_fpga/production/_ext/825500651/plib_i3c.o
 .debug_abbrev  0x0000000000001709      0x22a build/kf_freertos_fpga/production/_ext/825500651/plib_i3c_private.o
 .debug_abbrev  0x0000000000001933      0x1f9 build/kf_freertos_fpga/production/_ext/179497222/plib_nvic.o
 .debug_abbrev  0x0000000000001b2c      0x15f build/kf_freertos_fpga/production/_ext/825492421/plib_pcr.o
 .debug_abbrev  0x0000000000001c8b       0xe5 build/kf_freertos_fpga/production/_ext/1732944825/uart_api.o
 .debug_abbrev  0x0000000000001d70      0x1d2 build/kf_freertos_fpga/production/_ext/1732944825/uart_perphl.o
 .debug_abbrev  0x0000000000001f42       0x49 build/kf_freertos_fpga/production/_ext/29258880/exceptions.o
 .debug_abbrev  0x0000000000001f8b      0x121 build/kf_freertos_fpga/production/_ext/29258880/freertos_hooks.o
 .debug_abbrev  0x00000000000020ac       0xe0 build/kf_freertos_fpga/production/_ext/29258880/initialization.o
 .debug_abbrev  0x000000000000218c       0xeb build/kf_freertos_fpga/production/_ext/29258880/interrupts.o
 .debug_abbrev  0x0000000000002277      0x195 build/kf_freertos_fpga/production/_ext/29258880/startup_xc32.o
 .debug_abbrev  0x000000000000240c      0x11b build/kf_freertos_fpga/production/_ext/29258880/tasks.o
 .debug_abbrev  0x0000000000002527      0x217 build/kf_freertos_fpga/production/_ext/246609638/port.o
 .debug_abbrev  0x000000000000273e      0x129 build/kf_freertos_fpga/production/_ext/1665200909/heap_1.o
 .debug_abbrev  0x0000000000002867      0x221 build/kf_freertos_fpga/production/_ext/404212886/queue.o
 .debug_abbrev  0x0000000000002a88      0x1ff build/kf_freertos_fpga/production/_ext/404212886/timers.o
 .debug_abbrev  0x0000000000002c87      0x100 build/kf_freertos_fpga/production/_ext/404212886/list.o
 .debug_abbrev  0x0000000000002d87      0x2ba build/kf_freertos_fpga/production/_ext/404212886/FreeRTOS_tasks.o
 .debug_abbrev  0x0000000000003041      0x1b7 build/kf_freertos_fpga/production/_ext/346071803/log.o
 .debug_abbrev  0x00000000000031f8      0x2ae build/kf_freertos_fpga/production/_ext/1521323865/test_ibis.o
 .debug_abbrev  0x00000000000034a6      0x277 build/kf_freertos_fpga/production/_ext/1521323865/tgt_test_pvt_xfer.o
 .debug_abbrev  0x000000000000371d      0x230 build/kf_freertos_fpga/production/_ext/1521323865/tgt_test_ibis.o
 .debug_abbrev  0x000000000000394d      0x2d7 build/kf_freertos_fpga/production/_ext/1360937237/task1.o
 .debug_abbrev  0x0000000000003c24       0x8d build/kf_freertos_fpga/production/_ext/1360937237/main.o
 .debug_abbrev  0x0000000000003cb1      0x205 build/kf_freertos_fpga/production/_ext/1360937237/task2.o
 .debug_abbrev  0x0000000000003eb6      0x116 build/kf_freertos_fpga/production/_ext/1360937237/task3.o
 .debug_abbrev  0x0000000000003fcc      0x162 build/kf_freertos_fpga/production/_ext/1360937237/task4.o
 .debug_abbrev  0x000000000000412e       0x44 c:/program files/microchip/xc32/v4.45/bin/bin/../../lib/gcc/pic32c/8.3.1/../../../../pic32c/lib/thumb/v7e-m+fp/hard\libpic32c.a(data_init.o)
 .debug_abbrev  0x0000000000004172       0xbb c:/program files/microchip/xc32/v4.45/bin/bin/../../lib/gcc/pic32c/8.3.1/../../../../pic32c/lib/thumb/v7e-m+fp/hard\libc-size-musl.a(memcpy.o)
 .debug_abbrev  0x000000000000422d       0xa2 c:/program files/microchip/xc32/v4.45/bin/bin/../../lib/gcc/pic32c/8.3.1/../../../../pic32c/lib/thumb/v7e-m+fp/hard\libc-size-musl.a(memset.o)
 .debug_abbrev  0x00000000000042cf      0x133 c:/program files/microchip/xc32/v4.45/bin/bin/../../lib/gcc/pic32c/8.3.1/../../../../pic32c/lib/thumb/v7e-m+fp/hard\libc-musl.a(__libc_start_main.o)
 .debug_abbrev  0x0000000000004402       0xd4 c:/program files/microchip/xc32/v4.45/bin/bin/../../lib/gcc/pic32c/8.3.1/../../../../pic32c/lib/thumb/v7e-m+fp/hard\libc-musl.a(libc.o)
 .debug_abbrev  0x00000000000044d6       0xce c:/program files/microchip/xc32/v4.45/bin/bin/../../lib/gcc/pic32c/8.3.1/../../../../pic32c/lib/thumb/v7e-m+fp/hard\libc-musl.a(vsprintf.o)
 .debug_abbrev  0x00000000000045a4       0x62 c:/program files/microchip/xc32/v4.45/bin/bin/../../lib/gcc/pic32c/8.3.1/../../../../pic32c/lib/thumb/v7e-m+fp/hard\libc-musl.a(__environ.o)
 .debug_abbrev  0x0000000000004606      0x195 c:/program files/microchip/xc32/v4.45/bin/bin/../../lib/gcc/pic32c/8.3.1/../../../../pic32c/lib/thumb/v7e-m+fp/hard\libc-musl.a(vsnprintf.o)
 .debug_abbrev  0x000000000000479b       0x39 c:/program files/microchip/xc32/v4.45/bin/bin/../../lib/gcc/pic32c/8.3.1/../../../../pic32c/lib/thumb/v7e-m+fp/hard\libc-musl.a(__errno_location.o)
 .debug_abbrev  0x00000000000047d4      0x189 c:/program files/microchip/xc32/v4.45/bin/bin/../../lib/gcc/pic32c/8.3.1/../../../../pic32c/lib/thumb/v7e-m+fp/hard\libc-musl.a(vfprintf.o)
 .debug_abbrev  0x000000000000495d       0xdc c:/program files/microchip/xc32/v4.45/bin/bin/../../lib/gcc/pic32c/8.3.1/../../../../pic32c/lib/thumb/v7e-m+fp/hard\libc-musl.a(__pop_float.o)
 .debug_abbrev  0x0000000000004a39       0xdc c:/program files/microchip/xc32/v4.45/bin/bin/../../lib/gcc/pic32c/8.3.1/../../../../pic32c/lib/thumb/v7e-m+fp/hard\libc-musl.a(__pop_int.o)
 .debug_abbrev  0x0000000000004b15       0xed c:/program files/microchip/xc32/v4.45/bin/bin/../../lib/gcc/pic32c/8.3.1/../../../../pic32c/lib/thumb/v7e-m+fp/hard\libc-musl.a(__pop_ptr.o)
 .debug_abbrev  0x0000000000004c02      0x332 c:/program files/microchip/xc32/v4.45/bin/bin/../../lib/gcc/pic32c/8.3.1/../../../../pic32c/lib/thumb/v7e-m+fp/hard\libc-musl.a(__printf_core.o)
 .debug_abbrev  0x0000000000004f34       0xc6 c:/program files/microchip/xc32/v4.45/bin/bin/../../lib/gcc/pic32c/8.3.1/../../../../pic32c/lib/thumb/v7e-m+fp/hard\libc-musl.a(atoi.o)
 .debug_abbrev  0x0000000000004ffa      0x108 c:/program files/microchip/xc32/v4.45/bin/bin/../../lib/gcc/pic32c/8.3.1/../../../../pic32c/lib/thumb/v7e-m+fp/hard\libc-musl.a(tolower.o)
 .debug_abbrev  0x0000000000005102      0x1d5 c:/program files/microchip/xc32/v4.45/bin/bin/../../lib/gcc/pic32c/8.3.1/../../../../pic32c/lib/thumb/v7e-m+fp/hard\libc-musl.a(__fmt_a.o)
 .debug_abbrev  0x00000000000052d7      0x161 c:/program files/microchip/xc32/v4.45/bin/bin/../../lib/gcc/pic32c/8.3.1/../../../../pic32c/lib/thumb/v7e-m+fp/hard\libc-musl.a(__fmt_d.o)
 .debug_abbrev  0x0000000000005438      0x1f4 c:/program files/microchip/xc32/v4.45/bin/bin/../../lib/gcc/pic32c/8.3.1/../../../../pic32c/lib/thumb/v7e-m+fp/hard\libc-musl.a(__fmt_fp.o)
 .debug_abbrev  0x000000000000562c      0x161 c:/program files/microchip/xc32/v4.45/bin/bin/../../lib/gcc/pic32c/8.3.1/../../../../pic32c/lib/thumb/v7e-m+fp/hard\libc-musl.a(__fmt_o.o)
 .debug_abbrev  0x000000000000578d      0x14c c:/program files/microchip/xc32/v4.45/bin/bin/../../lib/gcc/pic32c/8.3.1/../../../../pic32c/lib/thumb/v7e-m+fp/hard\libc-musl.a(__fmt_s.o)
 .debug_abbrev  0x00000000000058d9      0x161 c:/program files/microchip/xc32/v4.45/bin/bin/../../lib/gcc/pic32c/8.3.1/../../../../pic32c/lib/thumb/v7e-m+fp/hard\libc-musl.a(__fmt_u.o)
 .debug_abbrev  0x0000000000005a3a      0x150 c:/program files/microchip/xc32/v4.45/bin/bin/../../lib/gcc/pic32c/8.3.1/../../../../pic32c/lib/thumb/v7e-m+fp/hard\libc-musl.a(__fmt_x.o)
 .debug_abbrev  0x0000000000005b8a      0x108 c:/program files/microchip/xc32/v4.45/bin/bin/../../lib/gcc/pic32c/8.3.1/../../../../pic32c/lib/thumb/v7e-m+fp/hard\libc-musl.a(toupper.o)
 .debug_abbrev  0x0000000000005c92       0xe5 c:/program files/microchip/xc32/v4.45/bin/bin/../../lib/gcc/pic32c/8.3.1/../../../../pic32c/lib/thumb/v7e-m+fp/hard\libc-musl.a(__cvt_u.o)
 .debug_abbrev  0x0000000000005d77       0x14 c:/program files/microchip/xc32/v4.45/bin/bin/../../lib/gcc/pic32c/8.3.1/thumb/v7e-m+fp/hard\libgcc.a(_aeabi_uldivmod.o)
 .debug_abbrev  0x0000000000005d8b       0x69 c:/program files/microchip/xc32/v4.45/bin/bin/../../lib/gcc/pic32c/8.3.1/thumb/v7e-m+fp/hard\libgcc.a(_paritysi2.o)
 .debug_abbrev  0x0000000000005df4      0x122 c:/program files/microchip/xc32/v4.45/bin/bin/../../lib/gcc/pic32c/8.3.1/thumb/v7e-m+fp/hard\libgcc.a(_udivmoddi4.o)
 .debug_abbrev  0x0000000000005f16       0x14 c:/program files/microchip/xc32/v4.45/bin/bin/../../lib/gcc/pic32c/8.3.1/thumb/v7e-m+fp/hard\libgcc.a(_dvmd_tls.o)
 .debug_abbrev  0x0000000000005f2a       0x91 c:/program files/microchip/xc32/v4.45/bin/bin/../../lib/gcc/pic32c/8.3.1/../../../../pic32c/lib/thumb/v7e-m+fp/hard\libc-size-musl.a(strlen.o)
 .debug_abbrev  0x0000000000005fbb       0xa2 c:/program files/microchip/xc32/v4.45/bin/bin/../../lib/gcc/pic32c/8.3.1/../../../../pic32c/lib/thumb/v7e-m+fp/hard\libc-size-musl.a(strcpy.o)
 .debug_abbrev  0x000000000000605d       0x6e c:/program files/microchip/xc32/v4.45/bin/bin/../../lib/gcc/pic32c/8.3.1/../../../../pic32c/lib/thumb/v7e-m+fp/hard\libc-size-musl.a(stpcpy.o)
 .debug_abbrev  0x00000000000060cb       0x2e c:/program files/microchip/xc32/v4.45/bin/bin/../../lib/gcc/pic32c/8.3.1/../../../../pic32c/lib/thumb/v7e-m+fp/hard\libpic32c.a(pic32_data_init_clear.o)
 .debug_abbrev  0x00000000000060f9       0x2e c:/program files/microchip/xc32/v4.45/bin/bin/../../lib/gcc/pic32c/8.3.1/../../../../pic32c/lib/thumb/v7e-m+fp/hard\libpic32c.a(pic32_data_init_copy.o)
 .debug_abbrev  0x0000000000006127       0x2e c:/program files/microchip/xc32/v4.45/bin/bin/../../lib/gcc/pic32c/8.3.1/../../../../pic32c/lib/thumb/v7e-m+fp/hard\libpic32c.a(pic32_data_init_decompress.o)

.debug_loc      0x0000000000000000    0x101eb
 .debug_loc     0x0000000000000000       0x94 build/kf_freertos_fpga/production/_ext/1420773124/serial.o
 .debug_loc     0x0000000000000094      0x249 build/kf_freertos_fpga/production/_ext/1420773124/trace.o
 .debug_loc     0x00000000000002dd     0x106f build/kf_freertos_fpga/production/_ext/101992513/drv_i3c.o
 .debug_loc     0x000000000000134c       0xd4 build/kf_freertos_fpga/production/_ext/101992513/drv_i3c_config.o
 .debug_loc     0x0000000000001420      0x6e8 build/kf_freertos_fpga/production/_ext/1886205328/i3c_ccc.o
 .debug_loc     0x0000000000001b08      0xbba build/kf_freertos_fpga/production/_ext/1886205328/i3c_common.o
 .debug_loc     0x00000000000026c2      0x4a4 build/kf_freertos_fpga/production/_ext/785111490/osal_freertos.o
 .debug_loc     0x0000000000002b66      0x8e0 build/kf_freertos_fpga/production/_ext/868947740/plib_ec_reg_bank.o
 .debug_loc     0x0000000000003446      0x504 build/kf_freertos_fpga/production/_ext/179210842/plib_ecia.o
 .debug_loc     0x000000000000394a      0xb44 build/kf_freertos_fpga/production/_ext/179282931/plib_gpio.o
 .debug_loc     0x000000000000448e      0xda8 build/kf_freertos_fpga/production/_ext/825500651/plib_i3c.o
 .debug_loc     0x0000000000005236     0x2486 build/kf_freertos_fpga/production/_ext/825500651/plib_i3c_private.o
 .debug_loc     0x00000000000076bc      0x23c build/kf_freertos_fpga/production/_ext/179497222/plib_nvic.o
 .debug_loc     0x00000000000078f8      0x924 build/kf_freertos_fpga/production/_ext/825492421/plib_pcr.o
 .debug_loc     0x000000000000821c      0x1ec build/kf_freertos_fpga/production/_ext/1732944825/uart_api.o
 .debug_loc     0x0000000000008408      0x69c build/kf_freertos_fpga/production/_ext/1732944825/uart_perphl.o
 .debug_loc     0x0000000000008aa4      0x108 build/kf_freertos_fpga/production/_ext/29258880/exceptions.o
 .debug_loc     0x0000000000008bac      0x148 build/kf_freertos_fpga/production/_ext/29258880/freertos_hooks.o
 .debug_loc     0x0000000000008cf4       0x50 build/kf_freertos_fpga/production/_ext/29258880/initialization.o
 .debug_loc     0x0000000000008d44       0x2c build/kf_freertos_fpga/production/_ext/29258880/interrupts.o
 .debug_loc     0x0000000000008d70       0x7c build/kf_freertos_fpga/production/_ext/29258880/startup_xc32.o
 .debug_loc     0x0000000000008dec      0x130 build/kf_freertos_fpga/production/_ext/29258880/tasks.o
 .debug_loc     0x0000000000008f1c      0x274 build/kf_freertos_fpga/production/_ext/246609638/port.o
 .debug_loc     0x0000000000009190      0x134 build/kf_freertos_fpga/production/_ext/1665200909/heap_1.o
 .debug_loc     0x00000000000092c4      0x8a0 build/kf_freertos_fpga/production/_ext/404212886/queue.o
 .debug_loc     0x0000000000009b64      0x718 build/kf_freertos_fpga/production/_ext/404212886/timers.o
 .debug_loc     0x000000000000a27c      0x1cc build/kf_freertos_fpga/production/_ext/404212886/list.o
 .debug_loc     0x000000000000a448     0x108c build/kf_freertos_fpga/production/_ext/404212886/FreeRTOS_tasks.o
 .debug_loc     0x000000000000b4d4      0x1f8 build/kf_freertos_fpga/production/_ext/346071803/log.o
 .debug_loc     0x000000000000b6cc      0x190 build/kf_freertos_fpga/production/_ext/1521323865/test_ibis.o
 .debug_loc     0x000000000000b85c      0x320 build/kf_freertos_fpga/production/_ext/1521323865/tgt_test_pvt_xfer.o
 .debug_loc     0x000000000000bb7c      0x190 build/kf_freertos_fpga/production/_ext/1521323865/tgt_test_ibis.o
 .debug_loc     0x000000000000bd0c      0x2a0 build/kf_freertos_fpga/production/_ext/1360937237/task1.o
 .debug_loc     0x000000000000bfac       0x64 build/kf_freertos_fpga/production/_ext/1360937237/main.o
 .debug_loc     0x000000000000c010      0x110 build/kf_freertos_fpga/production/_ext/1360937237/task2.o
 .debug_loc     0x000000000000c120       0x70 build/kf_freertos_fpga/production/_ext/1360937237/task3.o
 .debug_loc     0x000000000000c190       0x7c build/kf_freertos_fpga/production/_ext/1360937237/task4.o
 .debug_loc     0x000000000000c20c       0x14 c:/program files/microchip/xc32/v4.45/bin/bin/../../lib/gcc/pic32c/8.3.1/../../../../pic32c/lib/thumb/v7e-m+fp/hard\libpic32c.a(data_init.o)
 .debug_loc     0x000000000000c220      0x10b c:/program files/microchip/xc32/v4.45/bin/bin/../../lib/gcc/pic32c/8.3.1/../../../../pic32c/lib/thumb/v7e-m+fp/hard\libc-size-musl.a(memcpy.o)
 .debug_loc     0x000000000000c32b       0x7d c:/program files/microchip/xc32/v4.45/bin/bin/../../lib/gcc/pic32c/8.3.1/../../../../pic32c/lib/thumb/v7e-m+fp/hard\libc-size-musl.a(memset.o)
 .debug_loc     0x000000000000c3a8       0x51 c:/program files/microchip/xc32/v4.45/bin/bin/../../lib/gcc/pic32c/8.3.1/../../../../pic32c/lib/thumb/v7e-m+fp/hard\libc-musl.a(__libc_start_main.o)
 .debug_loc     0x000000000000c3f9       0x6c c:/program files/microchip/xc32/v4.45/bin/bin/../../lib/gcc/pic32c/8.3.1/../../../../pic32c/lib/thumb/v7e-m+fp/hard\libc-musl.a(vsprintf.o)
 .debug_loc     0x000000000000c465       0xeb c:/program files/microchip/xc32/v4.45/bin/bin/../../lib/gcc/pic32c/8.3.1/../../../../pic32c/lib/thumb/v7e-m+fp/hard\libc-musl.a(vsnprintf.o)
 .debug_loc     0x000000000000c550       0x88 c:/program files/microchip/xc32/v4.45/bin/bin/../../lib/gcc/pic32c/8.3.1/../../../../pic32c/lib/thumb/v7e-m+fp/hard\libc-musl.a(vfprintf.o)
 .debug_loc     0x000000000000c5d8       0xa6 c:/program files/microchip/xc32/v4.45/bin/bin/../../lib/gcc/pic32c/8.3.1/../../../../pic32c/lib/thumb/v7e-m+fp/hard\libc-musl.a(__pop_float.o)
 .debug_loc     0x000000000000c67e      0x2f5 c:/program files/microchip/xc32/v4.45/bin/bin/../../lib/gcc/pic32c/8.3.1/../../../../pic32c/lib/thumb/v7e-m+fp/hard\libc-musl.a(__pop_int.o)
 .debug_loc     0x000000000000c973      0x1db c:/program files/microchip/xc32/v4.45/bin/bin/../../lib/gcc/pic32c/8.3.1/../../../../pic32c/lib/thumb/v7e-m+fp/hard\libc-musl.a(__pop_ptr.o)
 .debug_loc     0x000000000000cb4e      0x5e9 c:/program files/microchip/xc32/v4.45/bin/bin/../../lib/gcc/pic32c/8.3.1/../../../../pic32c/lib/thumb/v7e-m+fp/hard\libc-musl.a(__printf_core.o)
 .debug_loc     0x000000000000d137       0xd8 c:/program files/microchip/xc32/v4.45/bin/bin/../../lib/gcc/pic32c/8.3.1/../../../../pic32c/lib/thumb/v7e-m+fp/hard\libc-musl.a(atoi.o)
 .debug_loc     0x000000000000d20f       0x4a c:/program files/microchip/xc32/v4.45/bin/bin/../../lib/gcc/pic32c/8.3.1/../../../../pic32c/lib/thumb/v7e-m+fp/hard\libc-musl.a(tolower.o)
 .debug_loc     0x000000000000d259      0xb29 c:/program files/microchip/xc32/v4.45/bin/bin/../../lib/gcc/pic32c/8.3.1/../../../../pic32c/lib/thumb/v7e-m+fp/hard\libc-musl.a(__fmt_a.o)
 .debug_loc     0x000000000000dd82      0x1ef c:/program files/microchip/xc32/v4.45/bin/bin/../../lib/gcc/pic32c/8.3.1/../../../../pic32c/lib/thumb/v7e-m+fp/hard\libc-musl.a(__fmt_d.o)
 .debug_loc     0x000000000000df71      0xa5d c:/program files/microchip/xc32/v4.45/bin/bin/../../lib/gcc/pic32c/8.3.1/../../../../pic32c/lib/thumb/v7e-m+fp/hard\libc-musl.a(__fmt_fp.o)
 .debug_loc     0x000000000000e9ce      0x10a c:/program files/microchip/xc32/v4.45/bin/bin/../../lib/gcc/pic32c/8.3.1/../../../../pic32c/lib/thumb/v7e-m+fp/hard\libc-musl.a(__fmt_o.o)
 .debug_loc     0x000000000000ead8      0x157 c:/program files/microchip/xc32/v4.45/bin/bin/../../lib/gcc/pic32c/8.3.1/../../../../pic32c/lib/thumb/v7e-m+fp/hard\libc-musl.a(__fmt_s.o)
 .debug_loc     0x000000000000ec2f      0x10a c:/program files/microchip/xc32/v4.45/bin/bin/../../lib/gcc/pic32c/8.3.1/../../../../pic32c/lib/thumb/v7e-m+fp/hard\libc-musl.a(__fmt_u.o)
 .debug_loc     0x000000000000ed39      0x26d c:/program files/microchip/xc32/v4.45/bin/bin/../../lib/gcc/pic32c/8.3.1/../../../../pic32c/lib/thumb/v7e-m+fp/hard\libc-musl.a(__fmt_x.o)
 .debug_loc     0x000000000000efa6       0x4a c:/program files/microchip/xc32/v4.45/bin/bin/../../lib/gcc/pic32c/8.3.1/../../../../pic32c/lib/thumb/v7e-m+fp/hard\libc-musl.a(toupper.o)
 .debug_loc     0x000000000000eff0      0x197 c:/program files/microchip/xc32/v4.45/bin/bin/../../lib/gcc/pic32c/8.3.1/../../../../pic32c/lib/thumb/v7e-m+fp/hard\libc-musl.a(__cvt_u.o)
 .debug_loc     0x000000000000f187       0x7c c:/program files/microchip/xc32/v4.45/bin/bin/../../lib/gcc/pic32c/8.3.1/thumb/v7e-m+fp/hard\libgcc.a(_paritysi2.o)
 .debug_loc     0x000000000000f203      0xe69 c:/program files/microchip/xc32/v4.45/bin/bin/../../lib/gcc/pic32c/8.3.1/thumb/v7e-m+fp/hard\libgcc.a(_udivmoddi4.o)
 .debug_loc     0x000000000001006c       0x90 c:/program files/microchip/xc32/v4.45/bin/bin/../../lib/gcc/pic32c/8.3.1/../../../../pic32c/lib/thumb/v7e-m+fp/hard\libc-size-musl.a(strlen.o)
 .debug_loc     0x00000000000100fc       0x67 c:/program files/microchip/xc32/v4.45/bin/bin/../../lib/gcc/pic32c/8.3.1/../../../../pic32c/lib/thumb/v7e-m+fp/hard\libc-size-musl.a(strcpy.o)
 .debug_loc     0x0000000000010163       0x60 c:/program files/microchip/xc32/v4.45/bin/bin/../../lib/gcc/pic32c/8.3.1/../../../../pic32c/lib/thumb/v7e-m+fp/hard\libc-size-musl.a(stpcpy.o)
 .debug_loc     0x00000000000101c3       0x14 c:/program files/microchip/xc32/v4.45/bin/bin/../../lib/gcc/pic32c/8.3.1/../../../../pic32c/lib/thumb/v7e-m+fp/hard\libpic32c.a(pic32_data_init_copy.o)
 .debug_loc     0x00000000000101d7       0x14 c:/program files/microchip/xc32/v4.45/bin/bin/../../lib/gcc/pic32c/8.3.1/../../../../pic32c/lib/thumb/v7e-m+fp/hard\libpic32c.a(pic32_data_init_decompress.o)

.debug_aranges  0x0000000000000000     0x1b38
 .debug_aranges
                0x0000000000000000       0x28 build/kf_freertos_fpga/production/_ext/1420773124/serial.o
 .debug_aranges
                0x0000000000000028       0x50 build/kf_freertos_fpga/production/_ext/1420773124/trace.o
 .debug_aranges
                0x0000000000000078      0x1a8 build/kf_freertos_fpga/production/_ext/101992513/drv_i3c.o
 .debug_aranges
                0x0000000000000220       0x38 build/kf_freertos_fpga/production/_ext/101992513/drv_i3c_config.o
 .debug_aranges
                0x0000000000000258       0xc8 build/kf_freertos_fpga/production/_ext/1886205328/i3c_ccc.o
 .debug_aranges
                0x0000000000000320      0x138 build/kf_freertos_fpga/production/_ext/1886205328/i3c_common.o
 .debug_aranges
                0x0000000000000458       0x90 build/kf_freertos_fpga/production/_ext/785111490/osal_freertos.o
 .debug_aranges
                0x00000000000004e8      0x118 build/kf_freertos_fpga/production/_ext/868947740/plib_ec_reg_bank.o
 .debug_aranges
                0x0000000000000600       0x90 build/kf_freertos_fpga/production/_ext/179210842/plib_ecia.o
 .debug_aranges
                0x0000000000000690      0x118 build/kf_freertos_fpga/production/_ext/179282931/plib_gpio.o
 .debug_aranges
                0x00000000000007a8      0x178 build/kf_freertos_fpga/production/_ext/825500651/plib_i3c.o
 .debug_aranges
                0x0000000000000920      0x348 build/kf_freertos_fpga/production/_ext/825500651/plib_i3c_private.o
 .debug_aranges
                0x0000000000000c68       0x50 build/kf_freertos_fpga/production/_ext/179497222/plib_nvic.o
 .debug_aranges
                0x0000000000000cb8       0xf0 build/kf_freertos_fpga/production/_ext/825492421/plib_pcr.o
 .debug_aranges
                0x0000000000000da8       0x48 build/kf_freertos_fpga/production/_ext/1732944825/uart_api.o
 .debug_aranges
                0x0000000000000df0       0xc0 build/kf_freertos_fpga/production/_ext/1732944825/uart_perphl.o
 .debug_aranges
                0x0000000000000eb0       0x48 build/kf_freertos_fpga/production/_ext/29258880/exceptions.o
 .debug_aranges
                0x0000000000000ef8       0x40 build/kf_freertos_fpga/production/_ext/29258880/freertos_hooks.o
 .debug_aranges
                0x0000000000000f38       0x20 build/kf_freertos_fpga/production/_ext/29258880/initialization.o
 .debug_aranges
                0x0000000000000f58       0x28 build/kf_freertos_fpga/production/_ext/29258880/interrupts.o
 .debug_aranges
                0x0000000000000f80       0x30 build/kf_freertos_fpga/production/_ext/29258880/startup_xc32.o
 .debug_aranges
                0x0000000000000fb0       0x40 build/kf_freertos_fpga/production/_ext/29258880/tasks.o
 .debug_aranges
                0x0000000000000ff0       0x78 build/kf_freertos_fpga/production/_ext/246609638/port.o
 .debug_aranges
                0x0000000000001068       0x38 build/kf_freertos_fpga/production/_ext/1665200909/heap_1.o
 .debug_aranges
                0x00000000000010a0       0xf0 build/kf_freertos_fpga/production/_ext/404212886/queue.o
 .debug_aranges
                0x0000000000001190       0xd0 build/kf_freertos_fpga/production/_ext/404212886/timers.o
 .debug_aranges
                0x0000000000001260       0x40 build/kf_freertos_fpga/production/_ext/404212886/list.o
 .debug_aranges
                0x00000000000012a0      0x1b8 build/kf_freertos_fpga/production/_ext/404212886/FreeRTOS_tasks.o
 .debug_aranges
                0x0000000000001458       0x48 build/kf_freertos_fpga/production/_ext/346071803/log.o
 .debug_aranges
                0x00000000000014a0       0x40 build/kf_freertos_fpga/production/_ext/1521323865/test_ibis.o
 .debug_aranges
                0x00000000000014e0       0x68 build/kf_freertos_fpga/production/_ext/1521323865/tgt_test_pvt_xfer.o
 .debug_aranges
                0x0000000000001548       0x40 build/kf_freertos_fpga/production/_ext/1521323865/tgt_test_ibis.o
 .debug_aranges
                0x0000000000001588       0x60 build/kf_freertos_fpga/production/_ext/1360937237/task1.o
 .debug_aranges
                0x00000000000015e8       0x28 build/kf_freertos_fpga/production/_ext/1360937237/main.o
 .debug_aranges
                0x0000000000001610       0x38 build/kf_freertos_fpga/production/_ext/1360937237/task2.o
 .debug_aranges
                0x0000000000001648       0x28 build/kf_freertos_fpga/production/_ext/1360937237/task3.o
 .debug_aranges
                0x0000000000001670       0x28 build/kf_freertos_fpga/production/_ext/1360937237/task4.o
 .debug_aranges
                0x0000000000001698       0x28 c:/program files/microchip/xc32/v4.45/bin/bin/../../lib/gcc/pic32c/8.3.1/../../../../pic32c/lib/thumb/v7e-m+fp/hard\libpic32c.a(data_init.o)
 .debug_aranges
                0x00000000000016c0       0x20 c:/program files/microchip/xc32/v4.45/bin/bin/../../lib/gcc/pic32c/8.3.1/../../../../pic32c/lib/thumb/v7e-m+fp/hard\libc-size-musl.a(memcpy.o)
 .debug_aranges
                0x00000000000016e0       0x20 c:/program files/microchip/xc32/v4.45/bin/bin/../../lib/gcc/pic32c/8.3.1/../../../../pic32c/lib/thumb/v7e-m+fp/hard\libc-size-musl.a(memset.o)
 .debug_aranges
                0x0000000000001700       0x28 c:/program files/microchip/xc32/v4.45/bin/bin/../../lib/gcc/pic32c/8.3.1/../../../../pic32c/lib/thumb/v7e-m+fp/hard\libc-musl.a(__libc_start_main.o)
 .debug_aranges
                0x0000000000001728       0x18 c:/program files/microchip/xc32/v4.45/bin/bin/../../lib/gcc/pic32c/8.3.1/../../../../pic32c/lib/thumb/v7e-m+fp/hard\libc-musl.a(libc.o)
 .debug_aranges
                0x0000000000001740       0x20 c:/program files/microchip/xc32/v4.45/bin/bin/../../lib/gcc/pic32c/8.3.1/../../../../pic32c/lib/thumb/v7e-m+fp/hard\libc-musl.a(vsprintf.o)
 .debug_aranges
                0x0000000000001760       0x18 c:/program files/microchip/xc32/v4.45/bin/bin/../../lib/gcc/pic32c/8.3.1/../../../../pic32c/lib/thumb/v7e-m+fp/hard\libc-musl.a(__environ.o)
 .debug_aranges
                0x0000000000001778       0x20 c:/program files/microchip/xc32/v4.45/bin/bin/../../lib/gcc/pic32c/8.3.1/../../../../pic32c/lib/thumb/v7e-m+fp/hard\libc-musl.a(vsnprintf.o)
 .debug_aranges
                0x0000000000001798       0x18 c:/program files/microchip/xc32/v4.45/bin/bin/../../lib/gcc/pic32c/8.3.1/../../../../pic32c/lib/thumb/v7e-m+fp/hard\libc-musl.a(__errno_location.o)
 .debug_aranges
                0x00000000000017b0       0x28 c:/program files/microchip/xc32/v4.45/bin/bin/../../lib/gcc/pic32c/8.3.1/../../../../pic32c/lib/thumb/v7e-m+fp/hard\libc-musl.a(vfprintf.o)
 .debug_aranges
                0x00000000000017d8       0x20 c:/program files/microchip/xc32/v4.45/bin/bin/../../lib/gcc/pic32c/8.3.1/../../../../pic32c/lib/thumb/v7e-m+fp/hard\libc-musl.a(__pop_float.o)
 .debug_aranges
                0x00000000000017f8       0x20 c:/program files/microchip/xc32/v4.45/bin/bin/../../lib/gcc/pic32c/8.3.1/../../../../pic32c/lib/thumb/v7e-m+fp/hard\libc-musl.a(__pop_int.o)
 .debug_aranges
                0x0000000000001818       0x20 c:/program files/microchip/xc32/v4.45/bin/bin/../../lib/gcc/pic32c/8.3.1/../../../../pic32c/lib/thumb/v7e-m+fp/hard\libc-musl.a(__pop_ptr.o)
 .debug_aranges
                0x0000000000001838       0x50 c:/program files/microchip/xc32/v4.45/bin/bin/../../lib/gcc/pic32c/8.3.1/../../../../pic32c/lib/thumb/v7e-m+fp/hard\libc-musl.a(__printf_core.o)
 .debug_aranges
                0x0000000000001888       0x20 c:/program files/microchip/xc32/v4.45/bin/bin/../../lib/gcc/pic32c/8.3.1/../../../../pic32c/lib/thumb/v7e-m+fp/hard\libc-musl.a(atoi.o)
 .debug_aranges
                0x00000000000018a8       0x28 c:/program files/microchip/xc32/v4.45/bin/bin/../../lib/gcc/pic32c/8.3.1/../../../../pic32c/lib/thumb/v7e-m+fp/hard\libc-musl.a(tolower.o)
 .debug_aranges
                0x00000000000018d0       0x20 c:/program files/microchip/xc32/v4.45/bin/bin/../../lib/gcc/pic32c/8.3.1/../../../../pic32c/lib/thumb/v7e-m+fp/hard\libc-musl.a(__fmt_a.o)
 .debug_aranges
                0x00000000000018f0       0x20 c:/program files/microchip/xc32/v4.45/bin/bin/../../lib/gcc/pic32c/8.3.1/../../../../pic32c/lib/thumb/v7e-m+fp/hard\libc-musl.a(__fmt_d.o)
 .debug_aranges
                0x0000000000001910       0x20 c:/program files/microchip/xc32/v4.45/bin/bin/../../lib/gcc/pic32c/8.3.1/../../../../pic32c/lib/thumb/v7e-m+fp/hard\libc-musl.a(__fmt_fp.o)
 .debug_aranges
                0x0000000000001930       0x20 c:/program files/microchip/xc32/v4.45/bin/bin/../../lib/gcc/pic32c/8.3.1/../../../../pic32c/lib/thumb/v7e-m+fp/hard\libc-musl.a(__fmt_o.o)
 .debug_aranges
                0x0000000000001950       0x20 c:/program files/microchip/xc32/v4.45/bin/bin/../../lib/gcc/pic32c/8.3.1/../../../../pic32c/lib/thumb/v7e-m+fp/hard\libc-musl.a(__fmt_s.o)
 .debug_aranges
                0x0000000000001970       0x20 c:/program files/microchip/xc32/v4.45/bin/bin/../../lib/gcc/pic32c/8.3.1/../../../../pic32c/lib/thumb/v7e-m+fp/hard\libc-musl.a(__fmt_u.o)
 .debug_aranges
                0x0000000000001990       0x20 c:/program files/microchip/xc32/v4.45/bin/bin/../../lib/gcc/pic32c/8.3.1/../../../../pic32c/lib/thumb/v7e-m+fp/hard\libc-musl.a(__fmt_x.o)
 .debug_aranges
                0x00000000000019b0       0x28 c:/program files/microchip/xc32/v4.45/bin/bin/../../lib/gcc/pic32c/8.3.1/../../../../pic32c/lib/thumb/v7e-m+fp/hard\libc-musl.a(toupper.o)
 .debug_aranges
                0x00000000000019d8       0x20 c:/program files/microchip/xc32/v4.45/bin/bin/../../lib/gcc/pic32c/8.3.1/../../../../pic32c/lib/thumb/v7e-m+fp/hard\libc-musl.a(__cvt_u.o)
 .debug_aranges
                0x00000000000019f8       0x20 c:/program files/microchip/xc32/v4.45/bin/bin/../../lib/gcc/pic32c/8.3.1/thumb/v7e-m+fp/hard\libgcc.a(_aeabi_uldivmod.o)
 .debug_aranges
                0x0000000000001a18       0x20 c:/program files/microchip/xc32/v4.45/bin/bin/../../lib/gcc/pic32c/8.3.1/thumb/v7e-m+fp/hard\libgcc.a(_paritysi2.o)
 .debug_aranges
                0x0000000000001a38       0x20 c:/program files/microchip/xc32/v4.45/bin/bin/../../lib/gcc/pic32c/8.3.1/thumb/v7e-m+fp/hard\libgcc.a(_udivmoddi4.o)
 .debug_aranges
                0x0000000000001a58       0x20 c:/program files/microchip/xc32/v4.45/bin/bin/../../lib/gcc/pic32c/8.3.1/thumb/v7e-m+fp/hard\libgcc.a(_dvmd_tls.o)
 .debug_aranges
                0x0000000000001a78       0x20 c:/program files/microchip/xc32/v4.45/bin/bin/../../lib/gcc/pic32c/8.3.1/../../../../pic32c/lib/thumb/v7e-m+fp/hard\libc-size-musl.a(strlen.o)
 .debug_aranges
                0x0000000000001a98       0x20 c:/program files/microchip/xc32/v4.45/bin/bin/../../lib/gcc/pic32c/8.3.1/../../../../pic32c/lib/thumb/v7e-m+fp/hard\libc-size-musl.a(strcpy.o)
 .debug_aranges
                0x0000000000001ab8       0x20 c:/program files/microchip/xc32/v4.45/bin/bin/../../lib/gcc/pic32c/8.3.1/../../../../pic32c/lib/thumb/v7e-m+fp/hard\libc-size-musl.a(stpcpy.o)
 .debug_aranges
                0x0000000000001ad8       0x20 c:/program files/microchip/xc32/v4.45/bin/bin/../../lib/gcc/pic32c/8.3.1/../../../../pic32c/lib/thumb/v7e-m+fp/hard\libpic32c.a(pic32_data_init_clear.o)
 .debug_aranges
                0x0000000000001af8       0x20 c:/program files/microchip/xc32/v4.45/bin/bin/../../lib/gcc/pic32c/8.3.1/../../../../pic32c/lib/thumb/v7e-m+fp/hard\libpic32c.a(pic32_data_init_copy.o)
 .debug_aranges
                0x0000000000001b18       0x20 c:/program files/microchip/xc32/v4.45/bin/bin/../../lib/gcc/pic32c/8.3.1/../../../../pic32c/lib/thumb/v7e-m+fp/hard\libpic32c.a(pic32_data_init_decompress.o)

.debug_ranges   0x0000000000000000     0x1768
 .debug_ranges  0x0000000000000000       0x18 build/kf_freertos_fpga/production/_ext/1420773124/serial.o
 .debug_ranges  0x0000000000000018       0x58 build/kf_freertos_fpga/production/_ext/1420773124/trace.o
 .debug_ranges  0x0000000000000070      0x198 build/kf_freertos_fpga/production/_ext/101992513/drv_i3c.o
 .debug_ranges  0x0000000000000208       0x28 build/kf_freertos_fpga/production/_ext/101992513/drv_i3c_config.o
 .debug_ranges  0x0000000000000230       0xb8 build/kf_freertos_fpga/production/_ext/1886205328/i3c_ccc.o
 .debug_ranges  0x00000000000002e8      0x128 build/kf_freertos_fpga/production/_ext/1886205328/i3c_common.o
 .debug_ranges  0x0000000000000410       0x80 build/kf_freertos_fpga/production/_ext/785111490/osal_freertos.o
 .debug_ranges  0x0000000000000490      0x108 build/kf_freertos_fpga/production/_ext/868947740/plib_ec_reg_bank.o
 .debug_ranges  0x0000000000000598       0x80 build/kf_freertos_fpga/production/_ext/179210842/plib_ecia.o
 .debug_ranges  0x0000000000000618      0x108 build/kf_freertos_fpga/production/_ext/179282931/plib_gpio.o
 .debug_ranges  0x0000000000000720      0x168 build/kf_freertos_fpga/production/_ext/825500651/plib_i3c.o
 .debug_ranges  0x0000000000000888      0x338 build/kf_freertos_fpga/production/_ext/825500651/plib_i3c_private.o
 .debug_ranges  0x0000000000000bc0       0x40 build/kf_freertos_fpga/production/_ext/179497222/plib_nvic.o
 .debug_ranges  0x0000000000000c00       0xe0 build/kf_freertos_fpga/production/_ext/825492421/plib_pcr.o
 .debug_ranges  0x0000000000000ce0       0x38 build/kf_freertos_fpga/production/_ext/1732944825/uart_api.o
 .debug_ranges  0x0000000000000d18       0xb0 build/kf_freertos_fpga/production/_ext/1732944825/uart_perphl.o
 .debug_ranges  0x0000000000000dc8       0x38 build/kf_freertos_fpga/production/_ext/29258880/exceptions.o
 .debug_ranges  0x0000000000000e00       0x30 build/kf_freertos_fpga/production/_ext/29258880/freertos_hooks.o
 .debug_ranges  0x0000000000000e30       0x10 build/kf_freertos_fpga/production/_ext/29258880/initialization.o
 .debug_ranges  0x0000000000000e40       0x18 build/kf_freertos_fpga/production/_ext/29258880/interrupts.o
 .debug_ranges  0x0000000000000e58       0x20 build/kf_freertos_fpga/production/_ext/29258880/startup_xc32.o
 .debug_ranges  0x0000000000000e78       0x30 build/kf_freertos_fpga/production/_ext/29258880/tasks.o
 .debug_ranges  0x0000000000000ea8       0x68 build/kf_freertos_fpga/production/_ext/246609638/port.o
 .debug_ranges  0x0000000000000f10       0x28 build/kf_freertos_fpga/production/_ext/1665200909/heap_1.o
 .debug_ranges  0x0000000000000f38       0xe0 build/kf_freertos_fpga/production/_ext/404212886/queue.o
 .debug_ranges  0x0000000000001018       0xc0 build/kf_freertos_fpga/production/_ext/404212886/timers.o
 .debug_ranges  0x00000000000010d8       0x30 build/kf_freertos_fpga/production/_ext/404212886/list.o
 .debug_ranges  0x0000000000001108      0x1a8 build/kf_freertos_fpga/production/_ext/404212886/FreeRTOS_tasks.o
 .debug_ranges  0x00000000000012b0       0x38 build/kf_freertos_fpga/production/_ext/346071803/log.o
 .debug_ranges  0x00000000000012e8       0x30 build/kf_freertos_fpga/production/_ext/1521323865/test_ibis.o
 .debug_ranges  0x0000000000001318       0x58 build/kf_freertos_fpga/production/_ext/1521323865/tgt_test_pvt_xfer.o
 .debug_ranges  0x0000000000001370       0x30 build/kf_freertos_fpga/production/_ext/1521323865/tgt_test_ibis.o
 .debug_ranges  0x00000000000013a0       0x50 build/kf_freertos_fpga/production/_ext/1360937237/task1.o
 .debug_ranges  0x00000000000013f0       0x18 build/kf_freertos_fpga/production/_ext/1360937237/main.o
 .debug_ranges  0x0000000000001408       0x28 build/kf_freertos_fpga/production/_ext/1360937237/task2.o
 .debug_ranges  0x0000000000001430       0x18 build/kf_freertos_fpga/production/_ext/1360937237/task3.o
 .debug_ranges  0x0000000000001448       0x18 build/kf_freertos_fpga/production/_ext/1360937237/task4.o
 .debug_ranges  0x0000000000001460       0x18 c:/program files/microchip/xc32/v4.45/bin/bin/../../lib/gcc/pic32c/8.3.1/../../../../pic32c/lib/thumb/v7e-m+fp/hard\libpic32c.a(data_init.o)
 .debug_ranges  0x0000000000001478       0x10 c:/program files/microchip/xc32/v4.45/bin/bin/../../lib/gcc/pic32c/8.3.1/../../../../pic32c/lib/thumb/v7e-m+fp/hard\libc-size-musl.a(memcpy.o)
 .debug_ranges  0x0000000000001488       0x10 c:/program files/microchip/xc32/v4.45/bin/bin/../../lib/gcc/pic32c/8.3.1/../../../../pic32c/lib/thumb/v7e-m+fp/hard\libc-size-musl.a(memset.o)
 .debug_ranges  0x0000000000001498       0x40 c:/program files/microchip/xc32/v4.45/bin/bin/../../lib/gcc/pic32c/8.3.1/../../../../pic32c/lib/thumb/v7e-m+fp/hard\libc-musl.a(__libc_start_main.o)
 .debug_ranges  0x00000000000014d8       0x10 c:/program files/microchip/xc32/v4.45/bin/bin/../../lib/gcc/pic32c/8.3.1/../../../../pic32c/lib/thumb/v7e-m+fp/hard\libc-musl.a(vsprintf.o)
 .debug_ranges  0x00000000000014e8       0x10 c:/program files/microchip/xc32/v4.45/bin/bin/../../lib/gcc/pic32c/8.3.1/../../../../pic32c/lib/thumb/v7e-m+fp/hard\libc-musl.a(vsnprintf.o)
 .debug_ranges  0x00000000000014f8       0x18 c:/program files/microchip/xc32/v4.45/bin/bin/../../lib/gcc/pic32c/8.3.1/../../../../pic32c/lib/thumb/v7e-m+fp/hard\libc-musl.a(vfprintf.o)
 .debug_ranges  0x0000000000001510       0x10 c:/program files/microchip/xc32/v4.45/bin/bin/../../lib/gcc/pic32c/8.3.1/../../../../pic32c/lib/thumb/v7e-m+fp/hard\libc-musl.a(__pop_float.o)
 .debug_ranges  0x0000000000001520       0x10 c:/program files/microchip/xc32/v4.45/bin/bin/../../lib/gcc/pic32c/8.3.1/../../../../pic32c/lib/thumb/v7e-m+fp/hard\libc-musl.a(__pop_int.o)
 .debug_ranges  0x0000000000001530       0x10 c:/program files/microchip/xc32/v4.45/bin/bin/../../lib/gcc/pic32c/8.3.1/../../../../pic32c/lib/thumb/v7e-m+fp/hard\libc-musl.a(__pop_ptr.o)
 .debug_ranges  0x0000000000001540       0x58 c:/program files/microchip/xc32/v4.45/bin/bin/../../lib/gcc/pic32c/8.3.1/../../../../pic32c/lib/thumb/v7e-m+fp/hard\libc-musl.a(__printf_core.o)
 .debug_ranges  0x0000000000001598       0x10 c:/program files/microchip/xc32/v4.45/bin/bin/../../lib/gcc/pic32c/8.3.1/../../../../pic32c/lib/thumb/v7e-m+fp/hard\libc-musl.a(atoi.o)
 .debug_ranges  0x00000000000015a8       0x18 c:/program files/microchip/xc32/v4.45/bin/bin/../../lib/gcc/pic32c/8.3.1/../../../../pic32c/lib/thumb/v7e-m+fp/hard\libc-musl.a(tolower.o)
 .debug_ranges  0x00000000000015c0       0x10 c:/program files/microchip/xc32/v4.45/bin/bin/../../lib/gcc/pic32c/8.3.1/../../../../pic32c/lib/thumb/v7e-m+fp/hard\libc-musl.a(__fmt_a.o)
 .debug_ranges  0x00000000000015d0       0x10 c:/program files/microchip/xc32/v4.45/bin/bin/../../lib/gcc/pic32c/8.3.1/../../../../pic32c/lib/thumb/v7e-m+fp/hard\libc-musl.a(__fmt_d.o)
 .debug_ranges  0x00000000000015e0       0x10 c:/program files/microchip/xc32/v4.45/bin/bin/../../lib/gcc/pic32c/8.3.1/../../../../pic32c/lib/thumb/v7e-m+fp/hard\libc-musl.a(__fmt_fp.o)
 .debug_ranges  0x00000000000015f0       0x10 c:/program files/microchip/xc32/v4.45/bin/bin/../../lib/gcc/pic32c/8.3.1/../../../../pic32c/lib/thumb/v7e-m+fp/hard\libc-musl.a(__fmt_o.o)
 .debug_ranges  0x0000000000001600       0x10 c:/program files/microchip/xc32/v4.45/bin/bin/../../lib/gcc/pic32c/8.3.1/../../../../pic32c/lib/thumb/v7e-m+fp/hard\libc-musl.a(__fmt_s.o)
 .debug_ranges  0x0000000000001610       0x10 c:/program files/microchip/xc32/v4.45/bin/bin/../../lib/gcc/pic32c/8.3.1/../../../../pic32c/lib/thumb/v7e-m+fp/hard\libc-musl.a(__fmt_u.o)
 .debug_ranges  0x0000000000001620       0x10 c:/program files/microchip/xc32/v4.45/bin/bin/../../lib/gcc/pic32c/8.3.1/../../../../pic32c/lib/thumb/v7e-m+fp/hard\libc-musl.a(__fmt_x.o)
 .debug_ranges  0x0000000000001630       0x18 c:/program files/microchip/xc32/v4.45/bin/bin/../../lib/gcc/pic32c/8.3.1/../../../../pic32c/lib/thumb/v7e-m+fp/hard\libc-musl.a(toupper.o)
 .debug_ranges  0x0000000000001648       0x10 c:/program files/microchip/xc32/v4.45/bin/bin/../../lib/gcc/pic32c/8.3.1/../../../../pic32c/lib/thumb/v7e-m+fp/hard\libc-musl.a(__cvt_u.o)
 .debug_ranges  0x0000000000001658       0xb0 c:/program files/microchip/xc32/v4.45/bin/bin/../../lib/gcc/pic32c/8.3.1/thumb/v7e-m+fp/hard\libgcc.a(_udivmoddi4.o)
 .debug_ranges  0x0000000000001708       0x10 c:/program files/microchip/xc32/v4.45/bin/bin/../../lib/gcc/pic32c/8.3.1/../../../../pic32c/lib/thumb/v7e-m+fp/hard\libc-size-musl.a(strlen.o)
 .debug_ranges  0x0000000000001718       0x10 c:/program files/microchip/xc32/v4.45/bin/bin/../../lib/gcc/pic32c/8.3.1/../../../../pic32c/lib/thumb/v7e-m+fp/hard\libc-size-musl.a(strcpy.o)
 .debug_ranges  0x0000000000001728       0x10 c:/program files/microchip/xc32/v4.45/bin/bin/../../lib/gcc/pic32c/8.3.1/../../../../pic32c/lib/thumb/v7e-m+fp/hard\libc-size-musl.a(stpcpy.o)
 .debug_ranges  0x0000000000001738       0x10 c:/program files/microchip/xc32/v4.45/bin/bin/../../lib/gcc/pic32c/8.3.1/../../../../pic32c/lib/thumb/v7e-m+fp/hard\libpic32c.a(pic32_data_init_clear.o)
 .debug_ranges  0x0000000000001748       0x10 c:/program files/microchip/xc32/v4.45/bin/bin/../../lib/gcc/pic32c/8.3.1/../../../../pic32c/lib/thumb/v7e-m+fp/hard\libpic32c.a(pic32_data_init_copy.o)
 .debug_ranges  0x0000000000001758       0x10 c:/program files/microchip/xc32/v4.45/bin/bin/../../lib/gcc/pic32c/8.3.1/../../../../pic32c/lib/thumb/v7e-m+fp/hard\libpic32c.a(pic32_data_init_decompress.o)

.debug_line     0x0000000000000000     0xec2d
 .debug_line    0x0000000000000000      0x10e build/kf_freertos_fpga/production/_ext/1420773124/serial.o
 .debug_line    0x000000000000010e      0x28c build/kf_freertos_fpga/production/_ext/1420773124/trace.o
 .debug_line    0x000000000000039a     0x16bc build/kf_freertos_fpga/production/_ext/101992513/drv_i3c.o
 .debug_line    0x0000000000001a56      0x3c3 build/kf_freertos_fpga/production/_ext/101992513/drv_i3c_config.o
 .debug_line    0x0000000000001e19      0x814 build/kf_freertos_fpga/production/_ext/1886205328/i3c_ccc.o
 .debug_line    0x000000000000262d      0xa82 build/kf_freertos_fpga/production/_ext/1886205328/i3c_common.o
 .debug_line    0x00000000000030af      0x37e build/kf_freertos_fpga/production/_ext/785111490/osal_freertos.o
 .debug_line    0x000000000000342d      0x396 build/kf_freertos_fpga/production/_ext/868947740/plib_ec_reg_bank.o
 .debug_line    0x00000000000037c3      0x3b2 build/kf_freertos_fpga/production/_ext/179210842/plib_ecia.o
 .debug_line    0x0000000000003b75      0x5bf build/kf_freertos_fpga/production/_ext/179282931/plib_gpio.o
 .debug_line    0x0000000000004134      0x82d build/kf_freertos_fpga/production/_ext/825500651/plib_i3c.o
 .debug_line    0x0000000000004961      0xfa0 build/kf_freertos_fpga/production/_ext/825500651/plib_i3c_private.o
 .debug_line    0x0000000000005901      0x296 build/kf_freertos_fpga/production/_ext/179497222/plib_nvic.o
 .debug_line    0x0000000000005b97      0x44f build/kf_freertos_fpga/production/_ext/825492421/plib_pcr.o
 .debug_line    0x0000000000005fe6      0x1dc build/kf_freertos_fpga/production/_ext/1732944825/uart_api.o
 .debug_line    0x00000000000061c2      0x5fb build/kf_freertos_fpga/production/_ext/1732944825/uart_perphl.o
 .debug_line    0x00000000000067bd       0xc9 build/kf_freertos_fpga/production/_ext/29258880/exceptions.o
 .debug_line    0x0000000000006886      0x1ba build/kf_freertos_fpga/production/_ext/29258880/freertos_hooks.o
 .debug_line    0x0000000000006a40      0x12a build/kf_freertos_fpga/production/_ext/29258880/initialization.o
 .debug_line    0x0000000000006b6a       0xd8 build/kf_freertos_fpga/production/_ext/29258880/interrupts.o
 .debug_line    0x0000000000006c42      0x16e build/kf_freertos_fpga/production/_ext/29258880/startup_xc32.o
 .debug_line    0x0000000000006db0      0x1e5 build/kf_freertos_fpga/production/_ext/29258880/tasks.o
 .debug_line    0x0000000000006f95      0x2e1 build/kf_freertos_fpga/production/_ext/246609638/port.o
 .debug_line    0x0000000000007276      0x156 build/kf_freertos_fpga/production/_ext/1665200909/heap_1.o
 .debug_line    0x00000000000073cc      0x9c8 build/kf_freertos_fpga/production/_ext/404212886/queue.o
 .debug_line    0x0000000000007d94      0x5b1 build/kf_freertos_fpga/production/_ext/404212886/timers.o
 .debug_line    0x0000000000008345      0x232 build/kf_freertos_fpga/production/_ext/404212886/list.o
 .debug_line    0x0000000000008577      0xf50 build/kf_freertos_fpga/production/_ext/404212886/FreeRTOS_tasks.o
 .debug_line    0x00000000000094c7      0x152 build/kf_freertos_fpga/production/_ext/346071803/log.o
 .debug_line    0x0000000000009619      0x3e2 build/kf_freertos_fpga/production/_ext/1521323865/test_ibis.o
 .debug_line    0x00000000000099fb      0x34c build/kf_freertos_fpga/production/_ext/1521323865/tgt_test_pvt_xfer.o
 .debug_line    0x0000000000009d47      0x3eb build/kf_freertos_fpga/production/_ext/1521323865/tgt_test_ibis.o
 .debug_line    0x000000000000a132      0x5ea build/kf_freertos_fpga/production/_ext/1360937237/task1.o
 .debug_line    0x000000000000a71c       0xcb build/kf_freertos_fpga/production/_ext/1360937237/main.o
 .debug_line    0x000000000000a7e7      0x3f5 build/kf_freertos_fpga/production/_ext/1360937237/task2.o
 .debug_line    0x000000000000abdc      0x13b build/kf_freertos_fpga/production/_ext/1360937237/task3.o
 .debug_line    0x000000000000ad17      0x1e3 build/kf_freertos_fpga/production/_ext/1360937237/task4.o
 .debug_line    0x000000000000aefa       0x92 c:/program files/microchip/xc32/v4.45/bin/bin/../../lib/gcc/pic32c/8.3.1/../../../../pic32c/lib/thumb/v7e-m+fp/hard\libpic32c.a(data_init.o)
 .debug_line    0x000000000000af8c       0xf9 c:/program files/microchip/xc32/v4.45/bin/bin/../../lib/gcc/pic32c/8.3.1/../../../../pic32c/lib/thumb/v7e-m+fp/hard\libc-size-musl.a(memcpy.o)
 .debug_line    0x000000000000b085       0xe3 c:/program files/microchip/xc32/v4.45/bin/bin/../../lib/gcc/pic32c/8.3.1/../../../../pic32c/lib/thumb/v7e-m+fp/hard\libc-size-musl.a(memset.o)
 .debug_line    0x000000000000b168      0x1c7 c:/program files/microchip/xc32/v4.45/bin/bin/../../lib/gcc/pic32c/8.3.1/../../../../pic32c/lib/thumb/v7e-m+fp/hard\libc-musl.a(__libc_start_main.o)
 .debug_line    0x000000000000b32f       0xb5 c:/program files/microchip/xc32/v4.45/bin/bin/../../lib/gcc/pic32c/8.3.1/../../../../pic32c/lib/thumb/v7e-m+fp/hard\libc-musl.a(libc.o)
 .debug_line    0x000000000000b3e4      0x140 c:/program files/microchip/xc32/v4.45/bin/bin/../../lib/gcc/pic32c/8.3.1/../../../../pic32c/lib/thumb/v7e-m+fp/hard\libc-musl.a(vsprintf.o)
 .debug_line    0x000000000000b524       0xfb c:/program files/microchip/xc32/v4.45/bin/bin/../../lib/gcc/pic32c/8.3.1/../../../../pic32c/lib/thumb/v7e-m+fp/hard\libc-musl.a(__environ.o)
 .debug_line    0x000000000000b61f      0x22d c:/program files/microchip/xc32/v4.45/bin/bin/../../lib/gcc/pic32c/8.3.1/../../../../pic32c/lib/thumb/v7e-m+fp/hard\libc-musl.a(vsnprintf.o)
 .debug_line    0x000000000000b84c       0x9a c:/program files/microchip/xc32/v4.45/bin/bin/../../lib/gcc/pic32c/8.3.1/../../../../pic32c/lib/thumb/v7e-m+fp/hard\libc-musl.a(__errno_location.o)
 .debug_line    0x000000000000b8e6      0x1e6 c:/program files/microchip/xc32/v4.45/bin/bin/../../lib/gcc/pic32c/8.3.1/../../../../pic32c/lib/thumb/v7e-m+fp/hard\libc-musl.a(vfprintf.o)
 .debug_line    0x000000000000bacc      0x165 c:/program files/microchip/xc32/v4.45/bin/bin/../../lib/gcc/pic32c/8.3.1/../../../../pic32c/lib/thumb/v7e-m+fp/hard\libc-musl.a(__pop_float.o)
 .debug_line    0x000000000000bc31      0x200 c:/program files/microchip/xc32/v4.45/bin/bin/../../lib/gcc/pic32c/8.3.1/../../../../pic32c/lib/thumb/v7e-m+fp/hard\libc-musl.a(__pop_int.o)
 .debug_line    0x000000000000be31      0x1e0 c:/program files/microchip/xc32/v4.45/bin/bin/../../lib/gcc/pic32c/8.3.1/../../../../pic32c/lib/thumb/v7e-m+fp/hard\libc-musl.a(__pop_ptr.o)
 .debug_line    0x000000000000c011      0x692 c:/program files/microchip/xc32/v4.45/bin/bin/../../lib/gcc/pic32c/8.3.1/../../../../pic32c/lib/thumb/v7e-m+fp/hard\libc-musl.a(__printf_core.o)
 .debug_line    0x000000000000c6a3      0x167 c:/program files/microchip/xc32/v4.45/bin/bin/../../lib/gcc/pic32c/8.3.1/../../../../pic32c/lib/thumb/v7e-m+fp/hard\libc-musl.a(atoi.o)
 .debug_line    0x000000000000c80a      0x157 c:/program files/microchip/xc32/v4.45/bin/bin/../../lib/gcc/pic32c/8.3.1/../../../../pic32c/lib/thumb/v7e-m+fp/hard\libc-musl.a(tolower.o)
 .debug_line    0x000000000000c961      0x630 c:/program files/microchip/xc32/v4.45/bin/bin/../../lib/gcc/pic32c/8.3.1/../../../../pic32c/lib/thumb/v7e-m+fp/hard\libc-musl.a(__fmt_a.o)
 .debug_line    0x000000000000cf91      0x1ff c:/program files/microchip/xc32/v4.45/bin/bin/../../lib/gcc/pic32c/8.3.1/../../../../pic32c/lib/thumb/v7e-m+fp/hard\libc-musl.a(__fmt_d.o)
 .debug_line    0x000000000000d190      0x66b c:/program files/microchip/xc32/v4.45/bin/bin/../../lib/gcc/pic32c/8.3.1/../../../../pic32c/lib/thumb/v7e-m+fp/hard\libc-musl.a(__fmt_fp.o)
 .debug_line    0x000000000000d7fb      0x1a9 c:/program files/microchip/xc32/v4.45/bin/bin/../../lib/gcc/pic32c/8.3.1/../../../../pic32c/lib/thumb/v7e-m+fp/hard\libc-musl.a(__fmt_o.o)
 .debug_line    0x000000000000d9a4      0x1eb c:/program files/microchip/xc32/v4.45/bin/bin/../../lib/gcc/pic32c/8.3.1/../../../../pic32c/lib/thumb/v7e-m+fp/hard\libc-musl.a(__fmt_s.o)
 .debug_line    0x000000000000db8f      0x188 c:/program files/microchip/xc32/v4.45/bin/bin/../../lib/gcc/pic32c/8.3.1/../../../../pic32c/lib/thumb/v7e-m+fp/hard\libc-musl.a(__fmt_u.o)